---------------------------------------------
Log D:\ModelAnti-Cheat\log_profiles\script_2026-08-23_23-06-02.log started at 23.08. 23:06:04

SCRIPT       : Module: GameLib; loaded 18x files; 26x classes; used 39/2097 kB (1%) of static memory; defines: "DAYZ_1_29,SERVER_FOR_WINDOWS,SERVER,PLATFORM_WINDOWS,RELEASE,NO_GUI,NO_GUI_INGAME,sakhal,JM_CommunityFramework,CF_MODULE_CONFIG,CF_EXPRESSION,C
SCRIPT       : Registered 349 temporary action enum(s), UAN==349
SCRIPT       : Module: Game; loaded 521x files; 1604x classes; used 4275/33554 kB (12%) of static memory; defines: "DAYZ_1_29,SERVER_FOR_WINDOWS,SERVER,PLATFORM_WINDOWS,RELEASE,NO_GUI,NO_GUI_INGAME,sakhal,JM_CommunityFramework,CF_MODULE_CONFIG,CF_EXPRESSI
SCRIPT       : ... Backlit Effects Enabled
SCRIPT       : VPPNotificationManager()
SCRIPT       : [VPPAT] Internal VPPNotifications module loaded!
SCRIPT       : [DayZ Game]:: DayZGame(): Initializing V++ Admin Tools.
SCRIPT       : Module: World; loaded 2247x files; 5867x classes; used 9518/33554 kB (28%) of static memory; defines: "DAYZ_1_29,SERVER_FOR_WINDOWS,SERVER,PLATFORM_WINDOWS,RELEASE,NO_GUI,NO_GUI_INGAME,sakhal,JM_CommunityFramework,CF_MODULE_CONFIG,CF_EXPRES
 SCRIPT       : Module: Mission; loaded 293x files; 593x classes; used 3996/33554 kB (11%) of static memory; defines: "DAYZ_1_29,SERVER_FOR_WINDOWS,SERVER,PLATFORM_WINDOWS,RELEASE,NO_GUI,NO_GUI_INGAME,sakhal,JM_CommunityFramework,CF_MODULE_CONFIG,CF_EXPRE
 SCRIPT    (W): @"$CurrentDir:mpmissions\dayzOffline.chernarusplus\init.c,51": Possible variable name conflict 'm_player'
 SCRIPT       : Module: $CurrentDir:mpmissions\dayzOffline.chernarusplus\init.c; loaded 1x files; 1x classes; used 12/1048 kB (1%) of static memory; defines: "DAYZ_1_29,SERVER_FOR_WINDOWS,SERVER,PLATFORM_WINDOWS,RELEASE,NO_GUI,NO_GUI_INGAME,sakhal,JM_Comm
 SCRIPT       : [SERVER :: Vanilla++ AdminTools Plugins Registering]
 SCRIPT       : [MissionServer] OnInit - Server
 SCRIPT       : [MissionServer] OnMissionStart - Server
 SCRIPT       : string dirtyName = 'TESTINGSERVER'
SCRIPT       : m_LoginTimeMs: 16200
 SCRIPT       : ---- PlayerBase OnStoreLoad SUCCESS ----
 SCRIPT       : [VPPAT] Player "rafaelglima79" (steamId=76561199445097358) connected to server!
 SCRIPT       : [PlayerListManager] AddReceiver ► added: PlayerIdentity<0x0000014DE1529EC0>
SCRIPT       : [DUMMY_DEBUG] SUCESSO: Dummy criado na posicao: <13718.029297, 77.826035, 14301.798828>
SCRIPT       : DATA_LOG | 510872 | aRapBi1cCZPZAGLIDny3dk3hQ8vTmNTLHRl8zxmKgQ0= | 13720.8 | 77.8355 | 14300.8 | -0.938922 | 0.344129 | 0 | CZ527 | 1 | 0.180226 | 2.99962
SCRIPT       : DATA_LOG | 511607 | aRapBi1cCZPZAGLIDny3dk3hQ8vTmNTLHRl8zxmKgQ0= | 13720.8 | 77.8355 | 14300.8 | 0.821376 | 0.567005 | 0 | CZ527 | 1 | 118.103 | 3.38911
SCRIPT       : DATA_LOG | 512601 | aRapBi1cCZPZAGLIDny3dk3hQ8vTmNTLHRl8zxmKgQ0= | 13720.8 | 77.8355 | 14300.8 | 0.869556 | 0.489089 | 0 | CZ527 | 1 | 122.181 | 3.38934
SCRIPT       : DATA_LOG | 513605 | aRapBi1cCZPZAGLIDny3dk3hQ8vTmNTLHRl8zxmKgQ0= | 13721.2 | 77.9057 | 14301.2 | 0.864352 | 0.319448 | 0 | CZ527 | 1 | 122.482 | 3.52365
SCRIPT       : DATA_LOG | 514614 | aRapBi1cCZPZAGLIDny3dk3hQ8vTmNTLHRl8zxmKgQ0= | 13722.7 | 78.1822 | 14302.8 | -0.15396 | 0.987977 | 0 | CZ527 | 1 | 93.1894 | 4.93158
SCRIPT       : DATA_LOG | 515606 | aRapBi1cCZPZAGLIDny3dk3hQ8vTmNTLHRl8zxmKgQ0= | 13722.7 | 78.2248 | 14303.2 | -0.200778 | 0.979385 | 0 | CZ527 | 1 | 94.2852 | 4.99971
SCRIPT       : DATA_LOG | 516618 | aRapBi1cCZPZAGLIDny3dk3hQ8vTmNTLHRl8zxmKgQ0= | 13722.8 | 78.1877 | 14302.9 | -0.0349714 | 0.809052 | 1 | CZ527 | 1 | 106.285 | 5.00228
SCRIPT       : DATA_LOG | 517617 | aRapBi1cCZPZAGLIDny3dk3hQ8vTmNTLHRl8zxmKgQ0= | 13722.5 | 78.2505 | 14303.5 | 0.3335 | 0.942295 | 0 | CZ527 | 1 | 128.197 | 4.86048
SCRIPT       : DATA_LOG | 518607 | aRapBi1cCZPZAGLIDny3dk3hQ8vTmNTLHRl8zxmKgQ0= | 13721.2 | 78.2201 | 14303.7 | 0.922094 | 0.384752 | 0 | CZ527 | 1 | 158.178 | 3.88071
SCRIPT       : DATA_LOG | 519618 | aRapBi1cCZPZAGLIDny3dk3hQ8vTmNTLHRl8zxmKgQ0= | 13720.4 | 78.3468 | 14305 | 0.963978 | -0.264337 | 0 | CZ527 | 1 | 110.234 | 4.13241
SCRIPT       : DATA_LOG | 520610 | aRapBi1cCZPZAGLIDny3dk3hQ8vTmNTLHRl8zxmKgQ0= | 13722.9 | 78.5068 | 14305.5 | 0.816924 | -0.576566 | 0 | CZ527 | 1 | 107.487 | 6.18246
SCRIPT       : DATA_LOG | 521610 | aRapBi1cCZPZAGLIDny3dk3hQ8vTmNTLHRl8zxmKgQ0= | 13725.4 | 78.827 | 14307.5 | 0.775832 | -0.630169 | 0 | CZ527 | 1 | 103.102 | 9.30732
SCRIPT       : DATA_LOG | 522616 | aRapBi1cCZPZAGLIDny3dk3hQ8vTmNTLHRl8zxmKgQ0= | 13726 | 78.9521 | 14308.4 | 0.785756 | -0.618401 | 0 | CZ527 | 1 | 102.221 | 10.2664
 SCRIPT       : [Permissions Manager] Admin (rafaelglima79) (76561199445097358) Successfully Logged in!
SCRIPT       : DATA_LOG | 523618 | aRapBi1cCZPZAGLIDny3dk3hQ8vTmNTLHRl8zxmKgQ0= | 13726 | 78.9521 | 14308.4 | 0.786054 | -0.618036 | 0 | CZ527 | 1 | 102.233 | 10.2703
SCRIPT       : DATA_LOG | 524618 | aRapBi1cCZPZAGLIDny3dk3hQ8vTmNTLHRl8zxmKgQ0= | 13726 | 78.9521 | 14308.4 | 0.786689 | -0.617241 | 0 | CZ527 | 1 | 102.292 | 10.264
SCRIPT       : DATA_LOG | 525615 | aRapBi1cCZPZAGLIDny3dk3hQ8vTmNTLHRl8zxmKgQ0= | 13726 | 78.9521 | 14308.4 | 0.786264 | -0.617738 | 0 | CZ527 | 1 | 102.246 | 10.2619
SCRIPT       : DATA_LOG | 526615 | aRapBi1cCZPZAGLIDny3dk3hQ8vTmNTLHRl8zxmKgQ0= | 13726 | 78.9521 | 14308.4 | 0.785867 | -0.618252 | 0 | CZ527 | 1 | 102.182 | 10.2711
SCRIPT       : DATA_LOG | 527630 | aRapBi1cCZPZAGLIDny3dk3hQ8vTmNTLHRl8zxmKgQ0= | 13726 | 78.9521 | 14308.4 | 0.785682 | -0.618519 | 0 | CZ527 | 1 | 102.231 | 10.2617
SCRIPT       : DATA_LOG | 528629 | aRapBi1cCZPZAGLIDny3dk3hQ8vTmNTLHRl8zxmKgQ0= | 13726 | 78.9521 | 14308.4 | 0.785755 | -0.618393 | 0 | CZ527 | 1 | 102.178 | 10.2803
SCRIPT       : DATA_LOG | 529616 | aRapBi1cCZPZAGLIDny3dk3hQ8vTmNTLHRl8zxmKgQ0= | 13726 | 78.9521 | 14308.4 | 0.786004 | -0.618101 | 0 | CZ527 | 1 | 102.232 | 10.2696
SCRIPT       : DATA_LOG | 530619 | aRapBi1cCZPZAGLIDny3dk3hQ8vTmNTLHRl8zxmKgQ0= | 13726 | 78.9521 | 14308.4 | 0.786708 | -0.617213 | 0 | CZ527 | 1 | 102.299 | 10.2683
SCRIPT       : DATA_LOG | 531620 | aRapBi1cCZPZAGLIDny3dk3hQ8vTmNTLHRl8zxmKgQ0= | 13726 | 78.9521 | 14308.4 | 0.786165 | -0.617891 | 0 | CZ527 | 1 | 102.241 | 10.2668
SCRIPT       : DATA_LOG | 532620 | aRapBi1cCZPZAGLIDny3dk3hQ8vTmNTLHRl8zxmKgQ0= | 13726 | 78.9521 | 14308.4 | 0.785808 | -0.618347 | 0 | CZ527 | 1 | 102.211 | 10.2613
SCRIPT       : DATA_LOG | 533620 | aRapBi1cCZPZAGLIDny3dk3hQ8vTmNTLHRl8zxmKgQ0= | 13726 | 78.9521 | 14308.4 | 0.785893 | -0.618243 | 0 | CZ527 | 1 | 102.195 | 10.2699
SCRIPT       : DATA_LOG | 534624 | aRapBi1cCZPZAGLIDny3dk3hQ8vTmNTLHRl8zxmKgQ0= | 13727.6 | 79.0963 | 14309 | -0.0207952 | -0.998129 | 0 | CZ527 | 1 | 51.7899 | 11.9781
SCRIPT       : DATA_LOG | 535639 | aRapBi1cCZPZAGLIDny3dk3hQ8vTmNTLHRl8zxmKgQ0= | 13734.1 | 79.3142 | 14308.4 | -0.27653 | -0.958178 | 0 | CZ527 | 1 | 51.5013 | 17.3319
SCRIPT       : DATA_LOG | 536673 | aRapBi1cCZPZAGLIDny3dk3hQ8vTmNTLHRl8zxmKgQ0= | 13740.6 | 79.5152 | 14307.1 | -0.551768 | -0.827487 | 0 | CZ527 | 1 | 43.4891 | 23.1957
SCRIPT       : DATA_LOG | 537628 | aRapBi1cCZPZAGLIDny3dk3hQ8vTmNTLHRl8zxmKgQ0= | 13747.1 | 79.7721 | 14305.6 | 0.282282 | -0.928766 | 0 | CZ527 | 1 | 99.0826 | 29.3349
SCRIPT       : DATA_LOG | 538635 | aRapBi1cCZPZAGLIDny3dk3hQ8vTmNTLHRl8zxmKgQ0= | 13751.9 | 80.0949 | 14306.2 | 0.411564 | 0.911366 | 0 | CZ527 | 1 | 121.634 | 34.1714
SCRIPT       : DATA_LOG | 539641 | aRapBi1cCZPZAGLIDny3dk3hQ8vTmNTLHRl8zxmKgQ0= | 13755 | 80.3173 | 14306.6 | 0.00599375 | 0.999809 | 0 | CZ527 | 1 | 97.7612 | 37.2223
SCRIPT       : DATA_LOG | 540630 | aRapBi1cCZPZAGLIDny3dk3hQ8vTmNTLHRl8zxmKgQ0= | 13756.8 | 80.2236 | 14305.4 | 0.162321 | 0.813663 | 1 | CZ527 | 1 | 103.005 | 38.9616
SCRIPT       : DATA_LOG | 541643 | aRapBi1cCZPZAGLIDny3dk3hQ8vTmNTLHRl8zxmKgQ0= | 13757.5 | 80.1654 | 14304.8 | 0.0949269 | 0.718676 | 1 | CZ527 | 1 | 97.761 | 39.5582
SCRIPT       : DATA_LOG | 542631 | aRapBi1cCZPZAGLIDny3dk3hQ8vTmNTLHRl8zxmKgQ0= | 13757.5 | 80.1159 | 14304.3 | -0.551261 | 0.834324 | 0 | CZ527 | 1 | 60.1918 | 39.515
SCRIPT       : DATA_LOG | 543637 | aRapBi1cCZPZAGLIDny3dk3hQ8vTmNTLHRl8zxmKgQ0= | 13755.2 | 79.8081 | 14302 | -0.416955 | 0.908914 | 0 | CZ527 | 1 | 65.6598 | 37.184
SCRIPT       : DATA_LOG | 544633 | aRapBi1cCZPZAGLIDny3dk3hQ8vTmNTLHRl8zxmKgQ0= | 13755.2 | 79.8066 | 14302 | -0.422021 | 0.906495 | 0 | CZ527 | 1 | 65.3107 | 37.1536
SCRIPT       : DATA_LOG | 545634 | aRapBi1cCZPZAGLIDny3dk3hQ8vTmNTLHRl8zxmKgQ0= | 13755.2 | 79.8066 | 14302 | -0.422526 | 0.906251 | 0 | CZ527 | 1 | 65.2866 | 37.1566
SCRIPT       : DATA_LOG | 546648 | aRapBi1cCZPZAGLIDny3dk3hQ8vTmNTLHRl8zxmKgQ0= | 13755.2 | 79.8066 | 14302 | -0.423042 | 0.906007 | 0 | CZ527 | 1 | 65.2451 | 37.1507
SCRIPT       : DATA_LOG | 547647 | aRapBi1cCZPZAGLIDny3dk3hQ8vTmNTLHRl8zxmKgQ0= | 13755.2 | 79.8066 | 14302 | -0.423518 | 0.905816 | 0 | CZ527 | 1 | 65.2242 | 37.1517
SCRIPT       : DATA_LOG | 548642 | aRapBi1cCZPZAGLIDny3dk3hQ8vTmNTLHRl8zxmKgQ0= | 13755.2 | 79.8066 | 14302 | -0.423257 | 0.905888 | 0 | CZ527 | 1 | 65.2338 | 37.1517
SCRIPT       : DATA_LOG | 549652 | aRapBi1cCZPZAGLIDny3dk3hQ8vTmNTLHRl8zxmKgQ0= | 13755.2 | 79.8066 | 14302 | -0.199945 | 0.977864 | 0 | CZ527 | 1 | 78.7717 | 37.1575
SCRIPT       : DATA_LOG | 550648 | aRapBi1cCZPZAGLIDny3dk3hQ8vTmNTLHRl8zxmKgQ0= | 13755.2 | 79.8066 | 14302 | -0.446713 | 0.894376 | 0 | none | 1 | 63.7382 | 37.1595
   SCRIPT       : [inv] ReplaceItemWithNewLambdaBase Step B) remove OK, loc={ type=HANDS item=TunaCan:20963 parent=SurvivorM_Niki:20951:INSTANCETYPE_SERVER }
SCRIPT       : DATA_LOG | 551647 | aRapBi1cCZPZAGLIDny3dk3hQ8vTmNTLHRl8zxmKgQ0= | 13755.2 | 79.8066 | 14302 | -0.462404 | 0.885022 | 0 | none | 1 | 62.7555 | 37.1536
SCRIPT       : DATA_LOG | 552651 | aRapBi1cCZPZAGLIDny3dk3hQ8vTmNTLHRl8zxmKgQ0= | 13755.2 | 79.8066 | 14302 | -0.514858 | 0.856033 | 0 | none | 1 | 59.2569 | 37.1575
SCRIPT       : DATA_LOG | 553650 | aRapBi1cCZPZAGLIDny3dk3hQ8vTmNTLHRl8zxmKgQ0= | 13755.2 | 79.8066 | 14302 | -0.231998 | 0.971213 | 0 | none | 1 | 76.8808 | 37.1507
SCRIPT       : DATA_LOG | 554656 | aRapBi1cCZPZAGLIDny3dk3hQ8vTmNTLHRl8zxmKgQ0= | 13755.2 | 79.8066 | 14302 | -0.248804 | 0.967027 | 0 | none | 1 | 75.8951 | 37.1507
SCRIPT       : DATA_LOG | 555656 | aRapBi1cCZPZAGLIDny3dk3hQ8vTmNTLHRl8zxmKgQ0= | 13755.2 | 79.8066 | 14302 | -0.248686 | 0.966569 | 0 | none | 1 | 75.9082 | 37.1517
SCRIPT       : DATA_LOG | 556654 | aRapBi1cCZPZAGLIDny3dk3hQ8vTmNTLHRl8zxmKgQ0= | 13755.2 | 79.8066 | 14302 | -0.240367 | 0.968646 | 0 | none | 1 | 76.3939 | 37.1556
SCRIPT       : DATA_LOG | 557657 | aRapBi1cCZPZAGLIDny3dk3hQ8vTmNTLHRl8zxmKgQ0= | 13755.2 | 79.8066 | 14302 | 0.591482 | 0.803898 | 0 | none | 1 | 126.591 | 37.1605
SCRIPT       : DATA_LOG | 558663 | aRapBi1cCZPZAGLIDny3dk3hQ8vTmNTLHRl8zxmKgQ0= | 13755.2 | 79.8066 | 14302 | 0.515714 | 0.854047 | 0 | none | 1 | 121.35 | 37.1536
SCRIPT       : DATA_LOG | 559655 | aRapBi1cCZPZAGLIDny3dk3hQ8vTmNTLHRl8zxmKgQ0= | 13755.2 | 79.8066 | 14302 | 0.51467 | 0.85484 | 0 | none | 1 | 121.291 | 37.1575
SCRIPT       : DATA_LOG | 560649 | aRapBi1cCZPZAGLIDny3dk3hQ8vTmNTLHRl8zxmKgQ0= | 13755.2 | 79.8066 | 14302 | 0.512916 | 0.856136 | 0 | none | 1 | 121.163 | 37.1516
SCRIPT       : DATA_LOG | 561658 | aRapBi1cCZPZAGLIDny3dk3hQ8vTmNTLHRl8zxmKgQ0= | 13755.2 | 79.8066 | 14302 | 0.515374 | 0.854631 | 0 | none | 1 | 121.33 | 37.1507
SCRIPT       : DATA_LOG | 562663 | aRapBi1cCZPZAGLIDny3dk3hQ8vTmNTLHRl8zxmKgQ0= | 13755.2 | 79.8066 | 14302 | 0.513942 | 0.855259 | 0 | none | 1 | 121.246 | 37.1527
SCRIPT       : DATA_LOG | 563661 | aRapBi1cCZPZAGLIDny3dk3hQ8vTmNTLHRl8zxmKgQ0= | 13755.2 | 79.8066 | 14302 | 0.519137 | 0.851603 | 0 | none | 1 | 121.581 | 37.1546
SCRIPT       : DATA_LOG | 564664 | aRapBi1cCZPZAGLIDny3dk3hQ8vTmNTLHRl8zxmKgQ0= | 13755.2 | 79.8066 | 14302 | 0.595801 | 0.803132 | 0 | none | 1 | 126.857 | 37.1605
SCRIPT       : DATA_LOG | 565663 | aRapBi1cCZPZAGLIDny3dk3hQ8vTmNTLHRl8zxmKgQ0= | 13755.2 | 79.8066 | 14302 | 0.911341 | 0.411645 | 0 | none | 1 | 155.946 | 37.1546
SCRIPT       : DATA_LOG | 566660 | aRapBi1cCZPZAGLIDny3dk3hQ8vTmNTLHRl8zxmKgQ0= | 13755.2 | 79.8066 | 14302 | 0.91176 | 0.410718 | 0 | none | 1 | 156.013 | 37.1566
SCRIPT       : DATA_LOG | 567670 | aRapBi1cCZPZAGLIDny3dk3hQ8vTmNTLHRl8zxmKgQ0= | 13755.2 | 79.8066 | 14302 | 0.910823 | 0.412646 | 0 | none | 1 | 155.864 | 37.1517
SCRIPT       : DATA_LOG | 568672 | aRapBi1cCZPZAGLIDny3dk3hQ8vTmNTLHRl8zxmKgQ0= | 13755.2 | 79.8066 | 14302 | 0.911684 | 0.410865 | 0 | none | 1 | 155.993 | 37.1497
SCRIPT       : DATA_LOG | 569673 | aRapBi1cCZPZAGLIDny3dk3hQ8vTmNTLHRl8zxmKgQ0= | 13755.2 | 79.8066 | 14302 | 0.911573 | 0.411138 | 0 | none | 1 | 155.997 | 37.1536
SCRIPT       : DATA_LOG | 570673 | aRapBi1cCZPZAGLIDny3dk3hQ8vTmNTLHRl8zxmKgQ0= | 13755.2 | 79.8066 | 14302 | 0.91175 | 0.410678 | 0 | none | 1 | 155.989 | 37.1536
SCRIPT       : DATA_LOG | 571674 | aRapBi1cCZPZAGLIDny3dk3hQ8vTmNTLHRl8zxmKgQ0= | 13755.2 | 79.8066 | 14302 | 0.911434 | 0.411416 | 0 | none | 1 | 155.98 | 37.1615
SCRIPT       : DATA_LOG | 572676 | aRapBi1cCZPZAGLIDny3dk3hQ8vTmNTLHRl8zxmKgQ0= | 13755.2 | 79.8066 | 14302 | 0.967703 | 0.251828 | 0 | none | 1 | 165.682 | 37.1556
SCRIPT       : DATA_LOG | 573670 | aRapBi1cCZPZAGLIDny3dk3hQ8vTmNTLHRl8zxmKgQ0= | 13755.2 | 79.8066 | 14302 | 0.959414 | 0.281318 | 0 | none | 1 | 163.921 | 37.1556
SCRIPT       : DATA_LOG | 574672 | aRapBi1cCZPZAGLIDny3dk3hQ8vTmNTLHRl8zxmKgQ0= | 13755.2 | 79.8066 | 14302 | 0.959179 | 0.282714 | 0 | none | 1 | 163.845 | 37.1526
SCRIPT       : DATA_LOG | 575675 | aRapBi1cCZPZAGLIDny3dk3hQ8vTmNTLHRl8zxmKgQ0= | 13755.2 | 79.8066 | 14302 | 0.959237 | 0.282324 | 0 | none | 1 | 163.865 | 37.1497
SCRIPT       : DATA_LOG | 576674 | aRapBi1cCZPZAGLIDny3dk3hQ8vTmNTLHRl8zxmKgQ0= | 13755.2 | 79.8066 | 14302 | 0.959404 | 0.281781 | 0 | none | 1 | 163.911 | 37.1536
SCRIPT       : DATA_LOG | 577676 | aRapBi1cCZPZAGLIDny3dk3hQ8vTmNTLHRl8zxmKgQ0= | 13755.2 | 79.8066 | 14302 | 0.95936 | 0.281862 | 0 | none | 1 | 163.885 | 37.1526
SCRIPT       : DATA_LOG | 578676 | aRapBi1cCZPZAGLIDny3dk3hQ8vTmNTLHRl8zxmKgQ0= | 13755.2 | 79.8066 | 14302 | 0.959088 | 0.282243 | 0 | none | 1 | 163.873 | 37.1605
SCRIPT       : DATA_LOG | 579670 | aRapBi1cCZPZAGLIDny3dk3hQ8vTmNTLHRl8zxmKgQ0= | 13755.2 | 79.8066 | 14302 | 0.939697 | 0.338925 | 0 | none | 1 | 160.187 | 37.1575
SCRIPT       : DATA_LOG | 580678 | aRapBi1cCZPZAGLIDny3dk3hQ8vTmNTLHRl8zxmKgQ0= | 13755.2 | 79.8066 | 14302 | 0.966931 | 0.243908 | 0 | none | 1 | 165.299 | 37.1546
SCRIPT       : DATA_LOG | 581683 | aRapBi1cCZPZAGLIDny3dk3hQ8vTmNTLHRl8zxmKgQ0= | 13755.2 | 79.8066 | 14302 | 0.783586 | 0.621139 | 0 | none | 1 | 141.844 | 37.1546
SCRIPT       : DATA_LOG | 582683 | aRapBi1cCZPZAGLIDny3dk3hQ8vTmNTLHRl8zxmKgQ0= | 13755.2 | 79.8066 | 14302 | 0.79077 | 0.611596 | 0 | none | 1 | 142.494 | 37.1497
SCRIPT       : DATA_LOG | 583681 | aRapBi1cCZPZAGLIDny3dk3hQ8vTmNTLHRl8zxmKgQ0= | 13755.2 | 79.8066 | 14302 | 0.638729 | 0.769162 | 0 | none | 1 | 129.985 | 37.1527
SCRIPT       : DATA_LOG | 584684 | aRapBi1cCZPZAGLIDny3dk3hQ8vTmNTLHRl8zxmKgQ0= | 13755.2 | 79.8066 | 14302 | 0.639173 | 0.768847 | 0 | none | 1 | 130 | 37.1526
SCRIPT       : DATA_LOG | 585685 | aRapBi1cCZPZAGLIDny3dk3hQ8vTmNTLHRl8zxmKgQ0= | 13755.2 | 79.8066 | 14302 | 0.639482 | 0.76769 | 0 | none | 1 | 130.06 | 37.1595
SCRIPT       : DATA_LOG | 586688 | aRapBi1cCZPZAGLIDny3dk3hQ8vTmNTLHRl8zxmKgQ0= | 13755.2 | 79.8066 | 14302 | 0.63791 | 0.769965 | 0 | none | 1 | 129.923 | 37.1585
SCRIPT       : DATA_LOG | 587688 | aRapBi1cCZPZAGLIDny3dk3hQ8vTmNTLHRl8zxmKgQ0= | 13755.2 | 79.8066 | 14302 | 0.638866 | 0.768745 | 0 | none | 1 | 129.99 | 37.1536
SCRIPT       : DATA_LOG | 588688 | aRapBi1cCZPZAGLIDny3dk3hQ8vTmNTLHRl8zxmKgQ0= | 13755.2 | 79.8066 | 14302 | 0.637991 | 0.769831 | 0 | none | 1 | 129.924 | 37.1566
SCRIPT       : DATA_LOG | 589691 | aRapBi1cCZPZAGLIDny3dk3hQ8vTmNTLHRl8zxmKgQ0= | 13755.2 | 79.8066 | 14302 | 0.638139 | 0.769734 | 0 | none | 1 | 129.925 | 37.1507
SCRIPT       : DATA_LOG | 590691 | aRapBi1cCZPZAGLIDny3dk3hQ8vTmNTLHRl8zxmKgQ0= | 13755.2 | 79.8066 | 14302 | 0.638246 | 0.769384 | 0 | none | 1 | 129.951 | 37.1517
SCRIPT       : DATA_LOG | 591692 | aRapBi1cCZPZAGLIDny3dk3hQ8vTmNTLHRl8zxmKgQ0= | 13755.2 | 79.8066 | 14302 | 0.638361 | 0.769628 | 0 | none | 1 | 129.941 | 37.1517
SCRIPT       : DATA_LOG | 592689 | aRapBi1cCZPZAGLIDny3dk3hQ8vTmNTLHRl8zxmKgQ0= | 13755.2 | 79.8066 | 14302 | 0.639861 | 0.767294 | 0 | none | 1 | 130.082 | 37.1575
SCRIPT       : DATA_LOG | 593696 | aRapBi1cCZPZAGLIDny3dk3hQ8vTmNTLHRl8zxmKgQ0= | 13755.2 | 79.8066 | 14302 | 0.638302 | 0.7696 | 0 | none | 1 | 129.958 | 37.1595
SCRIPT       : DATA_LOG | 594694 | aRapBi1cCZPZAGLIDny3dk3hQ8vTmNTLHRl8zxmKgQ0= | 13755.2 | 79.8066 | 14302 | 0.638084 | 0.769463 | 0 | none | 1 | 129.929 | 37.1536
SCRIPT       : DATA_LOG | 595696 | aRapBi1cCZPZAGLIDny3dk3hQ8vTmNTLHRl8zxmKgQ0= | 13755.2 | 79.8066 | 14302 | 0.638661 | 0.769216 | 0 | none | 1 | 129.977 | 37.1575
SCRIPT       : DATA_LOG | 596695 | aRapBi1cCZPZAGLIDny3dk3hQ8vTmNTLHRl8zxmKgQ0= | 13755.2 | 79.8066 | 14302 | 0.637326 | 0.77043 | 0 | none | 1 | 129.866 | 37.1507
SCRIPT       : DATA_LOG | 597697 | aRapBi1cCZPZAGLIDny3dk3hQ8vTmNTLHRl8zxmKgQ0= | 13755.2 | 79.8066 | 14302 | 0.639046 | 0.768657 | 0 | none | 1 | 130.009 | 37.1507
SCRIPT       : DATA_LOG | 598699 | aRapBi1cCZPZAGLIDny3dk3hQ8vTmNTLHRl8zxmKgQ0= | 13755.2 | 79.8066 | 14302 | 0.637892 | 0.770053 | 0 | none | 1 | 129.91 | 37.1517
SCRIPT       : DATA_LOG | 599698 | aRapBi1cCZPZAGLIDny3dk3hQ8vTmNTLHRl8zxmKgQ0= | 13755.2 | 79.8066 | 14302 | 0.640191 | 0.767047 | 0 | none | 1 | 130.101 | 37.1565
SCRIPT       : DATA_LOG | 600694 | aRapBi1cCZPZAGLIDny3dk3hQ8vTmNTLHRl8zxmKgQ0= | 13755.2 | 79.8066 | 14302 | 0.637996 | 0.769744 | 0 | none | 1 | 129.943 | 37.1605
SCRIPT       : DATA_LOG | 601701 | aRapBi1cCZPZAGLIDny3dk3hQ8vTmNTLHRl8zxmKgQ0= | 13755.2 | 79.8066 | 14302 | 0.638136 | 0.769522 | 0 | none | 1 | 129.931 | 37.1536
SCRIPT       : DATA_LOG | 602700 | aRapBi1cCZPZAGLIDny3dk3hQ8vTmNTLHRl8zxmKgQ0= | 13755.2 | 79.8066 | 14302 | 0.638488 | 0.769268 | 0 | none | 1 | 129.968 | 37.1575
SCRIPT       : DATA_LOG | 603703 | aRapBi1cCZPZAGLIDny3dk3hQ8vTmNTLHRl8zxmKgQ0= | 13755.2 | 79.8066 | 14302 | 0.637114 | 0.770637 | 0 | none | 1 | 129.85 | 37.1507
SCRIPT       : DATA_LOG | 604709 | aRapBi1cCZPZAGLIDny3dk3hQ8vTmNTLHRl8zxmKgQ0= | 13755.2 | 79.8066 | 14302 | 0.638455 | 0.769155 | 0 | none | 1 | 129.963 | 37.1507
SCRIPT       : DATA_LOG | 605711 | aRapBi1cCZPZAGLIDny3dk3hQ8vTmNTLHRl8zxmKgQ0= | 13755.2 | 79.8066 | 14302 | 0.637944 | 0.770009 | 0 | none | 1 | 129.92 | 37.1517
SCRIPT       : DATA_LOG | 606705 | aRapBi1cCZPZAGLIDny3dk3hQ8vTmNTLHRl8zxmKgQ0= | 13755.2 | 79.8066 | 14302 | 0.63985 | 0.76755 | 0 | none | 1 | 130.068 | 37.1546
SCRIPT       : DATA_LOG | 607707 | aRapBi1cCZPZAGLIDny3dk3hQ8vTmNTLHRl8zxmKgQ0= | 13755.2 | 79.8066 | 14302 | 0.638216 | 0.769409 | 0 | none | 1 | 129.965 | 37.1605
SCRIPT       : DATA_LOG | 608708 | aRapBi1cCZPZAGLIDny3dk3hQ8vTmNTLHRl8zxmKgQ0= | 13755.2 | 79.8066 | 14302 | 0.638112 | 0.769662 | 0 | none | 1 | 129.928 | 37.1546
SCRIPT       : DATA_LOG | 609705 | aRapBi1cCZPZAGLIDny3dk3hQ8vTmNTLHRl8zxmKgQ0= | 13755.2 | 79.8066 | 14302 | 0.639067 | 0.768693 | 0 | none | 1 | 130.014 | 37.1575
SCRIPT       : DATA_LOG | 610704 | aRapBi1cCZPZAGLIDny3dk3hQ8vTmNTLHRl8zxmKgQ0= | 13755.2 | 79.8066 | 14302 | 0.636746 | 0.770953 | 0 | none | 1 | 129.822 | 37.1516
SCRIPT       : DATA_LOG | 611710 | aRapBi1cCZPZAGLIDny3dk3hQ8vTmNTLHRl8zxmKgQ0= | 13755.2 | 79.8066 | 14302 | 0.638832 | 0.768892 | 0 | none | 1 | 129.989 | 37.1497
SCRIPT       : DATA_LOG | 612713 | aRapBi1cCZPZAGLIDny3dk3hQ8vTmNTLHRl8zxmKgQ0= | 13755.2 | 79.8066 | 14302 | 0.637841 | 0.770062 | 0 | none | 1 | 129.917 | 37.1527
SCRIPT       : DATA_LOG | 613713 | aRapBi1cCZPZAGLIDny3dk3hQ8vTmNTLHRl8zxmKgQ0= | 13755.2 | 79.8066 | 14302 | 0.6397 | 0.76793 | 0 | none | 1 | 130.049 | 37.1536
SCRIPT       : DATA_LOG | 614714 | aRapBi1cCZPZAGLIDny3dk3hQ8vTmNTLHRl8zxmKgQ0= | 13755.2 | 79.8066 | 14302 | 0.638476 | 0.768989 | 0 | none | 1 | 129.988 | 37.1605
SCRIPT       : DATA_LOG | 615716 | aRapBi1cCZPZAGLIDny3dk3hQ8vTmNTLHRl8zxmKgQ0= | 13755.2 | 79.8066 | 14302 | 0.637636 | 0.770112 | 0 | none | 1 | 129.894 | 37.1556
SCRIPT       : DATA_LOG | 616718 | aRapBi1cCZPZAGLIDny3dk3hQ8vTmNTLHRl8zxmKgQ0= | 13755.2 | 79.8066 | 14302 | 0.638963 | 0.76871 | 0 | none | 1 | 130.004 | 37.1566
SCRIPT       : DATA_LOG | 617718 | aRapBi1cCZPZAGLIDny3dk3hQ8vTmNTLHRl8zxmKgQ0= | 13755.2 | 79.8066 | 14302 | 0.638252 | 0.769692 | 0 | none | 1 | 129.938 | 37.1526
SCRIPT       : DATA_LOG | 618722 | aRapBi1cCZPZAGLIDny3dk3hQ8vTmNTLHRl8zxmKgQ0= | 13755.2 | 79.8066 | 14302 | 0.782319 | 0.600696 | 0 | none | 1 | 141.574 | 37.1497
SCRIPT       : DATA_LOG | 619730 | aRapBi1cCZPZAGLIDny3dk3hQ8vTmNTLHRl8zxmKgQ0= | 13755.2 | 79.8066 | 14302 | 0.806788 | 0.590189 | 0 | none | 1 | 144.031 | 37.1536
SCRIPT       : DATA_LOG | 620720 | aRapBi1cCZPZAGLIDny3dk3hQ8vTmNTLHRl8zxmKgQ0= | 13755.2 | 79.8066 | 14302 | 0.503631 | 0.850623 | 0 | none | 1 | 120.591 | 37.1526
SCRIPT       : DATA_LOG | 621721 | aRapBi1cCZPZAGLIDny3dk3hQ8vTmNTLHRl8zxmKgQ0= | 13755.2 | 79.8066 | 14302 | 0.642824 | 0.766013 | 0 | none | 1 | 130.287 | 37.1605
SCRIPT       : DATA_LOG | 622724 | aRapBi1cCZPZAGLIDny3dk3hQ8vTmNTLHRl8zxmKgQ0= | 13755.2 | 79.8066 | 14302 | 0.641501 | 0.766897 | 0 | none | 1 | 130.16 | 37.1566
SCRIPT       : DATA_LOG | 623726 | aRapBi1cCZPZAGLIDny3dk3hQ8vTmNTLHRl8zxmKgQ0= | 13755.2 | 79.8066 | 14302 | 0.643334 | 0.765561 | 0 | none | 1 | 130.302 | 37.1546
SCRIPT       : DATA_LOG | 624724 | aRapBi1cCZPZAGLIDny3dk3hQ8vTmNTLHRl8zxmKgQ0= | 13755.2 | 79.8066 | 14302 | 0.641828 | 0.766636 | 0 | none | 1 | 130.182 | 37.1546
SCRIPT       : DATA_LOG | 625733 | aRapBi1cCZPZAGLIDny3dk3hQ8vTmNTLHRl8zxmKgQ0= | 13755.2 | 79.8066 | 14302 | 0.642199 | 0.76636 | 0 | none | 1 | 130.205 | 37.1497
SCRIPT       : DATA_LOG | 626730 | aRapBi1cCZPZAGLIDny3dk3hQ8vTmNTLHRl8zxmKgQ0= | 13755.2 | 79.8066 | 14302 | 0.642644 | 0.765975 | 0 | none | 1 | 130.251 | 37.1536
SCRIPT       : DATA_LOG | 627720 | aRapBi1cCZPZAGLIDny3dk3hQ8vTmNTLHRl8zxmKgQ0= | 13755.2 | 79.8066 | 14302 | 0.643036 | 0.76568 | 0 | none | 1 | 130.264 | 37.1526
SCRIPT       : DATA_LOG | 628728 | aRapBi1cCZPZAGLIDny3dk3hQ8vTmNTLHRl8zxmKgQ0= | 13755.2 | 79.8066 | 14302 | 0.643436 | 0.765487 | 0 | none | 1 | 130.33 | 37.1595
SCRIPT       : DATA_LOG | 629734 | aRapBi1cCZPZAGLIDny3dk3hQ8vTmNTLHRl8zxmKgQ0= | 13755.2 | 79.8066 | 14302 | 0.642008 | 0.766454 | 0 | none | 1 | 130.203 | 37.1575
SCRIPT       : DATA_LOG | 630734 | aRapBi1cCZPZAGLIDny3dk3hQ8vTmNTLHRl8zxmKgQ0= | 13755.2 | 79.8066 | 14302 | 0.642943 | 0.765889 | 0 | none | 1 | 130.27 | 37.1536
SCRIPT       : DATA_LOG | 631732 | aRapBi1cCZPZAGLIDny3dk3hQ8vTmNTLHRl8zxmKgQ0= | 13755.2 | 79.8066 | 14302 | 0.642321 | 0.766266 | 0 | none | 1 | 130.222 | 37.1566
SCRIPT       : DATA_LOG | 632734 | aRapBi1cCZPZAGLIDny3dk3hQ8vTmNTLHRl8zxmKgQ0= | 13755.2 | 79.8066 | 14302 | 0.655398 | 0.755254 | 0 | none | 1 | 131.204 | 37.1507
SCRIPT       : DATA_LOG | 633735 | aRapBi1cCZPZAGLIDny3dk3hQ8vTmNTLHRl8zxmKgQ0= | 13755.2 | 79.8066 | 14302 | 0.638494 | 0.76921 | 0 | none | 1 | 129.97 | 37.1527
SCRIPT       : DATA_LOG | 634736 | aRapBi1cCZPZAGLIDny3dk3hQ8vTmNTLHRl8zxmKgQ0= | 13755.2 | 79.8066 | 14302 | 0.638764 | 0.769279 | 0 | none | 1 | 129.97 | 37.1526
SCRIPT       : DATA_LOG | 635729 | aRapBi1cCZPZAGLIDny3dk3hQ8vTmNTLHRl8zxmKgQ0= | 13755.2 | 79.8066 | 14302 | 0.639752 | 0.767389 | 0 | none | 1 | 130.076 | 37.1585
SCRIPT       : DATA_LOG | 636737 | aRapBi1cCZPZAGLIDny3dk3hQ8vTmNTLHRl8zxmKgQ0= | 13755.2 | 79.8066 | 14302 | 0.638044 | 0.769827 | 0 | none | 1 | 129.937 | 37.1585
SCRIPT       : DATA_LOG | 637737 | aRapBi1cCZPZAGLIDny3dk3hQ8vTmNTLHRl8zxmKgQ0= | 13755.2 | 79.8066 | 14302 | 0.638542 | 0.769067 | 0 | none | 1 | 129.964 | 37.1536
SCRIPT       : DATA_LOG | 638740 | aRapBi1cCZPZAGLIDny3dk3hQ8vTmNTLHRl8zxmKgQ0= | 13755.2 | 79.8066 | 14302 | 0.835947 | 0.543334 | 0 | CZ527 | 1 | 147.061 | 37.1575
SCRIPT       : DATA_LOG | 639740 | aRapBi1cCZPZAGLIDny3dk3hQ8vTmNTLHRl8zxmKgQ0= | 13755.2 | 79.8066 | 14302 | 0.651331 | 0.758754 | 0 | CZ527 | 1 | 130.896 | 37.1507
SCRIPT       : DATA_LOG | 640740 | aRapBi1cCZPZAGLIDny3dk3hQ8vTmNTLHRl8zxmKgQ0= | 13755.2 | 79.8066 | 14302 | 0.652013 | 0.758185 | 0 | CZ527 | 1 | 130.958 | 37.1517
SCRIPT       : DATA_LOG | 641741 | aRapBi1cCZPZAGLIDny3dk3hQ8vTmNTLHRl8zxmKgQ0= | 13755.2 | 79.8066 | 14302 | 0.652342 | 0.757886 | 0 | CZ527 | 1 | 130.977 | 37.1517
SCRIPT       : DATA_LOG | 642742 | aRapBi1cCZPZAGLIDny3dk3hQ8vTmNTLHRl8zxmKgQ0= | 13755.2 | 79.8066 | 14302 | 0.6523 | 0.757935 | 0 | CZ527 | 1 | 130.976 | 37.1565
SCRIPT       : DATA_LOG | 643747 | aRapBi1cCZPZAGLIDny3dk3hQ8vTmNTLHRl8zxmKgQ0= | 13755.2 | 79.8066 | 14302 | 0.652472 | 0.757802 | 0 | CZ527 | 1 | 131.009 | 37.1595
SCRIPT       : DATA_LOG | 644740 | aRapBi1cCZPZAGLIDny3dk3hQ8vTmNTLHRl8zxmKgQ0= | 13755.2 | 79.8066 | 14302 | 0.651809 | 0.758338 | 0 | CZ527 | 1 | 130.931 | 37.1536
SCRIPT       : DATA_LOG | 645747 | aRapBi1cCZPZAGLIDny3dk3hQ8vTmNTLHRl8zxmKgQ0= | 13755.2 | 79.8066 | 14302 | 0.651678 | 0.758464 | 0 | CZ527 | 1 | 130.935 | 37.1575
SCRIPT       : DATA_LOG | 646746 | aRapBi1cCZPZAGLIDny3dk3hQ8vTmNTLHRl8zxmKgQ0= | 13755.2 | 79.8066 | 14302 | 0.68499 | 0.726575 | 0 | CZ527 | 1 | 133.539 | 37.1507
SCRIPT       : DATA_LOG | 647749 | aRapBi1cCZPZAGLIDny3dk3hQ8vTmNTLHRl8zxmKgQ0= | 13755.2 | 79.8066 | 14302 | 0.747191 | 0.661406 | 0 | CZ527 | 1 | 138.667 | 37.1507
SCRIPT       : DATA_LOG | 648748 | aRapBi1cCZPZAGLIDny3dk3hQ8vTmNTLHRl8zxmKgQ0= | 13755.2 | 79.8066 | 14302 | 0.797663 | 0.600776 | 0 | CZ527 | 1 | 143.126 | 37.1517
SCRIPT       : DATA_LOG | 649747 | aRapBi1cCZPZAGLIDny3dk3hQ8vTmNTLHRl8zxmKgQ0= | 13755.2 | 79.8066 | 14302 | 0.761267 | 0.64686 | 0 | CZ527 | 1 | 139.874 | 37.1556
SCRIPT       : DATA_LOG | 650748 | aRapBi1cCZPZAGLIDny3dk3hQ8vTmNTLHRl8zxmKgQ0= | 13755.2 | 79.8066 | 14302 | 0.684903 | 0.728607 | 0 | CZ527 | 1 | 133.51 | 37.1605
SCRIPT       : DATA_LOG | 651763 | aRapBi1cCZPZAGLIDny3dk3hQ8vTmNTLHRl8zxmKgQ0= | 13755.2 | 79.8066 | 14302 | 0.685463 | 0.728099 | 0 | CZ527 | 1 | 133.53 | 37.1546
SCRIPT       : DATA_LOG | 652754 | aRapBi1cCZPZAGLIDny3dk3hQ8vTmNTLHRl8zxmKgQ0= | 13755.2 | 79.8066 | 14302 | 0.686062 | 0.727534 | 0 | CZ527 | 1 | 133.588 | 37.1575
SCRIPT       : DATA_LOG | 653750 | aRapBi1cCZPZAGLIDny3dk3hQ8vTmNTLHRl8zxmKgQ0= | 13755.2 | 79.8066 | 14302 | 0.686086 | 0.727496 | 0 | CZ527 | 1 | 133.579 | 37.1516
SCRIPT       : DATA_LOG | 654755 | aRapBi1cCZPZAGLIDny3dk3hQ8vTmNTLHRl8zxmKgQ0= | 13755.2 | 79.8066 | 14302 | 0.686317 | 0.7273 | 0 | CZ527 | 1 | 133.601 | 37.1507
SCRIPT       : DATA_LOG | 655757 | aRapBi1cCZPZAGLIDny3dk3hQ8vTmNTLHRl8zxmKgQ0= | 13755.2 | 79.8066 | 14302 | 0.685963 | 0.727616 | 0 | CZ527 | 1 | 133.583 | 37.1527
SCRIPT       : DATA_LOG | 656758 | aRapBi1cCZPZAGLIDny3dk3hQ8vTmNTLHRl8zxmKgQ0= | 13755.2 | 79.8066 | 14302 | 0.684911 | 0.728601 | 0 | CZ527 | 1 | 133.48 | 37.1536
SCRIPT       : DATA_LOG | 657758 | aRapBi1cCZPZAGLIDny3dk3hQ8vTmNTLHRl8zxmKgQ0= | 13755.2 | 79.8066 | 14302 | 0.68559 | 0.727978 | 0 | CZ527 | 1 | 133.565 | 37.1605
SCRIPT       : DATA_LOG | 658759 | aRapBi1cCZPZAGLIDny3dk3hQ8vTmNTLHRl8zxmKgQ0= | 13755.2 | 79.8066 | 14302 | 0.686106 | 0.72748 | 0 | CZ527 | 1 | 133.582 | 37.1556
SCRIPT       : DATA_LOG | 659762 | aRapBi1cCZPZAGLIDny3dk3hQ8vTmNTLHRl8zxmKgQ0= | 13755.2 | 79.8066 | 14302 | 0.68581 | 0.727763 | 0 | CZ527 | 1 | 133.565 | 37.1566
SCRIPT       : DATA_LOG | 660762 | aRapBi1cCZPZAGLIDny3dk3hQ8vTmNTLHRl8zxmKgQ0= | 13755.2 | 79.8066 | 14302 | 0.686595 | 0.727037 | 0 | CZ527 | 1 | 133.625 | 37.1526
SCRIPT       : DATA_LOG | 661756 | aRapBi1cCZPZAGLIDny3dk3hQ8vTmNTLHRl8zxmKgQ0= | 13755.2 | 79.8066 | 14302 | 0.685793 | 0.727769 | 0 | CZ527 | 1 | 133.555 | 37.1497
SCRIPT       : DATA_LOG | 662768 | aRapBi1cCZPZAGLIDny3dk3hQ8vTmNTLHRl8zxmKgQ0= | 13755.2 | 79.8066 | 14302 | 0.685379 | 0.728167 | 0 | CZ527 | 1 | 133.537 | 37.1536
SCRIPT       : DATA_LOG | 663765 | aRapBi1cCZPZAGLIDny3dk3hQ8vTmNTLHRl8zxmKgQ0= | 13755.2 | 79.8066 | 14302 | 0.685714 | 0.727861 | 0 | CZ527 | 1 | 133.542 | 37.1536
SCRIPT       : DATA_LOG | 664764 | aRapBi1cCZPZAGLIDny3dk3hQ8vTmNTLHRl8zxmKgQ0= | 13755.2 | 79.8066 | 14302 | 0.686151 | 0.727437 | 0 | CZ527 | 1 | 133.605 | 37.1615
SCRIPT       : DATA_LOG | 665767 | aRapBi1cCZPZAGLIDny3dk3hQ8vTmNTLHRl8zxmKgQ0= | 13755.2 | 79.8066 | 14302 | 0.685797 | 0.727783 | 0 | CZ527 | 1 | 133.564 | 37.1566
SCRIPT       : DATA_LOG | 666768 | aRapBi1cCZPZAGLIDny3dk3hQ8vTmNTLHRl8zxmKgQ0= | 13755.2 | 79.8066 | 14302 | 0.6863 | 0.727314 | 0 | CZ527 | 1 | 133.603 | 37.1556
SCRIPT       : DATA_LOG | 667772 | aRapBi1cCZPZAGLIDny3dk3hQ8vTmNTLHRl8zxmKgQ0= | 13755.2 | 79.8066 | 14302 | 0.685627 | 0.727927 | 0 | CZ527 | 1 | 133.547 | 37.1536
SCRIPT       : DATA_LOG | 668771 | aRapBi1cCZPZAGLIDny3dk3hQ8vTmNTLHRl8zxmKgQ0= | 13755.2 | 79.8066 | 14302 | 0.685488 | 0.728075 | 0 | CZ527 | 1 | 133.532 | 37.1497
SCRIPT       : DATA_LOG | 669770 | aRapBi1cCZPZAGLIDny3dk3hQ8vTmNTLHRl8zxmKgQ0= | 13755.2 | 79.8066 | 14302 | 0.686029 | 0.727566 | 0 | CZ527 | 1 | 133.59 | 37.1536
SCRIPT       : DATA_LOG | 670765 | aRapBi1cCZPZAGLIDny3dk3hQ8vTmNTLHRl8zxmKgQ0= | 13755.2 | 79.8066 | 14302 | 0.686117 | 0.727467 | 0 | CZ527 | 1 | 133.574 | 37.1526
SCRIPT       : DATA_LOG | 671772 | aRapBi1cCZPZAGLIDny3dk3hQ8vTmNTLHRl8zxmKgQ0= | 13755.2 | 79.8066 | 14302 | 0.686292 | 0.72732 | 0 | CZ527 | 1 | 133.615 | 37.1605
SCRIPT       : DATA_LOG | 672775 | aRapBi1cCZPZAGLIDny3dk3hQ8vTmNTLHRl8zxmKgQ0= | 13755.2 | 79.8066 | 14302 | 0.685941 | 0.727649 | 0 | CZ527 | 1 | 133.58 | 37.1575
SCRIPT       : DATA_LOG | 673776 | aRapBi1cCZPZAGLIDny3dk3hQ8vTmNTLHRl8zxmKgQ0= | 13755.2 | 79.8066 | 14302 | 0.684939 | 0.728574 | 0 | CZ527 | 1 | 133.488 | 37.1536
SCRIPT       : DATA_LOG | 674774 | aRapBi1cCZPZAGLIDny3dk3hQ8vTmNTLHRl8zxmKgQ0= | 13755.2 | 79.8066 | 14302 | 0.685396 | 0.728162 | 0 | CZ527 | 1 | 133.532 | 37.1556
SCRIPT       : DATA_LOG | 675776 | aRapBi1cCZPZAGLIDny3dk3hQ8vTmNTLHRl8zxmKgQ0= | 13755.2 | 79.8066 | 14302 | 0.806814 | 0.587624 | 0 | CZ527 | 1 | 144.102 | 37.1507
SCRIPT       : DATA_LOG | 676778 | aRapBi1cCZPZAGLIDny3dk3hQ8vTmNTLHRl8zxmKgQ0= | 13755.2 | 79.8066 | 14302 | 0.847391 | 0.529407 | 0 | CZ527 | 1 | 148.155 | 37.1527
SCRIPT       : DATA_LOG | 677778 | aRapBi1cCZPZAGLIDny3dk3hQ8vTmNTLHRl8zxmKgQ0= | 13755.2 | 79.8066 | 14302 | 0.823753 | 0.558532 | 0 | CZ527 | 1 | 145.814 | 37.1526
SCRIPT       : DATA_LOG | 678773 | aRapBi1cCZPZAGLIDny3dk3hQ8vTmNTLHRl8zxmKgQ0= | 13755.2 | 79.8066 | 14302 | 0.674927 | 0.737393 | 0 | CZ527 | 1 | 132.742 | 37.1595
SCRIPT       : DATA_LOG | 679781 | aRapBi1cCZPZAGLIDny3dk3hQ8vTmNTLHRl8zxmKgQ0= | 13755.2 | 79.8066 | 14302 | 0.684992 | 0.728526 | 0 | CZ527 | 1 | 133.508 | 37.1585
SCRIPT       : DATA_LOG | 680780 | aRapBi1cCZPZAGLIDny3dk3hQ8vTmNTLHRl8zxmKgQ0= | 13755.2 | 79.8066 | 14302 | 0.685575 | 0.727991 | 0 | CZ527 | 1 | 133.537 | 37.1536
SCRIPT       : DATA_LOG | 681782 | aRapBi1cCZPZAGLIDny3dk3hQ8vTmNTLHRl8zxmKgQ0= | 13755.2 | 79.8066 | 14302 | 0.686147 | 0.727441 | 0 | CZ527 | 1 | 133.591 | 37.1575
SCRIPT       : DATA_LOG | 682786 | aRapBi1cCZPZAGLIDny3dk3hQ8vTmNTLHRl8zxmKgQ0= | 13755.2 | 79.8066 | 14302 | 0.685985 | 0.7276 | 0 | CZ527 | 1 | 133.569 | 37.1507
SCRIPT       : DATA_LOG | 683784 | aRapBi1cCZPZAGLIDny3dk3hQ8vTmNTLHRl8zxmKgQ0= | 13755.2 | 79.8066 | 14302 | 0.686306 | 0.72731 | 0 | CZ527 | 1 | 133.605 | 37.1517
SCRIPT       : DATA_LOG | 684788 | aRapBi1cCZPZAGLIDny3dk3hQ8vTmNTLHRl8zxmKgQ0= | 13755.2 | 79.8066 | 14302 | 0.68559 | 0.727961 | 0 | CZ527 | 1 | 133.539 | 37.1517
SCRIPT       : DATA_LOG | 685787 | aRapBi1cCZPZAGLIDny3dk3hQ8vTmNTLHRl8zxmKgQ0= | 13755.2 | 79.8066 | 14302 | 0.685266 | 0.728274 | 0 | CZ527 | 1 | 133.519 | 37.1575
SCRIPT       : DATA_LOG | 686785 | aRapBi1cCZPZAGLIDny3dk3hQ8vTmNTLHRl8zxmKgQ0= | 13755.2 | 79.8066 | 14302 | 0.985188 | 0.169823 | 0 | CZ527 | 1 | 170.473 | 37.1595
SCRIPT       : DATA_LOG | 687787 | aRapBi1cCZPZAGLIDny3dk3hQ8vTmNTLHRl8zxmKgQ0= | 13755.2 | 79.8066 | 14302 | 0.985311 | 0.169159 | 0 | CZ527 | 1 | 170.491 | 37.1536
SCRIPT       : DATA_LOG | 688784 | aRapBi1cCZPZAGLIDny3dk3hQ8vTmNTLHRl8zxmKgQ0= | 13755.2 | 79.8066 | 14302 | 0.98527 | 0.169363 | 0 | CZ527 | 1 | 170.489 | 37.1575
SCRIPT       : DATA_LOG | 689789 | aRapBi1cCZPZAGLIDny3dk3hQ8vTmNTLHRl8zxmKgQ0= | 13755.2 | 79.8066 | 14302 | 0.985177 | 0.169883 | 0 | CZ527 | 1 | 170.448 | 37.1507
SCRIPT       : DATA_LOG | 690790 | aRapBi1cCZPZAGLIDny3dk3hQ8vTmNTLHRl8zxmKgQ0= | 13755.2 | 79.8066 | 14302 | 0.985125 | 0.170397 | 0 | CZ527 | 1 | 170.432 | 37.1507
SCRIPT       : DATA_LOG | 691797 | aRapBi1cCZPZAGLIDny3dk3hQ8vTmNTLHRl8zxmKgQ0= | 13755.2 | 79.8066 | 14302 | 0.985018 | 0.170667 | 0 | CZ527 | 1 | 170.407 | 37.1517
SCRIPT       : DATA_LOG | 692793 | aRapBi1cCZPZAGLIDny3dk3hQ8vTmNTLHRl8zxmKgQ0= | 13755.2 | 79.8066 | 14302 | 0.985174 | 0.169689 | 0 | CZ527 | 1 | 170.452 | 37.1556
SCRIPT       : DATA_LOG | 693794 | aRapBi1cCZPZAGLIDny3dk3hQ8vTmNTLHRl8zxmKgQ0= | 13755.2 | 79.8066 | 14302 | 0.966952 | 0.240758 | 0 | CZ527 | 1 | 165.681 | 37.1605
SCRIPT       : DATA_LOG | 694799 | aRapBi1cCZPZAGLIDny3dk3hQ8vTmNTLHRl8zxmKgQ0= | 13755.2 | 79.8066 | 14302 | 0.9777 | 0.162596 | 0 | Mosin9130_Black | 1 | 168.438 | 37.1546
SCRIPT       : DATA_LOG | 695792 | aRapBi1cCZPZAGLIDny3dk3hQ8vTmNTLHRl8zxmKgQ0= | 13755.2 | 79.8066 | 14302 | 0.985131 | 0.170103 | 0 | Mosin9130_Black | 1 | 170.444 | 37.1575
SCRIPT       : DATA_LOG | 696797 | aRapBi1cCZPZAGLIDny3dk3hQ8vTmNTLHRl8zxmKgQ0= | 13755.2 | 79.8066 | 14302 | 0.985052 | 0.170836 | 0 | Mosin9130_Black | 1 | 170.402 | 37.1516
SCRIPT       : DATA_LOG | 697799 | aRapBi1cCZPZAGLIDny3dk3hQ8vTmNTLHRl8zxmKgQ0= | 13755.2 | 79.8066 | 14302 | 0.985133 | 0.170168 | 0 | Mosin9130_Black | 1 | 170.437 | 37.1507
SCRIPT       : DATA_LOG | 698799 | aRapBi1cCZPZAGLIDny3dk3hQ8vTmNTLHRl8zxmKgQ0= | 13755.2 | 79.8066 | 14302 | 0.985241 | 0.169487 | 0 | Mosin9130_Black | 1 | 170.484 | 37.1527
SCRIPT       : DATA_LOG | 699800 | aRapBi1cCZPZAGLIDny3dk3hQ8vTmNTLHRl8zxmKgQ0= | 13755.2 | 79.8066 | 14302 | 0.985297 | 0.169391 | 0 | Mosin9130_Black | 1 | 170.481 | 37.1546
SCRIPT       : DATA_LOG | 700795 | aRapBi1cCZPZAGLIDny3dk3hQ8vTmNTLHRl8zxmKgQ0= | 13755.2 | 79.8066 | 14302 | 0.98526 | 0.16926 | 0 | Mosin9130_Black | 1 | 170.504 | 37.1605
SCRIPT       : DATA_LOG | 701800 | aRapBi1cCZPZAGLIDny3dk3hQ8vTmNTLHRl8zxmKgQ0= | 13755.2 | 79.8066 | 14302 | 0.996367 | 0.039066 | 0 | Mosin9130_Black | 1 | 175.744 | 37.1546
SCRIPT       : DATA_LOG | 702801 | aRapBi1cCZPZAGLIDny3dk3hQ8vTmNTLHRl8zxmKgQ0= | 13755.2 | 79.8066 | 14302 | 0.97721 | 0.0690598 | 0 | Mosin9130_Black | 1 | 168.371 | 37.1566
SCRIPT       : DATA_LOG | 703798 | aRapBi1cCZPZAGLIDny3dk3hQ8vTmNTLHRl8zxmKgQ0= | 13755.2 | 79.8066 | 14302 | 0.999308 | -0.0354409 | 0 | Mosin9130_Black | 1 | 177.401 | 37.1517
SCRIPT       : DATA_LOG | 704805 | aRapBi1cCZPZAGLIDny3dk3hQ8vTmNTLHRl8zxmKgQ0= | 13755.2 | 79.8066 | 14302 | 0.998561 | 0.0512949 | 0 | Mosin9130_Black | 1 | 176.95 | 37.1497
SCRIPT       : DATA_LOG | 705801 | aRapBi1cCZPZAGLIDny3dk3hQ8vTmNTLHRl8zxmKgQ0= | 13755.2 | 79.8066 | 14302 | 0.98524 | 0.169588 | 0 | Mosin9130_Black | 1 | 170.484 | 37.1536
SCRIPT       : DATA_LOG | 706815 | aRapBi1cCZPZAGLIDny3dk3hQ8vTmNTLHRl8zxmKgQ0= | 13755.2 | 79.8066 | 14302 | 0.985138 | 0.170033 | 0 | Mosin9130_Black | 1 | 170.431 | 37.1536
SCRIPT       : DATA_LOG | 707809 | aRapBi1cCZPZAGLIDny3dk3hQ8vTmNTLHRl8zxmKgQ0= | 13756.3 | 79.9364 | 14303 | 0.167934 | 0.985251 | 0 | Mosin9130_Black | 1 | 101.492 | 38.2438
SCRIPT       : DATA_LOG | 708804 | aRapBi1cCZPZAGLIDny3dk3hQ8vTmNTLHRl8zxmKgQ0= | 13755.7 | 79.884 | 14302.7 | 0.956077 | 0.292089 | 0 | Mosin9130_Black | 1 | 164.302 | 37.6355
SCRIPT       : DATA_LOG | 709815 | aRapBi1cCZPZAGLIDny3dk3hQ8vTmNTLHRl8zxmKgQ0= | 13755.7 | 79.884 | 14302.7 | 0.956219 | 0.291569 | 0 | Mosin9130_Black | 1 | 164.334 | 37.6355
SCRIPT       : DATA_LOG | 710804 | aRapBi1cCZPZAGLIDny3dk3hQ8vTmNTLHRl8zxmKgQ0= | 13755.7 | 79.884 | 14302.7 | 0.956451 | 0.290877 | 0 | Mosin9130_Black | 1 | 164.375 | 37.6325
SCRIPT       : DATA_LOG | 711809 | aRapBi1cCZPZAGLIDny3dk3hQ8vTmNTLHRl8zxmKgQ0= | 13755.7 | 79.884 | 14302.7 | 0.956327 | 0.29123 | 0 | Mosin9130_Black | 1 | 164.348 | 37.6295
SCRIPT       : DATA_LOG | 712810 | aRapBi1cCZPZAGLIDny3dk3hQ8vTmNTLHRl8zxmKgQ0= | 13755.7 | 79.884 | 14302.7 | 0.956161 | 0.291804 | 0 | Mosin9130_Black | 1 | 164.329 | 37.6336
SCRIPT       : DATA_LOG | 713815 | aRapBi1cCZPZAGLIDny3dk3hQ8vTmNTLHRl8zxmKgQ0= | 13755.7 | 79.884 | 14302.7 | 0.955986 | 0.292515 | 0 | Mosin9130_Black | 1 | 164.27 | 37.6324
SCRIPT       : DATA_LOG | 714814 | aRapBi1cCZPZAGLIDny3dk3hQ8vTmNTLHRl8zxmKgQ0= | 13755.7 | 79.884 | 14302.7 | 0.956072 | 0.291999 | 0 | Mosin9130_Black | 1 | 164.319 | 37.6406
SCRIPT       : DATA_LOG | 715819 | aRapBi1cCZPZAGLIDny3dk3hQ8vTmNTLHRl8zxmKgQ0= | 13755.7 | 79.884 | 14302.7 | 0.956278 | 0.291333 | 0 | Mosin9130_Black | 1 | 164.349 | 37.6375
SCRIPT       : DATA_LOG | 716816 | aRapBi1cCZPZAGLIDny3dk3hQ8vTmNTLHRl8zxmKgQ0= | 13755.7 | 79.884 | 14302.7 | 0.956464 | 0.290943 | 0 | Mosin9130_Black | 1 | 164.373 | 37.6345
SCRIPT       : DATA_LOG | 717818 | aRapBi1cCZPZAGLIDny3dk3hQ8vTmNTLHRl8zxmKgQ0= | 13755.7 | 79.884 | 14302.7 | 0.956257 | 0.291414 | 0 | Mosin9130_Black | 1 | 164.342 | 37.6345
SCRIPT       : DATA_LOG | 718819 | aRapBi1cCZPZAGLIDny3dk3hQ8vTmNTLHRl8zxmKgQ0= | 13755.7 | 79.884 | 14302.7 | 0.956214 | 0.291649 | 0 | Mosin9130_Black | 1 | 164.324 | 37.6295
SCRIPT       : DATA_LOG | 719820 | aRapBi1cCZPZAGLIDny3dk3hQ8vTmNTLHRl8zxmKgQ0= | 13755.7 | 79.884 | 14302.7 | 0.955982 | 0.292504 | 0 | Mosin9130_Black | 1 | 164.288 | 37.6326
SCRIPT       : DATA_LOG | 720814 | aRapBi1cCZPZAGLIDny3dk3hQ8vTmNTLHRl8zxmKgQ0= | 13755.7 | 79.884 | 14302.7 | 0.956163 | 0.291814 | 0 | Mosin9130_Black | 1 | 164.31 | 37.6324
SCRIPT       : DATA_LOG | 721816 | aRapBi1cCZPZAGLIDny3dk3hQ8vTmNTLHRl8zxmKgQ0= | 13755.7 | 79.884 | 14302.7 | 0.956346 | 0.291188 | 0 | Mosin9130_Black | 1 | 164.365 | 37.6395
SCRIPT       : DATA_LOG | 722819 | aRapBi1cCZPZAGLIDny3dk3hQ8vTmNTLHRl8zxmKgQ0= | 13755.7 | 79.884 | 14302.7 | 0.956392 | 0.291146 | 0 | Mosin9130_Black | 1 | 164.371 | 37.6385
SCRIPT       : DATA_LOG | 723820 | aRapBi1cCZPZAGLIDny3dk3hQ8vTmNTLHRl8zxmKgQ0= | 13755.7 | 79.884 | 14302.7 | 0.956301 | 0.29128 | 0 | Mosin9130_Black | 1 | 164.343 | 37.6334
SCRIPT       : DATA_LOG | 724819 | aRapBi1cCZPZAGLIDny3dk3hQ8vTmNTLHRl8zxmKgQ0= | 13755.7 | 79.884 | 14302.7 | 0.956199 | 0.29174 | 0 | Mosin9130_Black | 1 | 164.327 | 37.6365
SCRIPT       : DATA_LOG | 725821 | aRapBi1cCZPZAGLIDny3dk3hQ8vTmNTLHRl8zxmKgQ0= | 13755.7 | 79.884 | 14302.7 | 0.956099 | 0.292037 | 0 | Mosin9130_Black | 1 | 164.3 | 37.6305
SCRIPT       : DATA_LOG | 726823 | aRapBi1cCZPZAGLIDny3dk3hQ8vTmNTLHRl8zxmKgQ0= | 13755.7 | 79.884 | 14302.7 | 0.9562 | 0.291664 | 0 | Mosin9130_Black | 1 | 164.331 | 37.6316
SCRIPT       : DATA_LOG | 727822 | aRapBi1cCZPZAGLIDny3dk3hQ8vTmNTLHRl8zxmKgQ0= | 13755.7 | 79.884 | 14302.7 | 0.956461 | 0.290818 | 0 | Mosin9130_Black | 1 | 164.373 | 37.6315
SCRIPT       : DATA_LOG | 728828 | aRapBi1cCZPZAGLIDny3dk3hQ8vTmNTLHRl8zxmKgQ0= | 13755.7 | 79.884 | 14302.7 | 0.956323 | 0.291287 | 0 | Mosin9130_Black | 1 | 164.353 | 37.6374
SCRIPT       : DATA_LOG | 729823 | aRapBi1cCZPZAGLIDny3dk3hQ8vTmNTLHRl8zxmKgQ0= | 13755.7 | 79.884 | 14302.7 | 0.956239 | 0.291508 | 0 | Mosin9130_Black | 1 | 164.349 | 37.6396
SCRIPT       : DATA_LOG | 730832 | aRapBi1cCZPZAGLIDny3dk3hQ8vTmNTLHRl8zxmKgQ0= | 13755.7 | 79.884 | 14302.7 | 0.95621 | 0.291748 | 0 | Mosin9130_Black | 1 | 164.32 | 37.6334
SCRIPT       : DATA_LOG | 731829 | aRapBi1cCZPZAGLIDny3dk3hQ8vTmNTLHRl8zxmKgQ0= | 13755.7 | 79.884 | 14302.7 | 0.956124 | 0.291876 | 0 | Mosin9130_Black | 1 | 164.318 | 37.6375
SCRIPT       : DATA_LOG | 732837 | aRapBi1cCZPZAGLIDny3dk3hQ8vTmNTLHRl8zxmKgQ0= | 13755.7 | 79.884 | 14302.7 | 0.956232 | 0.291408 | 0 | Mosin9130_Black | 1 | 164.332 | 37.6305
SCRIPT       : DATA_LOG | 733828 | aRapBi1cCZPZAGLIDny3dk3hQ8vTmNTLHRl8zxmKgQ0= | 13755.7 | 79.884 | 14302.7 | 0.956448 | 0.290911 | 0 | Mosin9130_Black | 1 | 164.375 | 37.6316
SCRIPT       : DATA_LOG | 734829 | aRapBi1cCZPZAGLIDny3dk3hQ8vTmNTLHRl8zxmKgQ0= | 13755.7 | 79.884 | 14302.7 | 0.956329 | 0.291219 | 0 | Mosin9130_Black | 1 | 164.353 | 37.6316
SCRIPT       : DATA_LOG | 735835 | aRapBi1cCZPZAGLIDny3dk3hQ8vTmNTLHRl8zxmKgQ0= | 13755.7 | 79.884 | 14302.7 | 0.956128 | 0.291811 | 0 | Mosin9130_Black | 1 | 164.313 | 37.6364
SCRIPT       : DATA_LOG | 736833 | aRapBi1cCZPZAGLIDny3dk3hQ8vTmNTLHRl8zxmKgQ0= | 13755.7 | 79.884 | 14302.7 | 0.985855 | 0.114975 | 0 | Mosin9130_Black | 1 | 171.737 | 37.6396
SCRIPT       : DATA_LOG | 737832 | aRapBi1cCZPZAGLIDny3dk3hQ8vTmNTLHRl8zxmKgQ0= | 13755.7 | 79.884 | 14302.7 | 0.99707 | 0.0505755 | 0 | Mosin9130_Black | 1 | 176.938 | 37.6334
SCRIPT       : DATA_LOG | 738834 | aRapBi1cCZPZAGLIDny3dk3hQ8vTmNTLHRl8zxmKgQ0= | 13755.7 | 79.884 | 14302.7 | 0.987934 | 0.0779682 | 0 | Mosin9130_Black | 1 | 172.298 | 37.6375
SCRIPT       : DATA_LOG | 739840 | aRapBi1cCZPZAGLIDny3dk3hQ8vTmNTLHRl8zxmKgQ0= | 13755.7 | 79.884 | 14302.7 | 0.951068 | 0.304781 | 0 | Mosin9130_Black | 1 | 163.391 | 37.6305
SCRIPT       : DATA_LOG | 740845 | aRapBi1cCZPZAGLIDny3dk3hQ8vTmNTLHRl8zxmKgQ0= | 13755.7 | 79.884 | 14302.7 | 0.956263 | 0.291386 | 0 | Mosin9130_Black | 1 | 164.341 | 37.6306
SCRIPT       : DATA_LOG | 741841 | aRapBi1cCZPZAGLIDny3dk3hQ8vTmNTLHRl8zxmKgQ0= | 13755.7 | 79.884 | 14302.7 | 0.956222 | 0.291642 | 0 | Mosin9130_Black | 1 | 164.337 | 37.6326
SCRIPT       : DATA_LOG | 742839 | aRapBi1cCZPZAGLIDny3dk3hQ8vTmNTLHRl8zxmKgQ0= | 13755.7 | 79.884 | 14302.7 | 0.955972 | 0.292512 | 0 | Mosin9130_Black | 1 | 164.273 | 37.6344
SCRIPT       : DATA_LOG | 743845 | aRapBi1cCZPZAGLIDny3dk3hQ8vTmNTLHRl8zxmKgQ0= | 13755.7 | 79.884 | 14302.7 | 0.956161 | 0.291817 | 0 | Mosin9130_Black | 1 | 164.339 | 37.6406
SCRIPT       : DATA_LOG | 744843 | aRapBi1cCZPZAGLIDny3dk3hQ8vTmNTLHRl8zxmKgQ0= | 13755.7 | 79.884 | 14302.7 | 0.956381 | 0.291055 | 0 | Mosin9130_Black | 1 | 164.358 | 37.6344
SCRIPT       : DATA_LOG | 745841 | aRapBi1cCZPZAGLIDny3dk3hQ8vTmNTLHRl8zxmKgQ0= | 13755.7 | 79.884 | 14302.7 | 0.956409 | 0.291073 | 0 | Mosin9130_Black | 1 | 164.371 | 37.6375
SCRIPT       : DATA_LOG | 746843 | aRapBi1cCZPZAGLIDny3dk3hQ8vTmNTLHRl8zxmKgQ0= | 13755.7 | 79.884 | 14302.7 | 0.956212 | 0.291579 | 0 | Mosin9130_Black | 1 | 164.329 | 37.6315
SCRIPT       : DATA_LOG | 747845 | aRapBi1cCZPZAGLIDny3dk3hQ8vTmNTLHRl8zxmKgQ0= | 13755.7 | 79.884 | 14302.7 | 0.956144 | 0.291936 | 0 | Mosin9130_Black | 1 | 164.312 | 37.6296
SCRIPT       : DATA_LOG | 748842 | aRapBi1cCZPZAGLIDny3dk3hQ8vTmNTLHRl8zxmKgQ0= | 13755.7 | 79.884 | 14302.7 | 0.956103 | 0.292025 | 0 | Mosin9130_Black | 1 | 164.317 | 37.6327
SCRIPT       : DATA_LOG | 749847 | aRapBi1cCZPZAGLIDny3dk3hQ8vTmNTLHRl8zxmKgQ0= | 13755.7 | 79.884 | 14302.7 | 0.956257 | 0.29147 | 0 | Mosin9130_Black | 1 | 164.328 | 37.6334
SCRIPT       : DATA_LOG | 750852 | aRapBi1cCZPZAGLIDny3dk3hQ8vTmNTLHRl8zxmKgQ0= | 13755.7 | 79.884 | 14302.7 | 0.956479 | 0.290784 | 0 | Mosin9130_Black | 1 | 164.401 | 37.6416
SCRIPT       : DATA_LOG | 751847 | aRapBi1cCZPZAGLIDny3dk3hQ8vTmNTLHRl8zxmKgQ0= | 13755.7 | 79.884 | 14302.7 | 0.956379 | 0.291088 | 0 | Mosin9130_Black | 1 | 164.361 | 37.6355
SCRIPT       : DATA_LOG | 752852 | aRapBi1cCZPZAGLIDny3dk3hQ8vTmNTLHRl8zxmKgQ0= | 13755.7 | 79.884 | 14302.7 | 0.95621 | 0.291638 | 0 | Mosin9130_Black | 1 | 164.331 | 37.6365
SCRIPT       : DATA_LOG | 753861 | aRapBi1cCZPZAGLIDny3dk3hQ8vTmNTLHRl8zxmKgQ0= | 13755.7 | 79.884 | 14302.7 | 0.956122 | 0.292059 | 0 | Mosin9130_Black | 1 | 164.308 | 37.6325
SCRIPT       : DATA_LOG | 754859 | aRapBi1cCZPZAGLIDny3dk3hQ8vTmNTLHRl8zxmKgQ0= | 13755.7 | 79.884 | 14302.7 | 0.956107 | 0.291908 | 0 | Mosin9130_Black | 1 | 164.307 | 37.6296
SCRIPT       : DATA_LOG | 755856 | aRapBi1cCZPZAGLIDny3dk3hQ8vTmNTLHRl8zxmKgQ0= | 13755.7 | 79.884 | 14302.7 | 0.956245 | 0.29139 | 0 | Mosin9130_Black | 1 | 164.349 | 37.6336
SCRIPT       : DATA_LOG | 756858 | aRapBi1cCZPZAGLIDny3dk3hQ8vTmNTLHRl8zxmKgQ0= | 13755.7 | 79.884 | 14302.7 | 0.956431 | 0.29101 | 0 | Mosin9130_Black | 1 | 164.357 | 37.6324
SCRIPT       : DATA_LOG | 757865 | aRapBi1cCZPZAGLIDny3dk3hQ8vTmNTLHRl8zxmKgQ0= | 13755.7 | 79.884 | 14302.7 | 0.956257 | 0.291429 | 0 | Mosin9130_Black | 1 | 164.356 | 37.6406
SCRIPT       : DATA_LOG | 758869 | aRapBi1cCZPZAGLIDny3dk3hQ8vTmNTLHRl8zxmKgQ0= | 13755.7 | 79.884 | 14302.7 | 0.956168 | 0.291771 | 0 | Mosin9130_Black | 1 | 164.325 | 37.6365
SCRIPT       : DATA_LOG | 759865 | aRapBi1cCZPZAGLIDny3dk3hQ8vTmNTLHRl8zxmKgQ0= | 13755.7 | 79.884 | 14302.7 | 0.955996 | 0.292478 | 0 | Mosin9130_Black | 1 | 164.283 | 37.6345
SCRIPT       : DATA_LOG | 760869 | aRapBi1cCZPZAGLIDny3dk3hQ8vTmNTLHRl8zxmKgQ0= | 13755.7 | 79.884 | 14302.7 | 0.956156 | 0.291818 | 0 | Mosin9130_Black | 1 | 164.319 | 37.6345
SCRIPT       : DATA_LOG | 761872 | aRapBi1cCZPZAGLIDny3dk3hQ8vTmNTLHRl8zxmKgQ0= | 13755.7 | 79.884 | 14302.7 | 0.9944 | 0.0623746 | 0 | SKS | 1 | 175.207 | 37.6295
SCRIPT       : DATA_LOG | 762866 | aRapBi1cCZPZAGLIDny3dk3hQ8vTmNTLHRl8zxmKgQ0= | 13755.7 | 79.884 | 14302.7 | 0.956455 | 0.290951 | 0 | SKS | 1 | 164.382 | 37.6336
SCRIPT       : DATA_LOG | 763866 | aRapBi1cCZPZAGLIDny3dk3hQ8vTmNTLHRl8zxmKgQ0= | 13755.7 | 79.884 | 14302.7 | 0.956397 | 0.290933 | 0 | SKS | 1 | 164.357 | 37.6324
SCRIPT       : DATA_LOG | 764870 | aRapBi1cCZPZAGLIDny3dk3hQ8vTmNTLHRl8zxmKgQ0= | 13755.7 | 79.884 | 14302.7 | 0.956178 | 0.291792 | 0 | SKS | 1 | 164.334 | 37.6405
SCRIPT       : DATA_LOG | 765865 | aRapBi1cCZPZAGLIDny3dk3hQ8vTmNTLHRl8zxmKgQ0= | 13755.7 | 79.884 | 14302.7 | 0.955971 | 0.292478 | 0 | SKS | 1 | 164.289 | 37.6375
SCRIPT       : DATA_LOG | 766867 | aRapBi1cCZPZAGLIDny3dk3hQ8vTmNTLHRl8zxmKgQ0= | 13755.7 | 79.884 | 14302.7 | 0.956201 | 0.291682 | 0 | SKS | 1 | 164.323 | 37.6335
SCRIPT       : DATA_LOG | 767871 | aRapBi1cCZPZAGLIDny3dk3hQ8vTmNTLHRl8zxmKgQ0= | 13755.7 | 79.884 | 14302.7 | 0.956418 | 0.290933 | 0 | SKS | 1 | 164.373 | 37.6355
SCRIPT       : DATA_LOG | 768871 | aRapBi1cCZPZAGLIDny3dk3hQ8vTmNTLHRl8zxmKgQ0= | 13755.7 | 79.884 | 14302.7 | 0.980591 | 0.181775 | 0 | SKS | 1 | 170.151 | 37.6305
SCRIPT       : DATA_LOG | 769870 | aRapBi1cCZPZAGLIDny3dk3hQ8vTmNTLHRl8zxmKgQ0= | 13755.7 | 79.884 | 14302.7 | 0.960664 | 0.197203 | 0 | SKS | 1 | 165.279 | 37.6326
SCRIPT       : DATA_LOG | 770874 | aRapBi1cCZPZAGLIDny3dk3hQ8vTmNTLHRl8zxmKgQ0= | 13755.7 | 79.884 | 14302.7 | 0.995989 | 0.0894793 | 0 | SKS | 1 | 176.108 | 37.6325
SCRIPT       : DATA_LOG | 771878 | aRapBi1cCZPZAGLIDny3dk3hQ8vTmNTLHRl8zxmKgQ0= | 13755.7 | 79.884 | 14302.7 | 0.986135 | 0.165857 | 0 | SKS | 1 | 171.755 | 37.6385
SCRIPT       : DATA_LOG | 772876 | aRapBi1cCZPZAGLIDny3dk3hQ8vTmNTLHRl8zxmKgQ0= | 13755.7 | 79.884 | 14302.7 | 0.956218 | 0.291566 | 0 | SKS | 1 | 164.344 | 37.6386
SCRIPT       : DATA_LOG | 773875 | aRapBi1cCZPZAGLIDny3dk3hQ8vTmNTLHRl8zxmKgQ0= | 13755.7 | 79.884 | 14302.7 | 0.956428 | 0.290957 | 0 | SKS | 1 | 164.364 | 37.6334
SCRIPT       : DATA_LOG | 774884 | aRapBi1cCZPZAGLIDny3dk3hQ8vTmNTLHRl8zxmKgQ0= | 13755.7 | 79.884 | 14302.7 | 0.956329 | 0.291219 | 0 | SKS | 1 | 164.357 | 37.6375
SCRIPT       : DATA_LOG | 775881 | aRapBi1cCZPZAGLIDny3dk3hQ8vTmNTLHRl8zxmKgQ0= | 13755.7 | 79.884 | 14302.7 | 0.956162 | 0.2918 | 0 | SKS | 1 | 164.313 | 37.6305
SCRIPT       : DATA_LOG | 776880 | aRapBi1cCZPZAGLIDny3dk3hQ8vTmNTLHRl8zxmKgQ0= | 13755.7 | 79.884 | 14302.7 | 0.955981 | 0.29253 | 0 | SKS | 1 | 164.283 | 37.6316
SCRIPT       : DATA_LOG | 777882 | aRapBi1cCZPZAGLIDny3dk3hQ8vTmNTLHRl8zxmKgQ0= | 13755.7 | 79.884 | 14302.7 | 0.956026 | 0.292309 | 0 | SKS | 1 | 164.289 | 37.6315
SCRIPT       : DATA_LOG | 778885 | aRapBi1cCZPZAGLIDny3dk3hQ8vTmNTLHRl8zxmKgQ0= | 13755.7 | 79.884 | 14302.7 | 0.956324 | 0.291191 | 0 | SKS | 1 | 164.352 | 37.6364
SCRIPT       : DATA_LOG | 779884 | aRapBi1cCZPZAGLIDny3dk3hQ8vTmNTLHRl8zxmKgQ0= | 13755.7 | 79.884 | 14302.7 | 0.956416 | 0.291048 | 0 | SKS | 1 | 164.384 | 37.6396
SCRIPT       : DATA_LOG | 780882 | aRapBi1cCZPZAGLIDny3dk3hQ8vTmNTLHRl8zxmKgQ0= | 13755.7 | 79.884 | 14302.7 | 0.956254 | 0.291424 | 0 | SKS | 1 | 164.333 | 37.6334
SCRIPT       : DATA_LOG | 781882 | aRapBi1cCZPZAGLIDny3dk3hQ8vTmNTLHRl8zxmKgQ0= | 13755.7 | 79.884 | 14302.7 | 0.8684 | 0.495835 | 0 | SKS | 1 | 151.583 | 37.6375
SCRIPT       : DATA_LOG | 782885 | aRapBi1cCZPZAGLIDny3dk3hQ8vTmNTLHRl8zxmKgQ0= | 13755.7 | 79.884 | 14302.7 | 0.894219 | 0.447493 | 0 | SKS | 1 | 154.718 | 37.6305
SCRIPT       : DATA_LOG | 783888 | aRapBi1cCZPZAGLIDny3dk3hQ8vTmNTLHRl8zxmKgQ0= | 13755.7 | 79.884 | 14302.7 | 0.911344 | 0.411209 | 0 | SKS | 1 | 157.018 | 37.6306
SCRIPT       : DATA_LOG | 784888 | aRapBi1cCZPZAGLIDny3dk3hQ8vTmNTLHRl8zxmKgQ0= | 13755.7 | 79.884 | 14302.7 | 0.911736 | 0.410405 | 0 | SKS | 1 | 157.076 | 37.6316
SCRIPT       : DATA_LOG | 785885 | aRapBi1cCZPZAGLIDny3dk3hQ8vTmNTLHRl8zxmKgQ0= | 13755.7 | 79.884 | 14302.7 | 0.955324 | 0.285781 | 0 | SKS | 1 | 164.234 | 37.6354
SCRIPT       : DATA_LOG | 786887 | aRapBi1cCZPZAGLIDny3dk3hQ8vTmNTLHRl8zxmKgQ0= | 13755.7 | 79.884 | 14302.7 | 0.837643 | 0.546213 | 0 | none | 1 | 148.207 | 37.6406
SCRIPT       : DATA_LOG | 787903 | aRapBi1cCZPZAGLIDny3dk3hQ8vTmNTLHRl8zxmKgQ0= | 13755.7 | 79.884 | 14302.7 | 0.811753 | 0.583649 | 0 | none | 1 | 145.536 | 37.6344
SCRIPT       : DATA_LOG | 788891 | aRapBi1cCZPZAGLIDny3dk3hQ8vTmNTLHRl8zxmKgQ0= | 13755.7 | 79.884 | 14302.7 | 0.817243 | 0.575142 | 0 | none | 1 | 146.067 | 37.6375
   SCRIPT       : [inv] ReplaceItemWithNewLambdaBase Step B) remove OK, loc={ type=HANDS item=AmmoBox_762x39_20Rnd:20967 parent=SurvivorM_Niki:20951:INSTANCETYPE_SERVER }
SCRIPT       : DATA_LOG | 789891 | aRapBi1cCZPZAGLIDny3dk3hQ8vTmNTLHRl8zxmKgQ0= | 13755.7 | 79.884 | 14302.7 | 0.805663 | 0.591855 | 0 | none | 1 | 144.939 | 37.6315
SCRIPT       : DATA_LOG | 790896 | aRapBi1cCZPZAGLIDny3dk3hQ8vTmNTLHRl8zxmKgQ0= | 13755.7 | 79.884 | 14302.7 | 0.805377 | 0.59274 | 0 | none | 1 | 144.937 | 37.6305
SCRIPT       : DATA_LOG | 791899 | aRapBi1cCZPZAGLIDny3dk3hQ8vTmNTLHRl8zxmKgQ0= | 13755.7 | 79.884 | 14302.7 | 0.805422 | 0.59258 | 0 | none | 1 | 144.974 | 37.6327
SCRIPT       : DATA_LOG | 792894 | aRapBi1cCZPZAGLIDny3dk3hQ8vTmNTLHRl8zxmKgQ0= | 13755.7 | 79.884 | 14302.7 | 0.823585 | 0.566714 | 0 | none | 1 | 146.762 | 37.6334
SCRIPT       : DATA_LOG | 793897 | aRapBi1cCZPZAGLIDny3dk3hQ8vTmNTLHRl8zxmKgQ0= | 13755.7 | 79.884 | 14302.7 | 0.840456 | 0.514972 | 0 | none | 1 | 148.221 | 37.6406
SCRIPT       : DATA_LOG | 794895 | aRapBi1cCZPZAGLIDny3dk3hQ8vTmNTLHRl8zxmKgQ0= | 13755.7 | 79.884 | 14302.7 | 0.816927 | 0.567681 | 0 | none | 1 | 145.93 | 37.6354
SCRIPT       : DATA_LOG | 795905 | aRapBi1cCZPZAGLIDny3dk3hQ8vTmNTLHRl8zxmKgQ0= | 13755.7 | 79.884 | 14302.7 | 0.929322 | 0.368399 | 0 | SKS | 1 | 159.574 | 37.6365
SCRIPT       : DATA_LOG | 796900 | aRapBi1cCZPZAGLIDny3dk3hQ8vTmNTLHRl8zxmKgQ0= | 13755.7 | 79.884 | 14302.7 | 0.807717 | 0.589546 | 0 | SKS | 1 | 145.177 | 37.6315
SCRIPT       : DATA_LOG | 797908 | aRapBi1cCZPZAGLIDny3dk3hQ8vTmNTLHRl8zxmKgQ0= | 13757.5 | 80.09 | 14304.1 | 0.227931 | -0.972868 | 0 | SKS | 1 | 99.8336 | 39.4753
SCRIPT       : DATA_LOG | 798907 | aRapBi1cCZPZAGLIDny3dk3hQ8vTmNTLHRl8zxmKgQ0= | 13761 | 80.2658 | 14304.8 | -0.104014 | -0.994566 | 0 | SKS | 1 | 80.1239 | 43.0996
SCRIPT       : DATA_LOG | 799906 | aRapBi1cCZPZAGLIDny3dk3hQ8vTmNTLHRl8zxmKgQ0= | 13764.7 | 80.3792 | 14305.1 | 0.0455579 | -0.997907 | 0 | SKS | 1 | 88.5322 | 46.7491
SCRIPT       : DATA_LOG | 800907 | aRapBi1cCZPZAGLIDny3dk3hQ8vTmNTLHRl8zxmKgQ0= | 13768.1 | 80.5922 | 14306.2 | -0.0775285 | -0.99664 | 0 | SKS | 1 | 80.5366 | 50.262
SCRIPT       : DATA_LOG | 801917 | aRapBi1cCZPZAGLIDny3dk3hQ8vTmNTLHRl8zxmKgQ0= | 13771.8 | 80.6556 | 14306 | -0.0972223 | -0.994656 | 0 | SKS | 1 | 79.8949 | 53.8946
SCRIPT       : DATA_LOG | 802912 | aRapBi1cCZPZAGLIDny3dk3hQ8vTmNTLHRl8zxmKgQ0= | 13775.3 | 80.7124 | 14305.9 | -0.110935 | -0.992989 | 0 | SKS | 1 | 79.5167 | 57.4136
SCRIPT       : DATA_LOG | 803914 | aRapBi1cCZPZAGLIDny3dk3hQ8vTmNTLHRl8zxmKgQ0= | 13779.1 | 80.8176 | 14305.7 | -0.0672748 | -0.997551 | 0 | SKS | 1 | 82.4456 | 61.1784
SCRIPT       : DATA_LOG | 804912 | aRapBi1cCZPZAGLIDny3dk3hQ8vTmNTLHRl8zxmKgQ0= | 13782.7 | 80.8671 | 14305.6 | -0.119017 | -0.992071 | 0 | SKS | 1 | 79.7834 | 64.8208
SCRIPT       : DATA_LOG | 805918 | aRapBi1cCZPZAGLIDny3dk3hQ8vTmNTLHRl8zxmKgQ0= | 13786.4 | 80.9238 | 14305.5 | 0.0250937 | -0.997591 | 0 | SKS | 1 | 88.484 | 68.4739
SCRIPT       : DATA_LOG | 806915 | aRapBi1cCZPZAGLIDny3dk3hQ8vTmNTLHRl8zxmKgQ0= | 13788.4 | 81.2557 | 14306.9 | -0.458765 | -0.766845 | 1 | SKS | 1 | 58.4113 | 70.5349
SCRIPT       : DATA_LOG | 807915 | aRapBi1cCZPZAGLIDny3dk3hQ8vTmNTLHRl8zxmKgQ0= | 13790 | 81.3537 | 14307.5 | -0.466397 | -0.705761 | 1 | SKS | 1 | 57.7021 | 72.2169
SCRIPT       : DATA_LOG | 808916 | aRapBi1cCZPZAGLIDny3dk3hQ8vTmNTLHRl8zxmKgQ0= | 13793.8 | 81.2338 | 14306.8 | -0.180493 | -0.980173 | 0 | SKS | 1 | 75.9776 | 75.9431
SCRIPT       : DATA_LOG | 809938 | aRapBi1cCZPZAGLIDny3dk3hQ8vTmNTLHRl8zxmKgQ0= | 13800.5 | 81.1297 | 14306.9 | -0.517872 | -0.850081 | 0 | SKS | 1 | 55.4892 | 82.5952
SCRIPT       : DATA_LOG | 810922 | aRapBi1cCZPZAGLIDny3dk3hQ8vTmNTLHRl8zxmKgQ0= | 13807.1 | 80.9883 | 14306.8 | -0.140448 | -0.98662 | 0 | SKS | 1 | 78.7958 | 89.1627
SCRIPT       : DATA_LOG | 811919 | aRapBi1cCZPZAGLIDny3dk3hQ8vTmNTLHRl8zxmKgQ0= | 13812 | 81.1775 | 14308.9 | -0.502746 | 0.864084 | 0 | SKS | 1 | 64.1593 | 94.1807
SCRIPT       : DATA_LOG | 812927 | aRapBi1cCZPZAGLIDny3dk3hQ8vTmNTLHRl8zxmKgQ0= | 13814.4 | 81.2705 | 14309.6 | 0.0084587 | 0.998496 | 0 | SKS | 1 | 95.1436 | 96.6637
SCRIPT       : DATA_LOG | 813921 | aRapBi1cCZPZAGLIDny3dk3hQ8vTmNTLHRl8zxmKgQ0= | 13816.3 | 81.6736 | 14312.8 | 0.983889 | -0.158281 | 0 | SKS | 1 | 164.152 | 98.9003
SCRIPT       : DATA_LOG | 814928 | aRapBi1cCZPZAGLIDny3dk3hQ8vTmNTLHRl8zxmKgQ0= | 13820.8 | 82.3195 | 14317.2 | 0.572726 | -0.817548 | 0 | SKS | 1 | 116.549 | 103.946
SCRIPT       : DATA_LOG | 815919 | aRapBi1cCZPZAGLIDny3dk3hQ8vTmNTLHRl8zxmKgQ0= | 13827 | 82.5033 | 14319.8 | 0.392099 | -0.91971 | 0 | SKS | 1 | 103.672 | 110.436
SCRIPT       : DATA_LOG | 816922 | aRapBi1cCZPZAGLIDny3dk3hQ8vTmNTLHRl8zxmKgQ0= | 13833.3 | 82.3836 | 14322 | 0.330346 | -0.943389 | 0 | SKS | 1 | 99.4101 | 116.993
SCRIPT       : DATA_LOG | 817922 | aRapBi1cCZPZAGLIDny3dk3hQ8vTmNTLHRl8zxmKgQ0= | 13839.4 | 82.1685 | 14324.6 | 0.314163 | -0.947514 | 0 | SKS | 1 | 97.7836 | 123.49
SCRIPT       : DATA_LOG | 818924 | aRapBi1cCZPZAGLIDny3dk3hQ8vTmNTLHRl8zxmKgQ0= | 13843.3 | 82.0266 | 14326.2 | 0.389736 | -0.92092 | 0 | SKS | 1 | 101.931 | 127.583
SCRIPT       : DATA_LOG | 819928 | aRapBi1cCZPZAGLIDny3dk3hQ8vTmNTLHRl8zxmKgQ0= | 13843.3 | 82.0266 | 14326.2 | 0.37594 | -0.926626 | 0 | SKS | 1 | 101.076 | 127.585
SCRIPT       : DATA_LOG | 820925 | aRapBi1cCZPZAGLIDny3dk3hQ8vTmNTLHRl8zxmKgQ0= | 13844.4 | 82.0344 | 14326.6 | 0.34616 | -0.938027 | 0 | SKS | 1 | 99.1611 | 128.783
SCRIPT       : DATA_LOG | 821929 | aRapBi1cCZPZAGLIDny3dk3hQ8vTmNTLHRl8zxmKgQ0= | 13850.3 | 82.1272 | 14329 | 0.378974 | -0.925407 | 0 | SKS | 1 | 100.656 | 135.069
SCRIPT       : DATA_LOG | 823012 | aRapBi1cCZPZAGLIDny3dk3hQ8vTmNTLHRl8zxmKgQ0= | 13856.7 | 82.2816 | 14330.8 | 0.363226 | -0.930766 | 0 | SKS | 1 | 99.5569 | 141.705
SCRIPT       : DATA_LOG | 823931 | aRapBi1cCZPZAGLIDny3dk3hQ8vTmNTLHRl8zxmKgQ0= | 13862.8 | 82.5773 | 14333.3 | 0.369353 | -0.928232 | 0 | SKS | 1 | 99.3526 | 148.188
SCRIPT       : DATA_LOG | 824940 | aRapBi1cCZPZAGLIDny3dk3hQ8vTmNTLHRl8zxmKgQ0= | 13867.1 | 83.0989 | 14338.2 | 0.395586 | -0.917434 | 0 | SKS | 1 | 99.67 | 153.484
SCRIPT       : DATA_LOG | 825939 | aRapBi1cCZPZAGLIDny3dk3hQ8vTmNTLHRl8zxmKgQ0= | 13872.8 | 81.9663 | 14340.9 | 0.340707 | -0.934621 | 0 | SKS | 1 | 95.9212 | 159.597
SCRIPT       : DATA_LOG | 826937 | aRapBi1cCZPZAGLIDny3dk3hQ8vTmNTLHRl8zxmKgQ0= | 13877.3 | 81.2954 | 14345.5 | 0.383635 | -0.9185 | 0 | SKS | 1 | 97.3688 | 165.116
SCRIPT       : DATA_LOG | 827942 | aRapBi1cCZPZAGLIDny3dk3hQ8vTmNTLHRl8zxmKgQ0= | 13883 | 80.0463 | 14348.3 | 0.354675 | -0.930278 | 0 | SKS | 1 | 95.1267 | 171.395
SCRIPT       : DATA_LOG | 828941 | aRapBi1cCZPZAGLIDny3dk3hQ8vTmNTLHRl8zxmKgQ0= | 13887.2 | 79.8317 | 14348.4 | -0.0361041 | 0.999328 | 0 | SKS | 1 | 103.311 | 175.421
SCRIPT       : DATA_LOG | 829946 | aRapBi1cCZPZAGLIDny3dk3hQ8vTmNTLHRl8zxmKgQ0= | 13888.7 | 79.2644 | 14346.1 | -0.330081 | 0.943248 | 0 | SKS | 1 | 85.2516 | 176.35
SCRIPT       : DATA_LOG | 830943 | aRapBi1cCZPZAGLIDny3dk3hQ8vTmNTLHRl8zxmKgQ0= | 13888.3 | 79.7787 | 14348.4 | -0.148128 | 0.988239 | 0 | SKS | 1 | 96.7711 | 176.462
SCRIPT       : DATA_LOG | 831946 | aRapBi1cCZPZAGLIDny3dk3hQ8vTmNTLHRl8zxmKgQ0= | 13887.8 | 80.4168 | 14351.3 | -0.0900559 | 0.995259 | 0 | SKS | 1 | 101.1 | 176.825
SCRIPT       : DATA_LOG | 832945 | aRapBi1cCZPZAGLIDny3dk3hQ8vTmNTLHRl8zxmKgQ0= | 13887.2 | 81.088 | 14354.3 | -0.242389 | 0.97009 | 0 | SKS | 1 | 93.1902 | 177.115
SCRIPT       : DATA_LOG | 833943 | aRapBi1cCZPZAGLIDny3dk3hQ8vTmNTLHRl8zxmKgQ0= | 13886.5 | 81.5927 | 14356.6 | -0.0903438 | 0.802053 | 1 | SKS | 1 | 98.9177 | 177.154
SCRIPT       : DATA_LOG | 834939 | aRapBi1cCZPZAGLIDny3dk3hQ8vTmNTLHRl8zxmKgQ0= | 13886.5 | 81.5927 | 14356.6 | -0.0796367 | 0.713322 | 1 | SKS | 1 | 97.8444 | 177.158
SCRIPT       : DATA_LOG | 835943 | aRapBi1cCZPZAGLIDny3dk3hQ8vTmNTLHRl8zxmKgQ0= | 13886.5 | 81.5927 | 14356.6 | -0.088061 | 0.712845 | 1 | SKS | 1 | 97.3702 | 177.156
SCRIPT       : DATA_LOG | 836942 | aRapBi1cCZPZAGLIDny3dk3hQ8vTmNTLHRl8zxmKgQ0= | 13886.5 | 81.5927 | 14356.6 | -0.0819049 | 0.714247 | 1 | SKS | 1 | 97.7385 | 177.168
SCRIPT       : DATA_LOG | 837944 | aRapBi1cCZPZAGLIDny3dk3hQ8vTmNTLHRl8zxmKgQ0= | 13886.5 | 81.5927 | 14356.6 | -0.0909555 | 0.710918 | 1 | SKS | 1 | 97.1765 | 177.158
SCRIPT       : DATA_LOG | 838945 | aRapBi1cCZPZAGLIDny3dk3hQ8vTmNTLHRl8zxmKgQ0= | 13886.5 | 81.5927 | 14356.6 | -0.0905015 | 0.711822 | 1 | SKS | 1 | 97.2194 | 177.161
SCRIPT       : DATA_LOG | 839946 | aRapBi1cCZPZAGLIDny3dk3hQ8vTmNTLHRl8zxmKgQ0= | 13886.5 | 81.5927 | 14356.6 | 0.00730853 | 0.872748 | 1 | SKS | 1 | 105.723 | 177.155
SCRIPT       : DATA_LOG | 840950 | aRapBi1cCZPZAGLIDny3dk3hQ8vTmNTLHRl8zxmKgQ0= | 13886.5 | 81.5927 | 14356.6 | -0.0647926 | 0.781306 | 1 | SKS | 1 | 99.9342 | 177.153
SCRIPT       : DATA_LOG | 841946 | aRapBi1cCZPZAGLIDny3dk3hQ8vTmNTLHRl8zxmKgQ0= | 13886.5 | 81.5927 | 14356.6 | -0.0519469 | 0.784264 | 1 | SKS | 1 | 100.703 | 177.159
SCRIPT       : DATA_LOG | 842949 | aRapBi1cCZPZAGLIDny3dk3hQ8vTmNTLHRl8zxmKgQ0= | 13886.5 | 81.5927 | 14356.6 | -0.0664683 | 0.782311 | 1 | SKS | 1 | 99.859 | 177.155
SCRIPT       : DATA_LOG | 843957 | aRapBi1cCZPZAGLIDny3dk3hQ8vTmNTLHRl8zxmKgQ0= | 13886.5 | 81.5927 | 14356.6 | -0.0651864 | 0.781859 | 1 | SKS | 1 | 99.9259 | 177.168
SCRIPT       : DATA_LOG | 844950 | aRapBi1cCZPZAGLIDny3dk3hQ8vTmNTLHRl8zxmKgQ0= | 13886.5 | 81.5927 | 14356.6 | -0.057467 | 0.786253 | 1 | SKS | 1 | 100.433 | 177.16
SCRIPT       : DATA_LOG | 845952 | aRapBi1cCZPZAGLIDny3dk3hQ8vTmNTLHRl8zxmKgQ0= | 13886.5 | 81.5927 | 14356.6 | -0.0644037 | 0.782335 | 1 | SKS | 1 | 99.9754 | 177.159
SCRIPT       : DATA_LOG | 846954 | aRapBi1cCZPZAGLIDny3dk3hQ8vTmNTLHRl8zxmKgQ0= | 13886.5 | 81.5927 | 14356.6 | -0.0579931 | 0.784217 | 1 | SKS | 1 | 100.366 | 177.157
SCRIPT       : DATA_LOG | 847959 | aRapBi1cCZPZAGLIDny3dk3hQ8vTmNTLHRl8zxmKgQ0= | 13886.5 | 81.5927 | 14356.6 | -0.0524411 | 0.790203 | 1 | SKS | 1 | 100.786 | 177.152
SCRIPT       : DATA_LOG | 848956 | aRapBi1cCZPZAGLIDny3dk3hQ8vTmNTLHRl8zxmKgQ0= | 13886.5 | 81.5927 | 14356.6 | -0.264824 | 0.964224 | 0 | SKS | 1 | 92.6564 | 177.159
SCRIPT       : DATA_LOG | 849957 | aRapBi1cCZPZAGLIDny3dk3hQ8vTmNTLHRl8zxmKgQ0= | 13887.2 | 81.7674 | 14357.5 | 0.772354 | -0.610148 | 0 | SKS | 1 | 123.052 | 178.117
SCRIPT       : DATA_LOG | 850964 | aRapBi1cCZPZAGLIDny3dk3hQ8vTmNTLHRl8zxmKgQ0= | 13890.9 | 81.671 | 14355.9 | -0.776091 | -0.628346 | 0 | SKS | 0 | 21.9299 | 181.19
SCRIPT       : DATA_LOG | 851959 | aRapBi1cCZPZAGLIDny3dk3hQ8vTmNTLHRl8zxmKgQ0= | 13892.8 | 80.8253 | 14349.9 | -0.970917 | 0.192911 | 0 | SKS | 0 | 27.876 | 181.258
SCRIPT       : DATA_LOG | 852968 | aRapBi1cCZPZAGLIDny3dk3hQ8vTmNTLHRl8zxmKgQ0= | 13892.8 | 79.2777 | 14343.3 | -0.976412 | 0.191787 | 0 | SKS | 0 | 25.0667 | 179.606
SCRIPT       : DATA_LOG | 853958 | aRapBi1cCZPZAGLIDny3dk3hQ8vTmNTLHRl8zxmKgQ0= | 13892.6 | 77.5689 | 14336.8 | -0.993159 | -0.0108087 | 0 | SKS | 0 | 12.291 | 178.035
SCRIPT       : DATA_LOG | 854964 | aRapBi1cCZPZAGLIDny3dk3hQ8vTmNTLHRl8zxmKgQ0= | 13893.1 | 76.1586 | 14330.6 | -0.977217 | -0.205602 | 0 | SKS | 0 | 3.21394 | 177.428
SCRIPT       : DATA_LOG | 855962 | aRapBi1cCZPZAGLIDny3dk3hQ8vTmNTLHRl8zxmKgQ0= | 13894 | 75.4776 | 14326.8 | -0.988793 | -0.148306 | 0 | SKS | 0 | 2.30316 | 177.799
SCRIPT       : DATA_LOG | 856968 | aRapBi1cCZPZAGLIDny3dk3hQ8vTmNTLHRl8zxmKgQ0= | 13894.6 | 74.9496 | 14323.3 | -0.947995 | -0.30675 | 0 | Colt1911 | 0 | 11.5034 | 177.921
SCRIPT       : DATA_LOG | 857964 | aRapBi1cCZPZAGLIDny3dk3hQ8vTmNTLHRl8zxmKgQ0= | 13895.2 | 74.4717 | 14319.5 | -0.982403 | 0.184666 | 0 | Colt1911 | 0 | 16.3526 | 178.062
SCRIPT       : DATA_LOG | 858968 | aRapBi1cCZPZAGLIDny3dk3hQ8vTmNTLHRl8zxmKgQ0= | 13894.4 | 74.0805 | 14317 | -0.979582 | 0.198717 | 0 | Colt1911 | 0 | 16.3652 | 177.098
SCRIPT       : DATA_LOG | 859968 | aRapBi1cCZPZAGLIDny3dk3hQ8vTmNTLHRl8zxmKgQ0= | 13893.9 | 73.7816 | 14313.1 | -0.9312 | 0.363348 | 0 | Colt1911 | 0 | 24.9795 | 176.336
SCRIPT       : DATA_LOG | 860969 | aRapBi1cCZPZAGLIDny3dk3hQ8vTmNTLHRl8zxmKgQ0= | 13892.4 | 73.3334 | 14309.4 | -0.942681 | 0.331658 | 0 | Colt1911 | 0 | 21.8538 | 174.663
SCRIPT       : DATA_LOG | 861970 | aRapBi1cCZPZAGLIDny3dk3hQ8vTmNTLHRl8zxmKgQ0= | 13891.6 | 73.2362 | 14305.5 | -0.959993 | 0.278972 | 0 | Colt1911 | 0 | 17.4217 | 173.739
SCRIPT       : DATA_LOG | 862973 | aRapBi1cCZPZAGLIDny3dk3hQ8vTmNTLHRl8zxmKgQ0= | 13890.8 | 73.2406 | 14301.4 | -0.957701 | 0.284672 | 0 | Colt1911 | 0 | 16.4032 | 172.889
SCRIPT       : DATA_LOG | 863973 | aRapBi1cCZPZAGLIDny3dk3hQ8vTmNTLHRl8zxmKgQ0= | 13890.4 | 73.6511 | 14297.8 | -0.999365 | 0.0235264 | 0 | SKS | 0 | 0.388662 | 172.469
SCRIPT       : DATA_LOG | 864975 | aRapBi1cCZPZAGLIDny3dk3hQ8vTmNTLHRl8zxmKgQ0= | 13888.8 | 74.5361 | 14291.7 | -0.804741 | 0.592949 | 0 | SKS | 0 | 32.9636 | 171.158
SCRIPT       : DATA_LOG | 865976 | aRapBi1cCZPZAGLIDny3dk3hQ8vTmNTLHRl8zxmKgQ0= | 13886.2 | 74.9467 | 14286.6 | -0.311147 | 0.949275 | 0 | SKS | 1 | 66.6309 | 168.876
SCRIPT       : DATA_LOG | 866984 | aRapBi1cCZPZAGLIDny3dk3hQ8vTmNTLHRl8zxmKgQ0= | 13884.2 | 74.731 | 14284.2 | 0.377944 | 0.925443 | 0 | SKS | 1 | 106.09 | 167.127
SCRIPT       : DATA_LOG | 867983 | aRapBi1cCZPZAGLIDny3dk3hQ8vTmNTLHRl8zxmKgQ0= | 13880.9 | 74.0762 | 14285.4 | 0.209066 | 0.977567 | 0 | SKS | 1 | 96.3476 | 163.805
SCRIPT       : DATA_LOG | 868977 | aRapBi1cCZPZAGLIDny3dk3hQ8vTmNTLHRl8zxmKgQ0= | 13879.4 | 73.8253 | 14285.7 | 0.192611 | 0.981096 | 0 | SKS | 1 | 95.4197 | 162.279
SCRIPT       : DATA_LOG | 869978 | aRapBi1cCZPZAGLIDny3dk3hQ8vTmNTLHRl8zxmKgQ0= | 13879 | 73.7633 | 14285.7 | 0.245655 | 0.73877 | 1 | SKS | 1 | 101.116 | 161.901
SCRIPT       : DATA_LOG | 870979 | aRapBi1cCZPZAGLIDny3dk3hQ8vTmNTLHRl8zxmKgQ0= | 13879 | 73.7633 | 14285.7 | 0.228582 | 0.741122 | 1 | SKS | 1 | 100.121 | 161.902
SCRIPT       : DATA_LOG | 871990 | aRapBi1cCZPZAGLIDny3dk3hQ8vTmNTLHRl8zxmKgQ0= | 13879 | 73.7633 | 14285.7 | 0.247186 | 0.737897 | 1 | SKS | 1 | 101.211 | 161.906
SCRIPT       : DATA_LOG | 872980 | aRapBi1cCZPZAGLIDny3dk3hQ8vTmNTLHRl8zxmKgQ0= | 13879 | 73.7633 | 14285.7 | 0.234929 | 0.741147 | 1 | SKS | 1 | 100.487 | 161.909
SCRIPT       : DATA_LOG | 873986 | aRapBi1cCZPZAGLIDny3dk3hQ8vTmNTLHRl8zxmKgQ0= | 13879 | 73.7633 | 14285.7 | 0.237442 | 0.739745 | 1 | SKS | 1 | 100.637 | 161.904
SCRIPT       : DATA_LOG | 874990 | aRapBi1cCZPZAGLIDny3dk3hQ8vTmNTLHRl8zxmKgQ0= | 13879 | 73.7633 | 14285.7 | 0.246799 | 0.738644 | 1 | SKS | 1 | 101.184 | 161.907
SCRIPT       : DATA_LOG | 875982 | aRapBi1cCZPZAGLIDny3dk3hQ8vTmNTLHRl8zxmKgQ0= | 13879 | 73.7633 | 14285.7 | 0.251105 | 0.739379 | 1 | SKS | 1 | 101.423 | 161.902
SCRIPT       : DATA_LOG | 876985 | aRapBi1cCZPZAGLIDny3dk3hQ8vTmNTLHRl8zxmKgQ0= | 13878.4 | 73.6499 | 14286.1 | 0.0848357 | 0.99483 | 0 | SKS | 1 | 89.1655 | 161.254
SCRIPT       : DATA_LOG | 877986 | aRapBi1cCZPZAGLIDny3dk3hQ8vTmNTLHRl8zxmKgQ0= | 13877.8 | 73.5284 | 14286.7 | 0.208072 | 0.978111 | 1 | SKS | 1 | 96.5866 | 160.585
SCRIPT       : DATA_LOG | 878984 | aRapBi1cCZPZAGLIDny3dk3hQ8vTmNTLHRl8zxmKgQ0= | 13877.7 | 73.5511 | 14285.7 | 0.198718 | 0.688837 | 1 | SKS | 1 | 98.8627 | 160.584
SCRIPT       : DATA_LOG | 879987 | aRapBi1cCZPZAGLIDny3dk3hQ8vTmNTLHRl8zxmKgQ0= | 13877.7 | 73.5511 | 14285.7 | 0.201432 | 0.688757 | 1 | SKS | 1 | 99.0236 | 160.588
SCRIPT       : DATA_LOG | 880988 | aRapBi1cCZPZAGLIDny3dk3hQ8vTmNTLHRl8zxmKgQ0= | 13877.7 | 73.5511 | 14285.7 | 0.191786 | 0.690551 | 1 | SKS | 1 | 98.4546 | 160.583
SCRIPT       : DATA_LOG | 881988 | aRapBi1cCZPZAGLIDny3dk3hQ8vTmNTLHRl8zxmKgQ0= | 13877.7 | 73.5511 | 14285.7 | 0.18838 | 0.691984 | 1 | SKS | 1 | 98.2506 | 160.585
SCRIPT       : DATA_LOG | 882994 | aRapBi1cCZPZAGLIDny3dk3hQ8vTmNTLHRl8zxmKgQ0= | 13875.4 | 73.0786 | 14283.9 | -0.75798 | 0.647861 | 0 | SKS | 0 | 34.0174 | 158.544
SCRIPT       : DATA_LOG | 883995 | aRapBi1cCZPZAGLIDny3dk3hQ8vTmNTLHRl8zxmKgQ0= | 13871.8 | 71.5921 | 14278.5 | -0.844567 | 0.535441 | 0 | SKS | 0 | 23.9496 | 155.664
SCRIPT       : DATA_LOG | 884994 | aRapBi1cCZPZAGLIDny3dk3hQ8vTmNTLHRl8zxmKgQ0= | 13868.4 | 70.6757 | 14272.9 | -0.842965 | 0.533975 | 0 | SKS | 0 | 21.4388 | 153.332
SCRIPT       : DATA_LOG | 885996 | aRapBi1cCZPZAGLIDny3dk3hQ8vTmNTLHRl8zxmKgQ0= | 13865.2 | 70.3994 | 14267.2 | -0.86717 | 0.494247 | 0 | SKS | 0 | 17.8359 | 151.469
SCRIPT       : DATA_LOG | 886999 | aRapBi1cCZPZAGLIDny3dk3hQ8vTmNTLHRl8zxmKgQ0= | 13862.3 | 69.8172 | 14261.7 | -0.940774 | 0.322352 | 0 | Colt1911 | 0 | 4.08782 | 150.007
SCRIPT       : DATA_LOG | 887999 | aRapBi1cCZPZAGLIDny3dk3hQ8vTmNTLHRl8zxmKgQ0= | 13860.4 | 69.4774 | 14255.3 | -0.953606 | 0.272361 | 0 | Colt1911 | 0 | 4.1657 | 150.077
SCRIPT       : DATA_LOG | 889001 | aRapBi1cCZPZAGLIDny3dk3hQ8vTmNTLHRl8zxmKgQ0= | 13858 | 68.1076 | 14249.1 | -0.952847 | 0.28795 | 0 | Colt1911 | 0 | 3.99616 | 149.95
SCRIPT       : DATA_LOG | 890003 | aRapBi1cCZPZAGLIDny3dk3hQ8vTmNTLHRl8zxmKgQ0= | 13856.1 | 66.5994 | 14242.7 | -0.947591 | 0.316079 | 0 | Colt1911 | 0 | 5.21887 | 150.74
SCRIPT       : DATA_LOG | 891000 | aRapBi1cCZPZAGLIDny3dk3hQ8vTmNTLHRl8zxmKgQ0= | 13854.5 | 65.1126 | 14236.2 | -0.962921 | 0.265596 | 0 | Colt1911 | 0 | 13.0677 | 152.055
SCRIPT       : DATA_LOG | 892010 | aRapBi1cCZPZAGLIDny3dk3hQ8vTmNTLHRl8zxmKgQ0= | 13853.1 | 63.2594 | 14229.9 | -0.922603 | 0.373968 | 0 | Colt1911 | 0 | 12.929 | 153.858
SCRIPT       : DATA_LOG | 893075 | aRapBi1cCZPZAGLIDny3dk3hQ8vTmNTLHRl8zxmKgQ0= | 13850 | 60.6801 | 14224 | -0.887711 | 0.454821 | 0 | Colt1911 | 0 | 11.5908 | 154.315
SCRIPT       : DATA_LOG | 894005 | aRapBi1cCZPZAGLIDny3dk3hQ8vTmNTLHRl8zxmKgQ0= | 13846.7 | 57.8956 | 14218.8 | -0.894852 | 0.445333 | 0 | Colt1911 | 0 | 11.6257 | 154.621
SCRIPT       : DATA_LOG | 895009 | aRapBi1cCZPZAGLIDny3dk3hQ8vTmNTLHRl8zxmKgQ0= | 13843.8 | 54.821 | 14213.4 | -0.984846 | 0.12414 | 0 | Colt1911 | 0 | 27.7121 | 155.674
SCRIPT       : DATA_LOG | 896004 | aRapBi1cCZPZAGLIDny3dk3hQ8vTmNTLHRl8zxmKgQ0= | 13843.5 | 52.658 | 14209.1 | -0.983404 | 0.180409 | 0 | Colt1911 | 0 | 28.1253 | 158.285
SCRIPT       : DATA_LOG | 897008 | aRapBi1cCZPZAGLIDny3dk3hQ8vTmNTLHRl8zxmKgQ0= | 13843.5 | 52.658 | 14209.1 | -0.988629 | 0.150029 | 0 | Colt1911 | 0 | 29.5656 | 158.284
SCRIPT       : DATA_LOG | 898006 | aRapBi1cCZPZAGLIDny3dk3hQ8vTmNTLHRl8zxmKgQ0= | 13843.3 | 52.104 | 14208 | -0.97816 | 0.19873 | 0 | Colt1911 | 0 | 25.962 | 158.84
SCRIPT       : DATA_LOG | 899010 | aRapBi1cCZPZAGLIDny3dk3hQ8vTmNTLHRl8zxmKgQ0= | 13842.6 | 50.022 | 14204.1 | -0.987724 | 0.155426 | 0 | Colt1911 | 0 | 31.1982 | 160.993
SCRIPT       : DATA_LOG | 900010 | aRapBi1cCZPZAGLIDny3dk3hQ8vTmNTLHRl8zxmKgQ0= | 13842.2 | 47.0967 | 14198.2 | -0.972311 | 0.209224 | 0 | Colt1911 | 0 | 32.543 | 164.868
SCRIPT       : DATA_LOG | 901010 | aRapBi1cCZPZAGLIDny3dk3hQ8vTmNTLHRl8zxmKgQ0= | 13841.7 | 44.4795 | 14192 | -0.952749 | 0.303688 | 0 | Colt1911 | 0 | 26.3992 | 169.033
SCRIPT       : DATA_LOG | 902012 | aRapBi1cCZPZAGLIDny3dk3hQ8vTmNTLHRl8zxmKgQ0= | 13839.9 | 42.5535 | 14185.8 | -0.926903 | 0.358688 | 0 | Colt1911 | 0 | 22.9377 | 172.27
SCRIPT       : DATA_LOG | 903012 | aRapBi1cCZPZAGLIDny3dk3hQ8vTmNTLHRl8zxmKgQ0= | 13839.8 | 41.5805 | 14179.1 | -0.922989 | 0.344273 | 0 | Colt1911 | 0 | 24.4204 | 176.929
SCRIPT       : DATA_LOG | 904023 | aRapBi1cCZPZAGLIDny3dk3hQ8vTmNTLHRl8zxmKgQ0= | 13838.7 | 40.8086 | 14172.5 | -0.928553 | 0.349991 | 0 | Colt1911 | 0 | 26.4628 | 180.985
SCRIPT       : DATA_LOG | 905017 | aRapBi1cCZPZAGLIDny3dk3hQ8vTmNTLHRl8zxmKgQ0= | 13836.9 | 39.9157 | 14166 | -0.948116 | 0.309198 | 0 | Colt1911 | 0 | 31.4501 | 184.725
SCRIPT       : DATA_LOG | 906042 | aRapBi1cCZPZAGLIDny3dk3hQ8vTmNTLHRl8zxmKgQ0= | 13836.4 | 39.2846 | 14160.2 | -0.878635 | 0.475025 | 0 | Colt1911 | 0 | 23.4967 | 188.898
SCRIPT       : DATA_LOG | 907021 | aRapBi1cCZPZAGLIDny3dk3hQ8vTmNTLHRl8zxmKgQ0= | 13834.1 | 38.3122 | 14157.1 | -0.888691 | 0.456747 | 0 | Colt1911 | 0 | 25.9343 | 190.02
SCRIPT       : DATA_LOG | 908017 | aRapBi1cCZPZAGLIDny3dk3hQ8vTmNTLHRl8zxmKgQ0= | 13833.1 | 37.7726 | 14154.7 | -0.5277 | 0.696452 | 1 | Colt1911 | 0 | 41.6806 | 191.374
SCRIPT       : DATA_LOG | 909018 | aRapBi1cCZPZAGLIDny3dk3hQ8vTmNTLHRl8zxmKgQ0= | 13832.5 | 37.4858 | 14153.4 | -0.897678 | 0.439994 | 0 | Colt1911 | 0 | 28.3292 | 192.088
SCRIPT       : DATA_LOG | 910020 | aRapBi1cCZPZAGLIDny3dk3hQ8vTmNTLHRl8zxmKgQ0= | 13831 | 36.6546 | 14149.8 | -0.900995 | 0.432276 | 0 | Colt1911 | 0 | 29.4699 | 194.185
SCRIPT       : DATA_LOG | 911021 | aRapBi1cCZPZAGLIDny3dk3hQ8vTmNTLHRl8zxmKgQ0= | 13829.5 | 35.952 | 14146.7 | -0.505388 | 0.692894 | 1 | Colt1911 | 0 | 43.772 | 195.962
SCRIPT       : DATA_LOG | 912031 | aRapBi1cCZPZAGLIDny3dk3hQ8vTmNTLHRl8zxmKgQ0= | 13829.6 | 35.8383 | 14145.4 | -0.507553 | 0.536592 | 1 | Colt1911 | 1 | 55.6462 | 197.06
SCRIPT       : DATA_LOG | 913025 | aRapBi1cCZPZAGLIDny3dk3hQ8vTmNTLHRl8zxmKgQ0= | 13829.6 | 35.8383 | 14145.4 | -0.505788 | 0.532427 | 1 | Colt1911 | 1 | 56.0151 | 197.057
SCRIPT       : DATA_LOG | 914024 | aRapBi1cCZPZAGLIDny3dk3hQ8vTmNTLHRl8zxmKgQ0= | 13829.6 | 35.8332 | 14145.3 | -0.715676 | 0.574084 | 0 | Colt1911 | 0 | 39.3729 | 197.069
SCRIPT       : DATA_LOG | 915025 | aRapBi1cCZPZAGLIDny3dk3hQ8vTmNTLHRl8zxmKgQ0= | 13829 | 35.1508 | 14141.6 | -0.180634 | 0.981558 | 0 | Colt1911 | 0 | 25.7046 | 199.817
SCRIPT       : DATA_LOG | 916025 | aRapBi1cCZPZAGLIDny3dk3hQ8vTmNTLHRl8zxmKgQ0= | 13828 | 34.4467 | 14138.4 | 0.0296838 | 0.997477 | 0 | Colt1911 | 0 | 36.389 | 202.045
SCRIPT       : DATA_LOG | 917025 | aRapBi1cCZPZAGLIDny3dk3hQ8vTmNTLHRl8zxmKgQ0= | 13824.9 | 33.3678 | 14136.8 | 0.0804444 | 0.99579 | 0 | Colt1911 | 0 | 38.6055 | 201.93
SCRIPT       : DATA_LOG | 918028 | aRapBi1cCZPZAGLIDny3dk3hQ8vTmNTLHRl8zxmKgQ0= | 13824.5 | 33.2648 | 14136.8 | 0.0141921 | 0.999898 | 0 | Colt1911 | 0 | 35.8831 | 201.736
SCRIPT       : DATA_LOG | 919029 | aRapBi1cCZPZAGLIDny3dk3hQ8vTmNTLHRl8zxmKgQ0= | 13824.5 | 33.2648 | 14136.8 | 0.0124485 | 0.99989 | 0 | Colt1911 | 0 | 35.9373 | 201.738
SCRIPT       : DATA_LOG | 920031 | aRapBi1cCZPZAGLIDny3dk3hQ8vTmNTLHRl8zxmKgQ0= | 13824.5 | 33.2648 | 14136.8 | 0.0445132 | 0.999004 | 0 | Colt1911 | 0 | 37.5206 | 201.736
SCRIPT       : DATA_LOG | 921031 | aRapBi1cCZPZAGLIDny3dk3hQ8vTmNTLHRl8zxmKgQ0= | 13824.5 | 33.2648 | 14136.8 | 0.224495 | 0.974454 | 0 | Colt1911 | 1 | 47.1331 | 201.733
SCRIPT       : DATA_LOG | 922030 | aRapBi1cCZPZAGLIDny3dk3hQ8vTmNTLHRl8zxmKgQ0= | 13823.6 | 32.8762 | 14135.7 | 0.712652 | 0.701401 | 0 | SKS | 1 | 78.3838 | 202.284
SCRIPT       : DATA_LOG | 923033 | aRapBi1cCZPZAGLIDny3dk3hQ8vTmNTLHRl8zxmKgQ0= | 13823 | 32.7181 | 14135.3 | 0.697693 | 0.278028 | 1 | SKS | 1 | 106.605 | 202.267
SCRIPT       : DATA_LOG | 924031 | aRapBi1cCZPZAGLIDny3dk3hQ8vTmNTLHRl8zxmKgQ0= | 13823.5 | 32.7834 | 14135.1 | 0.735484 | 0.270597 | 1 | SKS | 1 | 107.633 | 202.687
SCRIPT       : DATA_LOG | 925029 | aRapBi1cCZPZAGLIDny3dk3hQ8vTmNTLHRl8zxmKgQ0= | 13824 | 32.936 | 14135.5 | 0.63348 | 0.333049 | 1 | SKS | 1 | 102.597 | 202.643
SCRIPT       : DATA_LOG | 926030 | aRapBi1cCZPZAGLIDny3dk3hQ8vTmNTLHRl8zxmKgQ0= | 13824 | 32.936 | 14135.5 | 0.638476 | 0.323082 | 1 | SKS | 1 | 103.231 | 202.644
SCRIPT       : DATA_LOG | 927032 | aRapBi1cCZPZAGLIDny3dk3hQ8vTmNTLHRl8zxmKgQ0= | 13824 | 32.936 | 14135.5 | 0.636031 | 0.329479 | 1 | SKS | 1 | 102.837 | 202.642
SCRIPT       : DATA_LOG | 928034 | aRapBi1cCZPZAGLIDny3dk3hQ8vTmNTLHRl8zxmKgQ0= | 13824 | 32.936 | 14135.5 | 0.635591 | 0.33958 | 1 | SKS | 1 | 102.278 | 202.638
SCRIPT       : DATA_LOG | 929035 | aRapBi1cCZPZAGLIDny3dk3hQ8vTmNTLHRl8zxmKgQ0= | 13824 | 32.936 | 14135.5 | 0.634797 | 0.331592 | 1 | SKS | 1 | 102.698 | 202.649
SCRIPT       : DATA_LOG | 930035 | aRapBi1cCZPZAGLIDny3dk3hQ8vTmNTLHRl8zxmKgQ0= | 13824 | 32.936 | 14135.5 | 0.631619 | 0.334972 | 1 | SKS | 1 | 102.459 | 202.637
SCRIPT       : DATA_LOG | 931039 | aRapBi1cCZPZAGLIDny3dk3hQ8vTmNTLHRl8zxmKgQ0= | 13824 | 32.936 | 14135.5 | 0.64141 | 0.319643 | 1 | SKS | 1 | 103.474 | 202.645
SCRIPT       : DATA_LOG | 932039 | aRapBi1cCZPZAGLIDny3dk3hQ8vTmNTLHRl8zxmKgQ0= | 13823.9 | 32.9325 | 14135.7 | 0.831732 | 0.555177 | 0 | SKS | 1 | 88.796 | 202.401
SCRIPT       : DATA_LOG | 933039 | aRapBi1cCZPZAGLIDny3dk3hQ8vTmNTLHRl8zxmKgQ0= | 13822.9 | 32.9851 | 14137.5 | 0.64693 | 0.319346 | 1 | SKS | 1 | 103.724 | 200.394
SCRIPT       : DATA_LOG | 934040 | aRapBi1cCZPZAGLIDny3dk3hQ8vTmNTLHRl8zxmKgQ0= | 13822.9 | 32.9851 | 14137.5 | 0.644365 | 0.335669 | 1 | SKS | 1 | 102.783 | 200.394
SCRIPT       : DATA_LOG | 935042 | aRapBi1cCZPZAGLIDny3dk3hQ8vTmNTLHRl8zxmKgQ0= | 13822.9 | 32.9851 | 14137.5 | 0.635873 | 0.330877 | 1 | SKS | 1 | 102.894 | 200.389
SCRIPT       : DATA_LOG | 936043 | aRapBi1cCZPZAGLIDny3dk3hQ8vTmNTLHRl8zxmKgQ0= | 13822.9 | 32.9851 | 14137.5 | 0.631005 | 0.338039 | 1 | SKS | 1 | 102.41 | 200.4
SCRIPT       : DATA_LOG | 937045 | aRapBi1cCZPZAGLIDny3dk3hQ8vTmNTLHRl8zxmKgQ0= | 13822.2 | 32.8167 | 14137.8 | -0.359843 | 0.931824 | 0 | SKS | 0 | 19.6874 | 199.827
SCRIPT       : DATA_LOG | 938048 | aRapBi1cCZPZAGLIDny3dk3hQ8vTmNTLHRl8zxmKgQ0= | 13817.9 | 31.001 | 14134.1 | -0.669366 | 0.742514 | 0 | SKS | 0 | 16.7454 | 201.141
SCRIPT       : DATA_LOG | 939049 | aRapBi1cCZPZAGLIDny3dk3hQ8vTmNTLHRl8zxmKgQ0= | 13814.1 | 30.2499 | 14129.3 | -0.624623 | 0.777044 | 0 | SKS | 0 | 13.4886 | 203.483
SCRIPT       : DATA_LOG | 940048 | aRapBi1cCZPZAGLIDny3dk3hQ8vTmNTLHRl8zxmKgQ0= | 13811.4 | 30.2204 | 14123.7 | 0.308723 | 0.941403 | 0 | SKS | 1 | 45.3364 | 206.997
SCRIPT       : DATA_LOG | 941053 | aRapBi1cCZPZAGLIDny3dk3hQ8vTmNTLHRl8zxmKgQ0= | 13809.2 | 30.1358 | 14121.9 | 0.946415 | 0.322871 | 0 | SKS | 1 | 97.6944 | 207.597
SCRIPT       : DATA_LOG | 942056 | aRapBi1cCZPZAGLIDny3dk3hQ8vTmNTLHRl8zxmKgQ0= | 13809.6 | 30.1555 | 14122.1 | 0.933018 | 0.349982 | 0 | SKS | 1 | 95.0794 | 207.612
SCRIPT       : DATA_LOG | 943049 | aRapBi1cCZPZAGLIDny3dk3hQ8vTmNTLHRl8zxmKgQ0= | 13809.7 | 30.1636 | 14122.2 | 0.705394 | 0.280702 | 1 | SKS | 1 | 102.89 | 207.628
SCRIPT       : DATA_LOG | 944050 | aRapBi1cCZPZAGLIDny3dk3hQ8vTmNTLHRl8zxmKgQ0= | 13809.7 | 30.1636 | 14122.2 | 0.703348 | 0.277045 | 1 | SKS | 1 | 103.079 | 207.62
SCRIPT       : DATA_LOG | 945050 | aRapBi1cCZPZAGLIDny3dk3hQ8vTmNTLHRl8zxmKgQ0= | 13809.7 | 30.1636 | 14122.2 | 0.706738 | 0.275459 | 1 | SKS | 1 | 103.206 | 207.62
SCRIPT       : DATA_LOG | 946051 | aRapBi1cCZPZAGLIDny3dk3hQ8vTmNTLHRl8zxmKgQ0= | 13809.7 | 30.1636 | 14122.2 | 0.708329 | 0.27683 | 1 | SKS | 1 | 103.143 | 207.626
SCRIPT       : DATA_LOG | 947053 | aRapBi1cCZPZAGLIDny3dk3hQ8vTmNTLHRl8zxmKgQ0= | 13809.7 | 30.1636 | 14122.2 | 0.711673 | 0.26579 | 1 | SKS | 1 | 103.807 | 207.623
SCRIPT       : DATA_LOG | 948056 | aRapBi1cCZPZAGLIDny3dk3hQ8vTmNTLHRl8zxmKgQ0= | 13809.7 | 30.1636 | 14122.2 | 0.870302 | 0.491296 | 0 | SKS | 1 | 87.1913 | 207.626
SCRIPT       : DATA_LOG | 949056 | aRapBi1cCZPZAGLIDny3dk3hQ8vTmNTLHRl8zxmKgQ0= | 13810.7 | 30.2029 | 14122.7 | 0.985313 | -0.170016 | 0 | SKS | 1 | 125.632 | 207.562
SCRIPT       : DATA_LOG | 950059 | aRapBi1cCZPZAGLIDny3dk3hQ8vTmNTLHRl8zxmKgQ0= | 13810.7 | 30.2029 | 14122.7 | -0.105218 | 0.994427 | 0 | SKS | 0 | 24.9524 | 207.567
SCRIPT       : DATA_LOG | 951060 | aRapBi1cCZPZAGLIDny3dk3hQ8vTmNTLHRl8zxmKgQ0= | 13810.7 | 30.2029 | 14122.7 | -0.0394918 | 0.999202 | 0 | SKS | 0 | 28.2069 | 207.565
SCRIPT       : DATA_LOG | 952059 | aRapBi1cCZPZAGLIDny3dk3hQ8vTmNTLHRl8zxmKgQ0= | 13810.7 | 30.2029 | 14122.7 | -0.0394221 | 0.999153 | 0 | SKS | 0 | 28.0473 | 207.56
SCRIPT       : DATA_LOG | 953060 | aRapBi1cCZPZAGLIDny3dk3hQ8vTmNTLHRl8zxmKgQ0= | 13811.1 | 30.2115 | 14123 | 0.980146 | -0.191983 | 0 | SKS | 1 | 126.391 | 207.506
SCRIPT       : DATA_LOG | 954063 | aRapBi1cCZPZAGLIDny3dk3hQ8vTmNTLHRl8zxmKgQ0= | 13811.2 | 30.2239 | 14124.7 | 0.959124 | -0.282775 | 0 | SKS | 1 | 132.374 | 206.039
SCRIPT       : DATA_LOG | 955072 | aRapBi1cCZPZAGLIDny3dk3hQ8vTmNTLHRl8zxmKgQ0= | 13811.2 | 30.2239 | 14124.7 | 0.959301 | -0.282076 | 0 | SKS | 1 | 132.289 | 206.042
 SCRIPT       : [Logout]: New player aRapBi1cCZPZAGLIDny3dk3hQ8vTmNTLHRl8zxmKgQ0= with logout time 15
 SCRIPT       : Player "rafaelglima79" (steamid=76561199445097358) initiated disconnect process...
SCRIPT       : DATA_LOG | 956063 | aRapBi1cCZPZAGLIDny3dk3hQ8vTmNTLHRl8zxmKgQ0= | 13811.2 | 30.2239 | 14124.7 | 0.95821 | -0.286044 | 0 | SKS | 1 | 132.826 | 206.039
SCRIPT       : DATA_LOG | 957062 | aRapBi1cCZPZAGLIDny3dk3hQ8vTmNTLHRl8zxmKgQ0= | 13811.2 | 30.2228 | 14124.6 | 0.898856 | -0.426834 | 0 | SKS | 1 | 142.811 | 206.129
 SCRIPT       : Player "rafaelglima79" (steamid=76561199445097358) disconnected early from server (EXIT NOW).
SCRIPT       : DATA_LOG | 958062 | aRapBi1cCZPZAGLIDny3dk3hQ8vTmNTLHRl8zxmKgQ0= | 13811.2 | 30.2228 | 14124.6 | 0.898856 | -0.426834 | 0 | SKS | 1 | 142.812 | 206.132
SCRIPT       : DATA_LOG | 959064 | unknown | 13811.1 | 30.2216 | 14124.5 | 0.936725 | -0.349877 | 0 | SKS | 1 | 136.587 | 206.214
SCRIPT       : DATA_LOG | 960068 | unknown | 13811.1 | 30.2216 | 14124.5 | 0.944855 | -0.327295 | 0 | SKS | 1 | 134.846 | 206.224
SCRIPT       : DATA_LOG | 961071 | unknown | 13811.1 | 30.2216 | 14124.5 | 0.944437 | -0.328399 | 0 | SKS | 1 | 134.858 | 206.22
SCRIPT       : DATA_LOG | 962071 | unknown | 13811.1 | 30.2216 | 14124.5 | 0.943258 | -0.331779 | 0 | SKS | 1 | 135.053 | 206.222
SCRIPT       : DATA_LOG | 963069 | unknown | 13811.1 | 30.2216 | 14124.5 | 0.943473 | -0.331214 | 0 | SKS | 1 | 135.045 | 206.22
SCRIPT       : DATA_LOG | 964068 | unknown | 13811.1 | 30.2216 | 14124.5 | 0.942963 | -0.332426 | 0 | SKS | 1 | 135.01 | 206.217
SCRIPT       : DATA_LOG | 965075 | unknown | 13811.1 | 30.2216 | 14124.5 | 0.942872 | -0.332846 | 0 | SKS | 1 | 135.101 | 206.225
SCRIPT       : DATA_LOG | 966070 | unknown | 13811.1 | 30.2216 | 14124.5 | 0.944228 | -0.329043 | 0 | SKS | 1 | 134.918 | 206.213
SCRIPT       : DATA_LOG | 967084 | unknown | 13811.1 | 30.2216 | 14124.5 | 0.944695 | -0.327753 | 0 | SKS | 1 | 134.87 | 206.224
SCRIPT       : DATA_LOG | 968076 | unknown | 13811.1 | 30.2216 | 14124.5 | 0.945227 | -0.326166 | 0 | SKS | 1 | 134.754 | 206.22
SCRIPT       : DATA_LOG | 969079 | unknown | 13811.1 | 30.2216 | 14124.5 | 0.943248 | -0.331812 | 0 | SKS | 1 | 135.056 | 206.222
SCRIPT       : DATA_LOG | 970074 | unknown | 13811.1 | 30.2216 | 14124.5 | 0.94382 | -0.330246 | 0 | SKS | 1 | 135.001 | 206.22
SCRIPT       : [Logout]: Player aRapBi1cCZPZAGLIDny3dk3hQ8vTmNTLHRl8zxmKgQ0= finished
SCRIPT       : [PlayerListManager] SyncEntryToReceivers ► uid: aRapBi1cCZPZAGLIDny3dk3hQ8vTmNTLHRl8zxmKgQ0= isn't in the players list! sending a remove.
SCRIPT       : PlayerDisconnected -> PlayerListManager.RemoveEntry ► aRapBi1cCZPZAGLIDny3dk3hQ8vTmNTLHRl8zxmKgQ0=
 SCRIPT       : [MissionServer] OnMissionFinish - Server
 SCRIPT       : ~DayZGame()
