---------------------------------------------
Log D:\ModelAnti-Cheat\log_profiles\script_2026-08-19_21-43-23.log started at 19.08. 21:43:25

SCRIPT       : Module: GameLib; loaded 18x files; 26x classes; used 39/2097 kB (1%) of static memory; defines: "DAYZ_1_29,SERVER_FOR_WINDOWS,SERVER,PLATFORM_WINDOWS,RELEASE,NO_GUI,NO_GUI_INGAME,sakhal,JM_CommunityFramework,CF_MODULE_CONFIG,CF_EXPRESSION,C
SCRIPT       : Registered 349 temporary action enum(s), UAN==349
SCRIPT       : Module: Game; loaded 521x files; 1604x classes; used 4275/33554 kB (12%) of static memory; defines: "DAYZ_1_29,SERVER_FOR_WINDOWS,SERVER,PLATFORM_WINDOWS,RELEASE,NO_GUI,NO_GUI_INGAME,sakhal,JM_CommunityFramework,CF_MODULE_CONFIG,CF_EXPRESSI
SCRIPT       : ... Backlit Effects Enabled
SCRIPT       : VPPNotificationManager()
SCRIPT       : [VPPAT] Internal VPPNotifications module loaded!
SCRIPT       : [DayZ Game]:: DayZGame(): Initializing V++ Admin Tools.
SCRIPT       : Module: World; loaded 2247x files; 5867x classes; used 9519/33554 kB (28%) of static memory; defines: "DAYZ_1_29,SERVER_FOR_WINDOWS,SERVER,PLATFORM_WINDOWS,RELEASE,NO_GUI,NO_GUI_INGAME,sakhal,JM_CommunityFramework,CF_MODULE_CONFIG,CF_EXPRES
 SCRIPT       : Module: Mission; loaded 293x files; 593x classes; used 3996/33554 kB (11%) of static memory; defines: "DAYZ_1_29,SERVER_FOR_WINDOWS,SERVER,PLATFORM_WINDOWS,RELEASE,NO_GUI,NO_GUI_INGAME,sakhal,JM_CommunityFramework,CF_MODULE_CONFIG,CF_EXPRE
 SCRIPT    (W): @"$CurrentDir:mpmissions\dayzOffline.chernarusplus\init.c,55": Possible variable name conflict 'm_player'
 SCRIPT       : Module: $CurrentDir:mpmissions\dayzOffline.chernarusplus\init.c; loaded 1x files; 1x classes; used 10/1048 kB (0%) of static memory; defines: "DAYZ_1_29,SERVER_FOR_WINDOWS,SERVER,PLATFORM_WINDOWS,RELEASE,NO_GUI,NO_GUI_INGAME,sakhal,JM_Comm
 SCRIPT       : [SERVER :: Vanilla++ AdminTools Plugins Registering]
 SCRIPT       : [MissionServer] OnInit - Server
 SCRIPT       : [MissionServer] OnMissionStart - Server
 SCRIPT       : string dirtyName = 'TESTINGSERVER'
SCRIPT       : m_LoginTimeMs: 16200
 SCRIPT       : ---- PlayerBase OnStoreLoad SUCCESS ----
 SCRIPT       : [VPPAT] Player "rafaelglima79" (steamId=76561199445097358) connected to server!
 SCRIPT       : [PlayerListManager] AddReceiver ► added: PlayerIdentity<0x0000013FD66EF5D0>
SCRIPT       : DATA_LOG | 392400 | aRapBi1cCZPZAGLIDny3dk3hQ8vTmNTLHRl8zxmKgQ0= | 13952 | 8.32619 | 13383.3 | -0.728374 | 0.685179 | 0 | MakarovIJ70 | 1
SCRIPT       : DATA_LOG | 393333 | aRapBi1cCZPZAGLIDny3dk3hQ8vTmNTLHRl8zxmKgQ0= | 13952 | 8.32619 | 13383.3 | -0.728374 | 0.685179 | 0 | MakarovIJ70 | 1
SCRIPT       : DATA_LOG | 394334 | aRapBi1cCZPZAGLIDny3dk3hQ8vTmNTLHRl8zxmKgQ0= | 13952 | 8.32619 | 13383.3 | -0.728374 | 0.685179 | 0 | MakarovIJ70 | 1
SCRIPT       : DATA_LOG | 395336 | aRapBi1cCZPZAGLIDny3dk3hQ8vTmNTLHRl8zxmKgQ0= | 13952 | 8.32619 | 13383.3 | -0.728374 | 0.685179 | 0 | MakarovIJ70 | 1
SCRIPT       : DATA_LOG | 396337 | aRapBi1cCZPZAGLIDny3dk3hQ8vTmNTLHRl8zxmKgQ0= | 13952 | 8.32619 | 13383.3 | -0.728374 | 0.685179 | 0 | MakarovIJ70 | 1
SCRIPT       : DATA_LOG | 397338 | aRapBi1cCZPZAGLIDny3dk3hQ8vTmNTLHRl8zxmKgQ0= | 13952 | 8.32619 | 13383.3 | -0.728374 | 0.685179 | 0 | MakarovIJ70 | 1
SCRIPT       : DATA_LOG | 398389 | aRapBi1cCZPZAGLIDny3dk3hQ8vTmNTLHRl8zxmKgQ0= | 13952 | 8.32619 | 13383.3 | -0.728374 | 0.685179 | 0 | MakarovIJ70 | 1
SCRIPT       : DATA_LOG | 399389 | aRapBi1cCZPZAGLIDny3dk3hQ8vTmNTLHRl8zxmKgQ0= | 13952 | 8.32619 | 13383.3 | -0.728374 | 0.685179 | 0 | MakarovIJ70 | 1
SCRIPT       : DATA_LOG | 400391 | aRapBi1cCZPZAGLIDny3dk3hQ8vTmNTLHRl8zxmKgQ0= | 13952 | 8.32619 | 13383.3 | -0.728374 | 0.685179 | 0 | MakarovIJ70 | 1
SCRIPT       : DATA_LOG | 401395 | aRapBi1cCZPZAGLIDny3dk3hQ8vTmNTLHRl8zxmKgQ0= | 13952 | 8.32619 | 13383.3 | -0.728374 | 0.685179 | 0 | MakarovIJ70 | 1
SCRIPT       : DATA_LOG | 402397 | aRapBi1cCZPZAGLIDny3dk3hQ8vTmNTLHRl8zxmKgQ0= | 13952 | 8.32619 | 13383.3 | -0.728374 | 0.685179 | 0 | MakarovIJ70 | 1
SCRIPT       : DATA_LOG | 403398 | aRapBi1cCZPZAGLIDny3dk3hQ8vTmNTLHRl8zxmKgQ0= | 13952 | 8.32619 | 13383.3 | -0.728374 | 0.685179 | 0 | MakarovIJ70 | 1
SCRIPT       : DATA_LOG | 404401 | aRapBi1cCZPZAGLIDny3dk3hQ8vTmNTLHRl8zxmKgQ0= | 13952 | 8.32619 | 13383.3 | -0.728374 | 0.685179 | 0 | MakarovIJ70 | 1
SCRIPT       : DATA_LOG | 405402 | aRapBi1cCZPZAGLIDny3dk3hQ8vTmNTLHRl8zxmKgQ0= | 13952 | 8.32619 | 13383.3 | -0.728374 | 0.685179 | 0 | MakarovIJ70 | 1
SCRIPT       : DATA_LOG | 406403 | aRapBi1cCZPZAGLIDny3dk3hQ8vTmNTLHRl8zxmKgQ0= | 13952 | 8.32619 | 13383.3 | -0.728374 | 0.685179 | 0 | MakarovIJ70 | 1
SCRIPT       : DATA_LOG | 407403 | aRapBi1cCZPZAGLIDny3dk3hQ8vTmNTLHRl8zxmKgQ0= | 13952 | 8.32619 | 13383.3 | -0.728374 | 0.685179 | 0 | MakarovIJ70 | 1
SCRIPT       : DATA_LOG | 408405 | aRapBi1cCZPZAGLIDny3dk3hQ8vTmNTLHRl8zxmKgQ0= | 13952 | 8.32619 | 13383.3 | -0.728374 | 0.685179 | 0 | MakarovIJ70 | 1
SCRIPT       : DATA_LOG | 409475 | aRapBi1cCZPZAGLIDny3dk3hQ8vTmNTLHRl8zxmKgQ0= | 13952 | 8.32619 | 13383.3 | -0.728374 | 0.685179 | 0 | MakarovIJ70 | 1
SCRIPT       : DATA_LOG | 410477 | aRapBi1cCZPZAGLIDny3dk3hQ8vTmNTLHRl8zxmKgQ0= | 13952 | 8.32619 | 13383.3 | -0.728374 | 0.685179 | 0 | MakarovIJ70 | 1
SCRIPT       : DATA_LOG | 411479 | aRapBi1cCZPZAGLIDny3dk3hQ8vTmNTLHRl8zxmKgQ0= | 13952 | 8.32619 | 13383.3 | -0.728374 | 0.685179 | 0 | MakarovIJ70 | 1
SCRIPT       : DATA_LOG | 412481 | aRapBi1cCZPZAGLIDny3dk3hQ8vTmNTLHRl8zxmKgQ0= | 13952 | 8.32619 | 13383.3 | -0.728374 | 0.685179 | 0 | MakarovIJ70 | 1
SCRIPT       : DATA_LOG | 413486 | aRapBi1cCZPZAGLIDny3dk3hQ8vTmNTLHRl8zxmKgQ0= | 13952 | 8.32619 | 13383.3 | -0.728374 | 0.685179 | 0 | MakarovIJ70 | 1
SCRIPT       : DATA_LOG | 414487 | aRapBi1cCZPZAGLIDny3dk3hQ8vTmNTLHRl8zxmKgQ0= | 13952 | 8.32619 | 13383.3 | -0.728374 | 0.685179 | 0 | MakarovIJ70 | 1
SCRIPT       : DATA_LOG | 415488 | aRapBi1cCZPZAGLIDny3dk3hQ8vTmNTLHRl8zxmKgQ0= | 13952 | 8.32619 | 13383.3 | -0.728374 | 0.685179 | 0 | MakarovIJ70 | 1
SCRIPT       : DATA_LOG | 416488 | aRapBi1cCZPZAGLIDny3dk3hQ8vTmNTLHRl8zxmKgQ0= | 13952 | 8.32619 | 13383.3 | -0.728374 | 0.685179 | 0 | MakarovIJ70 | 1
SCRIPT       : DATA_LOG | 417490 | aRapBi1cCZPZAGLIDny3dk3hQ8vTmNTLHRl8zxmKgQ0= | 13952 | 8.32619 | 13383.3 | -0.728374 | 0.685179 | 0 | MakarovIJ70 | 1
SCRIPT       : DATA_LOG | 418491 | aRapBi1cCZPZAGLIDny3dk3hQ8vTmNTLHRl8zxmKgQ0= | 13952 | 8.32619 | 13383.3 | -0.728374 | 0.685179 | 0 | MakarovIJ70 | 1
SCRIPT       : DATA_LOG | 419492 | aRapBi1cCZPZAGLIDny3dk3hQ8vTmNTLHRl8zxmKgQ0= | 13952 | 8.32619 | 13383.3 | -0.728374 | 0.685179 | 0 | MakarovIJ70 | 1
SCRIPT       : DATA_LOG | 420494 | aRapBi1cCZPZAGLIDny3dk3hQ8vTmNTLHRl8zxmKgQ0= | 13952 | 8.32619 | 13383.3 | -0.728374 | 0.685179 | 0 | MakarovIJ70 | 1
SCRIPT       : DATA_LOG | 421497 | aRapBi1cCZPZAGLIDny3dk3hQ8vTmNTLHRl8zxmKgQ0= | 13952 | 8.32619 | 13383.3 | -0.728374 | 0.685179 | 0 | MakarovIJ70 | 1
SCRIPT       : DATA_LOG | 422498 | aRapBi1cCZPZAGLIDny3dk3hQ8vTmNTLHRl8zxmKgQ0= | 13952 | 8.32619 | 13383.3 | -0.728374 | 0.685179 | 0 | MakarovIJ70 | 1
SCRIPT       : DATA_LOG | 423498 | aRapBi1cCZPZAGLIDny3dk3hQ8vTmNTLHRl8zxmKgQ0= | 13952 | 8.32619 | 13383.3 | -0.728374 | 0.685179 | 0 | MakarovIJ70 | 1
SCRIPT       : DATA_LOG | 424529 | aRapBi1cCZPZAGLIDny3dk3hQ8vTmNTLHRl8zxmKgQ0= | 13952 | 8.32619 | 13383.3 | -0.728374 | 0.685179 | 0 | MakarovIJ70 | 1
SCRIPT       : DATA_LOG | 425530 | aRapBi1cCZPZAGLIDny3dk3hQ8vTmNTLHRl8zxmKgQ0= | 13952 | 8.32619 | 13383.3 | -0.728374 | 0.685179 | 0 | MakarovIJ70 | 1
SCRIPT       : DATA_LOG | 426532 | aRapBi1cCZPZAGLIDny3dk3hQ8vTmNTLHRl8zxmKgQ0= | 13952 | 8.32619 | 13383.3 | -0.728374 | 0.685179 | 0 | MakarovIJ70 | 1
SCRIPT       : DATA_LOG | 427533 | aRapBi1cCZPZAGLIDny3dk3hQ8vTmNTLHRl8zxmKgQ0= | 13952 | 8.32619 | 13383.3 | -0.728374 | 0.685179 | 0 | MakarovIJ70 | 1
SCRIPT       : DATA_LOG | 428534 | aRapBi1cCZPZAGLIDny3dk3hQ8vTmNTLHRl8zxmKgQ0= | 13952 | 8.32619 | 13383.3 | -0.728374 | 0.685179 | 0 | MakarovIJ70 | 1
SCRIPT       : DATA_LOG | 429535 | aRapBi1cCZPZAGLIDny3dk3hQ8vTmNTLHRl8zxmKgQ0= | 13952 | 8.32619 | 13383.3 | -0.728374 | 0.685179 | 0 | MakarovIJ70 | 1
SCRIPT       : DATA_LOG | 430537 | aRapBi1cCZPZAGLIDny3dk3hQ8vTmNTLHRl8zxmKgQ0= | 13952 | 8.32619 | 13383.3 | -0.728374 | 0.685179 | 0 | MakarovIJ70 | 1
SCRIPT       : DATA_LOG | 431537 | aRapBi1cCZPZAGLIDny3dk3hQ8vTmNTLHRl8zxmKgQ0= | 13952 | 8.32619 | 13383.3 | -0.728374 | 0.685179 | 0 | MakarovIJ70 | 1
SCRIPT       : DATA_LOG | 432538 | aRapBi1cCZPZAGLIDny3dk3hQ8vTmNTLHRl8zxmKgQ0= | 13952 | 8.32619 | 13383.3 | -0.728374 | 0.685179 | 0 | MakarovIJ70 | 1
SCRIPT       : DATA_LOG | 433540 | aRapBi1cCZPZAGLIDny3dk3hQ8vTmNTLHRl8zxmKgQ0= | 13952 | 8.32619 | 13383.3 | -0.728374 | 0.685179 | 0 | MakarovIJ70 | 1
SCRIPT       : DATA_LOG | 434541 | aRapBi1cCZPZAGLIDny3dk3hQ8vTmNTLHRl8zxmKgQ0= | 13952 | 8.32619 | 13383.3 | -0.728374 | 0.685179 | 0 | MakarovIJ70 | 1
SCRIPT       : DATA_LOG | 435542 | aRapBi1cCZPZAGLIDny3dk3hQ8vTmNTLHRl8zxmKgQ0= | 13952 | 8.32619 | 13383.3 | -0.728374 | 0.685179 | 0 | MakarovIJ70 | 1
SCRIPT       : DATA_LOG | 436544 | aRapBi1cCZPZAGLIDny3dk3hQ8vTmNTLHRl8zxmKgQ0= | 13952 | 8.32619 | 13383.3 | -0.728374 | 0.685179 | 0 | MakarovIJ70 | 1
SCRIPT       : DATA_LOG | 437545 | aRapBi1cCZPZAGLIDny3dk3hQ8vTmNTLHRl8zxmKgQ0= | 13952 | 8.32619 | 13383.3 | -0.728374 | 0.685179 | 0 | MakarovIJ70 | 1
SCRIPT       : DATA_LOG | 438545 | aRapBi1cCZPZAGLIDny3dk3hQ8vTmNTLHRl8zxmKgQ0= | 13952 | 8.32619 | 13383.3 | -0.728374 | 0.685179 | 0 | MakarovIJ70 | 1
SCRIPT       : DATA_LOG | 439547 | aRapBi1cCZPZAGLIDny3dk3hQ8vTmNTLHRl8zxmKgQ0= | 13952 | 8.32619 | 13383.3 | -0.728374 | 0.685179 | 0 | MakarovIJ70 | 1
SCRIPT       : DATA_LOG | 440548 | aRapBi1cCZPZAGLIDny3dk3hQ8vTmNTLHRl8zxmKgQ0= | 13952 | 8.32619 | 13383.3 | -0.728374 | 0.685179 | 0 | MakarovIJ70 | 1
SCRIPT       : DATA_LOG | 441551 | aRapBi1cCZPZAGLIDny3dk3hQ8vTmNTLHRl8zxmKgQ0= | 13952 | 8.32619 | 13383.3 | -0.728374 | 0.685179 | 0 | MakarovIJ70 | 1
SCRIPT       : DATA_LOG | 442552 | aRapBi1cCZPZAGLIDny3dk3hQ8vTmNTLHRl8zxmKgQ0= | 13952 | 8.32619 | 13383.3 | -0.728374 | 0.685179 | 0 | MakarovIJ70 | 1
SCRIPT       : DATA_LOG | 443554 | aRapBi1cCZPZAGLIDny3dk3hQ8vTmNTLHRl8zxmKgQ0= | 13952 | 8.32619 | 13383.3 | -0.728374 | 0.685179 | 0 | MakarovIJ70 | 1
SCRIPT       : DATA_LOG | 444554 | aRapBi1cCZPZAGLIDny3dk3hQ8vTmNTLHRl8zxmKgQ0= | 13952 | 8.32619 | 13383.3 | -0.728374 | 0.685179 | 0 | MakarovIJ70 | 1
SCRIPT       : DATA_LOG | 445555 | aRapBi1cCZPZAGLIDny3dk3hQ8vTmNTLHRl8zxmKgQ0= | 13952 | 8.32619 | 13383.3 | -0.728374 | 0.685179 | 0 | MakarovIJ70 | 1
SCRIPT       : DATA_LOG | 446558 | aRapBi1cCZPZAGLIDny3dk3hQ8vTmNTLHRl8zxmKgQ0= | 13952 | 8.32619 | 13383.3 | -0.728374 | 0.685179 | 0 | MakarovIJ70 | 1
SCRIPT       : DATA_LOG | 447560 | aRapBi1cCZPZAGLIDny3dk3hQ8vTmNTLHRl8zxmKgQ0= | 13952 | 8.32619 | 13383.3 | -0.728374 | 0.685179 | 0 | MakarovIJ70 | 1
SCRIPT       : DATA_LOG | 448574 | aRapBi1cCZPZAGLIDny3dk3hQ8vTmNTLHRl8zxmKgQ0= | 13952 | 8.32619 | 13383.3 | -0.728374 | 0.685179 | 0 | MakarovIJ70 | 1
SCRIPT       : DATA_LOG | 449563 | aRapBi1cCZPZAGLIDny3dk3hQ8vTmNTLHRl8zxmKgQ0= | 13952 | 8.32619 | 13383.3 | -0.728374 | 0.685179 | 0 | MakarovIJ70 | 1
SCRIPT       : DATA_LOG | 450568 | aRapBi1cCZPZAGLIDny3dk3hQ8vTmNTLHRl8zxmKgQ0= | 13949 | 8.32971 | 13385 | -0.601102 | 0.799173 | 0 | MakarovIJ70 | 1
SCRIPT       : DATA_LOG | 451569 | aRapBi1cCZPZAGLIDny3dk3hQ8vTmNTLHRl8zxmKgQ0= | 13948.5 | 8.33039 | 13385.5 | -0.599159 | 0.80063 | 0 | MakarovIJ70 | 1
SCRIPT       : DATA_LOG | 452570 | aRapBi1cCZPZAGLIDny3dk3hQ8vTmNTLHRl8zxmKgQ0= | 13948.1 | 8.33085 | 13386.1 | -0.604086 | 0.796919 | 0 | MakarovIJ70 | 1
SCRIPT       : DATA_LOG | 453572 | aRapBi1cCZPZAGLIDny3dk3hQ8vTmNTLHRl8zxmKgQ0= | 13946.5 | 8.33277 | 13387.6 | -0.586613 | 0.809867 | 0 | MakarovIJ70 | 1
SCRIPT       : DATA_LOG | 454574 | aRapBi1cCZPZAGLIDny3dk3hQ8vTmNTLHRl8zxmKgQ0= | 13946.5 | 8.33277 | 13387.6 | -0.152966 | 0.988231 | 0 | MakarovIJ70 | 1
SCRIPT       : DATA_LOG | 455575 | aRapBi1cCZPZAGLIDny3dk3hQ8vTmNTLHRl8zxmKgQ0= | 13946.5 | 8.33275 | 13387.6 | 0.999929 | -0.0119292 | 0 | MakarovIJ70 | 1
SCRIPT       : DATA_LOG | 456583 | aRapBi1cCZPZAGLIDny3dk3hQ8vTmNTLHRl8zxmKgQ0= | 13946.5 | 8.33273 | 13387.6 | 0.540535 | -0.841322 | 0 | MakarovIJ70 | 1
SCRIPT       : DATA_LOG | 457584 | aRapBi1cCZPZAGLIDny3dk3hQ8vTmNTLHRl8zxmKgQ0= | 13946.5 | 8.33273 | 13387.6 | 0.285416 | -0.958404 | 0 | MakarovIJ70 | 1
SCRIPT       : DATA_LOG | 458585 | aRapBi1cCZPZAGLIDny3dk3hQ8vTmNTLHRl8zxmKgQ0= | 13946.5 | 8.33273 | 13387.6 | -0.407646 | -0.91314 | 0 | MakarovIJ70 | 1
SCRIPT       : DATA_LOG | 459586 | aRapBi1cCZPZAGLIDny3dk3hQ8vTmNTLHRl8zxmKgQ0= | 13946.5 | 8.33273 | 13387.6 | -0.701651 | 0.712521 | 0 | MakarovIJ70 | 1
SCRIPT       : DATA_LOG | 460590 | aRapBi1cCZPZAGLIDny3dk3hQ8vTmNTLHRl8zxmKgQ0= | 13946.5 | 8.33273 | 13387.6 | 0.0984135 | 0.995146 | 0 | MakarovIJ70 | 1
SCRIPT       : DATA_LOG | 461592 | aRapBi1cCZPZAGLIDny3dk3hQ8vTmNTLHRl8zxmKgQ0= | 13946.5 | 8.33273 | 13387.6 | 0.933693 | 0.358075 | 0 | MakarovIJ70 | 1
SCRIPT       : DATA_LOG | 462593 | aRapBi1cCZPZAGLIDny3dk3hQ8vTmNTLHRl8zxmKgQ0= | 13947.4 | 8.33165 | 13386.9 | 0.957698 | 0.287775 | 0 | MakarovIJ70 | 1
SCRIPT       : DATA_LOG | 463594 | aRapBi1cCZPZAGLIDny3dk3hQ8vTmNTLHRl8zxmKgQ0= | 13949 | 8.32973 | 13385.5 | 0.955929 | 0.293599 | 0 | MakarovIJ70 | 1
SCRIPT       : DATA_LOG | 464596 | aRapBi1cCZPZAGLIDny3dk3hQ8vTmNTLHRl8zxmKgQ0= | 13950.6 | 8.32785 | 13383.8 | 0.966727 | 0.255812 | 0 | MakarovIJ70 | 1
SCRIPT       : DATA_LOG | 465597 | aRapBi1cCZPZAGLIDny3dk3hQ8vTmNTLHRl8zxmKgQ0= | 13952.4 | 8.32574 | 13381.9 | 0.739578 | -0.673071 | 0 | MakarovIJ70 | 1
SCRIPT       : DATA_LOG | 466597 | aRapBi1cCZPZAGLIDny3dk3hQ8vTmNTLHRl8zxmKgQ0= | 13953.4 | 8.32441 | 13384 | 0.522076 | 0.852899 | 0 | MakarovIJ70 | 1
SCRIPT       : DATA_LOG | 467598 | aRapBi1cCZPZAGLIDny3dk3hQ8vTmNTLHRl8zxmKgQ0= | 13953.3 | 8.32456 | 13384.2 | 0.72043 | 0.693528 | 0 | MakarovIJ70 | 1
SCRIPT       : DATA_LOG | 468600 | aRapBi1cCZPZAGLIDny3dk3hQ8vTmNTLHRl8zxmKgQ0= | 13953.3 | 8.32456 | 13384.2 | 0.72043 | 0.693528 | 0 | MakarovIJ70 | 1
SCRIPT       : DATA_LOG | 469602 | aRapBi1cCZPZAGLIDny3dk3hQ8vTmNTLHRl8zxmKgQ0= | 13953.3 | 8.32456 | 13384.2 | 0.72043 | 0.693528 | 0 | MakarovIJ70 | 1
SCRIPT       : DATA_LOG | 470602 | aRapBi1cCZPZAGLIDny3dk3hQ8vTmNTLHRl8zxmKgQ0= | 13953.2 | 8.32467 | 13384.2 | 0.613559 | 0.789649 | 0 | MakarovIJ70 | 1
SCRIPT       : DATA_LOG | 471604 | aRapBi1cCZPZAGLIDny3dk3hQ8vTmNTLHRl8zxmKgQ0= | 13951.8 | 8.32634 | 13385.7 | -0.473206 | 0.880952 | 0 | MakarovIJ70 | 1
SCRIPT       : DATA_LOG | 472606 | aRapBi1cCZPZAGLIDny3dk3hQ8vTmNTLHRl8zxmKgQ0= | 13950.6 | 8.32786 | 13384.7 | -0.961994 | 0.273071 | 0 | MakarovIJ70 | 1
SCRIPT       : DATA_LOG | 473606 | aRapBi1cCZPZAGLIDny3dk3hQ8vTmNTLHRl8zxmKgQ0= | 13948.9 | 8.32987 | 13385.1 | 0.128045 | 0.991768 | 0 | MakarovIJ70 | 1
SCRIPT       : DATA_LOG | 474633 | aRapBi1cCZPZAGLIDny3dk3hQ8vTmNTLHRl8zxmKgQ0= | 13950.7 | 7.30518 | 13387.1 | 0.736161 | 0.676806 | 0 | MakarovIJ70 | 1
SCRIPT       : DATA_LOG | 475635 | aRapBi1cCZPZAGLIDny3dk3hQ8vTmNTLHRl8zxmKgQ0= | 13951.1 | 6.5357 | 13387.5 | 0.750294 | 0.661105 | 0 | MakarovIJ70 | 1
SCRIPT       : DATA_LOG | 476636 | aRapBi1cCZPZAGLIDny3dk3hQ8vTmNTLHRl8zxmKgQ0= | 13951.1 | 6.5357 | 13387.5 | 0.750294 | 0.661105 | 0 | MakarovIJ70 | 1
SCRIPT       : DATA_LOG | 477636 | aRapBi1cCZPZAGLIDny3dk3hQ8vTmNTLHRl8zxmKgQ0= | 13951.1 | 6.5357 | 13387.5 | 0.750294 | 0.661105 | 0 | MakarovIJ70 | 1
SCRIPT       : DATA_LOG | 478638 | aRapBi1cCZPZAGLIDny3dk3hQ8vTmNTLHRl8zxmKgQ0= | 13951.1 | 6.5357 | 13387.5 | 0.750294 | 0.661105 | 0 | MakarovIJ70 | 1
SCRIPT       : DATA_LOG | 479639 | aRapBi1cCZPZAGLIDny3dk3hQ8vTmNTLHRl8zxmKgQ0= | 13951.1 | 6.5357 | 13387.5 | 0.750294 | 0.661105 | 0 | MakarovIJ70 | 1
SCRIPT       : DATA_LOG | 480639 | aRapBi1cCZPZAGLIDny3dk3hQ8vTmNTLHRl8zxmKgQ0= | 13951.1 | 6.5357 | 13387.5 | 0.750294 | 0.661105 | 0 | MakarovIJ70 | 1
SCRIPT       : DATA_LOG | 481640 | aRapBi1cCZPZAGLIDny3dk3hQ8vTmNTLHRl8zxmKgQ0= | 13951.1 | 6.5357 | 13387.5 | 0.750294 | 0.661105 | 0 | MakarovIJ70 | 1
 SCRIPT       : [Logout]: New player aRapBi1cCZPZAGLIDny3dk3hQ8vTmNTLHRl8zxmKgQ0= with logout time 15
 SCRIPT       : Player "rafaelglima79" (steamid=76561199445097358) initiated disconnect process...
SCRIPT       : DATA_LOG | 482643 | aRapBi1cCZPZAGLIDny3dk3hQ8vTmNTLHRl8zxmKgQ0= | 13951.1 | 6.5357 | 13387.5 | 0.750294 | 0.661105 | 0 | MakarovIJ70 | 1
 SCRIPT       : Player "rafaelglima79" (steamid=76561199445097358) disconnected early from server (EXIT NOW).
SCRIPT       : DATA_LOG | 483643 | aRapBi1cCZPZAGLIDny3dk3hQ8vTmNTLHRl8zxmKgQ0= | 13951.1 | 6.54982 | 13387.5 | 0.750294 | 0.661105 | 0 | MakarovIJ70 | 1
SCRIPT       : DATA_LOG | 484645 | aRapBi1cCZPZAGLIDny3dk3hQ8vTmNTLHRl8zxmKgQ0= | 13951.1 | 6.54982 | 13387.5 | 0.750294 | 0.661105 | 0 | MakarovIJ70 | 1
SCRIPT       : DATA_LOG | 485645 | aRapBi1cCZPZAGLIDny3dk3hQ8vTmNTLHRl8zxmKgQ0= | 13951.1 | 6.54982 | 13387.5 | 0.750294 | 0.661105 | 0 | MakarovIJ70 | 1
SCRIPT       : DATA_LOG | 486646 | aRapBi1cCZPZAGLIDny3dk3hQ8vTmNTLHRl8zxmKgQ0= | 13951.1 | 6.54982 | 13387.5 | 0.750294 | 0.661105 | 0 | MakarovIJ70 | 1
SCRIPT       : DATA_LOG | 487648 | aRapBi1cCZPZAGLIDny3dk3hQ8vTmNTLHRl8zxmKgQ0= | 13951.1 | 6.54982 | 13387.5 | 0.750294 | 0.661105 | 0 | MakarovIJ70 | 1
SCRIPT       : DATA_LOG | 488650 | aRapBi1cCZPZAGLIDny3dk3hQ8vTmNTLHRl8zxmKgQ0= | 13951.1 | 6.54982 | 13387.5 | 0.750294 | 0.661105 | 0 | MakarovIJ70 | 1
SCRIPT       : DATA_LOG | 489651 | aRapBi1cCZPZAGLIDny3dk3hQ8vTmNTLHRl8zxmKgQ0= | 13951.1 | 6.54982 | 13387.5 | 0.750294 | 0.661105 | 0 | MakarovIJ70 | 1
SCRIPT       : DATA_LOG | 490652 | aRapBi1cCZPZAGLIDny3dk3hQ8vTmNTLHRl8zxmKgQ0= | 13951.1 | 6.54982 | 13387.5 | 0.750294 | 0.661105 | 0 | MakarovIJ70 | 1
SCRIPT       : DATA_LOG | 491654 | aRapBi1cCZPZAGLIDny3dk3hQ8vTmNTLHRl8zxmKgQ0= | 13951.1 | 6.54982 | 13387.5 | 0.750294 | 0.661105 | 0 | MakarovIJ70 | 1
SCRIPT       : DATA_LOG | 492655 | aRapBi1cCZPZAGLIDny3dk3hQ8vTmNTLHRl8zxmKgQ0= | 13951.1 | 6.54982 | 13387.5 | 0.750294 | 0.661105 | 0 | MakarovIJ70 | 1
SCRIPT       : DATA_LOG | 493657 | aRapBi1cCZPZAGLIDny3dk3hQ8vTmNTLHRl8zxmKgQ0= | 13951.1 | 6.54982 | 13387.5 | 0.750294 | 0.661105 | 0 | MakarovIJ70 | 1
SCRIPT       : DATA_LOG | 494658 | aRapBi1cCZPZAGLIDny3dk3hQ8vTmNTLHRl8zxmKgQ0= | 13951.1 | 6.54982 | 13387.5 | 0.750294 | 0.661105 | 0 | MakarovIJ70 | 1
SCRIPT       : DATA_LOG | 496327 | unknown | 13951.1 | 6.54982 | 13387.5 | 0.750294 | 0.661105 | 0 | MakarovIJ70 | 1
 SCRIPT       : [MissionServer] OnMissionFinish - Server
 SCRIPT       : ~DayZGame()
