---------------------------------------------
Log D:\ModelAnti-Cheat\log_profiles\script_2026-09-13_22-14-01.log started at 13.09. 22:14:03

SCRIPT       : Module: GameLib; loaded 18x files; 26x classes; used 39/2097 kB (1%) of static memory; defines: "DAYZ_1_29,SERVER_FOR_WINDOWS,SERVER,PLATFORM_WINDOWS,RELEASE,NO_GUI,NO_GUI_INGAME,sakhal,JM_CommunityFramework,CF_MODULE_CONFIG,CF_EXPRESSION,C
SCRIPT       : Registered 349 temporary action enum(s), UAN==349
SCRIPT       : Module: Game; loaded 521x files; 1604x classes; used 4275/33554 kB (12%) of static memory; defines: "DAYZ_1_29,SERVER_FOR_WINDOWS,SERVER,PLATFORM_WINDOWS,RELEASE,NO_GUI,NO_GUI_INGAME,sakhal,JM_CommunityFramework,CF_MODULE_CONFIG,CF_EXPRESSI
SCRIPT       : ... Backlit Effects Enabled
SCRIPT       : VPPNotificationManager()
SCRIPT       : [VPPAT] Internal VPPNotifications module loaded!
SCRIPT       : [DayZ Game]:: DayZGame(): Initializing V++ Admin Tools.
SCRIPT       : Module: World; loaded 2247x files; 5867x classes; used 9519/33554 kB (28%) of static memory; defines: "DAYZ_1_29,SERVER_FOR_WINDOWS,SERVER,PLATFORM_WINDOWS,RELEASE,NO_GUI,NO_GUI_INGAME,sakhal,JM_CommunityFramework,CF_MODULE_CONFIG,CF_EXPRES
 SCRIPT       : Module: Mission; loaded 293x files; 593x classes; used 3996/33554 kB (11%) of static memory; defines: "DAYZ_1_29,SERVER_FOR_WINDOWS,SERVER,PLATFORM_WINDOWS,RELEASE,NO_GUI,NO_GUI_INGAME,sakhal,JM_CommunityFramework,CF_MODULE_CONFIG,CF_EXPRE
 SCRIPT    (W): @"$CurrentDir:mpmissions\dayzOffline.chernarusplus\init.c,54": Possible variable name conflict 'm_player'
 SCRIPT       : Module: $CurrentDir:mpmissions\dayzOffline.chernarusplus\init.c; loaded 1x files; 1x classes; used 16/1048 kB (1%) of static memory; defines: "DAYZ_1_29,SERVER_FOR_WINDOWS,SERVER,PLATFORM_WINDOWS,RELEASE,NO_GUI,NO_GUI_INGAME,sakhal,JM_Comm
 SCRIPT       : [SERVER :: Vanilla++ AdminTools Plugins Registering]
 SCRIPT       : [MissionServer] OnInit - Server
 SCRIPT       : [MissionServer] OnMissionStart - Server
 SCRIPT       : string dirtyName = 'TESTINGSERVER'
SCRIPT       : m_LoginTimeMs: 16200
 SCRIPT       : ---- PlayerBase OnStoreLoad SUCCESS ----
 SCRIPT       : [VPPAT] Player "rafaelglima79" (steamId=76561199445097358) connected to server!
 SCRIPT       : [PlayerListManager] AddReceiver ► added: PlayerIdentity<0x00000180C27EFAF0>
SCRIPT       : [DUMMY_DEBUG] SUCESSO: Dummy criado na posicao: <6614.005371, 6.000000, 2427.136719>
SCRIPT       : DATA_LOG | 415935 | aRapBi1cCZPZAGLIDny3dk3hQ8vTmNTLHRl8zxmKgQ0= | 6611.42 | 23.3957 | 2428.67 | 0.860338 | -0.509724 | 0 | M16A2 | 0 | 80.2153 | 17.6524 | 0 | 1 | 1 | 0 | 0 | 0 | 0 | 1 | camera | Land_Office_Municipal1 | 0.860338 | 0 | -0.
SCRIPT       : DATA_LOG | 416765 | aRapBi1cCZPZAGLIDny3dk3hQ8vTmNTLHRl8zxmKgQ0= | 6611.42 | 23.3957 | 2428.67 | 0.860338 | -0.509724 | 0 | M16A2 | 0 | 79.1981 | 16.044 | 0 | 1 | 1 | 0 | 0 | 0 | 0 | 1 | camera | Land_Office_Municipal1 | 0.860338 | 0 | -0.5
SCRIPT       : DATA_LOG | 417767 | aRapBi1cCZPZAGLIDny3dk3hQ8vTmNTLHRl8zxmKgQ0= | 6611.42 | 23.3957 | 2428.67 | 0.860338 | -0.509724 | 0 | M16A2 | 0 | 79.2183 | 16.0447 | 0 | 1 | 1 | 0 | 0 | 0 | 0 | 1 | camera | Land_Office_Municipal1 | 0.860338 | 0 | -0.
SCRIPT       : DATA_LOG | 418771 | aRapBi1cCZPZAGLIDny3dk3hQ8vTmNTLHRl8zxmKgQ0= | 6611.42 | 23.3957 | 2428.67 | 0.860338 | -0.509724 | 0 | M16A2 | 0 | 79.2124 | 16.0422 | 0 | 1 | 1 | 0 | 0 | 0 | 0 | 1 | camera | Land_Office_Municipal1 | 0.860338 | 0 | -0.
SCRIPT       : DATA_LOG | 419772 | aRapBi1cCZPZAGLIDny3dk3hQ8vTmNTLHRl8zxmKgQ0= | 6611.42 | 23.3957 | 2428.67 | 0.860338 | -0.509724 | 0 | M16A2 | 0 | 79.2112 | 16.0428 | 0 | 1 | 1 | 0 | 0 | 0 | 0 | 1 | camera | Land_Office_Municipal1 | 0.860338 | 0 | -0.
SCRIPT       : DATA_LOG | 420872 | aRapBi1cCZPZAGLIDny3dk3hQ8vTmNTLHRl8zxmKgQ0= | 6611.42 | 23.3957 | 2428.67 | 0.860338 | -0.509724 | 0 | M16A2 | 0 | 79.2137 | 16.0441 | 0 | 1 | 1 | 0 | 0 | 0 | 0 | 1 | camera | Land_Office_Municipal1 | 0.860338 | 0 | -0.
SCRIPT       : DATA_LOG | 421875 | aRapBi1cCZPZAGLIDny3dk3hQ8vTmNTLHRl8zxmKgQ0= | 6611.42 | 23.3957 | 2428.67 | 0.860338 | -0.509724 | 0 | M16A2 | 0 | 79.2091 | 16.0435 | 0 | 1 | 1 | 0 | 0 | 0 | 0 | 1 | camera | Land_Office_Municipal1 | 0.860338 | 0 | -0.
SCRIPT       : DATA_LOG | 422882 | aRapBi1cCZPZAGLIDny3dk3hQ8vTmNTLHRl8zxmKgQ0= | 6611.42 | 23.3957 | 2428.67 | 0.860338 | -0.509724 | 0 | M16A2 | 0 | 79.2044 | 16.0441 | 0 | 1 | 1 | 0 | 0 | 0 | 0 | 1 | camera | Land_Office_Municipal1 | 0.860338 | 0 | -0.
SCRIPT       : DATA_LOG | 423875 | aRapBi1cCZPZAGLIDny3dk3hQ8vTmNTLHRl8zxmKgQ0= | 6611.42 | 23.3957 | 2428.67 | 0.860338 | -0.509724 | 0 | M16A2 | 0 | 79.1981 | 16.044 | 0 | 1 | 1 | 0 | 0 | 0 | 0 | 1 | camera | Land_Office_Municipal1 | 0.860338 | 0 | -0.5
SCRIPT       : DATA_LOG | 424877 | aRapBi1cCZPZAGLIDny3dk3hQ8vTmNTLHRl8zxmKgQ0= | 6611.42 | 23.3957 | 2428.67 | 0.860338 | -0.509724 | 0 | M16A2 | 0 | 79.2155 | 16.0448 | 0 | 1 | 1 | 0 | 0 | 0 | 0 | 1 | camera | Land_Office_Municipal1 | 0.860338 | 0 | -0.
SCRIPT       : DATA_LOG | 425878 | aRapBi1cCZPZAGLIDny3dk3hQ8vTmNTLHRl8zxmKgQ0= | 6611.42 | 23.3957 | 2428.67 | 0.860338 | -0.509724 | 0 | M16A2 | 0 | 79.2136 | 16.0423 | 0 | 1 | 1 | 0 | 0 | 0 | 0 | 1 | camera | Land_Office_Municipal1 | 0.860338 | 0 | -0.
SCRIPT       : DATA_LOG | 426880 | aRapBi1cCZPZAGLIDny3dk3hQ8vTmNTLHRl8zxmKgQ0= | 6611.42 | 23.3957 | 2428.67 | 0.860338 | -0.509724 | 0 | M16A2 | 0 | 79.2089 | 16.0427 | 0 | 1 | 1 | 0 | 0 | 0 | 0 | 1 | camera | Land_Office_Municipal1 | 0.860338 | 0 | -0.
SCRIPT       : DATA_LOG | 427888 | aRapBi1cCZPZAGLIDny3dk3hQ8vTmNTLHRl8zxmKgQ0= | 6611.42 | 23.3957 | 2428.67 | 0.860338 | -0.509724 | 0 | M16A2 | 0 | 79.2147 | 16.0441 | 0 | 1 | 1 | 0 | 0 | 0 | 0 | 1 | camera | Land_Office_Municipal1 | 0.860338 | 0 | -0.
SCRIPT       : DATA_LOG | 428890 | aRapBi1cCZPZAGLIDny3dk3hQ8vTmNTLHRl8zxmKgQ0= | 6611.42 | 23.3957 | 2428.67 | 0.860338 | -0.509724 | 0 | M16A2 | 0 | 79.2137 | 16.0433 | 0 | 1 | 1 | 0 | 0 | 0 | 0 | 1 | camera | Land_Office_Municipal1 | 0.860338 | 0 | -0.
SCRIPT       : DATA_LOG | 429881 | aRapBi1cCZPZAGLIDny3dk3hQ8vTmNTLHRl8zxmKgQ0= | 6611.42 | 23.3957 | 2428.67 | 0.860338 | -0.509724 | 0 | M16A2 | 0 | 79.2071 | 16.0439 | 0 | 1 | 1 | 0 | 0 | 0 | 0 | 1 | camera | Land_Office_Municipal1 | 0.860338 | 0 | -0.
SCRIPT       : DATA_LOG | 430882 | aRapBi1cCZPZAGLIDny3dk3hQ8vTmNTLHRl8zxmKgQ0= | 6611.42 | 23.3957 | 2428.67 | 0.860338 | -0.509724 | 0 | M16A2 | 0 | 79.1993 | 16.0443 | 0 | 1 | 1 | 0 | 0 | 0 | 0 | 1 | camera | Land_Office_Municipal1 | 0.860338 | 0 | -0.
SCRIPT       : DATA_LOG | 431890 | aRapBi1cCZPZAGLIDny3dk3hQ8vTmNTLHRl8zxmKgQ0= | 6611.42 | 23.3957 | 2428.67 | 0.860338 | -0.509724 | 0 | M16A2 | 0 | 79.211 | 16.0448 | 0 | 1 | 1 | 0 | 0 | 0 | 0 | 1 | camera | Land_Office_Municipal1 | 0.860338 | 0 | -0.5
SCRIPT       : DATA_LOG | 432897 | aRapBi1cCZPZAGLIDny3dk3hQ8vTmNTLHRl8zxmKgQ0= | 6611.42 | 23.3957 | 2428.67 | 0.860338 | -0.509724 | 0 | M16A2 | 0 | 79.2179 | 16.0426 | 0 | 1 | 1 | 0 | 0 | 0 | 0 | 1 | camera | Land_Office_Municipal1 | 0.860338 | 0 | -0.
SCRIPT       : DATA_LOG | 433911 | aRapBi1cCZPZAGLIDny3dk3hQ8vTmNTLHRl8zxmKgQ0= | 6611.42 | 23.3957 | 2428.67 | 0.860338 | -0.509724 | 0 | M16A2 | 0 | 79.2073 | 16.0426 | 0 | 1 | 1 | 0 | 0 | 0 | 0 | 1 | camera | Land_Office_Municipal1 | 0.860338 | 0 | -0.
SCRIPT       : DATA_LOG | 434913 | aRapBi1cCZPZAGLIDny3dk3hQ8vTmNTLHRl8zxmKgQ0= | 6611.42 | 23.3957 | 2428.67 | 0.860338 | -0.509724 | 0 | M16A2 | 0 | 79.2165 | 16.0442 | 0 | 1 | 1 | 0 | 0 | 0 | 0 | 1 | camera | Land_Office_Municipal1 | 0.860338 | 0 | -0.
SCRIPT       : DATA_LOG | 435920 | aRapBi1cCZPZAGLIDny3dk3hQ8vTmNTLHRl8zxmKgQ0= | 6611.42 | 23.3957 | 2428.67 | 0.860338 | -0.509724 | 0 | M16A2 | 0 | 79.2149 | 16.0431 | 0 | 1 | 1 | 0 | 0 | 0 | 0 | 1 | camera | Land_Office_Municipal1 | 0.860338 | 0 | -0.
SCRIPT       : DATA_LOG | 436919 | aRapBi1cCZPZAGLIDny3dk3hQ8vTmNTLHRl8zxmKgQ0= | 6611.42 | 23.3957 | 2428.67 | 0.860338 | -0.509724 | 0 | M16A2 | 0 | 79.2062 | 16.0438 | 0 | 1 | 1 | 0 | 0 | 0 | 0 | 1 | camera | Land_Office_Municipal1 | 0.860338 | 0 | -0.
SCRIPT       : DATA_LOG | 437911 | aRapBi1cCZPZAGLIDny3dk3hQ8vTmNTLHRl8zxmKgQ0= | 6611.42 | 23.3957 | 2428.67 | 0.860338 | -0.509724 | 0 | M16A2 | 0 | 79.1991 | 16.0444 | 0 | 1 | 1 | 0 | 0 | 0 | 0 | 1 | camera | Land_Office_Municipal1 | 0.860338 | 0 | -0.
SCRIPT       : DATA_LOG | 439008 | aRapBi1cCZPZAGLIDny3dk3hQ8vTmNTLHRl8zxmKgQ0= | 6611.42 | 23.3957 | 2428.67 | 0.860338 | -0.509724 | 0 | M16A2 | 0 | 79.1961 | 16.0442 | 0 | 1 | 1 | 0 | 0 | 0 | 0 | 1 | camera | Land_Office_Municipal1 | 0.860338 | 0 | -0.
SCRIPT       : DATA_LOG | 440011 | aRapBi1cCZPZAGLIDny3dk3hQ8vTmNTLHRl8zxmKgQ0= | 6611.42 | 23.3957 | 2428.67 | 0.860338 | -0.509724 | 0 | M16A2 | 0 | 79.2182 | 16.0427 | 0 | 1 | 1 | 0 | 0 | 0 | 0 | 1 | camera | Land_Office_Municipal1 | 0.860338 | 0 | -0.
SCRIPT       : DATA_LOG | 441015 | aRapBi1cCZPZAGLIDny3dk3hQ8vTmNTLHRl8zxmKgQ0= | 6611.42 | 23.3957 | 2428.67 | 0.860338 | -0.509724 | 0 | M16A2 | 0 | 79.2069 | 16.0425 | 0 | 1 | 1 | 0 | 0 | 0 | 0 | 1 | camera | Land_Office_Municipal1 | 0.860338 | 0 | -0.
SCRIPT       : DATA_LOG | 442022 | aRapBi1cCZPZAGLIDny3dk3hQ8vTmNTLHRl8zxmKgQ0= | 6611.42 | 23.3957 | 2428.67 | 0.860338 | -0.509724 | 0 | M16A2 | 0 | 79.217 | 16.0442 | 0 | 1 | 1 | 0 | 0 | 0 | 0 | 1 | camera | Land_Office_Municipal1 | 0.860338 | 0 | -0.5
SCRIPT       : DATA_LOG | 443035 | aRapBi1cCZPZAGLIDny3dk3hQ8vTmNTLHRl8zxmKgQ0= | 6611.42 | 23.3957 | 2428.67 | 0.860338 | -0.509724 | 0 | M16A2 | 0 | 79.2135 | 16.0431 | 0 | 1 | 1 | 0 | 0 | 0 | 0 | 1 | camera | Land_Office_Municipal1 | 0.860338 | 0 | -0.
SCRIPT       : DATA_LOG | 444039 | aRapBi1cCZPZAGLIDny3dk3hQ8vTmNTLHRl8zxmKgQ0= | 6611.42 | 23.3957 | 2428.67 | 0.860338 | -0.509724 | 0 | M16A2 | 0 | 79.2057 | 16.0438 | 0 | 1 | 1 | 0 | 0 | 0 | 0 | 1 | camera | Land_Office_Municipal1 | 0.860338 | 0 | -0.
SCRIPT       : DATA_LOG | 445039 | aRapBi1cCZPZAGLIDny3dk3hQ8vTmNTLHRl8zxmKgQ0= | 6611.42 | 23.3957 | 2428.67 | 0.860338 | -0.509724 | 0 | M16A2 | 0 | 79.2 | 16.0444 | 0 | 1 | 1 | 0 | 0 | 0 | 0 | 1 | camera | Land_Office_Municipal1 | 0.860338 | 0 | -0.509
SCRIPT       : DATA_LOG | 446038 | aRapBi1cCZPZAGLIDny3dk3hQ8vTmNTLHRl8zxmKgQ0= | 6611.42 | 23.3957 | 2428.67 | 0.860338 | -0.509724 | 0 | M16A2 | 0 | 79.2026 | 16.0447 | 0 | 1 | 1 | 0 | 0 | 0 | 0 | 1 | camera | Land_Office_Municipal1 | 0.860338 | 0 | -0.
SCRIPT       : DATA_LOG | 447047 | aRapBi1cCZPZAGLIDny3dk3hQ8vTmNTLHRl8zxmKgQ0= | 6611.42 | 23.3957 | 2428.67 | 0.860338 | -0.509724 | 0 | M16A2 | 0 | 79.2203 | 16.043 | 0 | 1 | 1 | 0 | 0 | 0 | 0 | 1 | camera | Land_Office_Municipal1 | 0.860338 | 0 | -0.5
SCRIPT       : DATA_LOG | 448049 | aRapBi1cCZPZAGLIDny3dk3hQ8vTmNTLHRl8zxmKgQ0= | 6611.42 | 23.3957 | 2428.67 | 0.860338 | -0.509724 | 0 | M16A2 | 0 | 79.2048 | 16.0424 | 0 | 1 | 1 | 0 | 0 | 0 | 0 | 1 | camera | Land_Office_Municipal1 | 0.860338 | 0 | -0.
SCRIPT       : DATA_LOG | 449036 | aRapBi1cCZPZAGLIDny3dk3hQ8vTmNTLHRl8zxmKgQ0= | 6611.42 | 23.3957 | 2428.67 | 0.860338 | -0.509724 | 0 | M16A2 | 0 | 79.218 | 16.0441 | 0 | 1 | 1 | 0 | 0 | 0 | 0 | 1 | camera | Land_Office_Municipal1 | 0.860338 | 0 | -0.5
SCRIPT       : DATA_LOG | 450035 | aRapBi1cCZPZAGLIDny3dk3hQ8vTmNTLHRl8zxmKgQ0= | 6611.42 | 23.3957 | 2428.67 | 0.860338 | -0.509724 | 0 | M16A2 | 0 | 79.2134 | 16.043 | 0 | 1 | 1 | 0 | 0 | 0 | 0 | 1 | camera | Land_Office_Municipal1 | 0.860338 | 0 | -0.5
SCRIPT       : DATA_LOG | 451037 | aRapBi1cCZPZAGLIDny3dk3hQ8vTmNTLHRl8zxmKgQ0= | 6611.42 | 23.3957 | 2428.67 | 0.860338 | -0.509724 | 0 | M16A2 | 0 | 79.2049 | 16.0437 | 0 | 1 | 1 | 0 | 0 | 0 | 0 | 1 | camera | Land_Office_Municipal1 | 0.860338 | 0 | -0.
SCRIPT       : DATA_LOG | 452037 | aRapBi1cCZPZAGLIDny3dk3hQ8vTmNTLHRl8zxmKgQ0= | 6611.42 | 23.3957 | 2428.67 | 0.860338 | -0.509724 | 0 | M16A2 | 0 | 79.1997 | 16.0443 | 0 | 1 | 1 | 0 | 0 | 0 | 0 | 1 | camera | Land_Office_Municipal1 | 0.860338 | 0 | -0.
SCRIPT       : DATA_LOG | 453044 | aRapBi1cCZPZAGLIDny3dk3hQ8vTmNTLHRl8zxmKgQ0= | 6611.42 | 23.3957 | 2428.67 | 0.860338 | -0.509724 | 0 | M16A2 | 0 | 79.1947 | 16.0441 | 0 | 1 | 1 | 0 | 0 | 0 | 0 | 1 | camera | Land_Office_Municipal1 | 0.860338 | 0 | -0.
SCRIPT       : DATA_LOG | 454043 | aRapBi1cCZPZAGLIDny3dk3hQ8vTmNTLHRl8zxmKgQ0= | 6611.42 | 23.3957 | 2428.67 | 0.860338 | -0.509724 | 0 | M16A2 | 0 | 79.2201 | 16.0436 | 0 | 1 | 1 | 0 | 0 | 0 | 0 | 1 | camera | Land_Office_Municipal1 | 0.860338 | 0 | -0.
SCRIPT       : DATA_LOG | 455044 | aRapBi1cCZPZAGLIDny3dk3hQ8vTmNTLHRl8zxmKgQ0= | 6611.42 | 23.3957 | 2428.67 | 0.860338 | -0.509724 | 0 | M16A2 | 0 | 79.2039 | 16.0422 | 0 | 1 | 1 | 0 | 0 | 0 | 0 | 1 | camera | Land_Office_Municipal1 | 0.860338 | 0 | -0.
SCRIPT       : DATA_LOG | 456044 | aRapBi1cCZPZAGLIDny3dk3hQ8vTmNTLHRl8zxmKgQ0= | 6611.42 | 23.3957 | 2428.67 | 0.860338 | -0.509724 | 0 | M16A2 | 0 | 79.2166 | 16.0439 | 0 | 1 | 1 | 0 | 0 | 0 | 0 | 1 | camera | Land_Office_Municipal1 | 0.860338 | 0 | -0.
SCRIPT       : DATA_LOG | 457045 | aRapBi1cCZPZAGLIDny3dk3hQ8vTmNTLHRl8zxmKgQ0= | 6611.42 | 23.3957 | 2428.67 | 0.860338 | -0.509724 | 0 | M16A2 | 0 | 79.2129 | 16.0431 | 0 | 1 | 1 | 0 | 0 | 0 | 0 | 1 | camera | Land_Office_Municipal1 | 0.860338 | 0 | -0.
SCRIPT       : DATA_LOG | 458050 | aRapBi1cCZPZAGLIDny3dk3hQ8vTmNTLHRl8zxmKgQ0= | 6611.42 | 23.3957 | 2428.67 | 0.860338 | -0.509724 | 0 | M16A2 | 0 | 79.2051 | 16.0438 | 0 | 1 | 1 | 0 | 0 | 0 | 0 | 1 | camera | Land_Office_Municipal1 | 0.860338 | 0 | -0.
SCRIPT       : DATA_LOG | 459045 | aRapBi1cCZPZAGLIDny3dk3hQ8vTmNTLHRl8zxmKgQ0= | 6611.42 | 23.3957 | 2428.67 | 0.860338 | -0.509724 | 0 | M16A2 | 0 | 79.2009 | 16.0443 | 0 | 1 | 1 | 0 | 0 | 0 | 0 | 1 | camera | Land_Office_Municipal1 | 0.860338 | 0 | -0.
SCRIPT       : DATA_LOG | 460049 | aRapBi1cCZPZAGLIDny3dk3hQ8vTmNTLHRl8zxmKgQ0= | 6611.42 | 23.3957 | 2428.67 | 0.860338 | -0.509724 | 0 | M16A2 | 0 | 79.1939 | 16.0438 | 0 | 1 | 1 | 0 | 0 | 0 | 0 | 1 | camera | Land_Office_Municipal1 | 0.860338 | 0 | -0.
SCRIPT       : DATA_LOG | 461055 | aRapBi1cCZPZAGLIDny3dk3hQ8vTmNTLHRl8zxmKgQ0= | 6611.42 | 23.3957 | 2428.67 | 0.860338 | -0.509724 | 0 | M16A2 | 0 | 79.2219 | 16.0441 | 0 | 1 | 1 | 0 | 0 | 0 | 0 | 1 | camera | Land_Office_Municipal1 | 0.860338 | 0 | -0.
SCRIPT       : DATA_LOG | 462049 | aRapBi1cCZPZAGLIDny3dk3hQ8vTmNTLHRl8zxmKgQ0= | 6611.42 | 23.3957 | 2428.67 | 0.860338 | -0.509724 | 0 | M16A2 | 0 | 79.2058 | 16.0421 | 0 | 1 | 1 | 0 | 0 | 0 | 0 | 1 | camera | Land_Office_Municipal1 | 0.860338 | 0 | -0.
SCRIPT       : DATA_LOG | 463051 | aRapBi1cCZPZAGLIDny3dk3hQ8vTmNTLHRl8zxmKgQ0= | 6611.42 | 23.3957 | 2428.67 | 0.860338 | -0.509724 | 0 | M16A2 | 0 | 79.2159 | 16.0434 | 0 | 1 | 1 | 0 | 0 | 0 | 0 | 1 | camera | Land_Office_Municipal1 | 0.860338 | 0 | -0.
SCRIPT       : DATA_LOG | 464054 | aRapBi1cCZPZAGLIDny3dk3hQ8vTmNTLHRl8zxmKgQ0= | 6611.42 | 23.3957 | 2428.67 | 0.860338 | -0.509724 | 0 | M16A2 | 0 | 79.2122 | 16.0433 | 0 | 1 | 1 | 0 | 0 | 0 | 0 | 1 | camera | Land_Office_Municipal1 | 0.860338 | 0 | -0.
SCRIPT       : DATA_LOG | 465058 | aRapBi1cCZPZAGLIDny3dk3hQ8vTmNTLHRl8zxmKgQ0= | 6611.42 | 23.3957 | 2428.67 | 0.860338 | -0.509724 | 0 | M16A2 | 0 | 79.2058 | 16.0437 | 0 | 1 | 1 | 0 | 0 | 0 | 0 | 1 | camera | Land_Office_Municipal1 | 0.860338 | 0 | -0.
SCRIPT       : DATA_LOG | 466054 | aRapBi1cCZPZAGLIDny3dk3hQ8vTmNTLHRl8zxmKgQ0= | 6611.42 | 23.3957 | 2428.67 | 0.860338 | -0.509724 | 0 | M16A2 | 0 | 79.2012 | 16.0443 | 0 | 1 | 1 | 0 | 0 | 0 | 0 | 1 | camera | Land_Office_Municipal1 | 0.860338 | 0 | -0.
SCRIPT       : DATA_LOG | 467061 | aRapBi1cCZPZAGLIDny3dk3hQ8vTmNTLHRl8zxmKgQ0= | 6611.42 | 23.3957 | 2428.67 | 0.860338 | -0.509724 | 0 | M16A2 | 0 | 79.1944 | 16.0439 | 0 | 1 | 1 | 0 | 0 | 0 | 0 | 1 | camera | Land_Office_Municipal1 | 0.860338 | 0 | -0.
SCRIPT       : DATA_LOG | 468056 | aRapBi1cCZPZAGLIDny3dk3hQ8vTmNTLHRl8zxmKgQ0= | 6611.42 | 23.3957 | 2428.67 | 0.860338 | -0.509724 | 0 | M16A2 | 0 | 79.2215 | 16.0445 | 0 | 1 | 1 | 0 | 0 | 0 | 0 | 1 | camera | Land_Office_Municipal1 | 0.860338 | 0 | -0.
SCRIPT       : DATA_LOG | 469134 | aRapBi1cCZPZAGLIDny3dk3hQ8vTmNTLHRl8zxmKgQ0= | 6611.42 | 23.3957 | 2428.67 | 0.860338 | -0.509724 | 0 | M16A2 | 0 | 79.2154 | 16.0423 | 0 | 1 | 1 | 0 | 0 | 0 | 0 | 1 | camera | Land_Office_Municipal1 | 0.860338 | 0 | -0.
SCRIPT       : DATA_LOG | 470139 | aRapBi1cCZPZAGLIDny3dk3hQ8vTmNTLHRl8zxmKgQ0= | 6611.42 | 23.3957 | 2428.67 | 0.860338 | -0.509724 | 0 | M16A2 | 0 | 79.215 | 16.0432 | 0 | 1 | 1 | 0 | 0 | 0 | 0 | 1 | camera | Land_Office_Municipal1 | 0.860338 | 0 | -0.5
SCRIPT       : DATA_LOG | 471148 | aRapBi1cCZPZAGLIDny3dk3hQ8vTmNTLHRl8zxmKgQ0= | 6611.42 | 23.3957 | 2428.67 | 0.860338 | -0.509724 | 0 | M16A2 | 0 | 79.2121 | 16.0436 | 0 | 1 | 1 | 0 | 0 | 0 | 0 | 1 | camera | Land_Office_Municipal1 | 0.860338 | 0 | -0.
SCRIPT       : DATA_LOG | 472140 | aRapBi1cCZPZAGLIDny3dk3hQ8vTmNTLHRl8zxmKgQ0= | 6611.42 | 23.3957 | 2428.67 | 0.860338 | -0.509724 | 0 | M16A2 | 0 | 79.207 | 16.0435 | 0 | 1 | 1 | 0 | 0 | 0 | 0 | 1 | camera | Land_Office_Municipal1 | 0.860338 | 0 | -0.5
SCRIPT       : DATA_LOG | 473245 | aRapBi1cCZPZAGLIDny3dk3hQ8vTmNTLHRl8zxmKgQ0= | 6611.42 | 23.3957 | 2428.67 | 0.860338 | -0.509724 | 0 | M16A2 | 0 | 79.2039 | 16.0441 | 0 | 1 | 1 | 0 | 0 | 0 | 0 | 1 | camera | Land_Office_Municipal1 | 0.860338 | 0 | -0.
SCRIPT       : DATA_LOG | 474253 | aRapBi1cCZPZAGLIDny3dk3hQ8vTmNTLHRl8zxmKgQ0= | 6611.42 | 23.3957 | 2428.67 | 0.860338 | -0.509724 | 0 | M16A2 | 0 | 79.1944 | 16.0439 | 0 | 1 | 1 | 0 | 0 | 0 | 0 | 1 | camera | Land_Office_Municipal1 | 0.860338 | 0 | -0.
SCRIPT       : DATA_LOG | 475252 | aRapBi1cCZPZAGLIDny3dk3hQ8vTmNTLHRl8zxmKgQ0= | 6611.42 | 23.3957 | 2428.67 | 0.860338 | -0.509724 | 0 | M16A2 | 0 | 79.2215 | 16.0445 | 0 | 1 | 1 | 0 | 0 | 0 | 0 | 1 | camera | Land_Office_Municipal1 | 0.860338 | 0 | -0.
SCRIPT       : DATA_LOG | 476256 | aRapBi1cCZPZAGLIDny3dk3hQ8vTmNTLHRl8zxmKgQ0= | 6611.42 | 23.3957 | 2428.67 | 0.860338 | -0.509724 | 0 | M16A2 | 0 | 79.2094 | 16.042 | 0 | 1 | 1 | 0 | 0 | 0 | 0 | 1 | camera | Land_Office_Municipal1 | 0.860338 | 0 | -0.5
SCRIPT       : DATA_LOG | 477244 | aRapBi1cCZPZAGLIDny3dk3hQ8vTmNTLHRl8zxmKgQ0= | 6611.42 | 23.3957 | 2428.67 | 0.860338 | -0.509724 | 0 | M16A2 | 0 | 79.2137 | 16.043 | 0 | 1 | 1 | 0 | 0 | 0 | 0 | 1 | camera | Land_Office_Municipal1 | 0.860338 | 0 | -0.5
SCRIPT       : DATA_LOG | 478244 | aRapBi1cCZPZAGLIDny3dk3hQ8vTmNTLHRl8zxmKgQ0= | 6611.42 | 23.3957 | 2428.67 | 0.860338 | -0.509724 | 0 | M16A2 | 0 | 79.2125 | 16.0438 | 0 | 1 | 1 | 0 | 0 | 0 | 0 | 1 | camera | Land_Office_Municipal1 | 0.860338 | 0 | -0.
SCRIPT       : DATA_LOG | 479248 | aRapBi1cCZPZAGLIDny3dk3hQ8vTmNTLHRl8zxmKgQ0= | 6611.42 | 23.3957 | 2428.67 | 0.860338 | -0.509724 | 0 | M16A2 | 0 | 79.2095 | 16.0434 | 0 | 1 | 1 | 0 | 0 | 0 | 0 | 1 | camera | Land_Office_Municipal1 | 0.860338 | 0 | -0.
SCRIPT       : DATA_LOG | 480249 | aRapBi1cCZPZAGLIDny3dk3hQ8vTmNTLHRl8zxmKgQ0= | 6611.42 | 23.3957 | 2428.67 | 0.860338 | -0.509724 | 0 | M16A2 | 0 | 79.2044 | 16.0441 | 0 | 1 | 1 | 0 | 0 | 0 | 0 | 1 | camera | Land_Office_Municipal1 | 0.860338 | 0 | -0.
SCRIPT       : DATA_LOG | 481254 | aRapBi1cCZPZAGLIDny3dk3hQ8vTmNTLHRl8zxmKgQ0= | 6611.42 | 23.3957 | 2428.67 | 0.860338 | -0.509724 | 0 | M16A2 | 0 | 79.1976 | 16.044 | 0 | 1 | 1 | 0 | 0 | 0 | 0 | 1 | camera | Land_Office_Municipal1 | 0.860338 | 0 | -0.5
SCRIPT       : DATA_LOG | 482249 | aRapBi1cCZPZAGLIDny3dk3hQ8vTmNTLHRl8zxmKgQ0= | 6611.42 | 23.3957 | 2428.67 | 0.860338 | -0.509724 | 0 | M16A2 | 0 | 79.2164 | 16.0448 | 0 | 1 | 1 | 0 | 0 | 0 | 0 | 1 | camera | Land_Office_Municipal1 | 0.860338 | 0 | -0.
SCRIPT       : DATA_LOG | 483252 | aRapBi1cCZPZAGLIDny3dk3hQ8vTmNTLHRl8zxmKgQ0= | 6611.42 | 23.3957 | 2428.67 | 0.860338 | -0.509724 | 0 | M16A2 | 0 | 79.2137 | 16.0422 | 0 | 1 | 1 | 0 | 0 | 0 | 0 | 1 | camera | Land_Office_Municipal1 | 0.860338 | 0 | -0.
SCRIPT       : DATA_LOG | 484253 | aRapBi1cCZPZAGLIDny3dk3hQ8vTmNTLHRl8zxmKgQ0= | 6611.42 | 23.3957 | 2428.67 | 0.860338 | -0.509724 | 0 | M16A2 | 0 | 79.2112 | 16.0428 | 0 | 1 | 1 | 0 | 0 | 0 | 0 | 1 | camera | Land_Office_Municipal1 | 0.860338 | 0 | -0.
SCRIPT       : DATA_LOG | 485257 | aRapBi1cCZPZAGLIDny3dk3hQ8vTmNTLHRl8zxmKgQ0= | 6611.42 | 23.3957 | 2428.67 | 0.860338 | -0.509724 | 0 | M16A2 | 0 | 79.2143 | 16.044 | 0 | 1 | 1 | 0 | 0 | 0 | 0 | 1 | camera | Land_Office_Municipal1 | 0.860338 | 0 | -0.5
SCRIPT       : DATA_LOG | 486254 | aRapBi1cCZPZAGLIDny3dk3hQ8vTmNTLHRl8zxmKgQ0= | 6611.42 | 23.3957 | 2428.67 | 0.860338 | -0.509724 | 0 | M16A2 | 0 | 79.2131 | 16.0433 | 0 | 1 | 1 | 0 | 0 | 0 | 0 | 1 | camera | Land_Office_Municipal1 | 0.860338 | 0 | -0.
SCRIPT       : DATA_LOG | 487255 | aRapBi1cCZPZAGLIDny3dk3hQ8vTmNTLHRl8zxmKgQ0= | 6611.42 | 23.3957 | 2428.67 | 0.860338 | -0.509724 | 0 | M16A2 | 0 | 79.2067 | 16.044 | 0 | 1 | 1 | 0 | 0 | 0 | 0 | 1 | camera | Land_Office_Municipal1 | 0.860338 | 0 | -0.5
SCRIPT       : DATA_LOG | 488258 | aRapBi1cCZPZAGLIDny3dk3hQ8vTmNTLHRl8zxmKgQ0= | 6611.42 | 23.3957 | 2428.67 | 0.860338 | -0.509724 | 0 | M16A2 | 0 | 79.1989 | 16.0442 | 0 | 1 | 1 | 0 | 0 | 0 | 0 | 1 | camera | Land_Office_Municipal1 | 0.860338 | 0 | -0.
SCRIPT       : DATA_LOG | 489257 | aRapBi1cCZPZAGLIDny3dk3hQ8vTmNTLHRl8zxmKgQ0= | 6611.42 | 23.3957 | 2428.67 | 0.860338 | -0.509724 | 0 | M16A2 | 0 | 79.2128 | 16.0448 | 0 | 1 | 1 | 0 | 0 | 0 | 0 | 1 | camera | Land_Office_Municipal1 | 0.860338 | 0 | -0.
SCRIPT       : DATA_LOG | 490258 | aRapBi1cCZPZAGLIDny3dk3hQ8vTmNTLHRl8zxmKgQ0= | 6611.42 | 23.3957 | 2428.67 | 0.860338 | -0.509724 | 0 | M16A2 | 0 | 79.2157 | 16.0425 | 0 | 1 | 1 | 0 | 0 | 0 | 0 | 1 | camera | Land_Office_Municipal1 | 0.860338 | 0 | -0.
SCRIPT       : DATA_LOG | 491264 | aRapBi1cCZPZAGLIDny3dk3hQ8vTmNTLHRl8zxmKgQ0= | 6611.42 | 23.3957 | 2428.67 | 0.860338 | -0.509724 | 0 | M16A2 | 0 | 79.2082 | 16.0426 | 0 | 1 | 1 | 0 | 0 | 0 | 0 | 1 | camera | Land_Office_Municipal1 | 0.860338 | 0 | -0.
SCRIPT       : DATA_LOG | 492260 | aRapBi1cCZPZAGLIDny3dk3hQ8vTmNTLHRl8zxmKgQ0= | 6611.42 | 23.3957 | 2428.67 | 0.860338 | -0.509724 | 0 | M16A2 | 0 | 79.2161 | 16.0442 | 0 | 1 | 1 | 0 | 0 | 0 | 0 | 1 | camera | Land_Office_Municipal1 | 0.860338 | 0 | -0.
SCRIPT       : DATA_LOG | 493262 | aRapBi1cCZPZAGLIDny3dk3hQ8vTmNTLHRl8zxmKgQ0= | 6611.42 | 23.3957 | 2428.67 | 0.860338 | -0.509724 | 0 | M16A2 | 0 | 79.2153 | 16.0431 | 0 | 1 | 1 | 0 | 0 | 0 | 0 | 1 | camera | Land_Office_Municipal1 | 0.860338 | 0 | -0.
SCRIPT       : DATA_LOG | 494262 | aRapBi1cCZPZAGLIDny3dk3hQ8vTmNTLHRl8zxmKgQ0= | 6611.42 | 23.3957 | 2428.67 | 0.860338 | -0.509724 | 0 | M16A2 | 0 | 79.2066 | 16.0438 | 0 | 1 | 1 | 0 | 0 | 0 | 0 | 1 | camera | Land_Office_Municipal1 | 0.860338 | 0 | -0.
SCRIPT       : DATA_LOG | 495265 | aRapBi1cCZPZAGLIDny3dk3hQ8vTmNTLHRl8zxmKgQ0= | 6611.42 | 23.3957 | 2428.67 | 0.860338 | -0.509724 | 0 | M16A2 | 0 | 79.1996 | 16.0443 | 0 | 1 | 1 | 0 | 0 | 0 | 0 | 1 | camera | Land_Office_Municipal1 | 0.860338 | 0 | -0.
SCRIPT       : DATA_LOG | 496268 | aRapBi1cCZPZAGLIDny3dk3hQ8vTmNTLHRl8zxmKgQ0= | 6611.42 | 23.3957 | 2428.67 | 0.860338 | -0.509724 | 0 | M16A2 | 0 | 79.2054 | 16.0448 | 0 | 1 | 1 | 0 | 0 | 0 | 0 | 1 | camera | Land_Office_Municipal1 | 0.860338 | 0 | -0.
SCRIPT       : DATA_LOG | 497273 | aRapBi1cCZPZAGLIDny3dk3hQ8vTmNTLHRl8zxmKgQ0= | 6611.42 | 23.3957 | 2428.67 | 0.860338 | -0.509724 | 0 | M16A2 | 0 | 79.2195 | 16.0429 | 0 | 1 | 1 | 0 | 0 | 0 | 0 | 1 | camera | Land_Office_Municipal1 | 0.860338 | 0 | -0.
SCRIPT       : DATA_LOG | 498268 | aRapBi1cCZPZAGLIDny3dk3hQ8vTmNTLHRl8zxmKgQ0= | 6611.42 | 23.3957 | 2428.67 | 0.860338 | -0.509724 | 0 | M16A2 | 0 | 79.2051 | 16.0424 | 0 | 1 | 1 | 0 | 0 | 0 | 0 | 1 | camera | Land_Office_Municipal1 | 0.860338 | 0 | -0.
SCRIPT       : DATA_LOG | 499270 | aRapBi1cCZPZAGLIDny3dk3hQ8vTmNTLHRl8zxmKgQ0= | 6611.42 | 23.3957 | 2428.67 | 0.860338 | -0.509724 | 0 | M16A2 | 0 | 79.2169 | 16.0442 | 0 | 1 | 1 | 0 | 0 | 0 | 0 | 1 | camera | Land_Office_Municipal1 | 0.860338 | 0 | -0.
SCRIPT       : DATA_LOG | 500271 | aRapBi1cCZPZAGLIDny3dk3hQ8vTmNTLHRl8zxmKgQ0= | 6611.42 | 23.3957 | 2428.67 | 0.860338 | -0.509724 | 0 | M16A2 | 0 | 79.2135 | 16.0431 | 0 | 1 | 1 | 0 | 0 | 0 | 0 | 1 | camera | Land_Office_Municipal1 | 0.860338 | 0 | -0.
SCRIPT       : DATA_LOG | 501283 | aRapBi1cCZPZAGLIDny3dk3hQ8vTmNTLHRl8zxmKgQ0= | 6611.42 | 23.3957 | 2428.67 | 0.860338 | -0.509724 | 0 | M16A2 | 0 | 79.2058 | 16.0437 | 0 | 1 | 1 | 0 | 0 | 0 | 0 | 1 | camera | Land_Office_Municipal1 | 0.860338 | 0 | -0.
SCRIPT       : DATA_LOG | 502272 | aRapBi1cCZPZAGLIDny3dk3hQ8vTmNTLHRl8zxmKgQ0= | 6611.42 | 23.3957 | 2428.67 | 0.860338 | -0.509724 | 0 | M16A2 | 0 | 79.1993 | 16.0444 | 0 | 1 | 1 | 0 | 0 | 0 | 0 | 1 | camera | Land_Office_Municipal1 | 0.860338 | 0 | -0.
SCRIPT       : DATA_LOG | 503272 | aRapBi1cCZPZAGLIDny3dk3hQ8vTmNTLHRl8zxmKgQ0= | 6611.42 | 23.3957 | 2428.67 | 0.860338 | -0.509724 | 0 | M16A2 | 0 | 79.1975 | 16.0443 | 0 | 1 | 1 | 0 | 0 | 0 | 0 | 1 | camera | Land_Office_Municipal1 | 0.860338 | 0 | -0.
SCRIPT       : DATA_LOG | 504281 | aRapBi1cCZPZAGLIDny3dk3hQ8vTmNTLHRl8zxmKgQ0= | 6611.42 | 23.3957 | 2428.67 | 0.860338 | -0.509724 | 0 | M16A2 | 0 | 79.2196 | 16.0434 | 0 | 1 | 1 | 0 | 0 | 0 | 0 | 1 | camera | Land_Office_Municipal1 | 0.860338 | 0 | -0.
SCRIPT       : DATA_LOG | 505277 | aRapBi1cCZPZAGLIDny3dk3hQ8vTmNTLHRl8zxmKgQ0= | 6611.42 | 23.3957 | 2428.67 | 0.860338 | -0.509724 | 0 | M16A2 | 0 | 79.2044 | 16.0422 | 0 | 1 | 1 | 0 | 0 | 0 | 0 | 1 | camera | Land_Office_Municipal1 | 0.860338 | 0 | -0.
SCRIPT       : DATA_LOG | 506282 | aRapBi1cCZPZAGLIDny3dk3hQ8vTmNTLHRl8zxmKgQ0= | 6611.42 | 23.3957 | 2428.67 | 0.860338 | -0.509724 | 0 | M16A2 | 0 | 79.2185 | 16.0439 | 0 | 1 | 1 | 0 | 0 | 0 | 0 | 1 | camera | Land_Office_Municipal1 | 0.860338 | 0 | -0.
SCRIPT       : DATA_LOG | 507279 | aRapBi1cCZPZAGLIDny3dk3hQ8vTmNTLHRl8zxmKgQ0= | 6611.42 | 23.3957 | 2428.67 | 0.860338 | -0.509724 | 0 | M16A2 | 0 | 79.2134 | 16.043 | 0 | 1 | 1 | 0 | 0 | 0 | 0 | 1 | camera | Land_Office_Municipal1 | 0.860338 | 0 | -0.5
SCRIPT       : DATA_LOG | 508279 | aRapBi1cCZPZAGLIDny3dk3hQ8vTmNTLHRl8zxmKgQ0= | 6611.42 | 23.3957 | 2428.67 | 0.860338 | -0.509724 | 0 | M16A2 | 0 | 79.206 | 16.0437 | 0 | 1 | 1 | 0 | 0 | 0 | 0 | 1 | camera | Land_Office_Municipal1 | 0.860338 | 0 | -0.5
SCRIPT       : DATA_LOG | 509283 | aRapBi1cCZPZAGLIDny3dk3hQ8vTmNTLHRl8zxmKgQ0= | 6611.42 | 23.3957 | 2428.67 | 0.860338 | -0.509724 | 0 | M16A2 | 0 | 79.2 | 16.0443 | 0 | 1 | 1 | 0 | 0 | 0 | 0 | 1 | camera | Land_Office_Municipal1 | 0.860338 | 0 | -0.509
SCRIPT       : DATA_LOG | 510284 | aRapBi1cCZPZAGLIDny3dk3hQ8vTmNTLHRl8zxmKgQ0= | 6611.42 | 23.3957 | 2428.67 | 0.860338 | -0.509724 | 0 | M16A2 | 0 | 79.1934 | 16.0439 | 0 | 1 | 1 | 0 | 0 | 0 | 0 | 1 | camera | Land_Office_Municipal1 | 0.860338 | 0 | -0.
SCRIPT       : DATA_LOG | 511284 | aRapBi1cCZPZAGLIDny3dk3hQ8vTmNTLHRl8zxmKgQ0= | 6611.42 | 23.3957 | 2428.67 | 0.860338 | -0.509724 | 0 | M16A2 | 0 | 79.2219 | 16.0439 | 0 | 1 | 1 | 0 | 0 | 0 | 0 | 1 | camera | Land_Office_Municipal1 | 0.860338 | 0 | -0.
SCRIPT       : DATA_LOG | 512287 | aRapBi1cCZPZAGLIDny3dk3hQ8vTmNTLHRl8zxmKgQ0= | 6611.42 | 23.3957 | 2428.67 | 0.860338 | -0.509724 | 0 | M16A2 | 0 | 79.2054 | 16.0421 | 0 | 1 | 1 | 0 | 0 | 0 | 0 | 1 | camera | Land_Office_Municipal1 | 0.860338 | 0 | -0.
SCRIPT       : DATA_LOG | 513292 | aRapBi1cCZPZAGLIDny3dk3hQ8vTmNTLHRl8zxmKgQ0= | 6611.42 | 23.3957 | 2428.67 | 0.860338 | -0.509724 | 0 | M16A2 | 0 | 79.2168 | 16.0436 | 0 | 1 | 1 | 0 | 0 | 0 | 0 | 1 | camera | Land_Office_Municipal1 | 0.860338 | 0 | -0.
SCRIPT       : DATA_LOG | 514299 | aRapBi1cCZPZAGLIDny3dk3hQ8vTmNTLHRl8zxmKgQ0= | 6611.42 | 23.3957 | 2428.67 | 0.860338 | -0.509724 | 0 | M16A2 | 0 | 79.2132 | 16.0432 | 0 | 1 | 1 | 0 | 0 | 0 | 0 | 1 | camera | Land_Office_Municipal1 | 0.860338 | 0 | -0.
SCRIPT       : DATA_LOG | 515299 | aRapBi1cCZPZAGLIDny3dk3hQ8vTmNTLHRl8zxmKgQ0= | 6611.42 | 23.3957 | 2428.67 | 0.860338 | -0.509724 | 0 | M16A2 | 0 | 79.2057 | 16.0437 | 0 | 1 | 1 | 0 | 0 | 0 | 0 | 1 | camera | Land_Office_Municipal1 | 0.860338 | 0 | -0.
SCRIPT       : DATA_LOG | 516293 | aRapBi1cCZPZAGLIDny3dk3hQ8vTmNTLHRl8zxmKgQ0= | 6611.42 | 23.3957 | 2428.67 | 0.860338 | -0.509724 | 0 | M16A2 | 0 | 79.2003 | 16.0443 | 0 | 1 | 1 | 0 | 0 | 0 | 0 | 1 | camera | Land_Office_Municipal1 | 0.860338 | 0 | -0.
SCRIPT       : DATA_LOG | 517299 | aRapBi1cCZPZAGLIDny3dk3hQ8vTmNTLHRl8zxmKgQ0= | 6611.42 | 23.3957 | 2428.67 | 0.860338 | -0.509724 | 0 | M16A2 | 0 | 79.1935 | 16.0438 | 0 | 1 | 1 | 0 | 0 | 0 | 0 | 1 | camera | Land_Office_Municipal1 | 0.860338 | 0 | -0.
SCRIPT       : DATA_LOG | 518304 | aRapBi1cCZPZAGLIDny3dk3hQ8vTmNTLHRl8zxmKgQ0= | 6611.42 | 23.3957 | 2428.67 | 0.860338 | -0.509724 | 0 | M16A2 | 0 | 79.2229 | 16.0443 | 0 | 1 | 1 | 0 | 0 | 0 | 0 | 1 | camera | Land_Office_Municipal1 | 0.860338 | 0 | -0.
SCRIPT       : DATA_LOG | 519305 | aRapBi1cCZPZAGLIDny3dk3hQ8vTmNTLHRl8zxmKgQ0= | 6611.42 | 23.3957 | 2428.67 | 0.860338 | -0.509724 | 0 | M16A2 | 0 | 79.2072 | 16.042 | 0 | 1 | 1 | 0 | 0 | 0 | 0 | 1 | camera | Land_Office_Municipal1 | 0.860338 | 0 | -0.5
SCRIPT       : DATA_LOG | 520301 | aRapBi1cCZPZAGLIDny3dk3hQ8vTmNTLHRl8zxmKgQ0= | 6611.42 | 23.3957 | 2428.67 | 0.860338 | -0.509724 | 0 | M16A2 | 0 | 79.215 | 16.0432 | 0 | 1 | 1 | 0 | 0 | 0 | 0 | 1 | camera | Land_Office_Municipal1 | 0.860338 | 0 | -0.5
SCRIPT       : DATA_LOG | 521300 | aRapBi1cCZPZAGLIDny3dk3hQ8vTmNTLHRl8zxmKgQ0= | 6611.42 | 23.3957 | 2428.67 | 0.860338 | -0.509724 | 0 | M16A2 | 0 | 79.2121 | 16.0436 | 0 | 1 | 1 | 0 | 0 | 0 | 0 | 1 | camera | Land_Office_Municipal1 | 0.860338 | 0 | -0.
SCRIPT       : DATA_LOG | 522304 | aRapBi1cCZPZAGLIDny3dk3hQ8vTmNTLHRl8zxmKgQ0= | 6611.42 | 23.3957 | 2428.67 | 0.860338 | -0.509724 | 0 | M16A2 | 0 | 79.207 | 16.0435 | 0 | 1 | 1 | 0 | 0 | 0 | 0 | 1 | camera | Land_Office_Municipal1 | 0.860338 | 0 | -0.5
SCRIPT       : DATA_LOG | 523302 | aRapBi1cCZPZAGLIDny3dk3hQ8vTmNTLHRl8zxmKgQ0= | 6611.42 | 23.3957 | 2428.67 | 0.860338 | -0.509724 | 0 | M16A2 | 0 | 79.204 | 16.0441 | 0 | 1 | 1 | 0 | 0 | 0 | 0 | 1 | camera | Land_Office_Municipal1 | 0.860338 | 0 | -0.5
SCRIPT       : DATA_LOG | 524300 | aRapBi1cCZPZAGLIDny3dk3hQ8vTmNTLHRl8zxmKgQ0= | 6611.42 | 23.3957 | 2428.67 | 0.860338 | -0.509724 | 0 | M16A2 | 0 | 79.1958 | 16.0439 | 0 | 1 | 1 | 0 | 0 | 0 | 0 | 1 | camera | Land_Office_Municipal1 | 0.860338 | 0 | -0.
SCRIPT       : DATA_LOG | 525303 | aRapBi1cCZPZAGLIDny3dk3hQ8vTmNTLHRl8zxmKgQ0= | 6611.42 | 23.3957 | 2428.67 | 0.860338 | -0.509724 | 0 | M16A2 | 0 | 79.2192 | 16.0446 | 0 | 1 | 1 | 0 | 0 | 0 | 0 | 1 | camera | Land_Office_Municipal1 | 0.860338 | 0 | -0.
SCRIPT       : DATA_LOG | 526306 | aRapBi1cCZPZAGLIDny3dk3hQ8vTmNTLHRl8zxmKgQ0= | 6611.42 | 23.3957 | 2428.67 | 0.860338 | -0.509724 | 0 | M16A2 | 0 | 79.212 | 16.0421 | 0 | 1 | 1 | 0 | 0 | 0 | 0 | 1 | camera | Land_Office_Municipal1 | 0.860338 | 0 | -0.5
SCRIPT       : DATA_LOG | 527305 | aRapBi1cCZPZAGLIDny3dk3hQ8vTmNTLHRl8zxmKgQ0= | 6611.42 | 23.3957 | 2428.67 | 0.860338 | -0.509724 | 0 | M16A2 | 0 | 79.2111 | 16.0429 | 0 | 1 | 1 | 0 | 0 | 0 | 0 | 1 | camera | Land_Office_Municipal1 | 0.860338 | 0 | -0.
SCRIPT       : DATA_LOG | 528311 | aRapBi1cCZPZAGLIDny3dk3hQ8vTmNTLHRl8zxmKgQ0= | 6611.42 | 23.3957 | 2428.67 | 0.860338 | -0.509724 | 0 | M16A2 | 0 | 79.2138 | 16.044 | 0 | 1 | 1 | 0 | 0 | 0 | 0 | 1 | camera | Land_Office_Municipal1 | 0.860338 | 0 | -0.5
SCRIPT       : DATA_LOG | 529308 | aRapBi1cCZPZAGLIDny3dk3hQ8vTmNTLHRl8zxmKgQ0= | 6611.42 | 23.3957 | 2428.67 | 0.860338 | -0.509724 | 0 | M16A2 | 0 | 79.2121 | 16.0434 | 0 | 1 | 1 | 0 | 0 | 0 | 0 | 1 | camera | Land_Office_Municipal1 | 0.860338 | 0 | -0.
SCRIPT       : DATA_LOG | 530306 | aRapBi1cCZPZAGLIDny3dk3hQ8vTmNTLHRl8zxmKgQ0= | 6611.42 | 23.3957 | 2428.67 | 0.860338 | -0.509724 | 0 | M16A2 | 0 | 79.2052 | 16.044 | 0 | 1 | 1 | 0 | 0 | 0 | 0 | 1 | camera | Land_Office_Municipal1 | 0.860338 | 0 | -0.5
SCRIPT       : DATA_LOG | 531311 | aRapBi1cCZPZAGLIDny3dk3hQ8vTmNTLHRl8zxmKgQ0= | 6611.42 | 23.3957 | 2428.67 | 0.860338 | -0.509724 | 0 | M16A2 | 0 | 79.198 | 16.0442 | 0 | 1 | 1 | 0 | 0 | 0 | 0 | 1 | camera | Land_Office_Municipal1 | 0.860338 | 0 | -0.5
SCRIPT       : DATA_LOG | 532311 | aRapBi1cCZPZAGLIDny3dk3hQ8vTmNTLHRl8zxmKgQ0= | 6611.42 | 23.3957 | 2428.67 | 0.860338 | -0.509724 | 0 | M16A2 | 0 | 79.2141 | 16.0448 | 0 | 1 | 1 | 0 | 0 | 0 | 0 | 1 | camera | Land_Office_Municipal1 | 0.860338 | 0 | -0.
SCRIPT       : DATA_LOG | 533349 | aRapBi1cCZPZAGLIDny3dk3hQ8vTmNTLHRl8zxmKgQ0= | 6611.42 | 23.3957 | 2428.67 | 0.860338 | -0.509724 | 0 | M16A2 | 0 | 79.2158 | 16.0424 | 0 | 1 | 1 | 0 | 0 | 0 | 0 | 1 | camera | Land_Office_Municipal1 | 0.860338 | 0 | -0.
SCRIPT       : DATA_LOG | 534350 | aRapBi1cCZPZAGLIDny3dk3hQ8vTmNTLHRl8zxmKgQ0= | 6611.42 | 23.3957 | 2428.67 | 0.860338 | -0.509724 | 0 | M16A2 | 0 | 79.2081 | 16.0427 | 0 | 1 | 1 | 0 | 0 | 0 | 0 | 1 | camera | Land_Office_Municipal1 | 0.860338 | 0 | -0.
SCRIPT       : DATA_LOG | 535349 | aRapBi1cCZPZAGLIDny3dk3hQ8vTmNTLHRl8zxmKgQ0= | 6611.42 | 23.3957 | 2428.67 | 0.860338 | -0.509724 | 0 | M16A2 | 0 | 79.216 | 16.0442 | 0 | 1 | 1 | 0 | 0 | 0 | 0 | 1 | camera | Land_Office_Municipal1 | 0.860338 | 0 | -0.5
SCRIPT       : DATA_LOG | 536352 | aRapBi1cCZPZAGLIDny3dk3hQ8vTmNTLHRl8zxmKgQ0= | 6611.42 | 23.3957 | 2428.67 | 0.860338 | -0.509724 | 0 | M16A2 | 0 | 79.2143 | 16.0432 | 0 | 1 | 1 | 0 | 0 | 0 | 0 | 1 | camera | Land_Office_Municipal1 | 0.860338 | 0 | -0.
SCRIPT       : DATA_LOG | 537353 | aRapBi1cCZPZAGLIDny3dk3hQ8vTmNTLHRl8zxmKgQ0= | 6611.42 | 23.3957 | 2428.67 | 0.860338 | -0.509724 | 0 | M16A2 | 0 | 79.2067 | 16.0439 | 0 | 1 | 1 | 0 | 0 | 0 | 0 | 1 | camera | Land_Office_Municipal1 | 0.860338 | 0 | -0.
SCRIPT       : DATA_LOG | 538353 | aRapBi1cCZPZAGLIDny3dk3hQ8vTmNTLHRl8zxmKgQ0= | 6611.42 | 23.3957 | 2428.67 | 0.860338 | -0.509724 | 0 | M16A2 | 0 | 79.1992 | 16.0444 | 0 | 1 | 1 | 0 | 0 | 0 | 0 | 1 | camera | Land_Office_Municipal1 | 0.860338 | 0 | -0.
SCRIPT       : DATA_LOG | 539354 | aRapBi1cCZPZAGLIDny3dk3hQ8vTmNTLHRl8zxmKgQ0= | 6611.42 | 23.3957 | 2428.67 | 0.860338 | -0.509724 | 0 | M16A2 | 0 | 79.2072 | 16.0449 | 0 | 1 | 1 | 0 | 0 | 0 | 0 | 1 | camera | Land_Office_Municipal1 | 0.860338 | 0 | -0.
SCRIPT       : DATA_LOG | 540351 | aRapBi1cCZPZAGLIDny3dk3hQ8vTmNTLHRl8zxmKgQ0= | 6611.42 | 23.3957 | 2428.67 | 0.860338 | -0.509724 | 0 | M16A2 | 0 | 79.2181 | 16.0428 | 0 | 1 | 1 | 0 | 0 | 0 | 0 | 1 | camera | Land_Office_Municipal1 | 0.860338 | 0 | -0.
SCRIPT       : DATA_LOG | 541356 | aRapBi1cCZPZAGLIDny3dk3hQ8vTmNTLHRl8zxmKgQ0= | 6611.42 | 23.3957 | 2428.67 | 0.860338 | -0.509724 | 0 | M16A2 | 0 | 79.206 | 16.0424 | 0 | 1 | 1 | 0 | 0 | 0 | 0 | 1 | camera | Land_Office_Municipal1 | 0.860338 | 0 | -0.5
SCRIPT       : DATA_LOG | 542357 | aRapBi1cCZPZAGLIDny3dk3hQ8vTmNTLHRl8zxmKgQ0= | 6611.42 | 23.3957 | 2428.67 | 0.860338 | -0.509724 | 0 | M16A2 | 0 | 79.217 | 16.0442 | 0 | 1 | 1 | 0 | 0 | 0 | 0 | 1 | camera | Land_Office_Municipal1 | 0.860338 | 0 | -0.5
SCRIPT       : DATA_LOG | 543357 | aRapBi1cCZPZAGLIDny3dk3hQ8vTmNTLHRl8zxmKgQ0= | 6611.42 | 23.3957 | 2428.67 | 0.860338 | -0.509724 | 0 | M16A2 | 0 | 79.2139 | 16.0431 | 0 | 1 | 1 | 0 | 0 | 0 | 0 | 1 | camera | Land_Office_Municipal1 | 0.860338 | 0 | -0.
SCRIPT       : DATA_LOG | 544358 | aRapBi1cCZPZAGLIDny3dk3hQ8vTmNTLHRl8zxmKgQ0= | 6611.42 | 23.3957 | 2428.67 | 0.860338 | -0.509724 | 0 | M16A2 | 0 | 79.2053 | 16.0438 | 0 | 1 | 1 | 0 | 0 | 0 | 0 | 1 | camera | Land_Office_Municipal1 | 0.860338 | 0 | -0.
SCRIPT       : DATA_LOG | 545363 | aRapBi1cCZPZAGLIDny3dk3hQ8vTmNTLHRl8zxmKgQ0= | 6611.42 | 23.3957 | 2428.67 | 0.860338 | -0.509724 | 0 | M16A2 | 0 | 79.2004 | 16.0444 | 0 | 1 | 1 | 0 | 0 | 0 | 0 | 1 | camera | Land_Office_Municipal1 | 0.860338 | 0 | -0.
SCRIPT       : DATA_LOG | 546360 | aRapBi1cCZPZAGLIDny3dk3hQ8vTmNTLHRl8zxmKgQ0= | 6611.42 | 23.3957 | 2428.67 | 0.860338 | -0.509724 | 0 | M16A2 | 0 | 79.2002 | 16.0445 | 0 | 1 | 1 | 0 | 0 | 0 | 0 | 1 | camera | Land_Office_Municipal1 | 0.860338 | 0 | -0.
SCRIPT       : DATA_LOG | 547362 | aRapBi1cCZPZAGLIDny3dk3hQ8vTmNTLHRl8zxmKgQ0= | 6611.42 | 23.3957 | 2428.67 | 0.860338 | -0.509724 | 0 | M16A2 | 0 | 79.2203 | 16.0431 | 0 | 1 | 1 | 0 | 0 | 0 | 0 | 1 | camera | Land_Office_Municipal1 | 0.860338 | 0 | -0.
SCRIPT       : DATA_LOG | 548363 | aRapBi1cCZPZAGLIDny3dk3hQ8vTmNTLHRl8zxmKgQ0= | 6611.42 | 23.3957 | 2428.67 | 0.860338 | -0.509724 | 0 | M16A2 | 0 | 79.2043 | 16.0423 | 0 | 1 | 1 | 0 | 0 | 0 | 0 | 1 | camera | Land_Office_Municipal1 | 0.860338 | 0 | -0.
SCRIPT       : DATA_LOG | 549361 | aRapBi1cCZPZAGLIDny3dk3hQ8vTmNTLHRl8zxmKgQ0= | 6611.42 | 23.3957 | 2428.67 | 0.860338 | -0.509724 | 0 | M16A2 | 0 | 79.2179 | 16.0441 | 0 | 1 | 1 | 0 | 0 | 0 | 0 | 1 | camera | Land_Office_Municipal1 | 0.860338 | 0 | -0.
SCRIPT       : DATA_LOG | 550367 | aRapBi1cCZPZAGLIDny3dk3hQ8vTmNTLHRl8zxmKgQ0= | 6611.42 | 23.3957 | 2428.67 | 0.860338 | -0.509724 | 0 | M16A2 | 0 | 79.213 | 16.043 | 0 | 1 | 1 | 0 | 0 | 0 | 0 | 1 | camera | Land_Office_Municipal1 | 0.860338 | 0 | -0.50
SCRIPT       : DATA_LOG | 551371 | aRapBi1cCZPZAGLIDny3dk3hQ8vTmNTLHRl8zxmKgQ0= | 6611.42 | 23.3957 | 2428.67 | 0.860338 | -0.509724 | 0 | M16A2 | 0 | 79.2059 | 16.0436 | 0 | 1 | 1 | 0 | 0 | 0 | 0 | 1 | camera | Land_Office_Municipal1 | 0.860338 | 0 | -0.
SCRIPT       : DATA_LOG | 552368 | aRapBi1cCZPZAGLIDny3dk3hQ8vTmNTLHRl8zxmKgQ0= | 6611.42 | 23.3957 | 2428.67 | 0.860338 | -0.509724 | 0 | M16A2 | 0 | 79.2001 | 16.0443 | 0 | 1 | 1 | 0 | 0 | 0 | 0 | 1 | camera | Land_Office_Municipal1 | 0.860338 | 0 | -0.
SCRIPT       : DATA_LOG | 553371 | aRapBi1cCZPZAGLIDny3dk3hQ8vTmNTLHRl8zxmKgQ0= | 6611.42 | 23.3957 | 2428.67 | 0.860338 | -0.509724 | 0 | M16A2 | 0 | 79.1952 | 16.044 | 0 | 1 | 1 | 0 | 0 | 0 | 0 | 1 | camera | Land_Office_Municipal1 | 0.860338 | 0 | -0.5
SCRIPT       : DATA_LOG | 554368 | aRapBi1cCZPZAGLIDny3dk3hQ8vTmNTLHRl8zxmKgQ0= | 6611.42 | 23.3957 | 2428.67 | 0.860338 | -0.509724 | 0 | M16A2 | 0 | 79.2215 | 16.0437 | 0 | 1 | 1 | 0 | 0 | 0 | 0 | 1 | camera | Land_Office_Municipal1 | 0.860338 | 0 | -0.
SCRIPT       : DATA_LOG | 555368 | aRapBi1cCZPZAGLIDny3dk3hQ8vTmNTLHRl8zxmKgQ0= | 6611.42 | 23.3957 | 2428.67 | 0.860338 | -0.509724 | 0 | M16A2 | 0 | 79.2039 | 16.0422 | 0 | 1 | 1 | 0 | 0 | 0 | 0 | 1 | camera | Land_Office_Municipal1 | 0.860338 | 0 | -0.
SCRIPT       : DATA_LOG | 556371 | aRapBi1cCZPZAGLIDny3dk3hQ8vTmNTLHRl8zxmKgQ0= | 6611.42 | 23.3957 | 2428.67 | 0.860338 | -0.509724 | 0 | M16A2 | 0 | 79.2176 | 16.0437 | 0 | 1 | 1 | 0 | 0 | 0 | 0 | 1 | camera | Land_Office_Municipal1 | 0.860338 | 0 | -0.
SCRIPT       : DATA_LOG | 557372 | aRapBi1cCZPZAGLIDny3dk3hQ8vTmNTLHRl8zxmKgQ0= | 6611.42 | 23.3957 | 2428.67 | 0.860338 | -0.509724 | 0 | M16A2 | 0 | 79.2133 | 16.0431 | 0 | 1 | 1 | 0 | 0 | 0 | 0 | 1 | camera | Land_Office_Municipal1 | 0.860338 | 0 | -0.
SCRIPT       : DATA_LOG | 558375 | aRapBi1cCZPZAGLIDny3dk3hQ8vTmNTLHRl8zxmKgQ0= | 6611.42 | 23.3957 | 2428.67 | 0.860338 | -0.509724 | 0 | M16A2 | 0 | 79.2047 | 16.0438 | 0 | 1 | 1 | 0 | 0 | 0 | 0 | 1 | camera | Land_Office_Municipal1 | 0.860338 | 0 | -0.
SCRIPT       : DATA_LOG | 559375 | aRapBi1cCZPZAGLIDny3dk3hQ8vTmNTLHRl8zxmKgQ0= | 6611.42 | 23.3957 | 2428.67 | 0.860338 | -0.509724 | 0 | M16A2 | 0 | 79.1998 | 16.0443 | 0 | 1 | 1 | 0 | 0 | 0 | 0 | 1 | camera | Land_Office_Municipal1 | 0.860338 | 0 | -0.
SCRIPT       : DATA_LOG | 560374 | aRapBi1cCZPZAGLIDny3dk3hQ8vTmNTLHRl8zxmKgQ0= | 6611.42 | 23.3957 | 2428.67 | 0.860338 | -0.509724 | 0 | M16A2 | 0 | 79.1935 | 16.0438 | 0 | 1 | 1 | 0 | 0 | 0 | 0 | 1 | camera | Land_Office_Municipal1 | 0.860338 | 0 | -0.
SCRIPT       : DATA_LOG | 561378 | aRapBi1cCZPZAGLIDny3dk3hQ8vTmNTLHRl8zxmKgQ0= | 6611.42 | 23.3957 | 2428.67 | 0.860338 | -0.509724 | 0 | M16A2 | 0 | 79.2224 | 16.0442 | 0 | 1 | 1 | 0 | 0 | 0 | 0 | 1 | camera | Land_Office_Municipal1 | 0.860338 | 0 | -0.
SCRIPT       : DATA_LOG | 562376 | aRapBi1cCZPZAGLIDny3dk3hQ8vTmNTLHRl8zxmKgQ0= | 6611.42 | 23.3957 | 2428.67 | 0.860338 | -0.509724 | 0 | M16A2 | 0 | 79.2063 | 16.0421 | 0 | 1 | 1 | 0 | 0 | 0 | 0 | 1 | camera | Land_Office_Municipal1 | 0.860338 | 0 | -0.
SCRIPT       : DATA_LOG | 563376 | aRapBi1cCZPZAGLIDny3dk3hQ8vTmNTLHRl8zxmKgQ0= | 6611.42 | 23.3957 | 2428.67 | 0.860338 | -0.509724 | 0 | M16A2 | 0 | 79.215 | 16.0433 | 0 | 1 | 1 | 0 | 0 | 0 | 0 | 1 | camera | Land_Office_Municipal1 | 0.860338 | 0 | -0.5
SCRIPT       : DATA_LOG | 564382 | aRapBi1cCZPZAGLIDny3dk3hQ8vTmNTLHRl8zxmKgQ0= | 6611.42 | 23.3957 | 2428.67 | 0.860338 | -0.509724 | 0 | M16A2 | 0 | 79.2122 | 16.0435 | 0 | 1 | 1 | 0 | 0 | 0 | 0 | 1 | camera | Land_Office_Municipal1 | 0.860338 | 0 | -0.
SCRIPT       : DATA_LOG | 565382 | aRapBi1cCZPZAGLIDny3dk3hQ8vTmNTLHRl8zxmKgQ0= | 6611.42 | 23.3957 | 2428.67 | 0.860338 | -0.509724 | 0 | M16A2 | 0 | 79.2064 | 16.0436 | 0 | 1 | 1 | 0 | 0 | 0 | 0 | 1 | camera | Land_Office_Municipal1 | 0.860338 | 0 | -0.
SCRIPT       : DATA_LOG | 566381 | aRapBi1cCZPZAGLIDny3dk3hQ8vTmNTLHRl8zxmKgQ0= | 6611.42 | 23.3957 | 2428.67 | 0.860338 | -0.509724 | 0 | M16A2 | 0 | 79.202 | 16.0442 | 0 | 1 | 1 | 0 | 0 | 0 | 0 | 1 | camera | Land_Office_Municipal1 | 0.860338 | 0 | -0.5
SCRIPT       : DATA_LOG | 567386 | aRapBi1cCZPZAGLIDny3dk3hQ8vTmNTLHRl8zxmKgQ0= | 6611.42 | 23.3957 | 2428.67 | 0.860338 | -0.509724 | 0 | M16A2 | 0 | 79.1953 | 16.0439 | 0 | 1 | 1 | 0 | 0 | 0 | 0 | 1 | camera | Land_Office_Municipal1 | 0.860338 | 0 | -0.
SCRIPT       : DATA_LOG | 568389 | aRapBi1cCZPZAGLIDny3dk3hQ8vTmNTLHRl8zxmKgQ0= | 6611.42 | 23.3957 | 2428.67 | 0.860338 | -0.509724 | 0 | M16A2 | 0 | 79.2196 | 16.0446 | 0 | 1 | 1 | 0 | 0 | 0 | 0 | 1 | camera | Land_Office_Municipal1 | 0.860338 | 0 | -0.
SCRIPT       : DATA_LOG | 569388 | aRapBi1cCZPZAGLIDny3dk3hQ8vTmNTLHRl8zxmKgQ0= | 6611.42 | 23.3957 | 2428.67 | 0.860338 | -0.509724 | 0 | M16A2 | 0 | 79.2102 | 16.0421 | 0 | 1 | 1 | 0 | 0 | 0 | 0 | 1 | camera | Land_Office_Municipal1 | 0.860338 | 0 | -0.
SCRIPT       : DATA_LOG | 570384 | aRapBi1cCZPZAGLIDny3dk3hQ8vTmNTLHRl8zxmKgQ0= | 6611.42 | 23.3957 | 2428.67 | 0.860338 | -0.509724 | 0 | M16A2 | 0 | 79.2125 | 16.0429 | 0 | 1 | 1 | 0 | 0 | 0 | 0 | 1 | camera | Land_Office_Municipal1 | 0.860338 | 0 | -0.
SCRIPT       : DATA_LOG | 571392 | aRapBi1cCZPZAGLIDny3dk3hQ8vTmNTLHRl8zxmKgQ0= | 6611.42 | 23.3957 | 2428.67 | 0.860338 | -0.509724 | 0 | M16A2 | 0 | 79.2124 | 16.0439 | 0 | 1 | 1 | 0 | 0 | 0 | 0 | 1 | camera | Land_Office_Municipal1 | 0.860338 | 0 | -0.
SCRIPT       : DATA_LOG | 572387 | aRapBi1cCZPZAGLIDny3dk3hQ8vTmNTLHRl8zxmKgQ0= | 6611.42 | 23.3957 | 2428.67 | 0.860338 | -0.509724 | 0 | M16A2 | 0 | 79.2101 | 16.0434 | 0 | 1 | 1 | 0 | 0 | 0 | 0 | 1 | camera | Land_Office_Municipal1 | 0.860338 | 0 | -0.
SCRIPT       : DATA_LOG | 573390 | aRapBi1cCZPZAGLIDny3dk3hQ8vTmNTLHRl8zxmKgQ0= | 6611.42 | 23.3957 | 2428.67 | 0.860338 | -0.509724 | 0 | M16A2 | 0 | 79.2044 | 16.0441 | 0 | 1 | 1 | 0 | 0 | 0 | 0 | 1 | camera | Land_Office_Municipal1 | 0.860338 | 0 | -0.
SCRIPT       : DATA_LOG | 574392 | aRapBi1cCZPZAGLIDny3dk3hQ8vTmNTLHRl8zxmKgQ0= | 6611.42 | 23.3957 | 2428.67 | 0.860338 | -0.509724 | 0 | M16A2 | 0 | 79.1981 | 16.044 | 0 | 1 | 1 | 0 | 0 | 0 | 0 | 1 | camera | Land_Office_Municipal1 | 0.860338 | 0 | -0.5
SCRIPT       : DATA_LOG | 575389 | aRapBi1cCZPZAGLIDny3dk3hQ8vTmNTLHRl8zxmKgQ0= | 6611.42 | 23.3957 | 2428.67 | 0.860338 | -0.509724 | 0 | M16A2 | 0 | 79.2159 | 16.0448 | 0 | 1 | 1 | 0 | 0 | 0 | 0 | 1 | camera | Land_Office_Municipal1 | 0.860338 | 0 | -0.
SCRIPT       : DATA_LOG | 576392 | aRapBi1cCZPZAGLIDny3dk3hQ8vTmNTLHRl8zxmKgQ0= | 6611.42 | 23.3957 | 2428.67 | 0.860338 | -0.509724 | 0 | M16A2 | 0 | 79.2136 | 16.0423 | 0 | 1 | 1 | 0 | 0 | 0 | 0 | 1 | camera | Land_Office_Municipal1 | 0.860338 | 0 | -0.
SCRIPT       : DATA_LOG | 577396 | aRapBi1cCZPZAGLIDny3dk3hQ8vTmNTLHRl8zxmKgQ0= | 6611.42 | 23.3957 | 2428.67 | 0.860338 | -0.509724 | 0 | M16A2 | 0 | 79.2093 | 16.0427 | 0 | 1 | 1 | 0 | 0 | 0 | 0 | 1 | camera | Land_Office_Municipal1 | 0.860338 | 0 | -0.
SCRIPT       : DATA_LOG | 578398 | aRapBi1cCZPZAGLIDny3dk3hQ8vTmNTLHRl8zxmKgQ0= | 6611.42 | 23.3957 | 2428.67 | 0.860338 | -0.509724 | 0 | M16A2 | 0 | 79.2142 | 16.0441 | 0 | 1 | 1 | 0 | 0 | 0 | 0 | 1 | camera | Land_Office_Municipal1 | 0.860338 | 0 | -0.
SCRIPT       : DATA_LOG | 579396 | aRapBi1cCZPZAGLIDny3dk3hQ8vTmNTLHRl8zxmKgQ0= | 6611.42 | 23.3957 | 2428.67 | 0.860338 | -0.509724 | 0 | M16A2 | 0 | 79.2142 | 16.0433 | 0 | 1 | 1 | 0 | 0 | 0 | 0 | 1 | camera | Land_Office_Municipal1 | 0.860338 | 0 | -0.
SCRIPT       : DATA_LOG | 580397 | aRapBi1cCZPZAGLIDny3dk3hQ8vTmNTLHRl8zxmKgQ0= | 6611.42 | 23.3957 | 2428.67 | 0.860338 | -0.509724 | 0 | M16A2 | 0 | 79.2071 | 16.0439 | 0 | 1 | 1 | 0 | 0 | 0 | 0 | 1 | camera | Land_Office_Municipal1 | 0.860338 | 0 | -0.
SCRIPT       : DATA_LOG | 581398 | aRapBi1cCZPZAGLIDny3dk3hQ8vTmNTLHRl8zxmKgQ0= | 6611.42 | 23.3957 | 2428.67 | 0.860338 | -0.509724 | 0 | M16A2 | 0 | 79.1989 | 16.0443 | 0 | 1 | 1 | 0 | 0 | 0 | 0 | 1 | camera | Land_Office_Municipal1 | 0.860338 | 0 | -0.
SCRIPT       : DATA_LOG | 582404 | aRapBi1cCZPZAGLIDny3dk3hQ8vTmNTLHRl8zxmKgQ0= | 6611.42 | 23.3957 | 2428.67 | 0.860338 | -0.509724 | 0 | M16A2 | 0 | 79.211 | 16.0448 | 0 | 1 | 1 | 0 | 0 | 0 | 0 | 1 | camera | Land_Office_Municipal1 | 0.860338 | 0 | -0.5
SCRIPT       : DATA_LOG | 583410 | aRapBi1cCZPZAGLIDny3dk3hQ8vTmNTLHRl8zxmKgQ0= | 6611.42 | 23.3957 | 2428.67 | 0.860338 | -0.509724 | 0 | M16A2 | 0 | 79.2169 | 16.0426 | 0 | 1 | 1 | 0 | 0 | 0 | 0 | 1 | camera | Land_Office_Municipal1 | 0.860338 | 0 | -0.
SCRIPT       : DATA_LOG | 584406 | aRapBi1cCZPZAGLIDny3dk3hQ8vTmNTLHRl8zxmKgQ0= | 6611.42 | 23.3957 | 2428.67 | 0.635405 | -0.772179 | 0 | M16A2 | 0 | 79.8843 | 16.0425 | 0 | 1 | 1 | 0 | 0 | 0 | 0 | 1 | camera | Land_Office_Municipal1 | 0.635405 | 0 | -0.
SCRIPT       : DATA_LOG | 585404 | aRapBi1cCZPZAGLIDny3dk3hQ8vTmNTLHRl8zxmKgQ0= | 6611.42 | 23.3957 | 2428.67 | 0.635405 | -0.772179 | 0 | M16A2 | 0 | 79.912 | 16.0442 | 0 | 1 | 1 | 0 | 0 | 0 | 0 | 1 | camera | Land_Office_Municipal1 | 0.635405 | 0 | -0.7
SCRIPT       : DATA_LOG | 586404 | aRapBi1cCZPZAGLIDny3dk3hQ8vTmNTLHRl8zxmKgQ0= | 6611.42 | 23.3957 | 2428.67 | 0.635405 | -0.772179 | 0 | M16A2 | 0 | 79.8991 | 16.0431 | 0 | 1 | 1 | 0 | 0 | 0 | 0 | 1 | camera | Land_Office_Municipal1 | 0.635405 | 0 | -0.
SCRIPT       : DATA_LOG | 587402 | aRapBi1cCZPZAGLIDny3dk3hQ8vTmNTLHRl8zxmKgQ0= | 6611.42 | 23.3957 | 2428.67 | 0.635405 | -0.772179 | 0 | M16A2 | 0 | 79.9023 | 16.0438 | 0 | 1 | 1 | 0 | 0 | 0 | 0 | 1 | camera | Land_Office_Municipal1 | 0.635405 | 0 | -0.
SCRIPT       : DATA_LOG | 588407 | aRapBi1cCZPZAGLIDny3dk3hQ8vTmNTLHRl8zxmKgQ0= | 6611.42 | 23.3957 | 2428.67 | 0.635405 | -0.772179 | 0 | M16A2 | 0 | 79.8915 | 16.0444 | 0 | 1 | 1 | 0 | 0 | 0 | 0 | 1 | camera | Land_Office_Municipal1 | 0.635405 | 0 | -0.
SCRIPT       : DATA_LOG | 589403 | aRapBi1cCZPZAGLIDny3dk3hQ8vTmNTLHRl8zxmKgQ0= | 6611.42 | 23.3957 | 2428.67 | 0.635405 | -0.772179 | 0 | M16A2 | 0 | 79.8955 | 16.0447 | 0 | 1 | 1 | 0 | 0 | 0 | 0 | 1 | camera | Land_Office_Municipal1 | 0.635405 | 0 | -0.
SCRIPT       : DATA_LOG | 590405 | aRapBi1cCZPZAGLIDny3dk3hQ8vTmNTLHRl8zxmKgQ0= | 6611.42 | 23.3957 | 2428.67 | 0.635405 | -0.772179 | 0 | M16A2 | 0 | 79.9098 | 16.043 | 0 | 1 | 1 | 0 | 0 | 0 | 0 | 1 | camera | Land_Office_Municipal1 | 0.635405 | 0 | -0.7
SCRIPT       : DATA_LOG | 591422 | aRapBi1cCZPZAGLIDny3dk3hQ8vTmNTLHRl8zxmKgQ0= | 6611.42 | 23.3957 | 2428.67 | 0.635405 | -0.772179 | 0 | M16A2 | 0 | 79.8796 | 16.0424 | 0 | 1 | 1 | 0 | 0 | 0 | 0 | 1 | camera | Land_Office_Municipal1 | 0.635405 | 0 | -0.
SCRIPT       : DATA_LOG | 592418 | aRapBi1cCZPZAGLIDny3dk3hQ8vTmNTLHRl8zxmKgQ0= | 6611.42 | 23.3957 | 2428.67 | 0.635405 | -0.772179 | 0 | M16A2 | 0 | 79.913 | 16.0441 | 0 | 1 | 1 | 0 | 0 | 0 | 0 | 1 | camera | Land_Office_Municipal1 | 0.635405 | 0 | -0.7
SCRIPT       : DATA_LOG | 593414 | aRapBi1cCZPZAGLIDny3dk3hQ8vTmNTLHRl8zxmKgQ0= | 6611.42 | 23.3957 | 2428.67 | 0.635405 | -0.772179 | 0 | M16A2 | 0 | 79.8977 | 16.043 | 0 | 1 | 1 | 0 | 0 | 0 | 0 | 1 | camera | Land_Office_Municipal1 | 0.635405 | 0 | -0.7
SCRIPT       : DATA_LOG | 594419 | aRapBi1cCZPZAGLIDny3dk3hQ8vTmNTLHRl8zxmKgQ0= | 6611.42 | 23.3957 | 2428.67 | 0.635405 | -0.772179 | 0 | M16A2 | 0 | 79.8999 | 16.0437 | 0 | 1 | 1 | 0 | 0 | 0 | 0 | 1 | camera | Land_Office_Municipal1 | 0.635405 | 0 | -0.
SCRIPT       : DATA_LOG | 595419 | aRapBi1cCZPZAGLIDny3dk3hQ8vTmNTLHRl8zxmKgQ0= | 6611.92 | 23.3957 | 2428.13 | 0.735069 | -0.677992 | 0 | M16A2 | 0 | 82.0278 | 15.9305 | 0 | 1 | 1 | 0 | 0 | 0 | 0 | 1 | camera | Land_Office_Municipal1 | 0.735069 | 0 | -0.
SCRIPT       : DATA_LOG | 596424 | aRapBi1cCZPZAGLIDny3dk3hQ8vTmNTLHRl8zxmKgQ0= | 6613.89 | 23.3956 | 2426.4 | -0.094602 | 0.995515 | 0 | M16A2 | 0 | 87.3214 | 15.7783 | 0 | 1 | 1 | 0 | 0 | 0 | 0 | 1 | camera | Land_Office_Municipal1 | -0.094602 | 0 | 0.9
SCRIPT       : DATA_LOG | 597422 | aRapBi1cCZPZAGLIDny3dk3hQ8vTmNTLHRl8zxmKgQ0= | 6611.83 | 23.3957 | 2428.43 | -0.489043 | 0.87226 | 0 | M16A2 | 0 | 97.818 | 15.962 | 0 | 1 | 1 | 0 | 0 | 0 | 0 | 1 | camera | Land_Office_Municipal1 | -0.489043 | 0 | 0.872
SCRIPT       : DATA_LOG | 598428 | aRapBi1cCZPZAGLIDny3dk3hQ8vTmNTLHRl8zxmKgQ0= | 6610.63 | 23.7675 | 2430.65 | -0.471011 | 0.882128 | 0 | M16A2 | 0 | 106.137 | 16.8491 | 0 | 1 | 1 | 0 | 0 | 0 | 0 | 1 | camera | Land_Office_Municipal1 | -0.471011 | -0 | 0
SCRIPT       : DATA_LOG | 599428 | aRapBi1cCZPZAGLIDny3dk3hQ8vTmNTLHRl8zxmKgQ0= | 6610.66 | 24.0557 | 2431.45 | 0.0561417 | 0.998423 | 0 | M16A2 | 0 | 103.669 | 17.2997 | 0 | 1 | 1 | 0 | 0 | 0 | 0 | 1 | camera | Land_Office_Municipal1 | 0.0561417 | 0 | 0.
SCRIPT       : DATA_LOG | 600420 | aRapBi1cCZPZAGLIDny3dk3hQ8vTmNTLHRl8zxmKgQ0= | 6611.3 | 23.9748 | 2432.54 | -0.674243 | -0.73851 | 0 | M16A2 | 0 | 82.9466 | 17.4161 | 0 | 1 | 1 | 0 | 0 | 0 | 0 | 1 | camera | Land_Office_Municipal1 | -0.674243 | 0 | -0.
SCRIPT       : DATA_LOG | 601425 | aRapBi1cCZPZAGLIDny3dk3hQ8vTmNTLHRl8zxmKgQ0= | 6611.28 | 22.9011 | 2432.56 | -0.673926 | -0.738798 | 0 | M16A2 | 0 | 82.5298 | 16.4227 | 0 | 1 | 1 | 0 | 0 | 0 | 0 | 1 | camera | Land_Office_Municipal1 | -0.673926 | 0 | -
SCRIPT       : DATA_LOG | 602432 | aRapBi1cCZPZAGLIDny3dk3hQ8vTmNTLHRl8zxmKgQ0= | 6611.27 | 20.4784 | 2432.57 | -0.673801 | -0.738913 | 0 | M16A2 | 0 | 81.3514 | 14.2052 | 0 | 1 | 1 | 0 | 0 | 0 | 0 | 1 | camera | Land_Office_Municipal1 | -0.673801 | 0 | -
SCRIPT       : DATA_LOG | 603433 | aRapBi1cCZPZAGLIDny3dk3hQ8vTmNTLHRl8zxmKgQ0= | 6611.27 | 17.373 | 2432.57 | -0.673801 | -0.738913 | 0 | M16A2 | 0 | 79.2343 | 11.477 | 0 | 1 | 1 | 0 | 0 | 0 | 0 | 1 | camera | Land_Office_Municipal1 | -0.673801 | 0 | -0.
SCRIPT       : DATA_LOG | 604427 | aRapBi1cCZPZAGLIDny3dk3hQ8vTmNTLHRl8zxmKgQ0= | 6611.27 | 14.3678 | 2432.57 | -0.673801 | -0.738913 | 0 | M16A2 | 0 | 76.3765 | 9.06104 | 0 | 1 | 1 | 0 | 0 | 0 | 0 | 1 | camera | Land_Office_Municipal1 | -0.673801 | 0 | -
SCRIPT       : DATA_LOG | 605431 | aRapBi1cCZPZAGLIDny3dk3hQ8vTmNTLHRl8zxmKgQ0= | 6611.27 | 11.3625 | 2432.57 | -0.673801 | -0.738913 | 0 | M16A2 | 0 | 72.4136 | 7.12896 | 0 | 1 | 1 | 0 | 0 | 0 | 0 | 1 | camera | Land_Office_Municipal1 | -0.673801 | 0 | -
SCRIPT       : DATA_LOG | 606430 | aRapBi1cCZPZAGLIDny3dk3hQ8vTmNTLHRl8zxmKgQ0= | 6611.29 | 8.73676 | 2432.6 | -0.673801 | -0.738913 | 0 | M16A2 | 0 | 69.3832 | 6.17977 | 0 | 1 | 1 | 0 | 0 | 0 | 0 | 1 | camera |  | -0.673801 | 0 | -0.738913 | -0.673801 | 
SCRIPT       : DATA_LOG | 607431 | aRapBi1cCZPZAGLIDny3dk3hQ8vTmNTLHRl8zxmKgQ0= | 6612.17 | 8.38696 | 2433.13 | -0.943103 | 0.332501 | 0 | M16A2 | 0 | 126.362 | 6.29697 | 0 | 1 | 1 | 0 | 0 | 0 | 0 | 1 | camera |  | -0.943103 | 0 | 0.332501 | -0.943103 | 0
SCRIPT       : DATA_LOG | 608434 | aRapBi1cCZPZAGLIDny3dk3hQ8vTmNTLHRl8zxmKgQ0= | 6609.92 | 8.38702 | 2435.03 | -0.787479 | 0.616342 | 0 | M16A2 | 0 | 155.141 | 8.90305 | 0 | 1 | 1 | 0 | 0 | 0 | 0 | 1 | camera |  | -0.787479 | 0 | 0.616342 | -0.787479 | 0
SCRIPT       : DATA_LOG | 609433 | aRapBi1cCZPZAGLIDny3dk3hQ8vTmNTLHRl8zxmKgQ0= | 6607.76 | 8.38706 | 2435.18 | -0.976421 | -0.215876 | 0 | M16A2 | 0 | 115.478 | 10.2058 | 0 | 1 | 1 | 0 | 0 | 0 | 0 | 1 | camera |  | -0.976421 | 0 | -0.215876 | -0.976421 |
SCRIPT       : DATA_LOG | 610452 | aRapBi1cCZPZAGLIDny3dk3hQ8vTmNTLHRl8zxmKgQ0= | 6603.99 | 8.38698 | 2433.08 | 0.205496 | -0.978658 | 0 | M16A2 | 0 | 47.6728 | 11.6756 | 0 | 1 | 1 | 0 | 0 | 0 | 0 | 1 | camera |  | 0.205496 | 0 | -0.978658 | 0.205496 | 0 
SCRIPT       : DATA_LOG | 611444 | aRapBi1cCZPZAGLIDny3dk3hQ8vTmNTLHRl8zxmKgQ0= | 6599.83 | 8.38981 | 2429.3 | -0.340994 | -0.940065 | 0 | M16A2 | 0 | 101.391 | 14.3745 | 0 | 1 | 1 | 0 | 0 | 0 | 0 | 1 | camera |  | -0.340994 | 0 | -0.940065 | -0.340994 | 
SCRIPT       : DATA_LOG | 612444 | aRapBi1cCZPZAGLIDny3dk3hQ8vTmNTLHRl8zxmKgQ0= | 6600.94 | 8.68081 | 2424.29 | 0.966971 | -0.254887 | 0 | M16A2 | 0 | 27.4457 | 13.4236 | 0 | 1 | 1 | 0 | 0 | 0 | 0 | 1 | camera | Land_Office_Municipal1 | 0.966971 | 0 | -0.
SCRIPT       : DATA_LOG | 613440 | aRapBi1cCZPZAGLIDny3dk3hQ8vTmNTLHRl8zxmKgQ0= | 6604.04 | 8.75566 | 2422.71 | 0.801623 | -0.59783 | 0 | M16A2 | 0 | 60.9208 | 10.9823 | 0 | 1 | 1 | 0 | 0 | 0 | 0 | 1 | camera | Land_Office_Municipal1 | 0.801623 | 0 | -0.5
SCRIPT       : DATA_LOG | 614448 | aRapBi1cCZPZAGLIDny3dk3hQ8vTmNTLHRl8zxmKgQ0= | 6603.81 | 8.7557 | 2423.61 | -0.962213 | 0.272298 | 0 | M16A2 | 0 | 144.613 | 10.8712 | 0 | 1 | 1 | 0 | 0 | 0 | 0 | 1 | camera | Land_Office_Municipal1 | -0.962213 | 0 | 0.2
SCRIPT       : DATA_LOG | 615442 | aRapBi1cCZPZAGLIDny3dk3hQ8vTmNTLHRl8zxmKgQ0= | 6599.38 | 8.38978 | 2426.08 | -0.999019 | 0.0442822 | 0 | M16A2 | 0 | 172.651 | 14.7053 | 0 | 1 | 1 | 0 | 0 | 0 | 0 | 1 | camera |  | -0.999019 | 0 | 0.0442822 | -0.999019 |
SCRIPT       : DATA_LOG | 616442 | aRapBi1cCZPZAGLIDny3dk3hQ8vTmNTLHRl8zxmKgQ0= | 6594.77 | 7.49645 | 2428.22 | 0.552664 | -0.833404 | 0 | M16A2 | 0 | 53.3216 | 19.2881 | 0 | 1 | 1 | 0 | 0 | 0 | 0 | 1 | camera |  | 0.552664 | 0 | -0.833404 | 0.552664 | 0 
SCRIPT       : DATA_LOG | 617446 | aRapBi1cCZPZAGLIDny3dk3hQ8vTmNTLHRl8zxmKgQ0= | 6592.96 | 6.45068 | 2430.48 | 0.709449 | -0.704756 | 0 | M16A2 | 0 | 35.9574 | 21.355 | 0 | 1 | 1 | 0 | 0 | 0 | 0 | 1 | camera |  | 0.709449 | 0 | -0.704756 | 0.709449 | 0 |
SCRIPT       : DATA_LOG | 618444 | aRapBi1cCZPZAGLIDny3dk3hQ8vTmNTLHRl8zxmKgQ0= | 6590.71 | 6.16328 | 2432.35 | 0.714767 | -0.699363 | 0 | M16A2 | 0 | 32.0147 | 23.934 | 0 | 1 | 1 | 0 | 0 | 0 | 0 | 1 | camera |  | 0.714767 | 0 | -0.699363 | 0.714767 | 0 |
SCRIPT       : DATA_LOG | 619444 | aRapBi1cCZPZAGLIDny3dk3hQ8vTmNTLHRl8zxmKgQ0= | 6587.91 | 6.02498 | 2431.83 | 0.150938 | -0.988543 | 0 | M16A2 | 0 | 71.1959 | 26.5687 | 0 | 1 | 1 | 0 | 0 | 0 | 0 | 1 | camera |  | 0.150938 | 0 | -0.988543 | 0.150938 | 0 
SCRIPT       : DATA_LOG | 620451 | aRapBi1cCZPZAGLIDny3dk3hQ8vTmNTLHRl8zxmKgQ0= | 6585.02 | 6.025 | 2427.95 | 0.1463 | -0.98924 | 0 | M16A2 | 0 | 80.0311 | 29.06 | 0 | 1 | 1 | 0 | 0 | 0 | 0 | 1 | camera |  | 0.1463 | 0 | -0.98924 | 0.1463 | 0 | -0.98924 |
SCRIPT       : DATA_LOG | 621448 | aRapBi1cCZPZAGLIDny3dk3hQ8vTmNTLHRl8zxmKgQ0= | 6581.37 | 6.20198 | 2422.61 | 0.493399 | -0.869803 | 0 | M16A2 | 0 | 68.4017 | 32.9974 | 0 | 1 | 1 | 0 | 0 | 0 | 0 | 1 | camera |  | 0.493399 | 0 | -0.869803 | 0.493399 | 0 
SCRIPT       : DATA_LOG | 622457 | aRapBi1cCZPZAGLIDny3dk3hQ8vTmNTLHRl8zxmKgQ0= | 6581.22 | 6.02497 | 2417.24 | 0.972541 | -0.232734 | 0 | M16A2 | 0 | 30.4005 | 34.3052 | 0 | 1 | 1 | 0 | 0 | 0 | 0 | 1 | camera |  | 0.972541 | 0 | -0.232734 | 0.972541 | 0 
SCRIPT       : DATA_LOG | 623449 | aRapBi1cCZPZAGLIDny3dk3hQ8vTmNTLHRl8zxmKgQ0= | 6579.94 | 6.02489 | 2414.32 | 0.99974 | 0.0228034 | 0 | M16A2 | 0 | 19.5005 | 36.4683 | 0 | 1 | 1 | 0 | 0 | 0 | 0 | 1 | camera |  | 0.99974 | 0 | 0.0228034 | 0.99974 | 0 | 0
SCRIPT       : DATA_LOG | 624454 | aRapBi1cCZPZAGLIDny3dk3hQ8vTmNTLHRl8zxmKgQ0= | 6580.2 | 6.02496 | 2411.6 | 0.700387 | -0.713763 | 0 | M16A2 | 0 | 70.2532 | 37.2689 | 0 | 1 | 1 | 0 | 0 | 0 | 0 | 1 | camera |  | 0.700387 | 0 | -0.713763 | 0.700387 | 0 | 
SCRIPT       : DATA_LOG | 625460 | aRapBi1cCZPZAGLIDny3dk3hQ8vTmNTLHRl8zxmKgQ0= | 6581.87 | 6.02491 | 2408.14 | 0.0617101 | -0.998094 | 0 | M16A2 | 0 | 117.046 | 37.3972 | 0 | 1 | 1 | 0 | 0 | 0 | 0 | 1 | camera |  | 0.0617101 | 0 | -0.998094 | 0.0617101 |
SCRIPT       : DATA_LOG | 626454 | aRapBi1cCZPZAGLIDny3dk3hQ8vTmNTLHRl8zxmKgQ0= | 6583.58 | 6.15511 | 2402.28 | 0.713738 | -0.700413 | 0 | M16A2 | 0 | 83.7296 | 39.3426 | 0 | 1 | 1 | 0 | 0 | 0 | 0 | 1 | camera |  | 0.713738 | 0 | -0.700413 | 0.713738 | 0 
SCRIPT       : DATA_LOG | 627459 | aRapBi1cCZPZAGLIDny3dk3hQ8vTmNTLHRl8zxmKgQ0= | 6589.06 | 6.15512 | 2398.38 | 0.540253 | -0.841503 | 0 | M16A2 | 0 | 106.347 | 38.1188 | 0 | 1 | 1 | 0 | 0 | 0 | 0 | 1 | camera |  | 0.540253 | 0 | -0.841503 | 0.540253 | 0 
SCRIPT       : DATA_LOG | 628458 | aRapBi1cCZPZAGLIDny3dk3hQ8vTmNTLHRl8zxmKgQ0= | 6595.12 | 6.02496 | 2395.12 | 0.517166 | -0.855885 | 0 | M16A2 | 0 | 118.291 | 37.239 | 0 | 1 | 1 | 0 | 0 | 0 | 0 | 1 | camera |  | 0.517166 | 0 | -0.855885 | 0.517166 | 0 |
SCRIPT       : DATA_LOG | 629460 | aRapBi1cCZPZAGLIDny3dk3hQ8vTmNTLHRl8zxmKgQ0= | 6599.47 | 6.07373 | 2390.17 | -0.00758107 | -0.999971 | 0 | M16A2 | 0 | 158.845 | 39.7846 | 0 | 1 | 1 | 0 | 0 | 0 | 0 | 1 | camera |  | -0.00758107 | 0 | -0.999971 | -0.0075
SCRIPT       : DATA_LOG | 630462 | aRapBi1cCZPZAGLIDny3dk3hQ8vTmNTLHRl8zxmKgQ0= | 6601.11 | 6.09903 | 2383.96 | -0.17846 | -0.983947 | 0 | M16A2 | 0 | 173.339 | 45.1226 | 0 | 1 | 1 | 0 | 0 | 0 | 0 | 1 | camera |  | -0.17846 | 0 | -0.983947 | -0.17846 | 0 
SCRIPT       : DATA_LOG | 631462 | aRapBi1cCZPZAGLIDny3dk3hQ8vTmNTLHRl8zxmKgQ0= | 6602.29 | 6.02496 | 2377.7 | -0.190884 | -0.981613 | 1 | M16A2 | 0 | 177.037 | 50.8609 | 0 | 1 | 1 | 0 | 0 | 0 | 1 | 1 | camera |  | -0.190884 | 0 | -0.981613 | -0.190884 | 
SCRIPT       : DATA_LOG | 632458 | aRapBi1cCZPZAGLIDny3dk3hQ8vTmNTLHRl8zxmKgQ0= | 6602.99 | 6.20163 | 2377.29 | -0.191975 | -0.9814 | 0 | M16A2 | 0 | 177.864 | 51.0967 | 0 | 1 | 1 | 0 | 0 | 0 | 0 | 1 | camera |  | -0.191975 | 0 | -0.9814 | -0.191975 | 0 |
SCRIPT       : DATA_LOG | 633499 | aRapBi1cCZPZAGLIDny3dk3hQ8vTmNTLHRl8zxmKgQ0= | 6603.72 | 6.20197 | 2376.71 | -0.57647 | -0.817118 | 0 | M16A2 | 0 | 156.284 | 51.5081 | 0 | 1 | 1 | 0 | 0 | 0 | 0 | 1 | camera |  | -0.57647 | 0 | -0.817118 | -0.57647 | 0 
SCRIPT       : DATA_LOG | 634503 | aRapBi1cCZPZAGLIDny3dk3hQ8vTmNTLHRl8zxmKgQ0= | 6603.13 | 6.20194 | 2374 | -0.608938 | -0.793218 | 0 | M16A2 | 0 | 154.021 | 54.269 | 0 | 1 | 1 | 0 | 0 | 0 | 0 | 1 | camera |  | -0.608938 | 0 | -0.793218 | -0.608938 | 0 |
SCRIPT       : DATA_LOG | 635499 | aRapBi1cCZPZAGLIDny3dk3hQ8vTmNTLHRl8zxmKgQ0= | 6601.1 | 6.20197 | 2372.49 | -0.46544 | -0.88508 | 1 | M16A2 | 0 | 165.489 | 56.2024 | 0 | 1 | 1 | 0 | 0 | 0 | 0 | 1 | camera |  | -0.46544 | 0 | -0.88508 | -0.46544 | 0 | -
SCRIPT       : DATA_LOG | 636516 | aRapBi1cCZPZAGLIDny3dk3hQ8vTmNTLHRl8zxmKgQ0= | 6599.33 | 6.20197 | 2371.78 | -0.371854 | -0.928291 | 0 | M16A2 | 0 | 172.887 | 57.3119 | 0 | 1 | 1 | 0 | 0 | 0 | 0 | 1 | camera | Land_HouseBlock_3F_Corner1 | -0.371854 | 0
SCRIPT       : DATA_LOG | 637512 | aRapBi1cCZPZAGLIDny3dk3hQ8vTmNTLHRl8zxmKgQ0= | 6597.84 | 6.2405 | 2368.58 | -0.424995 | -0.905196 | 0 | M16A2 | 0 | 170.213 | 60.7941 | 0 | 1 | 1 | 0 | 0 | 0 | 0 | 1 | camera | Land_HouseBlock_3F_Corner1 | -0.424995 | 0 
SCRIPT       : DATA_LOG | 638520 | aRapBi1cCZPZAGLIDny3dk3hQ8vTmNTLHRl8zxmKgQ0= | 6595.62 | 6.30665 | 2365.94 | -0.974134 | -0.22597 | 0 | M16A2 | 0 | 119.787 | 63.9431 | 0 | 1 | 1 | 0 | 0 | 0 | 0 | 1 | camera | Land_HouseBlock_3F_Corner1 | -0.974134 | 0 
SCRIPT       : DATA_LOG | 639522 | aRapBi1cCZPZAGLIDny3dk3hQ8vTmNTLHRl8zxmKgQ0= | 6592.59 | 6.24983 | 2365.7 | -0.997884 | 0.0650146 | 0 | M16A2 | 0 | 105.497 | 65.1029 | 0 | 1 | 1 | 0 | 0 | 0 | 0 | 1 | camera | Land_HouseBlock_3F_Corner1 | -0.997884 | -0
SCRIPT       : DATA_LOG | 640516 | aRapBi1cCZPZAGLIDny3dk3hQ8vTmNTLHRl8zxmKgQ0= | 6591.3 | 6.38618 | 2366.44 | -0.0677596 | 0.997702 | 0 | M16A2 | 0 | 24.4288 | 64.8486 | 0 | 1 | 1 | 0 | 0 | 0 | 0 | 1 | camera | Land_HouseBlock_3F_Corner1 | -0.0677596 | -
SCRIPT       : DATA_LOG | 641514 | aRapBi1cCZPZAGLIDny3dk3hQ8vTmNTLHRl8zxmKgQ0= | 6591.56 | 6.38671 | 2366.05 | 0.580482 | -0.814273 | 1 | M16A2 | 0 | 124.328 | 65.1021 | 0 | 1 | 1 | 0 | 0 | 0 | 0 | 1 | camera | Land_HouseBlock_3F_Corner1 | 0.580482 | 0 |
SCRIPT       : DATA_LOG | 642527 | aRapBi1cCZPZAGLIDny3dk3hQ8vTmNTLHRl8zxmKgQ0= | 6592.58 | 6.28066 | 2364.93 | -0.0417285 | -0.999129 | 1 | M16A2 | 0 | 163.341 | 65.837 | 0 | 1 | 1 | 0 | 0 | 0 | 0 | 1 | camera | Land_HouseBlock_3F_Corner1 | -0.0417285 | 
SCRIPT       : DATA_LOG | 643521 | aRapBi1cCZPZAGLIDny3dk3hQ8vTmNTLHRl8zxmKgQ0= | 6593.09 | 6.27832 | 2364.91 | -0.0261946 | -0.999657 | 0 | M16A2 | 0 | 162.873 | 65.685 | 0 | 1 | 1 | 0 | 0 | 0 | 0 | 1 | camera | Land_HouseBlock_3F_Corner1 | -0.0261946 | 
SCRIPT       : DATA_LOG | 644518 | aRapBi1cCZPZAGLIDny3dk3hQ8vTmNTLHRl8zxmKgQ0= | 6593.09 | 6.27832 | 2364.91 | -0.0261946 | -0.999657 | 1 | M16A2 | 0 | 162.87 | 65.6925 | 0 | 1 | 1 | 0 | 0 | 0 | 0 | 1 | camera | Land_HouseBlock_3F_Corner1 | -0.0261946 | 
SCRIPT       : DATA_LOG | 645520 | aRapBi1cCZPZAGLIDny3dk3hQ8vTmNTLHRl8zxmKgQ0= | 6592.49 | 6.22509 | 2366.28 | -0.986696 | -0.162574 | 0 | M16A2 | 0 | 118.835 | 64.5938 | 0 | 1 | 1 | 0 | 0 | 0 | 0 | 1 | camera | Land_HouseBlock_3F_Corner1 | -0.986696 | 0
SCRIPT       : DATA_LOG | 646519 | aRapBi1cCZPZAGLIDny3dk3hQ8vTmNTLHRl8zxmKgQ0= | 6590.77 | 6.278 | 2366.72 | -0.547486 | -0.836815 | 0 | M16A2 | 0 | 167.795 | 64.7759 | 0 | 1 | 1 | 0 | 0 | 0 | 0 | 1 | camera | Land_HouseBlock_3F_Corner1 | -0.547486 | 0 |
SCRIPT       : DATA_LOG | 647522 | aRapBi1cCZPZAGLIDny3dk3hQ8vTmNTLHRl8zxmKgQ0= | 6588.39 | 6.27806 | 2368.82 | 0.773278 | 0.634068 | 0 | M16A2 | 0 | 26.9597 | 63.7481 | 0 | 1 | 1 | 0 | 0 | 0 | 0 | 1 | camera | Land_HouseBlock_3F_Corner1 | 0.773278 | 0 | 
SCRIPT       : DATA_LOG | 648527 | aRapBi1cCZPZAGLIDny3dk3hQ8vTmNTLHRl8zxmKgQ0= | 6589.32 | 7.12581 | 2371.23 | 0.930719 | 0.365735 | 0 | M16A2 | 0 | 44.7191 | 61.1276 | 0 | 1 | 1 | 0 | 0 | 0 | 0 | 1 | camera | Land_HouseBlock_3F_Corner1 | 0.930719 | 0 | 
SCRIPT       : DATA_LOG | 649525 | aRapBi1cCZPZAGLIDny3dk3hQ8vTmNTLHRl8zxmKgQ0= | 6591.17 | 8.64615 | 2373.85 | 0.999994 | -0.00349792 | 0 | M16A2 | 0 | 67.0007 | 58.0156 | 0 | 1 | 1 | 0 | 0 | 0 | 0 | 1 | camera | Land_HouseBlock_3F_Corner1 | 0.999994 | 0
SCRIPT       : DATA_LOG | 650528 | aRapBi1cCZPZAGLIDny3dk3hQ8vTmNTLHRl8zxmKgQ0= | 6591.88 | 8.64615 | 2373.57 | 0.806504 | -0.591229 | 0 | M16A2 | 0 | 103.79 | 57.9876 | 0 | 1 | 1 | 0 | 0 | 0 | 0 | 1 | camera | Land_HouseBlock_3F_Corner1 | 0.806504 | 0 | 
SCRIPT       : DATA_LOG | 651524 | aRapBi1cCZPZAGLIDny3dk3hQ8vTmNTLHRl8zxmKgQ0= | 6591.88 | 8.64615 | 2373.57 | 0.806504 | -0.591229 | 0 | M16A2 | 0 | 103.787 | 57.993 | 0 | 1 | 1 | 0 | 0 | 0 | 0 | 1 | camera | Land_HouseBlock_3F_Corner1 | 0.806504 | 0 | 
 SCRIPT       : [Logout]: New player aRapBi1cCZPZAGLIDny3dk3hQ8vTmNTLHRl8zxmKgQ0= with logout time 15
 SCRIPT       : Player "rafaelglima79" (steamid=76561199445097358) initiated disconnect process...
SCRIPT       : DATA_LOG | 652524 | aRapBi1cCZPZAGLIDny3dk3hQ8vTmNTLHRl8zxmKgQ0= | 6591.88 | 8.64615 | 2373.57 | 0.806504 | -0.591229 | 0 | M16A2 | 0 | 103.785 | 57.9947 | 0 | 1 | 1 | 0 | 0 | 0 | 0 | 1 | camera | Land_HouseBlock_3F_Corner1 | 0.806504 | 0 |
SCRIPT       : DATA_LOG | 653523 | aRapBi1cCZPZAGLIDny3dk3hQ8vTmNTLHRl8zxmKgQ0= | 6591.8 | 8.64615 | 2373.63 | 0.806503 | -0.591231 | 0 | M16A2 | 0 | 103.698 | 57.9658 | 0 | 1 | 1 | 0 | 0 | 0 | 0 | 1 | camera | Land_HouseBlock_3F_Corner1 | 0.806503 | 0 | 
SCRIPT       : DATA_LOG | 654522 | aRapBi1cCZPZAGLIDny3dk3hQ8vTmNTLHRl8zxmKgQ0= | 6591.8 | 8.64615 | 2373.63 | 0.806503 | -0.591231 | 0 | M16A2 | 0 | 103.704 | 57.9792 | 0 | 1 | 1 | 0 | 0 | 0 | 0 | 1 | camera | Land_HouseBlock_3F_Corner1 | 0.806503 | 0 | 
SCRIPT       : DATA_LOG | 655526 | aRapBi1cCZPZAGLIDny3dk3hQ8vTmNTLHRl8zxmKgQ0= | 6591.8 | 8.64615 | 2373.63 | 0.806503 | -0.591231 | 0 | M16A2 | 0 | 103.703 | 57.9578 | 0 | 1 | 1 | 0 | 0 | 0 | 0 | 1 | camera | Land_HouseBlock_3F_Corner1 | 0.806503 | 0 | 
 SCRIPT       : Player "rafaelglima79" (steamid=76561199445097358) disconnected early from server (EXIT NOW).
SCRIPT       : DATA_LOG | 656525 | aRapBi1cCZPZAGLIDny3dk3hQ8vTmNTLHRl8zxmKgQ0= | 6591.8 | 8.64615 | 2373.63 | 0.806503 | -0.591231 | 0 | M16A2 | 0 | 103.703 | 57.9708 | 0 | 1 | 1 | 0 | 0 | 0 | 0 | 1 | camera | Land_HouseBlock_3F_Corner1 | 0.806503 | 0 | 
SCRIPT       : DATA_LOG | 657524 | aRapBi1cCZPZAGLIDny3dk3hQ8vTmNTLHRl8zxmKgQ0= | 6591.8 | 8.64615 | 2373.63 | 0.806503 | -0.591231 | 0 | M16A2 | 0 | 103.702 | 57.9707 | 0 | 1 | 1 | 0 | 0 | 0 | 0 | 1 | camera | Land_HouseBlock_3F_Corner1 | 0.806503 | 0 | 
SCRIPT       : DATA_LOG | 658533 | aRapBi1cCZPZAGLIDny3dk3hQ8vTmNTLHRl8zxmKgQ0= | 6591.8 | 8.64615 | 2373.63 | 0.806503 | -0.591231 | 0 | M16A2 | 0 | 103.7 | 57.9721 | 0 | 1 | 1 | 0 | 0 | 0 | 0 | 1 | camera | Land_HouseBlock_3F_Corner1 | 0.806503 | 0 | -0
SCRIPT       : DATA_LOG | 659546 | aRapBi1cCZPZAGLIDny3dk3hQ8vTmNTLHRl8zxmKgQ0= | 6591.8 | 8.64615 | 2373.63 | 0.806503 | -0.591231 | 0 | M16A2 | 0 | 103.699 | 57.9766 | 0 | 1 | 1 | 0 | 0 | 0 | 0 | 1 | camera | Land_HouseBlock_3F_Corner1 | 0.806503 | 0 | 
SCRIPT       : DATA_LOG | 660533 | aRapBi1cCZPZAGLIDny3dk3hQ8vTmNTLHRl8zxmKgQ0= | 6591.8 | 8.64615 | 2373.63 | 0.806503 | -0.591231 | 0 | M16A2 | 0 | 103.698 | 57.9667 | 0 | 1 | 1 | 0 | 0 | 0 | 0 | 1 | camera | Land_HouseBlock_3F_Corner1 | 0.806503 | 0 | 
SCRIPT       : DATA_LOG | 661542 | aRapBi1cCZPZAGLIDny3dk3hQ8vTmNTLHRl8zxmKgQ0= | 6591.8 | 8.64615 | 2373.63 | 0.806503 | -0.591231 | 0 | M16A2 | 0 | 103.703 | 57.9796 | 0 | 1 | 1 | 0 | 0 | 0 | 0 | 1 | camera | Land_HouseBlock_3F_Corner1 | 0.806503 | 0 | 
SCRIPT       : DATA_LOG | 662541 | aRapBi1cCZPZAGLIDny3dk3hQ8vTmNTLHRl8zxmKgQ0= | 6591.8 | 8.64615 | 2373.63 | 0.806503 | -0.591231 | 0 | M16A2 | 0 | 103.704 | 57.9607 | 0 | 1 | 1 | 0 | 0 | 0 | 0 | 1 | camera | Land_HouseBlock_3F_Corner1 | 0.806503 | 0 | 
SCRIPT       : DATA_LOG | 663548 | aRapBi1cCZPZAGLIDny3dk3hQ8vTmNTLHRl8zxmKgQ0= | 6591.8 | 8.64615 | 2373.63 | 0.806503 | -0.591231 | 0 | M16A2 | 0 | 103.703 | 57.9671 | 0 | 1 | 1 | 0 | 0 | 0 | 0 | 1 | camera | Land_HouseBlock_3F_Corner1 | 0.806503 | 0 | 
SCRIPT       : DATA_LOG | 664542 | aRapBi1cCZPZAGLIDny3dk3hQ8vTmNTLHRl8zxmKgQ0= | 6591.8 | 8.64615 | 2373.63 | 0.806503 | -0.591231 | 0 | M16A2 | 0 | 103.702 | 57.9736 | 0 | 1 | 1 | 0 | 0 | 0 | 0 | 1 | camera | Land_HouseBlock_3F_Corner1 | 0.806503 | 0 | 
SCRIPT       : DATA_LOG | 665537 | aRapBi1cCZPZAGLIDny3dk3hQ8vTmNTLHRl8zxmKgQ0= | 6591.8 | 8.64615 | 2373.63 | 0.806503 | -0.591231 | 0 | M16A2 | 0 | 103.702 | 57.9705 | 0 | 1 | 1 | 0 | 0 | 0 | 0 | 1 | camera | Land_HouseBlock_3F_Corner1 | 0.806503 | 0 | 
SCRIPT       : DATA_LOG | 666543 | aRapBi1cCZPZAGLIDny3dk3hQ8vTmNTLHRl8zxmKgQ0= | 6591.8 | 8.64615 | 2373.63 | 0.806503 | -0.591231 | 0 | M16A2 | 0 | 103.699 | 57.9771 | 0 | 1 | 1 | 0 | 0 | 0 | 0 | 1 | camera | Land_HouseBlock_3F_Corner1 | 0.806503 | 0 | 
SCRIPT       : [Logout]: Player aRapBi1cCZPZAGLIDny3dk3hQ8vTmNTLHRl8zxmKgQ0= finished
SCRIPT       : Player "rafaelglima79" (steamid=76561199445097358) disconnected from server.
SCRIPT       : [PlayerListManager] SyncEntryToReceivers ► uid: aRapBi1cCZPZAGLIDny3dk3hQ8vTmNTLHRl8zxmKgQ0= isn't in the players list! sending a remove.
SCRIPT       : HandleOnPlayerDisconnected -> PlayerListManager.RemoveEntry ► aRapBi1cCZPZAGLIDny3dk3hQ8vTmNTLHRl8zxmKgQ0=
 SCRIPT       : [MissionServer] OnMissionFinish - Server
 SCRIPT       : ~DayZGame()
