---------------------------------------------
Log D:\ModelAnti-Cheat\log_profiles\script_2026-09-01_19-44-44.log started at 01.09. 19:44:47

SCRIPT       : Module: GameLib; loaded 18x files; 26x classes; used 39/2097 kB (1%) of static memory; defines: "DAYZ_1_29,SERVER_FOR_WINDOWS,SERVER,PLATFORM_WINDOWS,RELEASE,NO_GUI,NO_GUI_INGAME,sakhal,JM_CommunityFramework,CF_MODULE_CONFIG,CF_EXPRESSION,C
SCRIPT       : Registered 349 temporary action enum(s), UAN==349
SCRIPT       : Module: Game; loaded 521x files; 1604x classes; used 4275/33554 kB (12%) of static memory; defines: "DAYZ_1_29,SERVER_FOR_WINDOWS,SERVER,PLATFORM_WINDOWS,RELEASE,NO_GUI,NO_GUI_INGAME,sakhal,JM_CommunityFramework,CF_MODULE_CONFIG,CF_EXPRESSI
SCRIPT       : ... Backlit Effects Enabled
SCRIPT       : VPPNotificationManager()
SCRIPT       : [VPPAT] Internal VPPNotifications module loaded!
SCRIPT       : [DayZ Game]:: DayZGame(): Initializing V++ Admin Tools.
SCRIPT       : Module: World; loaded 2247x files; 5867x classes; used 9519/33554 kB (28%) of static memory; defines: "DAYZ_1_29,SERVER_FOR_WINDOWS,SERVER,PLATFORM_WINDOWS,RELEASE,NO_GUI,NO_GUI_INGAME,sakhal,JM_CommunityFramework,CF_MODULE_CONFIG,CF_EXPRES
 SCRIPT       : Module: Mission; loaded 293x files; 593x classes; used 3996/33554 kB (11%) of static memory; defines: "DAYZ_1_29,SERVER_FOR_WINDOWS,SERVER,PLATFORM_WINDOWS,RELEASE,NO_GUI,NO_GUI_INGAME,sakhal,JM_CommunityFramework,CF_MODULE_CONFIG,CF_EXPRE
 SCRIPT    (W): @"$CurrentDir:mpmissions\dayzOffline.chernarusplus\init.c,54": Possible variable name conflict 'm_player'
 SCRIPT       : Module: $CurrentDir:mpmissions\dayzOffline.chernarusplus\init.c; loaded 1x files; 1x classes; used 16/1048 kB (1%) of static memory; defines: "DAYZ_1_29,SERVER_FOR_WINDOWS,SERVER,PLATFORM_WINDOWS,RELEASE,NO_GUI,NO_GUI_INGAME,sakhal,JM_Comm
 SCRIPT       : [SERVER :: Vanilla++ AdminTools Plugins Registering]
 SCRIPT       : [MissionServer] OnInit - Server
 SCRIPT       : [MissionServer] OnMissionStart - Server
 SCRIPT       : string dirtyName = 'TESTINGSERVER'
 SCRIPT    (E): Virtual Machine Exception

Reason: [WeaponStableState::ValidateMuzzleArray] :: [ERROR] :: Muzzle array validation has failed. Please set up the correct muzzle states by overriding InitMuzzleArray.

Class:      'WeaponStableState'
Function: 'ValidateMuzzleArray'
Stack trace:
scripts/4_World/entities\firearms\fsm\states\weaponstablestate.c:195 Function ValidateMuzzleArray
scripts/4_World/entities\firearms\fsm\states\weaponstablestate.c:36 Function WeaponStableState@2152#1
scripts/4_World/entities\firearms\rifle_base.c:18 Function InitStateMachine
scripts/4_World/entities\firearms\weapon_base.c:130 Function Weapon_Base@2132#1
$CurrentDir:mpmissions\dayzOffline.chernarusplus\init.c:6 Function main
  SCRIPT       : [wpnfsm] Warning! OnStoreLoad - cannot load curent weapon state, id=0
SCRIPT       : m_LoginTimeMs: 16200
 SCRIPT       : ---- PlayerBase OnStoreLoad SUCCESS ----
 SCRIPT       : [VPPAT] Player "rafaelglima79" (steamId=76561199445097358) connected to server!
 SCRIPT       : [PlayerListManager] AddReceiver ► added: PlayerIdentity<0x0000027543AAE7F0>
SCRIPT       : [DUMMY_DEBUG] SUCESSO: Dummy criado na posicao: <12126.015625, 95.470108, 13718.332031>
SCRIPT       : DATA_LOG | 486964 | aRapBi1cCZPZAGLIDny3dk3hQ8vTmNTLHRl8zxmKgQ0= | 12124.5 | 96.2166 | 13715.8 | 0.515302 | 0.857009 | 0 | AKM | 0 | 13.9728 | 3.0917 | 0 | 1 | 1 | 0 | 0 | 0 | 0 | 1 | camera | Land_Village_store | 0.515302 | 0 | 0.857009 | 
SCRIPT       : DATA_LOG | 487741 | aRapBi1cCZPZAGLIDny3dk3hQ8vTmNTLHRl8zxmKgQ0= | 12124.5 | 96.2166 | 13715.8 | 0.515302 | 0.857009 | 0 | AKM | 1 | 33.6299 | 3.18372 | 0 | 1 | 1 | 0 | 0 | 0 | 0 | 1 | camera | target | 0.515302 | 0 | 0.857009 | 0.515302 | 
SCRIPT       : DATA_LOG | 488741 | aRapBi1cCZPZAGLIDny3dk3hQ8vTmNTLHRl8zxmKgQ0= | 12124.5 | 96.2166 | 13715.8 | 0.515302 | 0.857009 | 0 | AKM | 1 | 33.5219 | 3.18777 | 0 | 1 | 1 | 0 | 0 | 0 | 0 | 1 | camera | target | 0.515302 | 0 | 0.857009 | 0.515302 | 
SCRIPT       : DATA_LOG | 489743 | aRapBi1cCZPZAGLIDny3dk3hQ8vTmNTLHRl8zxmKgQ0= | 12124.5 | 96.2166 | 13715.8 | 0.515302 | 0.857009 | 0 | AKM | 1 | 33.6279 | 3.18102 | 0 | 1 | 1 | 0 | 0 | 0 | 0 | 1 | camera | target | 0.515302 | 0 | 0.857009 | 0.515302 | 
SCRIPT       : DATA_LOG | 490738 | aRapBi1cCZPZAGLIDny3dk3hQ8vTmNTLHRl8zxmKgQ0= | 12124.5 | 96.2166 | 13715.8 | 0.515302 | 0.857009 | 0 | AKM | 1 | 33.7144 | 3.17718 | 0 | 1 | 1 | 0 | 0 | 0 | 0 | 1 | camera | target | 0.515302 | 0 | 0.857009 | 0.515302 | 
SCRIPT       : DATA_LOG | 491753 | aRapBi1cCZPZAGLIDny3dk3hQ8vTmNTLHRl8zxmKgQ0= | 12124.5 | 96.2166 | 13715.8 | 0.515302 | 0.857009 | 0 | AKM | 1 | 33.5261 | 3.18732 | 0 | 1 | 1 | 0 | 0 | 0 | 0 | 1 | camera | target | 0.515302 | 0 | 0.857009 | 0.515302 | 
SCRIPT       : DATA_LOG | 492739 | aRapBi1cCZPZAGLIDny3dk3hQ8vTmNTLHRl8zxmKgQ0= | 12124.5 | 96.2166 | 13715.8 | 0.515302 | 0.857009 | 0 | AKM | 1 | 33.6215 | 3.18139 | 0 | 1 | 1 | 0 | 0 | 0 | 0 | 1 | camera | target | 0.515302 | 0 | 0.857009 | 0.515302 | 
SCRIPT       : DATA_LOG | 493757 | aRapBi1cCZPZAGLIDny3dk3hQ8vTmNTLHRl8zxmKgQ0= | 12124.5 | 96.2166 | 13715.8 | 0.515302 | 0.857009 | 0 | AKM | 1 | 33.5388 | 3.1896 | 0 | 1 | 1 | 0 | 0 | 0 | 0 | 1 | camera | target | 0.515302 | 0 | 0.857009 | 0.515302 | 0
SCRIPT       : DATA_LOG | 494747 | aRapBi1cCZPZAGLIDny3dk3hQ8vTmNTLHRl8zxmKgQ0= | 12124.5 | 96.2166 | 13715.8 | 0.515302 | 0.857009 | 0 | AKM | 1 | 33.6051 | 3.18541 | 0 | 1 | 1 | 0 | 0 | 0 | 0 | 1 | camera | target | 0.515302 | 0 | 0.857009 | 0.515302 | 
SCRIPT       : DATA_LOG | 495745 | aRapBi1cCZPZAGLIDny3dk3hQ8vTmNTLHRl8zxmKgQ0= | 12124.5 | 96.2166 | 13715.8 | 0.515302 | 0.857009 | 0 | AKM | 1 | 33.5605 | 3.18678 | 0 | 1 | 1 | 0 | 0 | 0 | 0 | 1 | camera | target | 0.515302 | 0 | 0.857009 | 0.515302 | 
SCRIPT       : DATA_LOG | 496749 | aRapBi1cCZPZAGLIDny3dk3hQ8vTmNTLHRl8zxmKgQ0= | 12124.5 | 96.2166 | 13715.8 | 0.515302 | 0.857009 | 0 | AKM | 1 | 33.5877 | 3.18376 | 0 | 1 | 1 | 0 | 0 | 0 | 0 | 1 | camera | target | 0.515302 | 0 | 0.857009 | 0.515302 | 
SCRIPT       : DATA_LOG | 497750 | aRapBi1cCZPZAGLIDny3dk3hQ8vTmNTLHRl8zxmKgQ0= | 12124.5 | 96.2166 | 13715.8 | 0.515302 | 0.857009 | 0 | AKM | 1 | 33.7402 | 3.17552 | 0 | 1 | 1 | 0 | 0 | 0 | 0 | 1 | camera | target | 0.515302 | 0 | 0.857009 | 0.515302 | 
SCRIPT       : DATA_LOG | 498751 | aRapBi1cCZPZAGLIDny3dk3hQ8vTmNTLHRl8zxmKgQ0= | 12124.5 | 96.2166 | 13715.8 | 0.515302 | 0.857009 | 0 | AKM | 1 | 33.5265 | 3.18733 | 0 | 1 | 1 | 0 | 0 | 0 | 0 | 1 | camera | target | 0.515302 | 0 | 0.857009 | 0.515302 | 
SCRIPT       : DATA_LOG | 499754 | aRapBi1cCZPZAGLIDny3dk3hQ8vTmNTLHRl8zxmKgQ0= | 12124.5 | 96.2166 | 13715.8 | 0.515302 | 0.857009 | 0 | AKM | 1 | 33.6348 | 3.18087 | 0 | 1 | 1 | 0 | 0 | 0 | 0 | 1 | camera | target | 0.515302 | 0 | 0.857009 | 0.515302 | 
SCRIPT       : DATA_LOG | 500751 | aRapBi1cCZPZAGLIDny3dk3hQ8vTmNTLHRl8zxmKgQ0= | 12124.5 | 96.2166 | 13715.8 | 0.515302 | 0.857009 | 0 | AKM | 1 | 33.5643 | 3.18853 | 0 | 1 | 1 | 0 | 0 | 0 | 0 | 1 | camera | target | 0.515302 | 0 | 0.857009 | 0.515302 | 
SCRIPT       : DATA_LOG | 501750 | aRapBi1cCZPZAGLIDny3dk3hQ8vTmNTLHRl8zxmKgQ0= | 12124.5 | 96.2166 | 13715.8 | 0.515302 | 0.857009 | 0 | AKM | 1 | 33.5818 | 3.18717 | 0 | 1 | 1 | 0 | 0 | 0 | 0 | 1 | camera | target | 0.515302 | 0 | 0.857009 | 0.515302 | 
SCRIPT       : DATA_LOG | 502753 | aRapBi1cCZPZAGLIDny3dk3hQ8vTmNTLHRl8zxmKgQ0= | 12124.5 | 96.2166 | 13715.8 | 0.515302 | 0.857009 | 0 | AKM | 1 | 33.6301 | 3.18433 | 0 | 1 | 1 | 0 | 0 | 0 | 0 | 1 | camera | target | 0.515302 | 0 | 0.857009 | 0.515302 | 
SCRIPT       : DATA_LOG | 503751 | aRapBi1cCZPZAGLIDny3dk3hQ8vTmNTLHRl8zxmKgQ0= | 12124.5 | 96.2166 | 13715.8 | 0.515302 | 0.857009 | 0 | AKM | 1 | 33.535 | 3.18644 | 0 | 1 | 1 | 0 | 0 | 0 | 0 | 1 | camera | target | 0.515302 | 0 | 0.857009 | 0.515302 | 0
SCRIPT       : DATA_LOG | 504755 | aRapBi1cCZPZAGLIDny3dk3hQ8vTmNTLHRl8zxmKgQ0= | 12124.5 | 96.2166 | 13715.8 | 0.515302 | 0.857009 | 0 | AKM | 1 | 33.7664 | 3.17387 | 0 | 1 | 1 | 0 | 0 | 0 | 0 | 1 | camera | target | 0.515302 | 0 | 0.857009 | 0.515302 | 
SCRIPT       : DATA_LOG | 505754 | aRapBi1cCZPZAGLIDny3dk3hQ8vTmNTLHRl8zxmKgQ0= | 12124.5 | 96.2166 | 13715.8 | 0.515302 | 0.857009 | 0 | AKM | 1 | 33.5402 | 3.18623 | 0 | 1 | 1 | 0 | 0 | 0 | 0 | 1 | camera | target | 0.515302 | 0 | 0.857009 | 0.515302 | 
SCRIPT       : DATA_LOG | 506754 | aRapBi1cCZPZAGLIDny3dk3hQ8vTmNTLHRl8zxmKgQ0= | 12124.5 | 96.2166 | 13715.8 | 0.515302 | 0.857009 | 0 | AKM | 1 | 33.6355 | 3.1809 | 0 | 1 | 1 | 0 | 0 | 0 | 0 | 1 | camera | target | 0.515302 | 0 | 0.857009 | 0.515302 | 0
SCRIPT       : DATA_LOG | 507755 | aRapBi1cCZPZAGLIDny3dk3hQ8vTmNTLHRl8zxmKgQ0= | 12124.5 | 96.2166 | 13715.8 | 0.515302 | 0.857009 | 0 | AKM | 1 | 33.5636 | 3.1879 | 0 | 1 | 1 | 0 | 0 | 0 | 0 | 1 | camera | target | 0.515302 | 0 | 0.857009 | 0.515302 | 0
SCRIPT       : DATA_LOG | 508768 | aRapBi1cCZPZAGLIDny3dk3hQ8vTmNTLHRl8zxmKgQ0= | 12124.5 | 96.2166 | 13715.8 | 0.515302 | 0.857009 | 0 | AKM | 1 | 33.5713 | 3.18778 | 0 | 1 | 1 | 0 | 0 | 0 | 0 | 1 | camera | target | 0.515302 | 0 | 0.857009 | 0.515302 | 
SCRIPT       : DATA_LOG | 509763 | aRapBi1cCZPZAGLIDny3dk3hQ8vTmNTLHRl8zxmKgQ0= | 12123.9 | 96.2167 | 13714.5 | 0.382825 | 0.923821 | 0 | AKM | 1 | 26.916 | 4.34333 | 0 | 1 | 1 | 0 | 0 | 0 | 0 | 1 | camera | target | 0.382825 | 0 | 0.923821 | 0.382825 | 0
SCRIPT       : DATA_LOG | 510762 | aRapBi1cCZPZAGLIDny3dk3hQ8vTmNTLHRl8zxmKgQ0= | 12124.5 | 96.2166 | 13715.7 | 0.472895 | 0.881119 | 0 | AKM | 1 | 33.8724 | 3.23896 | 0 | 1 | 1 | 0 | 0 | 0 | 0 | 1 | camera | target | 0.472895 | 0 | 0.881119 | 0.472895 | 
SCRIPT       : DATA_LOG | 511770 | aRapBi1cCZPZAGLIDny3dk3hQ8vTmNTLHRl8zxmKgQ0= | 12125.5 | 96.2167 | 13718 | 0.637744 | 0.770248 | 0 | AKM | 1 | 79.095 | 1.92144 | 0 | 1 | 1 | 0 | 0 | 0 | 0 | 1 | camera | target | 0.637744 | 0 | 0.770248 | 0.637744 | 0 |
SCRIPT       : DATA_LOG | 512766 | aRapBi1cCZPZAGLIDny3dk3hQ8vTmNTLHRl8zxmKgQ0= | 12127.4 | 95.6546 | 13720.3 | 0.661777 | 0.7497 | 0 | AKM | 1 | 137.138 | 3.5117 | 0 | 1 | 1 | 0 | 0 | 0 | 0 | 1 | camera | target | 0.661777 | 0 | 0.7497 | 0.661777 | 0 | 0
SCRIPT       : DATA_LOG | 513770 | aRapBi1cCZPZAGLIDny3dk3hQ8vTmNTLHRl8zxmKgQ0= | 12127.9 | 95.6546 | 13719.8 | 0.693843 | 0.720126 | 0 | AKM | 1 | 138.932 | 3.3596 | 0 | 1 | 1 | 0 | 0 | 0 | 0 | 1 | camera | target | 0.693843 | 0 | 0.720126 | 0.693843 | 0
SCRIPT       : DATA_LOG | 514770 | aRapBi1cCZPZAGLIDny3dk3hQ8vTmNTLHRl8zxmKgQ0= | 12127.4 | 95.6546 | 13720.3 | 0.0645936 | 0.997912 | 0 | AKM | 1 | 138.947 | 3.49607 | 0 | 1 | 1 | 0 | 0 | 0 | 0 | 1 | camera | target | 0.0645936 | 0 | 0.997912 | 0.0645936
SCRIPT       : DATA_LOG | 515768 | aRapBi1cCZPZAGLIDny3dk3hQ8vTmNTLHRl8zxmKgQ0= | 12127.4 | 95.6546 | 13719.1 | -0.498969 | 0.86662 | 0 | AKM | 1 | 105.665 | 2.76811 | 0 | 1 | 1 | 0 | 0 | 0 | 0 | 1 | camera | target | -0.498969 | -0 | 0.86662 | -0.498969 
SCRIPT       : DATA_LOG | 516782 | aRapBi1cCZPZAGLIDny3dk3hQ8vTmNTLHRl8zxmKgQ0= | 12127.4 | 95.6546 | 13719.1 | -0.498969 | 0.86662 | 0 | AKM | 1 | 105.749 | 2.7746 | 0 | 1 | 1 | 0 | 0 | 0 | 0 | 1 | camera | target | -0.498969 | -0 | 0.86662 | -0.498969 |
SCRIPT       : DATA_LOG | 517772 | aRapBi1cCZPZAGLIDny3dk3hQ8vTmNTLHRl8zxmKgQ0= | 12127.4 | 95.6546 | 13719.1 | -0.498969 | 0.86662 | 0 | AKM | 1 | 105.529 | 2.76551 | 0 | 1 | 1 | 0 | 0 | 0 | 0 | 1 | camera | target | -0.498969 | -0 | 0.86662 | -0.498969 
SCRIPT       : DATA_LOG | 518771 | aRapBi1cCZPZAGLIDny3dk3hQ8vTmNTLHRl8zxmKgQ0= | 12127.4 | 95.6546 | 13719.1 | -0.498969 | 0.86662 | 0 | AKM | 1 | 105.721 | 2.78065 | 0 | 1 | 1 | 0 | 0 | 0 | 0 | 1 | camera | target | -0.498969 | -0 | 0.86662 | -0.498969 
SCRIPT       : DATA_LOG | 519775 | aRapBi1cCZPZAGLIDny3dk3hQ8vTmNTLHRl8zxmKgQ0= | 12127.4 | 95.6546 | 13719.1 | -0.498969 | 0.86662 | 0 | AKM | 1 | 105.637 | 2.77283 | 0 | 1 | 1 | 0 | 0 | 0 | 0 | 1 | camera | target | -0.498969 | -0 | 0.86662 | -0.498969 
SCRIPT       : DATA_LOG | 520767 | aRapBi1cCZPZAGLIDny3dk3hQ8vTmNTLHRl8zxmKgQ0= | 12127.4 | 95.6546 | 13719.1 | -0.498969 | 0.86662 | 0 | AKM | 1 | 105.633 | 2.77081 | 0 | 1 | 1 | 0 | 0 | 0 | 0 | 1 | camera | target | -0.498969 | -0 | 0.86662 | -0.498969 
SCRIPT       : DATA_LOG | 521776 | aRapBi1cCZPZAGLIDny3dk3hQ8vTmNTLHRl8zxmKgQ0= | 12127.4 | 95.6546 | 13719.1 | -0.498969 | 0.86662 | 0 | AKM | 1 | 105.659 | 2.77128 | 0 | 1 | 1 | 0 | 0 | 0 | 0 | 1 | camera | target | -0.498969 | -0 | 0.86662 | -0.498969 
SCRIPT       : DATA_LOG | 522775 | aRapBi1cCZPZAGLIDny3dk3hQ8vTmNTLHRl8zxmKgQ0= | 12127.4 | 95.6546 | 13719.1 | -0.498969 | 0.86662 | 0 | AKM | 1 | 105.649 | 2.76761 | 0 | 1 | 1 | 0 | 0 | 0 | 0 | 1 | camera | target | -0.498969 | -0 | 0.86662 | -0.498969 
SCRIPT       : DATA_LOG | 523776 | aRapBi1cCZPZAGLIDny3dk3hQ8vTmNTLHRl8zxmKgQ0= | 12127.4 | 95.6546 | 13719.1 | -0.498969 | 0.86662 | 0 | AKM | 1 | 105.735 | 2.7739 | 0 | 1 | 1 | 0 | 0 | 0 | 0 | 1 | camera | target | -0.498969 | -0 | 0.86662 | -0.498969 |
 SCRIPT       : [Permissions Manager] Admin (rafaelglima79) (76561199445097358) Successfully Logged in!
SCRIPT       : DATA_LOG | 524777 | aRapBi1cCZPZAGLIDny3dk3hQ8vTmNTLHRl8zxmKgQ0= | 12127.4 | 95.6546 | 13719.1 | -0.498969 | 0.86662 | 0 | AKM | 1 | 105.557 | 2.76562 | 0 | 1 | 1 | 0 | 0 | 0 | 0 | 1 | camera | target | -0.498969 | -0 | 0.86662 | -0.498969 
SCRIPT       : DATA_LOG | 525775 | aRapBi1cCZPZAGLIDny3dk3hQ8vTmNTLHRl8zxmKgQ0= | 12127.4 | 95.6546 | 13719.1 | -0.498969 | 0.86662 | 0 | AKM | 1 | 105.704 | 2.77907 | 0 | 1 | 1 | 0 | 0 | 0 | 0 | 1 | camera | target | -0.498969 | -0 | 0.86662 | -0.498969 
SCRIPT       : DATA_LOG | 526782 | aRapBi1cCZPZAGLIDny3dk3hQ8vTmNTLHRl8zxmKgQ0= | 12127.4 | 95.6546 | 13719.1 | -0.498969 | 0.86662 | 0 | AKM | 1 | 105.668 | 2.77499 | 0 | 1 | 1 | 0 | 0 | 0 | 0 | 1 | camera | target | -0.498969 | -0 | 0.86662 | -0.498969 
SCRIPT       : DATA_LOG | 527781 | aRapBi1cCZPZAGLIDny3dk3hQ8vTmNTLHRl8zxmKgQ0= | 12127.4 | 95.6546 | 13719.1 | -0.498969 | 0.86662 | 0 | AKM | 1 | 105.617 | 2.76918 | 0 | 1 | 1 | 0 | 0 | 0 | 0 | 1 | camera | target | -0.498969 | -0 | 0.86662 | -0.498969 
SCRIPT       : DATA_LOG | 528781 | aRapBi1cCZPZAGLIDny3dk3hQ8vTmNTLHRl8zxmKgQ0= | 12127.4 | 95.6546 | 13719.1 | -0.498969 | 0.86662 | 0 | AKM | 1 | 105.65 | 2.77239 | 0 | 1 | 1 | 0 | 0 | 0 | 0 | 1 | camera | target | -0.498969 | -0 | 0.86662 | -0.498969 |
SCRIPT       : DATA_LOG | 529788 | aRapBi1cCZPZAGLIDny3dk3hQ8vTmNTLHRl8zxmKgQ0= | 12127.4 | 95.6546 | 13719.1 | -0.498969 | 0.86662 | 0 | AKM | 1 | 105.622 | 2.76746 | 0 | 1 | 1 | 0 | 0 | 0 | 0 | 1 | camera | target | -0.498969 | -0 | 0.86662 | -0.498969 
SCRIPT       : DATA_LOG | 530787 | aRapBi1cCZPZAGLIDny3dk3hQ8vTmNTLHRl8zxmKgQ0= | 12127.4 | 95.6546 | 13719.1 | -0.498969 | 0.86662 | 0 | AKM | 1 | 105.718 | 2.77234 | 0 | 1 | 1 | 0 | 0 | 0 | 0 | 1 | camera | target | -0.498969 | -0 | 0.86662 | -0.498969 
SCRIPT       : DATA_LOG | 531780 | aRapBi1cCZPZAGLIDny3dk3hQ8vTmNTLHRl8zxmKgQ0= | 12127.4 | 95.6546 | 13719.1 | -0.498969 | 0.86662 | 0 | AKM | 1 | 105.587 | 2.76669 | 0 | 1 | 1 | 0 | 0 | 0 | 0 | 1 | camera | target | -0.498969 | -0 | 0.86662 | -0.498969 
SCRIPT       : DATA_LOG | 532791 | aRapBi1cCZPZAGLIDny3dk3hQ8vTmNTLHRl8zxmKgQ0= | 12127.4 | 95.6546 | 13719.1 | -0.498969 | 0.86662 | 0 | AKM | 1 | 105.642 | 2.77586 | 0 | 1 | 1 | 0 | 0 | 0 | 0 | 1 | camera | target | -0.498969 | -0 | 0.86662 | -0.498969 
SCRIPT       : DATA_LOG | 533782 | aRapBi1cCZPZAGLIDny3dk3hQ8vTmNTLHRl8zxmKgQ0= | 12127.4 | 95.6546 | 13719.1 | -0.498969 | 0.86662 | 0 | AKM | 1 | 105.7 | 2.77713 | 0 | 1 | 1 | 0 | 0 | 0 | 0 | 1 | camera | target | -0.498969 | -0 | 0.86662 | -0.498969 | 
SCRIPT       : DATA_LOG | 534789 | aRapBi1cCZPZAGLIDny3dk3hQ8vTmNTLHRl8zxmKgQ0= | 12127.4 | 95.6546 | 13719.1 | 0.0527438 | 0.998608 | 0 | AKM | 1 | 121.96 | 2.76791 | 0 | 1 | 1 | 0 | 0 | 0 | 0 | 1 | camera | target | 0.0527438 | 0 | 0.998608 | 0.0527438 
SCRIPT       : DATA_LOG | 535783 | aRapBi1cCZPZAGLIDny3dk3hQ8vTmNTLHRl8zxmKgQ0= | 12127.8 | 95.6546 | 13719.6 | 0.513507 | 0.858086 | 0 | AKM | 1 | 136.783 | 3.18242 | 0 | 1 | 1 | 0 | 0 | 0 | 0 | 1 | camera | target | 0.513507 | 0 | 0.858086 | 0.513507 | 
SCRIPT       : DATA_LOG | 536788 | aRapBi1cCZPZAGLIDny3dk3hQ8vTmNTLHRl8zxmKgQ0= | 12128 | 95.6485 | 13721.2 | 0.351998 | 0.936001 | 0 | AKM | 1 | 150.153 | 4.3984 | 0 | 1 | 1 | 0 | 0 | 0 | 0 | 1 | camera | target | 0.351998 | 0 | 0.936001 | 0.351998 | 0 |
SCRIPT       : DATA_LOG | 537792 | aRapBi1cCZPZAGLIDny3dk3hQ8vTmNTLHRl8zxmKgQ0= | 12129.1 | 95.5478 | 13724.2 | 0.403652 | -0.914913 | 0 | AKM | 0 | 48.643 | 7.44953 | 0 | 1 | 1 | 0 | 0 | 0 | 0 | 1 | camera | Land_Village_store | 0.403652 | 0 | -0.914913 
SCRIPT       : DATA_LOG | 538798 | aRapBi1cCZPZAGLIDny3dk3hQ8vTmNTLHRl8zxmKgQ0= | 12130.6 | 95.5592 | 13727 | -0.897354 | -0.441312 | 0 | AKM | 0 | 41.6479 | 10.4364 | 0 | 1 | 1 | 0 | 0 | 0 | 0 | 1 | camera | Land_Village_store | -0.897354 | 0 | -0.441312
SCRIPT       : DATA_LOG | 539799 | aRapBi1cCZPZAGLIDny3dk3hQ8vTmNTLHRl8zxmKgQ0= | 12126.8 | 95.5388 | 13727.8 | -0.560414 | -0.828213 | 0 | AKM | 0 | 34.1483 | 10.3674 | 0 | 1 | 1 | 0 | 0 | 0 | 0 | 1 | camera | Land_Village_store | -0.560414 | 0 | -0.8282
SCRIPT       : DATA_LOG | 540790 | aRapBi1cCZPZAGLIDny3dk3hQ8vTmNTLHRl8zxmKgQ0= | 12127.1 | 95.5413 | 13727.7 | -0.0950161 | -0.995476 | 1 | AKM | 0 | 12.9132 | 10.3352 | 0 | 1 | 1 | 0 | 0 | 0 | 1 | 1 | camera | Land_Village_store | -0.0950161 | 0 | -0.99
SCRIPT       : DATA_LOG | 541794 | aRapBi1cCZPZAGLIDny3dk3hQ8vTmNTLHRl8zxmKgQ0= | 12125.3 | 95.5229 | 13727.7 | 0.0852668 | -0.996358 | 1 | AKM | 0 | 12.8969 | 10.3827 | 0 | 1 | 1 | 0 | 0 | 0 | 1 | 1 | camera | Land_Village_store | 0.0852668 | 0 | -0.9963
SCRIPT       : DATA_LOG | 542806 | aRapBi1cCZPZAGLIDny3dk3hQ8vTmNTLHRl8zxmKgQ0= | 12125.2 | 95.5211 | 13727.8 | 0.167628 | -0.98585 | 1 | AKM | 0 | 13.0007 | 10.43 | 0 | 1 | 1 | 0 | 0 | 0 | 0 | 1 | camera | Land_Village_store | 0.167628 | 0 | -0.98585 | 0
SCRIPT       : DATA_LOG | 543827 | aRapBi1cCZPZAGLIDny3dk3hQ8vTmNTLHRl8zxmKgQ0= | 12125.8 | 95.5283 | 13727.8 | 0.094305 | -0.995543 | 0 | AKM | 0 | 12.834 | 10.4502 | 0 | 1 | 1 | 0 | 0 | 0 | 0 | 1 | camera | Land_Village_store | 0.094305 | 0 | -0.995543 
SCRIPT       : DATA_LOG | 544804 | aRapBi1cCZPZAGLIDny3dk3hQ8vTmNTLHRl8zxmKgQ0= | 12125.8 | 95.5283 | 13727.8 | 0.094305 | -0.995543 | 0 | AKM | 0 | 12.8276 | 10.454 | 0 | 1 | 1 | 0 | 0 | 0 | 0 | 1 | camera | Land_Village_store | 0.094305 | 0 | -0.995543 
SCRIPT       : DATA_LOG | 545804 | aRapBi1cCZPZAGLIDny3dk3hQ8vTmNTLHRl8zxmKgQ0= | 12127.1 | 95.5421 | 13727.8 | -0.0727703 | -0.997349 | 0 | AKM | 0 | 12.6455 | 10.4453 | 0 | 1 | 1 | 0 | 0 | 0 | 0 | 1 | camera | Land_Village_store | -0.0727703 | 0 | -0.99
SCRIPT       : DATA_LOG | 546811 | aRapBi1cCZPZAGLIDny3dk3hQ8vTmNTLHRl8zxmKgQ0= | 12126.5 | 95.5356 | 13727.9 | -0.0342015 | -0.999415 | 0 | AKM | 0 | 12.7763 | 10.4621 | 0 | 1 | 1 | 0 | 0 | 0 | 0 | 1 | camera | Land_Village_store | -0.0342015 | 0 | -0.99
SCRIPT       : DATA_LOG | 547803 | aRapBi1cCZPZAGLIDny3dk3hQ8vTmNTLHRl8zxmKgQ0= | 12127.5 | 95.5459 | 13727.8 | -0.00910666 | -0.999959 | 0 | AKM | 0 | 13.6283 | 10.4707 | 0 | 1 | 1 | 0 | 0 | 0 | 0 | 1 | camera | Land_Village_store | -0.00910666 | 0 | -0.
SCRIPT       : DATA_LOG | 548812 | aRapBi1cCZPZAGLIDny3dk3hQ8vTmNTLHRl8zxmKgQ0= | 12127.2 | 95.5432 | 13727.9 | 0.0173547 | -0.999849 | 0 | AKM | 0 | 13.644 | 10.4642 | 0 | 1 | 1 | 0 | 0 | 0 | 0 | 1 | camera | Land_Village_store | 0.0173547 | 0 | -0.99984
SCRIPT       : DATA_LOG | 549800 | aRapBi1cCZPZAGLIDny3dk3hQ8vTmNTLHRl8zxmKgQ0= | 12130.9 | 95.5578 | 13726.1 | 0.977006 | -0.213211 | 0 | AKM | 0 | 105.18 | 9.83788 | 0 | 1 | 1 | 0 | 0 | 0 | 0 | 1 | camera | Land_Village_store | 0.977006 | 0 | -0.213211 
SCRIPT       : DATA_LOG | 550806 | aRapBi1cCZPZAGLIDny3dk3hQ8vTmNTLHRl8zxmKgQ0= | 12128.5 | 95.5505 | 13727.5 | -0.878174 | 0.478341 | 0 | AKM | 0 | 106.274 | 10.3118 | 0 | 1 | 1 | 0 | 0 | 0 | 0 | 1 | camera | Land_Village_store | -0.878174 | 0 | 0.478341
SCRIPT       : DATA_LOG | 551806 | aRapBi1cCZPZAGLIDny3dk3hQ8vTmNTLHRl8zxmKgQ0= | 12122.8 | 95.5082 | 13730.7 | -0.795568 | 0.605865 | 0 | AKM | 0 | 141.691 | 13.7494 | 0 | 1 | 1 | 0 | 0 | 0 | 0 | 1 | camera | Land_Village_store | -0.795568 | 0 | 0.605865
SCRIPT       : DATA_LOG | 552815 | aRapBi1cCZPZAGLIDny3dk3hQ8vTmNTLHRl8zxmKgQ0= | 12118.7 | 95.4478 | 13733.1 | -0.0631575 | 0.998004 | 0 | AKM | 0 | 155.882 | 17.4602 | 0 | 1 | 1 | 0 | 0 | 0 | 0 | 1 | camera | Land_Village_store | -0.0631575 | 0 | 0.9980
SCRIPT       : DATA_LOG | 553828 | aRapBi1cCZPZAGLIDny3dk3hQ8vTmNTLHRl8zxmKgQ0= | 12119.2 | 95.3737 | 13736.1 | 0.62188 | 0.783112 | 0 | AKM | 0 | 119.913 | 19.9391 | 0 | 1 | 1 | 0 | 0 | 0 | 0 | 1 | camera | Land_Village_store | 0.62188 | 0 | 0.783112 | 0
SCRIPT       : DATA_LOG | 554805 | aRapBi1cCZPZAGLIDny3dk3hQ8vTmNTLHRl8zxmKgQ0= | 12121.5 | 95.2708 | 13740.3 | 0.990725 | -0.135884 | 0 | AKM | 0 | 69.9963 | 23.3489 | 0 | 1 | 1 | 0 | 0 | 0 | 0 | 1 | camera |  | 0.990725 | 0 | -0.135884 | 0.990725 | 0 | 
SCRIPT       : DATA_LOG | 555808 | aRapBi1cCZPZAGLIDny3dk3hQ8vTmNTLHRl8zxmKgQ0= | 12125.7 | 95.3724 | 13738.7 | 0.945745 | -0.324911 | 0 | AKM | 0 | 69.1539 | 21.225 | 0 | 1 | 1 | 0 | 0 | 0 | 0 | 1 | camera |  | 0.945745 | 0 | -0.324911 | 0.945745 | 0 | -
SCRIPT       : DATA_LOG | 556813 | aRapBi1cCZPZAGLIDny3dk3hQ8vTmNTLHRl8zxmKgQ0= | 12131.1 | 95.4742 | 13737.3 | 0.458088 | -0.888907 | 0 | AKM | 0 | 41.1745 | 20.3145 | 0 | 1 | 1 | 0 | 0 | 0 | 0 | 1 | camera |  | 0.458088 | 0 | -0.888907 | 0.458088 | 0 | 
SCRIPT       : DATA_LOG | 557816 | aRapBi1cCZPZAGLIDny3dk3hQ8vTmNTLHRl8zxmKgQ0= | 12136.9 | 95.5807 | 13738.9 | 0.746794 | 0.665055 | 0 | AKM | 0 | 157.25 | 23.7374 | 0 | 1 | 1 | 0 | 0 | 0 | 0 | 1 | camera |  | 0.746794 | 0 | 0.665055 | 0.746794 | 0 | 0.6
SCRIPT       : DATA_LOG | 558816 | aRapBi1cCZPZAGLIDny3dk3hQ8vTmNTLHRl8zxmKgQ0= | 12142.5 | 95.7237 | 13739 | 0.595522 | 0.803339 | 0 | AKM | 0 | 175.473 | 26.753 | 0 | 1 | 1 | 0 | 0 | 0 | 0 | 1 | camera | TreeHard_t_populusNigra_3s | 0.595522 | 0 | 0.803
SCRIPT       : DATA_LOG | 559827 | aRapBi1cCZPZAGLIDny3dk3hQ8vTmNTLHRl8zxmKgQ0= | 12147.6 | 95.8139 | 13742.8 | 0.694376 | 0.719613 | 0 | AKM | 0 | 174.777 | 32.8926 | 0 | 1 | 1 | 0 | 0 | 0 | 0 | 1 | camera |  | 0.694376 | 0 | 0.719613 | 0.694376 | 0 | 0.
SCRIPT       : DATA_LOG | 560824 | aRapBi1cCZPZAGLIDny3dk3hQ8vTmNTLHRl8zxmKgQ0= | 12152 | 95.7673 | 13745.7 | 0.327981 | 0.944685 | 0 | AKM | 0 | 156.65 | 37.9586 | 0 | 1 | 1 | 0 | 0 | 0 | 0 | 1 | camera |  | 0.327981 | 0 | 0.944685 | 0.327981 | 0 | 0.944
SCRIPT       : DATA_LOG | 561836 | aRapBi1cCZPZAGLIDny3dk3hQ8vTmNTLHRl8zxmKgQ0= | 12156 | 95.407 | 13747.2 | 0.730357 | 0.683066 | 0 | AKM | 0 | 176.168 | 41.8309 | 0 | 1 | 1 | 0 | 0 | 0 | 0 | 1 | camera |  | 0.730357 | 0 | 0.683066 | 0.730357 | 0 | 0.683
SCRIPT       : DATA_LOG | 562821 | aRapBi1cCZPZAGLIDny3dk3hQ8vTmNTLHRl8zxmKgQ0= | 12161.3 | 95.2796 | 13751 | 0.714884 | 0.699243 | 0 | AKM | 0 | 176.911 | 48.3226 | 0 | 1 | 1 | 0 | 0 | 0 | 0 | 1 | camera |  | 0.714884 | 0 | 0.699243 | 0.714884 | 0 | 0.69
SCRIPT       : DATA_LOG | 563821 | aRapBi1cCZPZAGLIDny3dk3hQ8vTmNTLHRl8zxmKgQ0= | 12164.6 | 95.2841 | 13754.3 | 0.819267 | 0.573412 | 0 | AKM | 0 | 170.763 | 52.984 | 0 | 1 | 1 | 0 | 0 | 0 | 0 | 1 | camera |  | 0.819267 | 0 | 0.573412 | 0.819267 | 0 | 0.5
SCRIPT       : DATA_LOG | 564823 | aRapBi1cCZPZAGLIDny3dk3hQ8vTmNTLHRl8zxmKgQ0= | 12170 | 95.285 | 13757.8 | 0.837935 | 0.54577 | 0 | AKM | 0 | 170.077 | 59.2627 | 0 | 1 | 1 | 0 | 0 | 0 | 0 | 1 | camera | Land_Wall_Gate_Ind1_R | 0.837935 | 0 | 0.54577 | 0
SCRIPT       : DATA_LOG | 565858 | aRapBi1cCZPZAGLIDny3dk3hQ8vTmNTLHRl8zxmKgQ0= | 12175.6 | 95.2781 | 13761.5 | 0.833128 | 0.55308 | 0 | AKM | 0 | 171.56 | 65.8778 | 0 | 1 | 1 | 0 | 0 | 0 | 0 | 1 | camera | Land_Wall_Gate_Ind1_R | 0.833128 | 0 | 0.55308 |
SCRIPT       : DATA_LOG | 566820 | aRapBi1cCZPZAGLIDny3dk3hQ8vTmNTLHRl8zxmKgQ0= | 12179.2 | 95.2633 | 13764.3 | 0.623704 | -0.78166 | 0 | AKM | 0 | 87.1005 | 70.467 | 0 | 1 | 1 | 0 | 0 | 0 | 0 | 1 | camera | Land_Wall_Gate_Ind1_R | 0.623704 | 0 | -0.78166
SCRIPT       : DATA_LOG | 567832 | aRapBi1cCZPZAGLIDny3dk3hQ8vTmNTLHRl8zxmKgQ0= | 12181.2 | 95.233 | 13766.5 | -0.631208 | -0.775614 | 0 | AKM | 0 | 9.33589 | 73.3842 | 0 | 1 | 1 | 0 | 0 | 0 | 0 | 1 | camera | Land_Wall_Gate_Ind1_R | -0.631208 | 0 | -0.77
SCRIPT       : DATA_LOG | 568837 | aRapBi1cCZPZAGLIDny3dk3hQ8vTmNTLHRl8zxmKgQ0= | 12184.2 | 95.2389 | 13766.5 | -0.676131 | -0.736781 | 0 | AKM | 0 | 7.51063 | 75.7319 | 0 | 1 | 1 | 0 | 0 | 0 | 0 | 1 | camera | Land_Wall_Gate_Ind1_R | -0.676131 | 0 | -0.7
SCRIPT       : DATA_LOG | 569830 | aRapBi1cCZPZAGLIDny3dk3hQ8vTmNTLHRl8zxmKgQ0= | 12186.3 | 95.2556 | 13768.7 | 0.875365 | 0.483463 | 0 | AKM | 0 | 168.311 | 78.7317 | 0 | 1 | 1 | 0 | 0 | 0 | 0 | 1 | camera |  | 0.875365 | 0 | 0.483463 | 0.875365 | 0 | 0.
SCRIPT       : DATA_LOG | 570831 | aRapBi1cCZPZAGLIDny3dk3hQ8vTmNTLHRl8zxmKgQ0= | 12190.5 | 95.069 | 13772.1 | 0.645689 | 0.763601 | 0 | AKM | 0 | 170.391 | 84.1478 | 0 | 1 | 1 | 0 | 0 | 0 | 0 | 1 | camera |  | 0.645689 | 0 | 0.763601 | 0.645689 | 0 | 0.7
SCRIPT       : DATA_LOG | 571828 | aRapBi1cCZPZAGLIDny3dk3hQ8vTmNTLHRl8zxmKgQ0= | 12196.8 | 94.6879 | 13772.4 | 0.99706 | 0.0766245 | 0 | AKM | 0 | 146.457 | 89.1798 | 0 | 1 | 1 | 0 | 0 | 0 | 0 | 1 | camera |  | 0.99706 | 0 | 0.0766245 | 0.99706 | 0 | 0.0
SCRIPT       : DATA_LOG | 572841 | aRapBi1cCZPZAGLIDny3dk3hQ8vTmNTLHRl8zxmKgQ0= | 12202.8 | 94.2912 | 13774.1 | 0.678352 | 0.734737 | 0 | AKM | 0 | 168.985 | 95.0532 | 0 | 1 | 1 | 0 | 0 | 0 | 0 | 1 | camera |  | 0.678352 | 0 | 0.734737 | 0.678352 | 0 | 0.
SCRIPT       : DATA_LOG | 573833 | aRapBi1cCZPZAGLIDny3dk3hQ8vTmNTLHRl8zxmKgQ0= | 12207.9 | 94.5307 | 13778.3 | 0.860083 | 0.510154 | 0 | AKM | 0 | 173.731 | 101.641 | 0 | 1 | 1 | 0 | 0 | 0 | 0 | 1 | camera |  | 0.860083 | 0 | 0.510154 | 0.860083 | 0 | 0.
SCRIPT       : DATA_LOG | 574842 | aRapBi1cCZPZAGLIDny3dk3hQ8vTmNTLHRl8zxmKgQ0= | 12213.8 | 94.9187 | 13781.3 | 0.862135 | 0.506678 | 0 | AKM | 0 | 174.157 | 108.069 | 0 | 1 | 1 | 0 | 0 | 0 | 0 | 1 | camera | Land_Farm_WaterTower_Small | 0.862135 | 0 | 0.
SCRIPT       : DATA_LOG | 575843 | aRapBi1cCZPZAGLIDny3dk3hQ8vTmNTLHRl8zxmKgQ0= | 12217.3 | 94.6843 | 13782.9 | 0.862136 | 0.506677 | 0 | AKM | 0 | 174.539 | 111.906 | 0 | 1 | 1 | 0 | 0 | 0 | 0 | 1 | camera |  | 0.862136 | 0 | 0.506677 | 0.862136 | 0 | 0.
SCRIPT       : DATA_LOG | 576830 | aRapBi1cCZPZAGLIDny3dk3hQ8vTmNTLHRl8zxmKgQ0= | 12219.1 | 94.5258 | 13784 | 0.806813 | 0.590807 | 0 | AKM | 0 | 178.234 | 113.986 | 0 | 1 | 1 | 0 | 0 | 0 | 0 | 1 | camera |  | 0.806813 | 0 | 0.590807 | 0.806813 | 0 | 0.59
SCRIPT       : DATA_LOG | 577833 | aRapBi1cCZPZAGLIDny3dk3hQ8vTmNTLHRl8zxmKgQ0= | 12224.6 | 93.6728 | 13787.4 | 0.910559 | 0.413379 | 0 | AKM | 0 | 168.845 | 120.421 | 0 | 1 | 1 | 0 | 0 | 0 | 0 | 1 | camera |  | 0.910559 | 0 | 0.413379 | 0.910559 | 0 | 0.
SCRIPT       : DATA_LOG | 578837 | aRapBi1cCZPZAGLIDny3dk3hQ8vTmNTLHRl8zxmKgQ0= | 12229.9 | 93.4946 | 13790.3 | 0.821228 | 0.5706 | 0 | AKM | 0 | 178.018 | 126.527 | 0 | 1 | 1 | 0 | 0 | 0 | 0 | 1 | camera |  | 0.821228 | 0 | 0.5706 | 0.821228 | 0 | 0.5706
SCRIPT       : DATA_LOG | 579834 | aRapBi1cCZPZAGLIDny3dk3hQ8vTmNTLHRl8zxmKgQ0= | 12234.8 | 93.378 | 13794.6 | 0.724956 | 0.688796 | 0 | AKM | 0 | 171.62 | 133.001 | 0 | 1 | 1 | 0 | 0 | 0 | 0 | 1 | camera | Land_House_1B01_Pub | 0.724956 | 0 | 0.688796 | 
SCRIPT       : DATA_LOG | 580886 | aRapBi1cCZPZAGLIDny3dk3hQ8vTmNTLHRl8zxmKgQ0= | 12238.2 | 93.3239 | 13796.8 | -0.0921359 | -0.995746 | 0 | AKM | 0 | 49.4431 | 136.982 | 0 | 1 | 1 | 0 | 0 | 0 | 0 | 1 | camera |  | -0.0921359 | 0 | -0.995746 | -0.0921359 
SCRIPT       : DATA_LOG | 581848 | aRapBi1cCZPZAGLIDny3dk3hQ8vTmNTLHRl8zxmKgQ0= | 12240.9 | 93.2339 | 13796.9 | -0.845366 | -0.534187 | 0 | AKM | 0 | 3.05717 | 139.248 | 0 | 1 | 1 | 1 | 0 | 0 | 0 | 1 | camera |  | -0.845366 | 0 | -0.534187 | -0.845366 | 0
SCRIPT       : DATA_LOG | 582843 | aRapBi1cCZPZAGLIDny3dk3hQ8vTmNTLHRl8zxmKgQ0= | 12243.5 | 93.1175 | 13798.6 | -0.932745 | -0.360536 | 0 | AKM | 0 | 13.6326 | 142.395 | 0 | 1 | 1 | 0 | 0 | 0 | 0 | 1 | camera |  | -0.932745 | 0 | -0.360536 | -0.932745 | 0
SCRIPT       : DATA_LOG | 583851 | aRapBi1cCZPZAGLIDny3dk3hQ8vTmNTLHRl8zxmKgQ0= | 12245.4 | 92.9688 | 13802.8 | 0.518667 | 0.854977 | 0 | AKM | 0 | 156.753 | 146.387 | 0 | 1 | 1 | 0 | 0 | 0 | 0 | 1 | camera |  | 0.518667 | 0 | 0.854977 | 0.518667 | 0 | 0.
SCRIPT       : DATA_LOG | 584846 | aRapBi1cCZPZAGLIDny3dk3hQ8vTmNTLHRl8zxmKgQ0= | 12250.8 | 92.6835 | 13806.6 | 0.853213 | 0.521563 | 0 | AKM | 0 | 175.441 | 152.989 | 0 | 1 | 1 | 0 | 0 | 0 | 0 | 1 | camera |  | 0.853213 | 0 | 0.521563 | 0.853213 | 0 | 0.
SCRIPT       : DATA_LOG | 585855 | aRapBi1cCZPZAGLIDny3dk3hQ8vTmNTLHRl8zxmKgQ0= | 12257.2 | 92.4793 | 13808.6 | 0.906923 | 0.421297 | 0 | AKM | 0 | 169.922 | 159.365 | 0 | 1 | 1 | 0 | 0 | 0 | 0 | 1 | camera |  | 0.906923 | 0 | 0.421297 | 0.906923 | 0 | 0.
SCRIPT       : DATA_LOG | 586852 | aRapBi1cCZPZAGLIDny3dk3hQ8vTmNTLHRl8zxmKgQ0= | 12263.4 | 92.3812 | 13811.1 | 0.886247 | 0.463213 | 0 | AKM | 0 | 173.041 | 165.892 | 0 | 1 | 1 | 0 | 0 | 0 | 0 | 1 | camera |  | 0.886247 | 0 | 0.463213 | 0.886247 | 0 | 0.
SCRIPT       : DATA_LOG | 587849 | aRapBi1cCZPZAGLIDny3dk3hQ8vTmNTLHRl8zxmKgQ0= | 12268.7 | 92.4132 | 13813.4 | 0.233989 | 0.972239 | 1 | AKM | 0 | 137.439 | 171.512 | 0 | 1 | 1 | 0 | 0 | 0 | 0 | 1 | camera |  | 0.233989 | 0 | 0.972239 | 0.233989 | 0 | 0.
SCRIPT       : DATA_LOG | 588858 | aRapBi1cCZPZAGLIDny3dk3hQ8vTmNTLHRl8zxmKgQ0= | 12269 | 92.4074 | 13814.2 | 0.969072 | -0.246777 | 1 | AKM | 0 | 131.586 | 172.195 | 0 | 1 | 1 | 0 | 0 | 0 | 0 | 1 | camera |  | 0.969072 | 0 | -0.246777 | 0.969072 | 0 | -0
SCRIPT       : DATA_LOG | 589845 | aRapBi1cCZPZAGLIDny3dk3hQ8vTmNTLHRl8zxmKgQ0= | 12271.4 | 92.3315 | 13815.5 | 0.679696 | 0.733494 | 0 | AKM | 0 | 166.731 | 174.965 | 0 | 1 | 1 | 0 | 0 | 0 | 0 | 1 | camera |  | 0.679696 | 0 | 0.733494 | 0.679696 | 0 | 0.
SCRIPT       : DATA_LOG | 590870 | aRapBi1cCZPZAGLIDny3dk3hQ8vTmNTLHRl8zxmKgQ0= | 12274.1 | 91.9673 | 13819.7 | 0.655425 | 0.75526 | 0 | AKM | 0 | 165.484 | 179.641 | 0 | 1 | 1 | 0 | 0 | 0 | 0 | 1 | camera |  | 0.655425 | 0 | 0.75526 | 0.655425 | 0 | 0.75
SCRIPT       : DATA_LOG | 591846 | aRapBi1cCZPZAGLIDny3dk3hQ8vTmNTLHRl8zxmKgQ0= | 12279.8 | 91.521 | 13822.9 | 0.981001 | 0.194005 | 0 | AKM | 0 | 156.657 | 186.105 | 0 | 1 | 1 | 0 | 0 | 0 | 0 | 1 | camera |  | 0.981001 | 0 | 0.194005 | 0.981001 | 0 | 0.1
SCRIPT       : DATA_LOG | 592864 | aRapBi1cCZPZAGLIDny3dk3hQ8vTmNTLHRl8zxmKgQ0= | 12283.7 | 91.0846 | 13823 | -0.688363 | -0.725366 | 0 | AKM | 0 | 12.8477 | 189.355 | 0 | 1 | 1 | 0 | 0 | 0 | 0 | 1 | camera |  | -0.688363 | 0 | -0.725366 | -0.688363 | 0 |
SCRIPT       : DATA_LOG | 593864 | aRapBi1cCZPZAGLIDny3dk3hQ8vTmNTLHRl8zxmKgQ0= | 12285 | 90.9406 | 13823.4 | -0.998087 | -0.0618224 | 0 | AKM | 0 | 30.2015 | 190.69 | 0 | 1 | 1 | 0 | 0 | 0 | 0 | 1 | camera |  | -0.998087 | 0 | -0.0618224 | -0.998087 | 0 
SCRIPT       : DATA_LOG | 594869 | aRapBi1cCZPZAGLIDny3dk3hQ8vTmNTLHRl8zxmKgQ0= | 12286.2 | 90.8002 | 13821 | -0.801759 | 0.597647 | 0 | AKM | 0 | 69.6003 | 190.389 | 0 | 1 | 1 | 0 | 0 | 0 | 0 | 1 | camera |  | -0.801759 | 0 | 0.597647 | -0.801759 | 0 | 0
SCRIPT       : DATA_LOG | 595868 | aRapBi1cCZPZAGLIDny3dk3hQ8vTmNTLHRl8zxmKgQ0= | 12286.7 | 90.7262 | 13820.6 | -0.799786 | 0.600285 | 0 | AKM | 0 | 69.62 | 190.602 | 0 | 1 | 1 | 0 | 0 | 0 | 0 | 1 | camera |  | -0.799786 | -0 | 0.600285 | -0.799786 | 0 | 
SCRIPT       : DATA_LOG | 596856 | aRapBi1cCZPZAGLIDny3dk3hQ8vTmNTLHRl8zxmKgQ0= | 12286.6 | 90.7427 | 13823.4 | -0.939221 | 0.343313 | 0 | AKM | 0 | 53.5466 | 192.038 | 0 | 1 | 1 | 0 | 0 | 0 | 0 | 1 | camera |  | -0.939221 | 0 | 0.343313 | -0.939221 | 0 |
SCRIPT       : DATA_LOG | 597859 | aRapBi1cCZPZAGLIDny3dk3hQ8vTmNTLHRl8zxmKgQ0= | 12287.7 | 90.5246 | 13826.3 | -0.976137 | -0.217158 | 0 | AKM | 0 | 21.5421 | 194.582 | 0 | 1 | 1 | 0 | 0 | 0 | 0 | 1 | camera |  | -0.976137 | 0 | -0.217158 | -0.976137 | 0
SCRIPT       : DATA_LOG | 598878 | aRapBi1cCZPZAGLIDny3dk3hQ8vTmNTLHRl8zxmKgQ0= | 12287.6 | 90.5098 | 13827.6 | -0.976062 | -0.217493 | 0 | AKM | 0 | 21.8483 | 195.182 | 0 | 1 | 1 | 0 | 0 | 0 | 0 | 1 | camera |  | -0.976062 | 0 | -0.217493 | -0.976062 | 0
SCRIPT       : DATA_LOG | 599873 | aRapBi1cCZPZAGLIDny3dk3hQ8vTmNTLHRl8zxmKgQ0= | 12287.6 | 90.5098 | 13827.6 | -0.976062 | -0.217493 | 0 | AKM | 0 | 21.8492 | 195.188 | 0 | 1 | 1 | 0 | 0 | 0 | 0 | 1 | camera |  | -0.976062 | 0 | -0.217493 | -0.976062 | 0
SCRIPT       : DATA_LOG | 600872 | aRapBi1cCZPZAGLIDny3dk3hQ8vTmNTLHRl8zxmKgQ0= | 12287.6 | 90.5098 | 13827.6 | -0.976062 | -0.217493 | 0 | AKM | 0 | 21.8493 | 195.181 | 0 | 1 | 1 | 0 | 0 | 0 | 0 | 1 | camera |  | -0.976062 | 0 | -0.217493 | -0.976062 | 0
SCRIPT       : DATA_LOG | 601865 | aRapBi1cCZPZAGLIDny3dk3hQ8vTmNTLHRl8zxmKgQ0= | 12286.2 | 90.647 | 13829.4 | -0.797048 | -0.603917 | 0 | AKM | 0 | 3.03577 | 195.086 | 0 | 1 | 1 | 1 | 0 | 0 | 0 | 1 | camera |  | -0.797048 | 0 | -0.603917 | -0.797048 | 0 
SCRIPT       : DATA_LOG | 602860 | aRapBi1cCZPZAGLIDny3dk3hQ8vTmNTLHRl8zxmKgQ0= | 12284.2 | 90.7965 | 13831.7 | 0.00610697 | -0.999981 | 0 | AKM | 0 | 54.5124 | 194.764 | 0 | 1 | 1 | 0 | 0 | 0 | 0 | 1 | camera |  | 0.00610697 | 0 | -0.999981 | 0.00610697 
SCRIPT       : DATA_LOG | 603872 | aRapBi1cCZPZAGLIDny3dk3hQ8vTmNTLHRl8zxmKgQ0= | 12281.1 | 91.0028 | 13832.3 | 0.892309 | -0.451425 | 0 | AKM | 0 | 116.6 | 192.673 | 0 | 1 | 1 | 0 | 0 | 0 | 0 | 1 | camera |  | 0.892309 | 0 | -0.451425 | 0.892309 | 0 | -0
SCRIPT       : DATA_LOG | 604862 | aRapBi1cCZPZAGLIDny3dk3hQ8vTmNTLHRl8zxmKgQ0= | 12276.9 | 91.3197 | 13831.8 | -0.990023 | -0.140908 | 0 | AKM | 0 | 29.1299 | 188.98 | 0 | 1 | 1 | 0 | 0 | 0 | 0 | 1 | camera |  | -0.990023 | 0 | -0.140908 | -0.990023 | 0 
SCRIPT       : DATA_LOG | 605883 | aRapBi1cCZPZAGLIDny3dk3hQ8vTmNTLHRl8zxmKgQ0= | 12275.9 | 91.3582 | 13835.2 | 0.521807 | 0.853063 | 0 | AKM | 0 | 159.544 | 190.278 | 0 | 1 | 1 | 0 | 0 | 0 | 0 | 1 | camera |  | 0.521807 | 0 | 0.853063 | 0.521807 | 0 | 0.
SCRIPT       : DATA_LOG | 606875 | aRapBi1cCZPZAGLIDny3dk3hQ8vTmNTLHRl8zxmKgQ0= | 12279.6 | 90.9665 | 13841 | 0.429927 | 0.902864 | 0 | AKM | 0 | 154.239 | 196.706 | 0 | 1 | 1 | 0 | 0 | 0 | 0 | 1 | camera |  | 0.429927 | 0 | 0.902864 | 0.429927 | 0 | 0.90
SCRIPT       : DATA_LOG | 607875 | aRapBi1cCZPZAGLIDny3dk3hQ8vTmNTLHRl8zxmKgQ0= | 12282.5 | 90.5647 | 13847 | 0.386785 | 0.92217 | 0 | AKM | 0 | 152.34 | 202.787 | 0 | 1 | 1 | 0 | 0 | 0 | 0 | 1 | camera |  | 0.386785 | 0 | 0.92217 | 0.386785 | 0 | 0.92217
SCRIPT       : DATA_LOG | 608870 | aRapBi1cCZPZAGLIDny3dk3hQ8vTmNTLHRl8zxmKgQ0= | 12285.1 | 89.9293 | 13853.2 | 0.405784 | 0.913969 | 0 | AKM | 0 | 154.353 | 208.769 | 0 | 1 | 1 | 0 | 0 | 0 | 0 | 1 | camera |  | 0.405784 | 0 | 0.913969 | 0.405784 | 0 | 0.
SCRIPT       : DATA_LOG | 609930 | aRapBi1cCZPZAGLIDny3dk3hQ8vTmNTLHRl8zxmKgQ0= | 12286.2 | 90.6774 | 13855.2 | 0.763379 | 0.645951 | 0 | AKM | 0 | 177.993 | 210.897 | 0 | 1 | 1 | 0 | 0 | 0 | 0 | 1 | camera |  | 0.763379 | 0 | 0.645951 | 0.763379 | 0 | 0.
SCRIPT       : DATA_LOG | 610875 | aRapBi1cCZPZAGLIDny3dk3hQ8vTmNTLHRl8zxmKgQ0= | 12288.8 | 89.1367 | 13857.8 | 0.643693 | 0.765284 | 0 | AKM | 0 | 170.575 | 214.58 | 0 | 1 | 1 | 0 | 0 | 0 | 0 | 1 | camera |  | 0.643693 | 0 | 0.765284 | 0.643693 | 0 | 0.7
SCRIPT       : DATA_LOG | 611880 | aRapBi1cCZPZAGLIDny3dk3hQ8vTmNTLHRl8zxmKgQ0= | 12291.6 | 88.1368 | 13863.3 | 0.171516 | 0.985181 | 0 | AKM | 0 | 141.218 | 220.462 | 0 | 1 | 1 | 0 | 0 | 0 | 0 | 1 | camera |  | 0.171516 | 0 | 0.985181 | 0.171516 | 0 | 0.
SCRIPT       : DATA_LOG | 612876 | aRapBi1cCZPZAGLIDny3dk3hQ8vTmNTLHRl8zxmKgQ0= | 12293.3 | 87.6437 | 13869.8 | 0.143035 | 0.989718 | 0 | AKM | 0 | 140.504 | 226.053 | 0 | 1 | 1 | 0 | 0 | 0 | 0 | 1 | camera |  | 0.143035 | 0 | 0.989718 | 0.143035 | 0 | 0.
SCRIPT       : DATA_LOG | 613906 | aRapBi1cCZPZAGLIDny3dk3hQ8vTmNTLHRl8zxmKgQ0= | 12294.3 | 87.1283 | 13876.4 | 0.13873 | 0.99033 | 0 | AKM | 0 | 141.293 | 231.289 | 0 | 1 | 1 | 0 | 0 | 0 | 0 | 1 | camera |  | 0.13873 | 0 | 0.99033 | 0.13873 | 0 | 0.99033
SCRIPT       : DATA_LOG | 614903 | aRapBi1cCZPZAGLIDny3dk3hQ8vTmNTLHRl8zxmKgQ0= | 12295.3 | 86.9186 | 13883 | 0.216077 | 0.976376 | 0 | AKM | 0 | 146.788 | 236.589 | 0 | 1 | 1 | 0 | 0 | 0 | 0 | 1 | camera |  | 0.216077 | 0 | 0.976376 | 0.216077 | 0 | 0.97
SCRIPT       : DATA_LOG | 615889 | aRapBi1cCZPZAGLIDny3dk3hQ8vTmNTLHRl8zxmKgQ0= | 12297.3 | 86.6554 | 13889.2 | 0.442877 | 0.896582 | 0 | AKM | 0 | 161.22 | 242.323 | 0 | 1 | 1 | 0 | 0 | 0 | 0 | 1 | camera |  | 0.442877 | 0 | 0.896582 | 0.442877 | 0 | 0.8
SCRIPT       : DATA_LOG | 616893 | aRapBi1cCZPZAGLIDny3dk3hQ8vTmNTLHRl8zxmKgQ0= | 12299.9 | 86.5155 | 13892.1 | 0.504484 | 0.863421 | 0 | AKM | 0 | 165.23 | 246.32 | 0 | 1 | 1 | 0 | 0 | 0 | 0 | 1 | camera |  | 0.504484 | 0 | 0.863421 | 0.504484 | 0 | 0.86
SCRIPT       : DATA_LOG | 617894 | aRapBi1cCZPZAGLIDny3dk3hQ8vTmNTLHRl8zxmKgQ0= | 12301.8 | 86.2698 | 13895.3 | 0.504579 | 0.863366 | 0 | AKM | 0 | 165.439 | 249.866 | 0 | 1 | 1 | 0 | 0 | 0 | 0 | 1 | camera |  | 0.504579 | 0 | 0.863366 | 0.504579 | 0 | 0.
SCRIPT       : DATA_LOG | 618887 | aRapBi1cCZPZAGLIDny3dk3hQ8vTmNTLHRl8zxmKgQ0= | 12302.1 | 86.2409 | 13895.9 | 0.504579 | 0.863366 | 0 | AKM | 0 | 165.476 | 250.496 | 0 | 1 | 1 | 0 | 0 | 0 | 0 | 1 | camera |  | 0.504579 | 0 | 0.863366 | 0.504579 | 0 | 0.
SCRIPT       : DATA_LOG | 619884 | aRapBi1cCZPZAGLIDny3dk3hQ8vTmNTLHRl8zxmKgQ0= | 12302.1 | 86.2409 | 13895.9 | 0.504579 | 0.863366 | 0 | AKM | 0 | 165.476 | 250.494 | 0 | 1 | 1 | 0 | 0 | 0 | 0 | 1 | camera |  | 0.504579 | 0 | 0.863366 | 0.504579 | 0 | 0.
SCRIPT       : DATA_LOG | 620893 | aRapBi1cCZPZAGLIDny3dk3hQ8vTmNTLHRl8zxmKgQ0= | 12302.1 | 86.2409 | 13895.9 | 0.504579 | 0.863366 | 0 | AKM | 0 | 165.475 | 250.485 | 0 | 1 | 1 | 0 | 0 | 0 | 0 | 1 | camera |  | 0.504579 | 0 | 0.863366 | 0.504579 | 0 | 0.
SCRIPT       : DATA_LOG | 621882 | aRapBi1cCZPZAGLIDny3dk3hQ8vTmNTLHRl8zxmKgQ0= | 12302.1 | 86.2409 | 13895.9 | 0.504579 | 0.863366 | 0 | AKM | 0 | 165.475 | 250.49 | 0 | 1 | 1 | 0 | 0 | 0 | 0 | 1 | camera |  | 0.504579 | 0 | 0.863366 | 0.504579 | 0 | 0.8
SCRIPT       : DATA_LOG | 622891 | aRapBi1cCZPZAGLIDny3dk3hQ8vTmNTLHRl8zxmKgQ0= | 12302.1 | 86.2409 | 13895.9 | 0.504579 | 0.863366 | 0 | AKM | 0 | 165.475 | 250.482 | 0 | 1 | 1 | 0 | 0 | 0 | 0 | 1 | camera |  | 0.504579 | 0 | 0.863366 | 0.504579 | 0 | 0.
SCRIPT       : DATA_LOG | 623895 | aRapBi1cCZPZAGLIDny3dk3hQ8vTmNTLHRl8zxmKgQ0= | 12302.1 | 86.2409 | 13895.9 | 0.504579 | 0.863366 | 0 | AKM | 0 | 165.476 | 250.489 | 0 | 1 | 1 | 0 | 0 | 0 | 0 | 1 | camera |  | 0.504579 | 0 | 0.863366 | 0.504579 | 0 | 0.
SCRIPT       : DATA_LOG | 624910 | aRapBi1cCZPZAGLIDny3dk3hQ8vTmNTLHRl8zxmKgQ0= | 12302.1 | 86.2409 | 13895.9 | 0.504579 | 0.863366 | 0 | AKM | 0 | 165.475 | 250.483 | 0 | 1 | 1 | 0 | 0 | 0 | 0 | 1 | camera |  | 0.504579 | 0 | 0.863366 | 0.504579 | 0 | 0.
SCRIPT       : DATA_LOG | 625900 | aRapBi1cCZPZAGLIDny3dk3hQ8vTmNTLHRl8zxmKgQ0= | 12302.1 | 86.2409 | 13895.9 | 0.504579 | 0.863366 | 0 | AKM | 0 | 165.475 | 250.492 | 0 | 1 | 1 | 0 | 0 | 0 | 0 | 1 | camera |  | 0.504579 | 0 | 0.863366 | 0.504579 | 0 | 0.
SCRIPT       : DATA_LOG | 626904 | aRapBi1cCZPZAGLIDny3dk3hQ8vTmNTLHRl8zxmKgQ0= | 12302.1 | 86.2409 | 13895.9 | 0.504579 | 0.863366 | 0 | AKM | 0 | 165.476 | 250.497 | 0 | 1 | 1 | 0 | 0 | 0 | 0 | 1 | camera |  | 0.504579 | 0 | 0.863366 | 0.504579 | 0 | 0.
SCRIPT       : DATA_LOG | 627899 | aRapBi1cCZPZAGLIDny3dk3hQ8vTmNTLHRl8zxmKgQ0= | 12302.1 | 86.2409 | 13895.9 | 0.504579 | 0.863366 | 0 | AKM | 0 | 165.475 | 250.484 | 0 | 1 | 1 | 0 | 0 | 0 | 0 | 1 | camera |  | 0.504579 | 0 | 0.863366 | 0.504579 | 0 | 0.
SCRIPT       : DATA_LOG | 628894 | aRapBi1cCZPZAGLIDny3dk3hQ8vTmNTLHRl8zxmKgQ0= | 12302.1 | 86.2409 | 13895.9 | 0.504579 | 0.863366 | 0 | AKM | 0 | 165.475 | 250.492 | 0 | 1 | 1 | 0 | 0 | 0 | 0 | 1 | camera |  | 0.504579 | 0 | 0.863366 | 0.504579 | 0 | 0.
SCRIPT       : DATA_LOG | 629899 | aRapBi1cCZPZAGLIDny3dk3hQ8vTmNTLHRl8zxmKgQ0= | 12302.1 | 86.2409 | 13895.9 | 0.504579 | 0.863366 | 0 | AKM | 0 | 165.475 | 250.483 | 0 | 1 | 1 | 0 | 0 | 0 | 0 | 1 | camera |  | 0.504579 | 0 | 0.863366 | 0.504579 | 0 | 0.
SCRIPT       : DATA_LOG | 630902 | aRapBi1cCZPZAGLIDny3dk3hQ8vTmNTLHRl8zxmKgQ0= | 12302.1 | 86.2409 | 13895.9 | 0.504579 | 0.863366 | 0 | AKM | 0 | 165.476 | 250.487 | 0 | 1 | 1 | 0 | 0 | 0 | 0 | 1 | camera |  | 0.504579 | 0 | 0.863366 | 0.504579 | 0 | 0.
SCRIPT       : DATA_LOG | 631898 | aRapBi1cCZPZAGLIDny3dk3hQ8vTmNTLHRl8zxmKgQ0= | 12302.1 | 86.2409 | 13895.9 | 0.504579 | 0.863366 | 0 | AKM | 0 | 165.476 | 250.485 | 0 | 1 | 1 | 0 | 0 | 0 | 0 | 1 | camera |  | 0.504579 | 0 | 0.863366 | 0.504579 | 0 | 0.
SCRIPT       : DATA_LOG | 632899 | aRapBi1cCZPZAGLIDny3dk3hQ8vTmNTLHRl8zxmKgQ0= | 12302.1 | 86.2409 | 13895.9 | 0.504579 | 0.863366 | 0 | AKM | 0 | 165.475 | 250.488 | 0 | 1 | 1 | 0 | 0 | 0 | 0 | 1 | camera |  | 0.504579 | 0 | 0.863366 | 0.504579 | 0 | 0.
SCRIPT       : DATA_LOG | 633901 | aRapBi1cCZPZAGLIDny3dk3hQ8vTmNTLHRl8zxmKgQ0= | 12302.1 | 86.2409 | 13895.9 | 0.504579 | 0.863366 | 0 | AKM | 0 | 165.476 | 250.499 | 0 | 1 | 1 | 0 | 0 | 0 | 0 | 1 | camera |  | 0.504579 | 0 | 0.863366 | 0.504579 | 0 | 0.
SCRIPT       : DATA_LOG | 635399 | aRapBi1cCZPZAGLIDny3dk3hQ8vTmNTLHRl8zxmKgQ0= | 11680.4 | 108.246 | 13721 | 0.504579 | 0.863366 | 0 | AKM | 0 | 60.1332 | 446.183 | 0 | 1 | 1 | 0 | 0 | 0 | 0 | 1 | camera |  | 0.504579 | 0 | 0.863366 | 0.504579 | 0 | 0.86
SCRIPT       : DATA_LOG | 636145 | aRapBi1cCZPZAGLIDny3dk3hQ8vTmNTLHRl8zxmKgQ0= | 11680.4 | 108.246 | 13721 | 0.504579 | 0.863366 | 0 | AKM | 0 | 60.1342 | 446.179 | 0 | 1 | 1 | 0 | 0 | 0 | 0 | 1 | camera |  | 0.504579 | 0 | 0.863366 | 0.504579 | 0 | 0.86
SCRIPT       : DATA_LOG | 637143 | aRapBi1cCZPZAGLIDny3dk3hQ8vTmNTLHRl8zxmKgQ0= | 11680.4 | 108.246 | 13721 | 0.504579 | 0.863366 | 0 | AKM | 0 | 60.1334 | 446.186 | 0 | 1 | 1 | 0 | 0 | 0 | 0 | 1 | camera |  | 0.504579 | 0 | 0.863366 | 0.504579 | 0 | 0.86
SCRIPT       : DATA_LOG | 638152 | aRapBi1cCZPZAGLIDny3dk3hQ8vTmNTLHRl8zxmKgQ0= | 11680.4 | 108.246 | 13721 | 0.504579 | 0.863366 | 0 | AKM | 0 | 60.1337 | 446.186 | 0 | 1 | 1 | 0 | 0 | 0 | 0 | 1 | camera |  | 0.504579 | 0 | 0.863366 | 0.504579 | 0 | 0.86
SCRIPT       : DATA_LOG | 639147 | aRapBi1cCZPZAGLIDny3dk3hQ8vTmNTLHRl8zxmKgQ0= | 11681.5 | 108.156 | 13721.5 | 0.930552 | 0.36616 | 0 | AKM | 0 | 22.0084 | 445.084 | 0 | 1 | 1 | 0 | 0 | 0 | 0 | 1 | camera |  | 0.930552 | 0 | 0.36616 | 0.930552 | 0 | 0.36
SCRIPT       : DATA_LOG | 640148 | aRapBi1cCZPZAGLIDny3dk3hQ8vTmNTLHRl8zxmKgQ0= | 11681.5 | 108.156 | 13721.5 | 0.930552 | 0.36616 | 0 | AKM | 0 | 22.0073 | 445.081 | 0 | 1 | 1 | 0 | 0 | 0 | 0 | 1 | camera |  | 0.930552 | 0 | 0.36616 | 0.930552 | 0 | 0.36
SCRIPT       : DATA_LOG | 641159 | aRapBi1cCZPZAGLIDny3dk3hQ8vTmNTLHRl8zxmKgQ0= | 11681.5 | 108.156 | 13721.5 | 0.930552 | 0.36616 | 0 | AKM | 0 | 22.0095 | 445.076 | 0 | 1 | 1 | 0 | 0 | 0 | 0 | 1 | camera |  | 0.930552 | 0 | 0.36616 | 0.930552 | 0 | 0.36
SCRIPT       : DATA_LOG | 642152 | aRapBi1cCZPZAGLIDny3dk3hQ8vTmNTLHRl8zxmKgQ0= | 11682.7 | 107.997 | 13722.6 | 0.940609 | 0.339491 | 0 | AKM | 0 | 20.5196 | 443.903 | 0 | 1 | 1 | 0 | 0 | 0 | 0 | 1 | camera |  | 0.940609 | 0 | 0.339491 | 0.940609 | 0 | 0.
SCRIPT       : DATA_LOG | 643154 | aRapBi1cCZPZAGLIDny3dk3hQ8vTmNTLHRl8zxmKgQ0= | 11682.7 | 107.997 | 13722.6 | 0.940609 | 0.339491 | 0 | AKM | 0 | 20.5204 | 443.901 | 0 | 1 | 1 | 0 | 0 | 0 | 0 | 1 | camera |  | 0.940609 | 0 | 0.339491 | 0.940609 | 0 | 0.
SCRIPT       : DATA_LOG | 644158 | aRapBi1cCZPZAGLIDny3dk3hQ8vTmNTLHRl8zxmKgQ0= | 11682.7 | 107.997 | 13722.6 | 0.940609 | 0.339491 | 0 | AKM | 0 | 20.5197 | 443.906 | 0 | 1 | 1 | 0 | 0 | 0 | 0 | 1 | camera |  | 0.940609 | 0 | 0.339491 | 0.940609 | 0 | 0.
SCRIPT       : DATA_LOG | 645148 | aRapBi1cCZPZAGLIDny3dk3hQ8vTmNTLHRl8zxmKgQ0= | 11682.7 | 107.997 | 13722.6 | 0.940609 | 0.339491 | 0 | AKM | 0 | 20.5198 | 443.907 | 0 | 1 | 1 | 0 | 0 | 0 | 0 | 1 | camera |  | 0.940609 | 0 | 0.339491 | 0.940609 | 0 | 0.
SCRIPT       : DATA_LOG | 646151 | aRapBi1cCZPZAGLIDny3dk3hQ8vTmNTLHRl8zxmKgQ0= | 11682.7 | 107.997 | 13722.6 | 0.940609 | 0.339491 | 0 | AKM | 0 | 20.5208 | 443.905 | 0 | 1 | 1 | 0 | 0 | 0 | 0 | 1 | camera |  | 0.940609 | 0 | 0.339491 | 0.940609 | 0 | 0.
SCRIPT       : DATA_LOG | 647155 | aRapBi1cCZPZAGLIDny3dk3hQ8vTmNTLHRl8zxmKgQ0= | 11682.7 | 107.997 | 13722.6 | 0.940609 | 0.339491 | 0 | AKM | 0 | 20.5192 | 443.904 | 0 | 1 | 1 | 0 | 0 | 0 | 0 | 1 | camera |  | 0.940609 | 0 | 0.339491 | 0.940609 | 0 | 0.
SCRIPT       : DATA_LOG | 648159 | aRapBi1cCZPZAGLIDny3dk3hQ8vTmNTLHRl8zxmKgQ0= | 11682.7 | 107.997 | 13722.6 | 0.940609 | 0.339491 | 0 | AKM | 0 | 20.5217 | 443.898 | 0 | 1 | 1 | 0 | 0 | 0 | 0 | 1 | camera |  | 0.940609 | 0 | 0.339491 | 0.940609 | 0 | 0.
SCRIPT       : DATA_LOG | 649155 | aRapBi1cCZPZAGLIDny3dk3hQ8vTmNTLHRl8zxmKgQ0= | 11682.7 | 107.997 | 13722.6 | 0.940609 | 0.339491 | 0 | AKM | 0 | 20.5198 | 443.902 | 0 | 1 | 1 | 0 | 0 | 0 | 0 | 1 | camera |  | 0.940609 | 0 | 0.339491 | 0.940609 | 0 | 0.
SCRIPT       : DATA_LOG | 650161 | aRapBi1cCZPZAGLIDny3dk3hQ8vTmNTLHRl8zxmKgQ0= | 11682.7 | 107.997 | 13722.6 | 0.940609 | 0.339491 | 0 | AKM | 0 | 20.5203 | 443.901 | 0 | 1 | 1 | 0 | 0 | 0 | 0 | 1 | camera |  | 0.940609 | 0 | 0.339491 | 0.940609 | 0 | 0.
SCRIPT       : DATA_LOG | 651159 | aRapBi1cCZPZAGLIDny3dk3hQ8vTmNTLHRl8zxmKgQ0= | 11682.7 | 107.997 | 13722.6 | 0.940609 | 0.339491 | 0 | AKM | 0 | 20.5199 | 443.905 | 0 | 1 | 1 | 0 | 0 | 0 | 0 | 1 | camera |  | 0.940609 | 0 | 0.339491 | 0.940609 | 0 | 0.
SCRIPT       : DATA_LOG | 652160 | aRapBi1cCZPZAGLIDny3dk3hQ8vTmNTLHRl8zxmKgQ0= | 11682.7 | 107.997 | 13722.6 | 0.940609 | 0.339491 | 0 | AKM | 0 | 20.5197 | 443.908 | 0 | 1 | 1 | 0 | 0 | 0 | 0 | 1 | camera |  | 0.940609 | 0 | 0.339491 | 0.940609 | 0 | 0.
SCRIPT       : DATA_LOG | 653157 | aRapBi1cCZPZAGLIDny3dk3hQ8vTmNTLHRl8zxmKgQ0= | 11682.7 | 107.997 | 13722.6 | 0.940609 | 0.339491 | 0 | AKM | 0 | 20.521 | 443.904 | 0 | 1 | 1 | 0 | 0 | 0 | 0 | 1 | camera |  | 0.940609 | 0 | 0.339491 | 0.940609 | 0 | 0.3
SCRIPT       : DATA_LOG | 654158 | aRapBi1cCZPZAGLIDny3dk3hQ8vTmNTLHRl8zxmKgQ0= | 11682.7 | 107.997 | 13722.6 | 0.940609 | 0.339491 | 0 | AKM | 0 | 20.5189 | 443.904 | 0 | 1 | 1 | 0 | 0 | 0 | 0 | 1 | camera |  | 0.940609 | 0 | 0.339491 | 0.940609 | 0 | 0.
SCRIPT       : DATA_LOG | 655155 | aRapBi1cCZPZAGLIDny3dk3hQ8vTmNTLHRl8zxmKgQ0= | 11682.7 | 107.997 | 13722.6 | 0.940609 | 0.339491 | 0 | AKM | 0 | 20.5216 | 443.897 | 0 | 1 | 1 | 0 | 0 | 0 | 0 | 1 | camera |  | 0.940609 | 0 | 0.339491 | 0.940609 | 0 | 0.
SCRIPT       : DATA_LOG | 656165 | aRapBi1cCZPZAGLIDny3dk3hQ8vTmNTLHRl8zxmKgQ0= | 11683.1 | 107.978 | 13722.7 | 0.937477 | 0.348048 | 0 | AKM | 0 | 21.0584 | 443.532 | 0 | 1 | 1 | 0 | 0 | 0 | 0 | 1 | camera |  | 0.937477 | 0 | 0.348048 | 0.937477 | 0 | 0.
SCRIPT       : DATA_LOG | 657164 | aRapBi1cCZPZAGLIDny3dk3hQ8vTmNTLHRl8zxmKgQ0= | 11683.1 | 107.978 | 13722.7 | 0.937477 | 0.348048 | 0 | AKM | 0 | 21.0584 | 443.532 | 0 | 1 | 1 | 0 | 0 | 0 | 0 | 1 | camera |  | 0.937477 | 0 | 0.348048 | 0.937477 | 0 | 0.
SCRIPT       : DATA_LOG | 658168 | aRapBi1cCZPZAGLIDny3dk3hQ8vTmNTLHRl8zxmKgQ0= | 11683.1 | 107.978 | 13722.7 | 0.937477 | 0.348048 | 0 | AKM | 0 | 21.0583 | 443.533 | 0 | 1 | 1 | 0 | 0 | 0 | 0 | 1 | camera |  | 0.937477 | 0 | 0.348048 | 0.937477 | 0 | 0.
SCRIPT       : DATA_LOG | 659160 | aRapBi1cCZPZAGLIDny3dk3hQ8vTmNTLHRl8zxmKgQ0= | 11683.1 | 107.978 | 13722.7 | 0.937477 | 0.348048 | 0 | AKM | 0 | 21.0579 | 443.536 | 0 | 1 | 1 | 0 | 0 | 0 | 0 | 1 | camera |  | 0.937477 | 0 | 0.348048 | 0.937477 | 0 | 0.
SCRIPT       : DATA_LOG | 660164 | aRapBi1cCZPZAGLIDny3dk3hQ8vTmNTLHRl8zxmKgQ0= | 11683.5 | 107.947 | 13722.9 | 0.897322 | 0.441376 | 0 | none | 0 | 26.9012 | 443.143 | 0 | 1 | 1 | 0 | 0 | 0 | 0 | 1 | camera |  | 0.897322 | 0 | 0.441376 | 0.897322 | 0 | 0
SCRIPT       : DATA_LOG | 661162 | aRapBi1cCZPZAGLIDny3dk3hQ8vTmNTLHRl8zxmKgQ0= | 11683.5 | 107.947 | 13722.9 | 0.897322 | 0.441376 | 0 | none | 0 | 26.8996 | 443.144 | 0 | 1 | 1 | 0 | 0 | 0 | 0 | 1 | camera |  | 0.897322 | 0 | 0.441376 | 0.897322 | 0 | 0
SCRIPT       : DATA_LOG | 662164 | aRapBi1cCZPZAGLIDny3dk3hQ8vTmNTLHRl8zxmKgQ0= | 11683.5 | 107.947 | 13722.9 | 0.897322 | 0.441376 | 0 | none | 0 | 26.9016 | 443.136 | 0 | 1 | 1 | 0 | 0 | 0 | 0 | 1 | camera |  | 0.897322 | 0 | 0.441376 | 0.897322 | 0 | 0
SCRIPT       : DATA_LOG | 663168 | aRapBi1cCZPZAGLIDny3dk3hQ8vTmNTLHRl8zxmKgQ0= | 11683.5 | 107.947 | 13722.9 | 0.897322 | 0.441376 | 0 | none | 0 | 26.9012 | 443.139 | 0 | 1 | 1 | 0 | 0 | 0 | 0 | 1 | camera |  | 0.897322 | 0 | 0.441376 | 0.897322 | 0 | 0
SCRIPT       : DATA_LOG | 664168 | aRapBi1cCZPZAGLIDny3dk3hQ8vTmNTLHRl8zxmKgQ0= | 11683.5 | 107.947 | 13722.9 | 0.897322 | 0.441376 | 0 | none | 0 | 26.9002 | 443.143 | 0 | 1 | 1 | 0 | 0 | 0 | 0 | 1 | camera |  | 0.897322 | 0 | 0.441376 | 0.897322 | 0 | 0
SCRIPT       : DATA_LOG | 665170 | aRapBi1cCZPZAGLIDny3dk3hQ8vTmNTLHRl8zxmKgQ0= | 11683.5 | 107.947 | 13722.9 | 0.897322 | 0.441376 | 0 | none | 0 | 26.9007 | 443.141 | 0 | 1 | 1 | 0 | 0 | 0 | 0 | 1 | camera |  | 0.897322 | 0 | 0.441376 | 0.897322 | 0 | 0
SCRIPT       : DATA_LOG | 666175 | aRapBi1cCZPZAGLIDny3dk3hQ8vTmNTLHRl8zxmKgQ0= | 11683.5 | 107.947 | 13722.9 | 0.897322 | 0.441376 | 0 | none | 0 | 26.8999 | 443.146 | 0 | 1 | 1 | 0 | 0 | 0 | 0 | 1 | camera |  | 0.897322 | 0 | 0.441376 | 0.897322 | 0 | 0
SCRIPT       : DATA_LOG | 667180 | aRapBi1cCZPZAGLIDny3dk3hQ8vTmNTLHRl8zxmKgQ0= | 11685.2 | 107.811 | 13723.8 | 0.932633 | 0.360826 | 0 | none | 0 | 21.9844 | 441.447 | 0 | 1 | 1 | 0 | 0 | 0 | 0 | 1 | camera | TreeSoft_t_FagusSylvatica_2sb | 0.932633 | 0 
SCRIPT       : DATA_LOG | 668171 | aRapBi1cCZPZAGLIDny3dk3hQ8vTmNTLHRl8zxmKgQ0= | 11685.2 | 107.811 | 13723.8 | 0.932633 | 0.360826 | 0 | none | 0 | 21.9834 | 441.447 | 0 | 1 | 1 | 0 | 0 | 0 | 0 | 1 | camera | TreeSoft_t_FagusSylvatica_2sb | 0.932633 | 0 
SCRIPT       : DATA_LOG | 669177 | aRapBi1cCZPZAGLIDny3dk3hQ8vTmNTLHRl8zxmKgQ0= | 11685.3 | 107.895 | 13723.2 | 0.970585 | 0.240757 | 0 | none | 0 | 14.7015 | 441.267 | 0 | 1 | 1 | 0 | 0 | 0 | 0 | 1 | camera |  | 0.970585 | 0 | 0.240757 | 0.970585 | 0 | 0
SCRIPT       : DATA_LOG | 670179 | aRapBi1cCZPZAGLIDny3dk3hQ8vTmNTLHRl8zxmKgQ0= | 11687 | 108.282 | 13719.9 | 0.982906 | 0.18411 | 0 | none | 0 | 10.9835 | 439.547 | 0 | 1 | 1 | 0 | 0 | 0 | 0 | 1 | camera |  | 0.982906 | 0 | 0.18411 | 0.982906 | 0 | 0.184
SCRIPT       : DATA_LOG | 671179 | aRapBi1cCZPZAGLIDny3dk3hQ8vTmNTLHRl8zxmKgQ0= | 11690.9 | 108.081 | 13720.2 | 0.989895 | 0.141806 | 0 | none | 0 | 8.59437 | 435.683 | 0 | 1 | 1 | 0 | 0 | 0 | 0 | 1 | camera |  | 0.989895 | 0 | 0.141806 | 0.989895 | 0 | 0
SCRIPT       : DATA_LOG | 672186 | aRapBi1cCZPZAGLIDny3dk3hQ8vTmNTLHRl8zxmKgQ0= | 11693.7 | 108.371 | 13717.6 | 0.991588 | 0.129431 | 0 | AKM | 0 | 7.56123 | 432.849 | 0 | 1 | 1 | 0 | 0 | 0 | 0 | 1 | camera |  | 0.991588 | 0 | 0.129431 | 0.991588 | 0 | 0.
SCRIPT       : DATA_LOG | 673179 | aRapBi1cCZPZAGLIDny3dk3hQ8vTmNTLHRl8zxmKgQ0= | 11699.7 | 108.766 | 13714.9 | 0.999845 | -0.0176238 | 0 | AKM | 0 | 2.01713 | 426.929 | 0 | 1 | 1 | 1 | 0 | 0 | 0 | 1 | camera |  | 0.999845 | 0 | -0.0176238 | 0.999845 | 0 
SCRIPT       : DATA_LOG | 674184 | aRapBi1cCZPZAGLIDny3dk3hQ8vTmNTLHRl8zxmKgQ0= | 11705.9 | 108.89 | 13712.5 | 0.999996 | -0.00264534 | 0 | AKM | 0 | 1.73122 | 420.696 | 0 | 1 | 1 | 1 | 0 | 0 | 0 | 1 | camera |  | 0.999996 | 0 | -0.00264534 | 0.999996 | 0
SCRIPT       : DATA_LOG | 675181 | aRapBi1cCZPZAGLIDny3dk3hQ8vTmNTLHRl8zxmKgQ0= | 11712.6 | 108.828 | 13711.7 | 0.997042 | -0.0768543 | 0 | AKM | 0 | 5.45144 | 414.058 | 0 | 1 | 1 | 0 | 0 | 0 | 0 | 1 | camera |  | 0.997042 | 0 | -0.0768543 | 0.997042 | 0 
SCRIPT       : DATA_LOG | 676191 | aRapBi1cCZPZAGLIDny3dk3hQ8vTmNTLHRl8zxmKgQ0= | 11717.9 | 108.992 | 13710.4 | 0.999687 | -0.0250002 | 0 | AKM | 0 | 2.9141 | 408.735 | 0 | 1 | 1 | 1 | 0 | 0 | 0 | 1 | camera |  | 0.999687 | 0 | -0.0250002 | 0.999687 | 0 |
SCRIPT       : DATA_LOG | 677195 | aRapBi1cCZPZAGLIDny3dk3hQ8vTmNTLHRl8zxmKgQ0= | 11721.1 | 109.448 | 13707 | 0.996463 | -0.0840305 | 0 | AKM | 0 | 6.53933 | 405.603 | 0 | 1 | 1 | 0 | 0 | 0 | 0 | 1 | camera |  | 0.996463 | 0 | -0.0840305 | 0.996463 | 0 | 
SCRIPT       : DATA_LOG | 678195 | aRapBi1cCZPZAGLIDny3dk3hQ8vTmNTLHRl8zxmKgQ0= | 11726.6 | 109.795 | 13703.5 | 0.997615 | -0.0690317 | 0 | AKM | 0 | 6.22875 | 400.324 | 0 | 1 | 1 | 0 | 0 | 0 | 0 | 1 | camera |  | 0.997615 | 0 | -0.0690317 | 0.997615 | 0 
SCRIPT       : DATA_LOG | 679200 | aRapBi1cCZPZAGLIDny3dk3hQ8vTmNTLHRl8zxmKgQ0= | 11730.3 | 109.981 | 13701.6 | 0.999807 | 0.0196193 | 1 | AKM | 0 | 2.12688 | 396.644 | 0 | 1 | 1 | 1 | 1 | 1 | 1 | 1 | camera |  | 0.999807 | 0 | 0.0196193 | 0.999807 | 0 | 
SCRIPT       : DATA_LOG | 680199 | aRapBi1cCZPZAGLIDny3dk3hQ8vTmNTLHRl8zxmKgQ0= | 11731.2 | 109.989 | 13701.4 | 0.999279 | 0.0379549 | 1 | AKM | 0 | 1.77001 | 395.74 | 0 | 1 | 1 | 1 | 1 | 1 | 1 | 1 | camera |  | 0.999279 | 0 | 0.0379549 | 0.999279 | 0 | 0
SCRIPT       : DATA_LOG | 681187 | aRapBi1cCZPZAGLIDny3dk3hQ8vTmNTLHRl8zxmKgQ0= | 11731.2 | 109.989 | 13701.4 | 0.999279 | 0.0379549 | 1 | AKM | 0 | 1.77001 | 395.74 | 0 | 1 | 1 | 1 | 1 | 1 | 1 | 1 | camera |  | 0.999279 | 0 | 0.0379549 | 0.999279 | 0 | 0
SCRIPT       : DATA_LOG | 682216 | aRapBi1cCZPZAGLIDny3dk3hQ8vTmNTLHRl8zxmKgQ0= | 11731.2 | 109.989 | 13701.4 | 0.999279 | 0.0379549 | 1 | AKM | 0 | 1.77001 | 395.739 | 0 | 1 | 1 | 1 | 1 | 1 | 1 | 1 | camera |  | 0.999279 | 0 | 0.0379549 | 0.999279 | 0 | 
SCRIPT       : DATA_LOG | 683213 | aRapBi1cCZPZAGLIDny3dk3hQ8vTmNTLHRl8zxmKgQ0= | 11731.2 | 109.986 | 13701.5 | 0.999454 | 0.0330401 | 1 | AKM | 0 | 1.81876 | 395.734 | 0 | 1 | 1 | 1 | 1 | 1 | 1 | 1 | camera |  | 0.999454 | 0 | 0.0330401 | 0.999454 | 0 | 
SCRIPT       : DATA_LOG | 684224 | aRapBi1cCZPZAGLIDny3dk3hQ8vTmNTLHRl8zxmKgQ0= | 11731.2 | 109.895 | 13702.2 | 0.999753 | 0.0222037 | 1 | AKM | 0 | 1.99665 | 395.711 | 0 | 1 | 1 | 1 | 1 | 1 | 1 | 1 | camera |  | 0.999753 | 0 | 0.0222037 | 0.999753 | 0 | 
SCRIPT       : DATA_LOG | 685218 | aRapBi1cCZPZAGLIDny3dk3hQ8vTmNTLHRl8zxmKgQ0= | 11731.2 | 109.681 | 13704.1 | 0.999753 | 0.0222096 | 0 | AKM | 0 | 1.85182 | 395.676 | 0 | 1 | 1 | 1 | 0 | 0 | 0 | 1 | camera |  | 0.999753 | 0 | 0.0222096 | 0.999753 | 0 | 
SCRIPT       : DATA_LOG | 686220 | aRapBi1cCZPZAGLIDny3dk3hQ8vTmNTLHRl8zxmKgQ0= | 11731.1 | 109.395 | 13706.7 | 0.999754 | 0.0221946 | 1 | AKM | 0 | 1.70582 | 395.632 | 0 | 1 | 1 | 1 | 1 | 1 | 1 | 1 | camera |  | 0.999754 | 0 | 0.0221946 | 0.999754 | 0 | 
SCRIPT       : DATA_LOG | 687250 | aRapBi1cCZPZAGLIDny3dk3hQ8vTmNTLHRl8zxmKgQ0= | 11731.1 | 109.346 | 13707.1 | 0.99956 | 0.0296749 | 1 | AKM | 0 | 1.67701 | 395.634 | 0 | 1 | 1 | 1 | 1 | 1 | 1 | 1 | camera |  | 0.99956 | 0 | 0.0296749 | 0.99956 | 0 | 0.0
SCRIPT       : DATA_LOG | 688216 | aRapBi1cCZPZAGLIDny3dk3hQ8vTmNTLHRl8zxmKgQ0= | 11731.1 | 109.38 | 13708.9 | 0.999704 | 0.0243427 | 1 | AKM | 0 | 1.67748 | 395.632 | 0 | 1 | 1 | 1 | 1 | 1 | 1 | 1 | camera |  | 0.999704 | 0 | 0.0243427 | 0.999704 | 0 | 0
SCRIPT       : DATA_LOG | 689259 | aRapBi1cCZPZAGLIDny3dk3hQ8vTmNTLHRl8zxmKgQ0= | 11731.2 | 109.047 | 13709.4 | 0.999757 | 0.0220515 | 1 | AKM | 0 | 1.6269 | 395.517 | 0 | 1 | 1 | 1 | 1 | 1 | 1 | 1 | camera |  | 0.999757 | 0 | 0.0220515 | 0.999757 | 0 | 0
SCRIPT       : DATA_LOG | 690255 | aRapBi1cCZPZAGLIDny3dk3hQ8vTmNTLHRl8zxmKgQ0= | 11731.2 | 109.047 | 13709.4 | 0.999757 | 0.0220515 | 1 | AKM | 0 | 1.62714 | 395.516 | 0 | 1 | 1 | 1 | 1 | 1 | 1 | 1 | camera |  | 0.999757 | 0 | 0.0220515 | 0.999757 | 0 | 
SCRIPT       : DATA_LOG | 691244 | aRapBi1cCZPZAGLIDny3dk3hQ8vTmNTLHRl8zxmKgQ0= | 11731.2 | 109.062 | 13709.3 | 0.999998 | 0.00179234 | 1 | AKM | 0 | 1.96523 | 395.512 | 0 | 1 | 1 | 1 | 1 | 1 | 1 | 1 | camera |  | 0.999998 | 0 | 0.00179234 | 0.999998 | 0 
SCRIPT       : DATA_LOG | 692242 | aRapBi1cCZPZAGLIDny3dk3hQ8vTmNTLHRl8zxmKgQ0= | 11731.3 | 109.225 | 13708.2 | 0.999985 | 0.00543368 | 1 | AKM | 0 | 1.96124 | 395.472 | 0 | 1 | 1 | 1 | 1 | 1 | 1 | 1 | camera |  | 0.999985 | 0 | 0.00543368 | 0.999985 | 0 
SCRIPT       : DATA_LOG | 693238 | aRapBi1cCZPZAGLIDny3dk3hQ8vTmNTLHRl8zxmKgQ0= | 11730.5 | 109.477 | 13705.8 | 0.401857 | -0.915703 | 0 | AKM | 0 | 68.0271 | 396.278 | 0 | 1 | 1 | 0 | 0 | 0 | 0 | 1 | camera |  | 0.401857 | 0 | -0.915703 | 0.401857 | 0 | 
SCRIPT       : DATA_LOG | 694207 | aRapBi1cCZPZAGLIDny3dk3hQ8vTmNTLHRl8zxmKgQ0= | 11730.9 | 110.287 | 13699.6 | 0.942885 | -0.33312 | 0 | AKM | 0 | 22.1406 | 396.155 | 0 | 1 | 1 | 0 | 0 | 0 | 0 | 1 | camera |  | 0.942885 | 0 | -0.33312 | 0.942885 | 0 | -0
SCRIPT       : DATA_LOG | 695219 | aRapBi1cCZPZAGLIDny3dk3hQ8vTmNTLHRl8zxmKgQ0= | 11730 | 110.803 | 13696.6 | 0.985959 | 0.166989 | 0 | AKM | 0 | 6.82792 | 397.225 | 0 | 1 | 1 | 0 | 0 | 0 | 0 | 1 | camera |  | 0.985959 | 0 | 0.166989 | 0.985959 | 0 | 0.16
SCRIPT       : DATA_LOG | 696212 | aRapBi1cCZPZAGLIDny3dk3hQ8vTmNTLHRl8zxmKgQ0= | 11729.2 | 111.138 | 13694.7 | 0.997542 | 0.0700756 | 1 | AKM | 0 | 2.04373 | 398.152 | 0 | 1 | 1 | 1 | 1 | 1 | 1 | 1 | camera |  | 0.997542 | 0 | 0.0700756 | 0.997542 | 0 | 
SCRIPT       : DATA_LOG | 697218 | aRapBi1cCZPZAGLIDny3dk3hQ8vTmNTLHRl8zxmKgQ0= | 11729.2 | 111.138 | 13694.7 | 0.997542 | 0.0700756 | 1 | AKM | 0 | 2.04335 | 398.153 | 0 | 1 | 1 | 1 | 1 | 1 | 1 | 1 | camera |  | 0.997542 | 0 | 0.0700756 | 0.997542 | 0 | 
SCRIPT       : DATA_LOG | 698222 | aRapBi1cCZPZAGLIDny3dk3hQ8vTmNTLHRl8zxmKgQ0= | 11729.2 | 111.138 | 13694.7 | 0.997542 | 0.0700756 | 1 | AKM | 0 | 2.04383 | 398.144 | 0 | 1 | 1 | 1 | 1 | 1 | 1 | 1 | camera |  | 0.997542 | 0 | 0.0700756 | 0.997542 | 0 | 
SCRIPT       : DATA_LOG | 699213 | aRapBi1cCZPZAGLIDny3dk3hQ8vTmNTLHRl8zxmKgQ0= | 11729.2 | 111.138 | 13694.7 | 0.997542 | 0.0700756 | 1 | AKM | 0 | 2.04344 | 398.151 | 0 | 1 | 1 | 1 | 1 | 1 | 1 | 1 | camera |  | 0.997542 | 0 | 0.0700756 | 0.997542 | 0 | 
SCRIPT       : DATA_LOG | 700238 | aRapBi1cCZPZAGLIDny3dk3hQ8vTmNTLHRl8zxmKgQ0= | 11729.2 | 111.138 | 13694.7 | 0.997542 | 0.0700756 | 1 | AKM | 0 | 2.04354 | 398.151 | 0 | 1 | 1 | 1 | 1 | 1 | 1 | 1 | camera |  | 0.997542 | 0 | 0.0700756 | 0.997542 | 0 | 
SCRIPT       : DATA_LOG | 701241 | aRapBi1cCZPZAGLIDny3dk3hQ8vTmNTLHRl8zxmKgQ0= | 11729.2 | 111.138 | 13694.7 | 0.997542 | 0.0700756 | 1 | AKM | 0 | 2.04344 | 398.154 | 0 | 1 | 1 | 1 | 1 | 1 | 1 | 1 | camera |  | 0.997542 | 0 | 0.0700756 | 0.997542 | 0 | 
SCRIPT       : DATA_LOG | 702239 | aRapBi1cCZPZAGLIDny3dk3hQ8vTmNTLHRl8zxmKgQ0= | 11729.2 | 111.138 | 13694.7 | 0.997542 | 0.0700756 | 1 | AKM | 0 | 2.04316 | 398.157 | 0 | 1 | 1 | 1 | 1 | 1 | 1 | 1 | camera |  | 0.997542 | 0 | 0.0700756 | 0.997542 | 0 | 
SCRIPT       : DATA_LOG | 703254 | aRapBi1cCZPZAGLIDny3dk3hQ8vTmNTLHRl8zxmKgQ0= | 11729.6 | 111.186 | 13694.4 | 0.998831 | 0.0483458 | 0 | AKM | 0 | 2.0111 | 397.791 | 0 | 1 | 1 | 1 | 0 | 0 | 0 | 1 | camera |  | 0.998831 | 0 | 0.0483458 | 0.998831 | 0 | 0
SCRIPT       : DATA_LOG | 704299 | aRapBi1cCZPZAGLIDny3dk3hQ8vTmNTLHRl8zxmKgQ0= | 11728.3 | 111.319 | 13693.9 | 0.998391 | 0.0567081 | 0 | AKM | 0 | 1.94531 | 399.043 | 0 | 1 | 1 | 1 | 0 | 0 | 0 | 1 | camera |  | 0.998391 | 0 | 0.0567081 | 0.998391 | 0 | 
SCRIPT       : DATA_LOG | 705245 | aRapBi1cCZPZAGLIDny3dk3hQ8vTmNTLHRl8zxmKgQ0= | 11727.8 | 111.88 | 13690.9 | 0.998225 | 0.0595533 | 0 | AKM | 0 | 2.05823 | 399.759 | 0 | 1 | 1 | 1 | 0 | 0 | 0 | 1 | camera |  | 0.998225 | 0 | 0.0595533 | 0.998225 | 0 | 0
SCRIPT       : DATA_LOG | 706257 | aRapBi1cCZPZAGLIDny3dk3hQ8vTmNTLHRl8zxmKgQ0= | 11726.8 | 112.613 | 13687.3 | 0.519118 | -0.854703 | 0 | AKM | 0 | 63.0956 | 401.096 | 0 | 1 | 1 | 0 | 0 | 0 | 0 | 1 | camera |  | 0.519118 | 0 | -0.854703 | 0.519118 | 0 | 
SCRIPT       : DATA_LOG | 707331 | aRapBi1cCZPZAGLIDny3dk3hQ8vTmNTLHRl8zxmKgQ0= | 11728.1 | 113.887 | 13681 | 0.4458 | -0.895132 | 0 | AKM | 0 | 68.8034 | 400.361 | 0 | 1 | 1 | 0 | 0 | 0 | 0 | 1 | camera |  | 0.4458 | 0 | -0.895132 | 0.4458 | 0 | -0.89513
SCRIPT       : DATA_LOG | 708287 | aRapBi1cCZPZAGLIDny3dk3hQ8vTmNTLHRl8zxmKgQ0= | 11730.3 | 115.193 | 13674.8 | 0.349021 | -0.937115 | 0 | AKM | 0 | 75.7572 | 398.786 | 0 | 1 | 1 | 0 | 0 | 0 | 0 | 1 | camera | TreeSoft_t_PiceaAbies_1f | 0.349021 | 0 | -0.
SCRIPT       : DATA_LOG | 709266 | aRapBi1cCZPZAGLIDny3dk3hQ8vTmNTLHRl8zxmKgQ0= | 11731.8 | 116.314 | 13669.8 | 0.983257 | 0.182225 | 0 | AKM | 0 | 4.46335 | 398 | 0 | 1 | 1 | 1 | 0 | 0 | 0 | 1 | camera | TreeHard_t_quercusRobur_3f | 0.983257 | 0 | 0.1822
SCRIPT       : DATA_LOG | 710279 | aRapBi1cCZPZAGLIDny3dk3hQ8vTmNTLHRl8zxmKgQ0= | 11732.4 | 116.997 | 13666.9 | 0.986926 | 0.161175 | 0 | AKM | 0 | 3.36802 | 397.784 | 0 | 1 | 1 | 1 | 0 | 0 | 0 | 1 | camera | TreeHard_t_PiceaAbies_2s | 0.986926 | 0 | 0.16
SCRIPT       : DATA_LOG | 711269 | aRapBi1cCZPZAGLIDny3dk3hQ8vTmNTLHRl8zxmKgQ0= | 11729.8 | 117.579 | 13665.3 | 0.994377 | 0.105898 | 0 | AKM | 0 | 3.17336 | 400.583 | 0 | 1 | 1 | 1 | 0 | 0 | 0 | 1 | camera | TreeHard_t_FraxinusExcelsior_2f | 0.994377 | 0
SCRIPT       : DATA_LOG | 712242 | aRapBi1cCZPZAGLIDny3dk3hQ8vTmNTLHRl8zxmKgQ0= | 11728.9 | 117.673 | 13665.2 | 0.994379 | 0.105879 | 1 | AKM | 0 | 3.17724 | 401.472 | 0 | 1 | 1 | 1 | 1 | 1 | 1 | 1 | camera | TreeHard_t_FraxinusExcelsior_2f | 0.994379 | 0
SCRIPT       : DATA_LOG | 713247 | aRapBi1cCZPZAGLIDny3dk3hQ8vTmNTLHRl8zxmKgQ0= | 11728.9 | 117.673 | 13665.2 | 0.994379 | 0.105879 | 1 | AKM | 0 | 3.17731 | 401.473 | 0 | 1 | 1 | 1 | 1 | 1 | 1 | 1 | camera | TreeHard_t_FraxinusExcelsior_2f | 0.994379 | 0
SCRIPT       : DATA_LOG | 714285 | aRapBi1cCZPZAGLIDny3dk3hQ8vTmNTLHRl8zxmKgQ0= | 11728.9 | 117.673 | 13665.2 | 0.994379 | 0.105879 | 1 | AKM | 0 | 3.17805 | 401.479 | 0 | 1 | 1 | 1 | 1 | 1 | 1 | 1 | camera | TreeHard_t_FraxinusExcelsior_2f | 0.994379 | 0
SCRIPT       : DATA_LOG | 715269 | aRapBi1cCZPZAGLIDny3dk3hQ8vTmNTLHRl8zxmKgQ0= | 11728.9 | 117.673 | 13665.2 | 0.994379 | 0.105879 | 1 | AKM | 0 | 3.17761 | 401.476 | 0 | 1 | 1 | 1 | 1 | 1 | 1 | 1 | camera | TreeHard_t_FraxinusExcelsior_2f | 0.994379 | 0
SCRIPT       : DATA_LOG | 716256 | aRapBi1cCZPZAGLIDny3dk3hQ8vTmNTLHRl8zxmKgQ0= | 11728.9 | 117.673 | 13665.2 | 0.994379 | 0.105879 | 1 | AKM | 0 | 3.17798 | 401.482 | 0 | 1 | 1 | 1 | 1 | 1 | 1 | 1 | camera | TreeHard_t_FraxinusExcelsior_2f | 0.994379 | 0
SCRIPT       : DATA_LOG | 717250 | aRapBi1cCZPZAGLIDny3dk3hQ8vTmNTLHRl8zxmKgQ0= | 11728.9 | 117.673 | 13665.2 | 0.994379 | 0.105879 | 1 | AKM | 0 | 3.17755 | 401.481 | 0 | 1 | 1 | 1 | 1 | 1 | 1 | 1 | camera | TreeHard_t_FraxinusExcelsior_2f | 0.994379 | 0
SCRIPT       : DATA_LOG | 718247 | aRapBi1cCZPZAGLIDny3dk3hQ8vTmNTLHRl8zxmKgQ0= | 11728.9 | 117.673 | 13665.2 | 0.994379 | 0.105879 | 1 | AKM | 0 | 3.17817 | 401.482 | 0 | 1 | 1 | 1 | 1 | 1 | 1 | 1 | camera | TreeHard_t_FraxinusExcelsior_2f | 0.994379 | 0
SCRIPT       : DATA_LOG | 719255 | aRapBi1cCZPZAGLIDny3dk3hQ8vTmNTLHRl8zxmKgQ0= | 11728.9 | 117.673 | 13665.2 | 0.994379 | 0.105879 | 1 | AKM | 0 | 3.17755 | 401.474 | 0 | 1 | 1 | 1 | 1 | 1 | 1 | 1 | camera | TreeHard_t_FraxinusExcelsior_2f | 0.994379 | 0
SCRIPT       : DATA_LOG | 720253 | aRapBi1cCZPZAGLIDny3dk3hQ8vTmNTLHRl8zxmKgQ0= | 11728.9 | 117.673 | 13665.2 | 0.994379 | 0.105879 | 1 | AKM | 0 | 3.17706 | 401.473 | 0 | 1 | 1 | 1 | 1 | 1 | 1 | 1 | camera | TreeHard_t_FraxinusExcelsior_2f | 0.994379 | 0
SCRIPT       : DATA_LOG | 721258 | aRapBi1cCZPZAGLIDny3dk3hQ8vTmNTLHRl8zxmKgQ0= | 11728.9 | 117.673 | 13665.2 | 0.994379 | 0.105879 | 1 | AKM | 0 | 3.17805 | 401.48 | 0 | 1 | 1 | 1 | 1 | 1 | 1 | 1 | camera | TreeHard_t_FraxinusExcelsior_2f | 0.994379 | 0 
SCRIPT       : DATA_LOG | 722257 | aRapBi1cCZPZAGLIDny3dk3hQ8vTmNTLHRl8zxmKgQ0= | 11728.9 | 117.673 | 13665.2 | 0.994379 | 0.105879 | 1 | AKM | 0 | 3.17755 | 401.475 | 0 | 1 | 1 | 1 | 1 | 1 | 1 | 1 | camera | TreeHard_t_FraxinusExcelsior_2f | 0.994379 | 0
SCRIPT       : DATA_LOG | 723255 | aRapBi1cCZPZAGLIDny3dk3hQ8vTmNTLHRl8zxmKgQ0= | 11728.9 | 117.673 | 13665.2 | 0.994379 | 0.105879 | 1 | AKM | 0 | 3.17786 | 401.482 | 0 | 1 | 1 | 1 | 1 | 1 | 1 | 1 | camera | TreeHard_t_FraxinusExcelsior_2f | 0.994379 | 0
SCRIPT       : DATA_LOG | 724263 | aRapBi1cCZPZAGLIDny3dk3hQ8vTmNTLHRl8zxmKgQ0= | 11728.9 | 117.673 | 13665.2 | 0.994379 | 0.105879 | 1 | AKM | 0 | 3.17768 | 401.481 | 0 | 1 | 1 | 1 | 1 | 1 | 1 | 1 | camera | TreeHard_t_FraxinusExcelsior_2f | 0.994379 | 0
SCRIPT       : DATA_LOG | 725262 | aRapBi1cCZPZAGLIDny3dk3hQ8vTmNTLHRl8zxmKgQ0= | 11728.9 | 117.673 | 13665.2 | 0.994379 | 0.105879 | 1 | AKM | 0 | 3.17768 | 401.481 | 0 | 1 | 1 | 1 | 1 | 1 | 1 | 1 | camera | TreeHard_t_FraxinusExcelsior_2f | 0.994379 | 0
SCRIPT       : DATA_LOG | 726264 | aRapBi1cCZPZAGLIDny3dk3hQ8vTmNTLHRl8zxmKgQ0= | 11728.9 | 117.673 | 13665.2 | 0.994379 | 0.105879 | 0 | AKM | 0 | 3.17786 | 401.476 | 0 | 1 | 1 | 1 | 0 | 0 | 0 | 1 | camera | TreeHard_t_FraxinusExcelsior_2f | 0.994379 | 0
SCRIPT       : DATA_LOG | 727264 | aRapBi1cCZPZAGLIDny3dk3hQ8vTmNTLHRl8zxmKgQ0= | 11728.9 | 117.626 | 13665 | 0.99635 | 0.0853587 | 0 | Engraved1911 | 0 | 3.8704 | 401.474 | 0 | 1 | 1 | 1 | 0 | 0 | 0 | 1 | camera | TreeHard | 0.99635 | 0 | 0.0853587 | 0.9
SCRIPT       : DATA_LOG | 728265 | aRapBi1cCZPZAGLIDny3dk3hQ8vTmNTLHRl8zxmKgQ0= | 11732.1 | 118.117 | 13662.3 | 0.937291 | -0.348549 | 0 | Engraved1911 | 0 | 28.5223 | 398.774 | 0 | 1 | 1 | 0 | 0 | 0 | 0 | 1 | camera | TreeSoft_t_quercusRobur_1f | 0.93729
SCRIPT       : DATA_LOG | 729270 | aRapBi1cCZPZAGLIDny3dk3hQ8vTmNTLHRl8zxmKgQ0= | 11738.5 | 118.154 | 13660.9 | 0.997444 | 0.0714512 | 0 | Engraved1911 | 0 | 5.1583 | 392.622 | 0 | 1 | 1 | 0 | 0 | 0 | 0 | 1 | camera | TreeSoft_t_quercusRobur_1fc | 0.99744
SCRIPT       : DATA_LOG | 730266 | aRapBi1cCZPZAGLIDny3dk3hQ8vTmNTLHRl8zxmKgQ0= | 11745.2 | 117.702 | 13661.5 | 0.990771 | 0.135548 | 0 | Engraved1911 | 0 | 3.00954 | 385.877 | 0 | 1 | 1 | 1 | 0 | 0 | 0 | 1 | camera | TreeHard_t_PiceaAbies_3f | 0.990771 |
SCRIPT       : DATA_LOG | 731264 | aRapBi1cCZPZAGLIDny3dk3hQ8vTmNTLHRl8zxmKgQ0= | 11749.4 | 117.867 | 13660.1 | 0.990675 | 0.136244 | 0 | Engraved1911 | 0 | 3.12681 | 381.974 | 0 | 1 | 1 | 1 | 0 | 0 | 0 | 1 | camera | TreeHard_t_quercusRobur_3f | 0.990675
SCRIPT       : DATA_LOG | 732264 | aRapBi1cCZPZAGLIDny3dk3hQ8vTmNTLHRl8zxmKgQ0= | 11749.1 | 117.376 | 13662.2 | 0.990602 | 0.136772 | 0 | Engraved1911 | 0 | 2.97625 | 381.927 | 0 | 1 | 1 | 1 | 0 | 0 | 0 | 1 | camera | TreeHard_t_PiceaAbies_3f | 0.990602 |
SCRIPT       : DATA_LOG | 733268 | aRapBi1cCZPZAGLIDny3dk3hQ8vTmNTLHRl8zxmKgQ0= | 11748.6 | 116.483 | 13666.1 | 0.992356 | 0.123406 | 0 | Engraved1911 | 0 | 2.88147 | 381.846 | 0 | 1 | 1 | 1 | 0 | 0 | 0 | 1 | camera | TreeHard_t_PiceaAbies_3f | 0.992356 |
SCRIPT       : DATA_LOG | 734322 | aRapBi1cCZPZAGLIDny3dk3hQ8vTmNTLHRl8zxmKgQ0= | 11749.7 | 115.929 | 13668.3 | 0.993248 | 0.11601 | 0 | Engraved1911 | 0 | 2.84028 | 380.42 | 0 | 1 | 1 | 1 | 0 | 0 | 0 | 1 | camera | TreeHard_t_FraxinusExcelsior_2f | 0.993
SCRIPT       : DATA_LOG | 735273 | aRapBi1cCZPZAGLIDny3dk3hQ8vTmNTLHRl8zxmKgQ0= | 11756.3 | 115.527 | 13669.1 | 0.992142 | 0.125115 | 0 | Engraved1911 | 0 | 2.72915 | 373.742 | 0 | 1 | 1 | 1 | 0 | 0 | 0 | 1 | camera | TreeHard_t_FraxinusExcelsior_2f | 0.9
SCRIPT       : DATA_LOG | 736268 | aRapBi1cCZPZAGLIDny3dk3hQ8vTmNTLHRl8zxmKgQ0= | 11762.8 | 115.133 | 13670 | 0.99216 | 0.124975 | 0 | Engraved1911 | 0 | 2.71714 | 367.19 | 0 | 1 | 1 | 1 | 0 | 0 | 0 | 1 | camera | TreeSoft_t_quercusRobur_2fc | 0.99216 | 0
SCRIPT       : DATA_LOG | 737268 | aRapBi1cCZPZAGLIDny3dk3hQ8vTmNTLHRl8zxmKgQ0= | 11769.3 | 114.77 | 13670.7 | 0.991112 | 0.133032 | 0 | Engraved1911 | 0 | 2.69748 | 360.6 | 0 | 1 | 1 | 1 | 0 | 0 | 0 | 1 | camera | TreeHard_t_FraxinusExcelsior_2f | 0.9911
SCRIPT       : DATA_LOG | 738271 | aRapBi1cCZPZAGLIDny3dk3hQ8vTmNTLHRl8zxmKgQ0= | 11776 | 114.39 | 13671.6 | 0.991089 | 0.133204 | 0 | Engraved1911 | 0 | 2.68803 | 353.825 | 0 | 1 | 1 | 1 | 0 | 0 | 0 | 1 | camera | TreeHard_t_FraxinusExcelsior_2f | 0.9910
SCRIPT       : DATA_LOG | 739286 | aRapBi1cCZPZAGLIDny3dk3hQ8vTmNTLHRl8zxmKgQ0= | 11780.3 | 113.984 | 13673 | 0.994095 | 0.108517 | 0 | AKM | 0 | 2.87726 | 349.381 | 0 | 1 | 1 | 1 | 0 | 0 | 0 | 1 | camera |  | 0.994095 | 0 | 0.108517 | 0.994095 | 0 | 0.10
SCRIPT       : DATA_LOG | 740270 | aRapBi1cCZPZAGLIDny3dk3hQ8vTmNTLHRl8zxmKgQ0= | 11787.2 | 113.739 | 13673.1 | 0.993075 | 0.117484 | 0 | AKM | 0 | 2.76152 | 342.499 | 0 | 1 | 1 | 1 | 0 | 0 | 0 | 1 | camera |  | 0.993075 | 0 | 0.117484 | 0.993075 | 0 | 0.
SCRIPT       : DATA_LOG | 741280 | aRapBi1cCZPZAGLIDny3dk3hQ8vTmNTLHRl8zxmKgQ0= | 11792.3 | 113.563 | 13673.4 | 0.993265 | 0.115862 | 1 | AKM | 0 | 2.81633 | 337.471 | 0 | 1 | 1 | 1 | 1 | 1 | 1 | 1 | camera |  | 0.993265 | 0 | 0.115862 | 0.993265 | 0 | 0.
SCRIPT       : DATA_LOG | 742270 | aRapBi1cCZPZAGLIDny3dk3hQ8vTmNTLHRl8zxmKgQ0= | 11792.3 | 113.563 | 13673.4 | 0.993265 | 0.115862 | 1 | AKM | 0 | 2.81724 | 337.478 | 0 | 1 | 1 | 1 | 1 | 1 | 1 | 1 | camera |  | 0.993265 | 0 | 0.115862 | 0.993265 | 0 | 0.
SCRIPT       : DATA_LOG | 743272 | aRapBi1cCZPZAGLIDny3dk3hQ8vTmNTLHRl8zxmKgQ0= | 11792.3 | 113.563 | 13673.4 | 0.993265 | 0.115862 | 1 | AKM | 0 | 2.81717 | 337.477 | 0 | 1 | 1 | 1 | 1 | 1 | 1 | 1 | camera |  | 0.993265 | 0 | 0.115862 | 0.993265 | 0 | 0.
SCRIPT       : DATA_LOG | 744282 | aRapBi1cCZPZAGLIDny3dk3hQ8vTmNTLHRl8zxmKgQ0= | 11792.3 | 113.563 | 13673.4 | 0.993265 | 0.115862 | 1 | AKM | 0 | 2.81717 | 337.481 | 0 | 1 | 1 | 1 | 1 | 1 | 1 | 1 | camera |  | 0.993265 | 0 | 0.115862 | 0.993265 | 0 | 0.
SCRIPT       : DATA_LOG | 745305 | aRapBi1cCZPZAGLIDny3dk3hQ8vTmNTLHRl8zxmKgQ0= | 11792.3 | 113.563 | 13673.4 | 0.993265 | 0.115862 | 1 | AKM | 0 | 2.81731 | 337.484 | 0 | 1 | 1 | 1 | 1 | 1 | 1 | 1 | camera |  | 0.993265 | 0 | 0.115862 | 0.993265 | 0 | 0.
SCRIPT       : DATA_LOG | 746289 | aRapBi1cCZPZAGLIDny3dk3hQ8vTmNTLHRl8zxmKgQ0= | 11792.3 | 113.563 | 13673.4 | 0.993265 | 0.115862 | 1 | AKM | 0 | 2.81668 | 337.479 | 0 | 1 | 1 | 1 | 1 | 1 | 1 | 1 | camera |  | 0.993265 | 0 | 0.115862 | 0.993265 | 0 | 0.
SCRIPT       : DATA_LOG | 747320 | aRapBi1cCZPZAGLIDny3dk3hQ8vTmNTLHRl8zxmKgQ0= | 11792.3 | 113.563 | 13673.4 | 0.993265 | 0.115862 | 1 | AKM | 0 | 2.81786 | 337.482 | 0 | 1 | 1 | 1 | 1 | 1 | 1 | 1 | camera |  | 0.993265 | 0 | 0.115862 | 0.993265 | 0 | 0.
SCRIPT       : DATA_LOG | 748345 | aRapBi1cCZPZAGLIDny3dk3hQ8vTmNTLHRl8zxmKgQ0= | 11793.4 | 113.5 | 13673.6 | 0.989814 | 0.142368 | 0 | AKM | 0 | 2.74752 | 336.308 | 0 | 1 | 1 | 1 | 0 | 0 | 0 | 1 | camera |  | 0.989814 | 0 | 0.142368 | 0.989814 | 0 | 0.14
SCRIPT       : DATA_LOG | 749434 | aRapBi1cCZPZAGLIDny3dk3hQ8vTmNTLHRl8zxmKgQ0= | 11799.6 | 113.291 | 13674.3 | 0.992757 | 0.120136 | 0 | AKM | 0 | 2.76272 | 330.094 | 0 | 1 | 1 | 1 | 0 | 0 | 0 | 1 | camera |  | 0.992757 | 0 | 0.120136 | 0.992757 | 0 | 0.
SCRIPT       : DATA_LOG | 750292 | aRapBi1cCZPZAGLIDny3dk3hQ8vTmNTLHRl8zxmKgQ0= | 11806.2 | 112.982 | 13675.1 | 0.992697 | 0.120634 | 0 | AKM | 0 | 2.76237 | 323.403 | 0 | 1 | 1 | 1 | 0 | 0 | 0 | 1 | camera | Land_Village_store | 0.992697 | 0 | 0.120634 |
SCRIPT       : DATA_LOG | 751293 | aRapBi1cCZPZAGLIDny3dk3hQ8vTmNTLHRl8zxmKgQ0= | 11813.1 | 112.604 | 13675.9 | 0.992412 | 0.122957 | 0 | AKM | 0 | 2.72699 | 316.473 | 0 | 1 | 1 | 1 | 0 | 0 | 0 | 1 | camera | Land_Village_store | 0.992412 | 0 | 0.122957 |
SCRIPT       : DATA_LOG | 752306 | aRapBi1cCZPZAGLIDny3dk3hQ8vTmNTLHRl8zxmKgQ0= | 11819.5 | 112.103 | 13676.7 | 0.821933 | 0.569584 | 0 | AKM | 0 | 27.2357 | 310 | 0 | 1 | 1 | 0 | 0 | 0 | 0 | 1 | camera | Land_Village_store | 0.821933 | 0 | 0.569584 | 0.8
SCRIPT       : DATA_LOG | 753309 | aRapBi1cCZPZAGLIDny3dk3hQ8vTmNTLHRl8zxmKgQ0= | 11826.3 | 111.903 | 13677.5 | 0.966632 | 0.256168 | 0 | AKM | 0 | 7.69373 | 303.165 | 0 | 1 | 1 | 0 | 0 | 0 | 0 | 1 | camera | Land_Village_store | 0.966632 | 0 | 0.256168 |
SCRIPT       : DATA_LOG | 754313 | aRapBi1cCZPZAGLIDny3dk3hQ8vTmNTLHRl8zxmKgQ0= | 11832.9 | 111.461 | 13678 | 0.996814 | 0.0797612 | 0 | AKM | 0 | 4.08663 | 296.527 | 0 | 1 | 1 | 1 | 0 | 0 | 0 | 1 | camera | Land_Village_store | 0.996814 | 0 | 0.0797612 |
SCRIPT       : DATA_LOG | 755304 | aRapBi1cCZPZAGLIDny3dk3hQ8vTmNTLHRl8zxmKgQ0= | 11837.6 | 111.289 | 13678 | 0.993258 | 0.115925 | 1 | AKM | 0 | 2.88765 | 291.857 | 0 | 1 | 1 | 1 | 1 | 1 | 1 | 1 | camera | Land_Village_store | 0.993258 | 0 | 0.115925 | 0
SCRIPT       : DATA_LOG | 756292 | aRapBi1cCZPZAGLIDny3dk3hQ8vTmNTLHRl8zxmKgQ0= | 11838.3 | 111.322 | 13677.5 | 0.988316 | 0.152418 | 1 | AKM | 0 | 2.78235 | 291.224 | 0 | 1 | 1 | 1 | 1 | 1 | 1 | 1 | camera | Land_Village_store | 0.988316 | 0 | 0.152418 |
SCRIPT       : DATA_LOG | 757339 | aRapBi1cCZPZAGLIDny3dk3hQ8vTmNTLHRl8zxmKgQ0= | 11838.8 | 111.347 | 13677.1 | 0.987893 | 0.155138 | 1 | AKM | 0 | 2.81327 | 290.786 | 0 | 1 | 1 | 1 | 1 | 1 | 1 | 1 | camera | Land_Village_store | 0.987893 | 0 | 0.155138 |
SCRIPT       : DATA_LOG | 758501 | aRapBi1cCZPZAGLIDny3dk3hQ8vTmNTLHRl8zxmKgQ0= | 11839.4 | 111.373 | 13676.7 | 0.987334 | 0.158657 | 1 | AKM | 0 | 2.86074 | 290.31 | 0 | 1 | 1 | 1 | 1 | 1 | 1 | 1 | camera | Land_Village_store | 0.987334 | 0 | 0.158657 | 
SCRIPT       : DATA_LOG | 759358 | aRapBi1cCZPZAGLIDny3dk3hQ8vTmNTLHRl8zxmKgQ0= | 11841.7 | 111.535 | 13674.6 | 0.994614 | 0.103648 | 0 | AKM | 0 | 3.7953 | 288.355 | 0 | 1 | 1 | 1 | 0 | 0 | 0 | 1 | camera | TreeHard_t_FagusSylvatica_1fe | 0.994614 | 0 | 
SCRIPT       : DATA_LOG | 760310 | aRapBi1cCZPZAGLIDny3dk3hQ8vTmNTLHRl8zxmKgQ0= | 11846.8 | 111.752 | 13671.2 | 0.996101 | 0.0882173 | 0 | AKM | 0 | 5.2007 | 283.806 | 0 | 1 | 1 | 0 | 0 | 0 | 0 | 1 | camera | TreeHard_t_PiceaAbies_2s | 0.996101 | 0 | 0.08
SCRIPT       : DATA_LOG | 761308 | aRapBi1cCZPZAGLIDny3dk3hQ8vTmNTLHRl8zxmKgQ0= | 11851.3 | 111.836 | 13669 | 0.996104 | 0.0881862 | 0 | AKM | 0 | 5.73251 | 279.796 | 0 | 1 | 1 | 0 | 0 | 0 | 0 | 1 | camera | Land_House_1W12 | 0.996104 | 0 | 0.0881862 | 0.
SCRIPT       : DATA_LOG | 762316 | aRapBi1cCZPZAGLIDny3dk3hQ8vTmNTLHRl8zxmKgQ0= | 11851.4 | 111.87 | 13668.7 | 0.996104 | 0.0881862 | 1 | AKM | 0 | 5.79305 | 279.753 | 0 | 1 | 1 | 0 | 0 | 0 | 1 | 1 | camera | Land_House_1W12 | 0.996104 | 0 | 0.0881862 | 0
SCRIPT       : DATA_LOG | 763338 | aRapBi1cCZPZAGLIDny3dk3hQ8vTmNTLHRl8zxmKgQ0= | 11851.4 | 111.87 | 13668.7 | 0.996104 | 0.0881862 | 1 | AKM | 0 | 5.79217 | 279.752 | 0 | 1 | 1 | 0 | 0 | 0 | 1 | 1 | camera | Land_House_1W12 | 0.996104 | 0 | 0.0881862 | 0
SCRIPT       : DATA_LOG | 764342 | aRapBi1cCZPZAGLIDny3dk3hQ8vTmNTLHRl8zxmKgQ0= | 11851.4 | 111.87 | 13668.7 | 0.996104 | 0.0881862 | 1 | AKM | 0 | 5.79441 | 279.759 | 0 | 1 | 1 | 0 | 0 | 0 | 1 | 1 | camera | Land_House_1W12 | 0.996104 | 0 | 0.0881862 | 0
SCRIPT       : DATA_LOG | 765362 | aRapBi1cCZPZAGLIDny3dk3hQ8vTmNTLHRl8zxmKgQ0= | 11851.4 | 111.87 | 13668.7 | 0.996104 | 0.0881862 | 1 | AKM | 0 | 5.79326 | 279.754 | 0 | 1 | 1 | 0 | 0 | 0 | 1 | 1 | camera | Land_House_1W12 | 0.996104 | 0 | 0.0881862 | 0
SCRIPT       : DATA_LOG | 766309 | aRapBi1cCZPZAGLIDny3dk3hQ8vTmNTLHRl8zxmKgQ0= | 11852.5 | 111.792 | 13668.9 | 0.987507 | 0.157573 | 0 | AKM | 0 | 3.05223 | 278.608 | 0 | 1 | 1 | 1 | 0 | 0 | 0 | 1 | camera | Land_House_1W12 | 0.987507 | 0 | 0.157573 | 0.
SCRIPT       : DATA_LOG | 767312 | aRapBi1cCZPZAGLIDny3dk3hQ8vTmNTLHRl8zxmKgQ0= | 11854.8 | 111.863 | 13667.4 | 0.987033 | 0.16052 | 0 | AKM | 0 | 3.16675 | 276.608 | 0 | 1 | 1 | 1 | 0 | 0 | 0 | 1 | camera | TreeHard_t_PiceaAbies_3f | 0.987033 | 0 | 0.160
SCRIPT       : DATA_LOG | 768313 | aRapBi1cCZPZAGLIDny3dk3hQ8vTmNTLHRl8zxmKgQ0= | 11859 | 111.883 | 13665.6 | 0.985988 | 0.166819 | 0 | AKM | 0 | 3.2771 | 272.833 | 0 | 1 | 1 | 1 | 0 | 0 | 0 | 1 | camera | TreeHard_t_PiceaAbies_3f | 0.985988 | 0 | 0.16681
SCRIPT       : DATA_LOG | 769318 | aRapBi1cCZPZAGLIDny3dk3hQ8vTmNTLHRl8zxmKgQ0= | 11865.8 | 111.536 | 13665.9 | 0.985858 | 0.167583 | 0 | AKM | 0 | 3.35567 | 266.101 | 0 | 1 | 1 | 1 | 0 | 0 | 0 | 1 | camera | TreeHard_t_PiceaAbies_3f | 0.985858 | 0 | 0.16
SCRIPT       : DATA_LOG | 770313 | aRapBi1cCZPZAGLIDny3dk3hQ8vTmNTLHRl8zxmKgQ0= | 11872.3 | 111.204 | 13666.5 | 0.985858 | 0.167584 | 0 | Engraved1911 | 0 | 3.42777 | 259.635 | 0 | 1 | 1 | 1 | 0 | 0 | 0 | 1 | camera | TreeHard_t_PiceaAbies_3f | 0.985858 |
SCRIPT       : DATA_LOG | 771317 | aRapBi1cCZPZAGLIDny3dk3hQ8vTmNTLHRl8zxmKgQ0= | 11879 | 110.869 | 13667.1 | 0.985858 | 0.167584 | 0 | Engraved1911 | 0 | 3.51602 | 252.924 | 0 | 1 | 1 | 1 | 0 | 0 | 0 | 1 | camera | Land_House_1W12 | 0.985858 | 0 | 0.1675
SCRIPT       : DATA_LOG | 772331 | aRapBi1cCZPZAGLIDny3dk3hQ8vTmNTLHRl8zxmKgQ0= | 11885.6 | 110.585 | 13667.2 | 0.998418 | 0.0562311 | 0 | Engraved1911 | 0 | 9.10703 | 246.39 | 0 | 1 | 1 | 0 | 0 | 0 | 0 | 1 | camera | TreeHard_t_PiceaAbies_3f | 0.998418 |
SCRIPT       : DATA_LOG | 773326 | aRapBi1cCZPZAGLIDny3dk3hQ8vTmNTLHRl8zxmKgQ0= | 11890.2 | 110.363 | 13667.2 | 0.998475 | 0.0552022 | 0 | Engraved1911 | 0 | 9.37413 | 241.865 | 0 | 1 | 1 | 0 | 0 | 0 | 0 | 1 | camera | Land_House_1W12 | 0.998475 | 0 | 0.0
SCRIPT       : DATA_LOG | 774328 | aRapBi1cCZPZAGLIDny3dk3hQ8vTmNTLHRl8zxmKgQ0= | 11893.7 | 110.431 | 13665.2 | 0.998475 | 0.0552008 | 0 | Engraved1911 | 0 | 9.99843 | 238.911 | 0 | 1 | 1 | 0 | 0 | 0 | 0 | 1 | camera | TreeHard_t_PiceaAbies_2s | 0.998475 
SCRIPT       : DATA_LOG | 775329 | aRapBi1cCZPZAGLIDny3dk3hQ8vTmNTLHRl8zxmKgQ0= | 11897 | 110.458 | 13662.8 | 0.984778 | 0.173818 | 0 | Engraved1911 | 0 | 4.60488 | 236.271 | 0 | 1 | 1 | 1 | 0 | 0 | 0 | 1 | camera | Land_House_1W12 | 0.984778 | 0 | 0.1738
SCRIPT       : DATA_LOG | 776334 | aRapBi1cCZPZAGLIDny3dk3hQ8vTmNTLHRl8zxmKgQ0= | 11900.6 | 110.401 | 13661 | 0.98245 | 0.186525 | 0 | Engraved1911 | 0 | 4.55109 | 233.208 | 0 | 1 | 1 | 1 | 0 | 0 | 0 | 1 | camera | Land_House_1W12 | 0.98245 | 0 | 0.186525
SCRIPT       : DATA_LOG | 777332 | aRapBi1cCZPZAGLIDny3dk3hQ8vTmNTLHRl8zxmKgQ0= | 11904.6 | 110.131 | 13661.4 | 0.980279 | 0.197617 | 0 | Engraved1911 | 0 | 4.18671 | 229.234 | 0 | 1 | 1 | 1 | 0 | 0 | 0 | 1 | camera | Land_House_1W12 | 0.980279 | 0 | 0.19
SCRIPT       : DATA_LOG | 778332 | aRapBi1cCZPZAGLIDny3dk3hQ8vTmNTLHRl8zxmKgQ0= | 11908.3 | 109.743 | 13662.7 | 0.979622 | 0.200848 | 0 | Engraved1911 | 0 | 3.9624 | 225.275 | 0 | 1 | 1 | 1 | 0 | 0 | 0 | 1 | camera | Land_House_1W12 | 0.979622 | 0 | 0.200
SCRIPT       : DATA_LOG | 779332 | aRapBi1cCZPZAGLIDny3dk3hQ8vTmNTLHRl8zxmKgQ0= | 11910 | 109.579 | 13663.1 | 0.977337 | 0.21169 | 1 | Engraved1911 | 0 | 3.58031 | 223.498 | 0 | 1 | 1 | 1 | 1 | 1 | 1 | 1 | camera | Land_House_1W12 | 0.977337 | 0 | 0.21169
SCRIPT       : DATA_LOG | 780333 | aRapBi1cCZPZAGLIDny3dk3hQ8vTmNTLHRl8zxmKgQ0= | 11910 | 109.579 | 13663.1 | 0.977337 | 0.21169 | 1 | Engraved1911 | 0 | 3.58086 | 223.505 | 0 | 1 | 1 | 1 | 1 | 1 | 1 | 1 | camera | Land_House_1W12 | 0.977337 | 0 | 0.21169
SCRIPT       : DATA_LOG | 781339 | aRapBi1cCZPZAGLIDny3dk3hQ8vTmNTLHRl8zxmKgQ0= | 11910 | 109.579 | 13663.1 | 0.977337 | 0.21169 | 1 | Engraved1911 | 0 | 3.58064 | 223.505 | 0 | 1 | 1 | 1 | 1 | 1 | 1 | 1 | camera | Land_House_1W12 | 0.977337 | 0 | 0.21169
SCRIPT       : DATA_LOG | 782335 | aRapBi1cCZPZAGLIDny3dk3hQ8vTmNTLHRl8zxmKgQ0= | 11910 | 109.579 | 13663.1 | 0.977337 | 0.21169 | 1 | Engraved1911 | 0 | 3.57971 | 223.502 | 0 | 1 | 1 | 1 | 1 | 1 | 1 | 1 | camera | Land_House_1W12 | 0.977337 | 0 | 0.21169
SCRIPT       : DATA_LOG | 783337 | aRapBi1cCZPZAGLIDny3dk3hQ8vTmNTLHRl8zxmKgQ0= | 11910 | 109.579 | 13663.1 | 0.977337 | 0.21169 | 1 | Engraved1911 | 0 | 3.58157 | 223.504 | 0 | 1 | 1 | 1 | 1 | 1 | 1 | 1 | camera | Land_House_1W12 | 0.977337 | 0 | 0.21169
SCRIPT       : DATA_LOG | 784336 | aRapBi1cCZPZAGLIDny3dk3hQ8vTmNTLHRl8zxmKgQ0= | 11910 | 109.579 | 13663.1 | 0.977337 | 0.21169 | 1 | Engraved1911 | 0 | 3.57884 | 223.492 | 0 | 1 | 1 | 1 | 1 | 1 | 1 | 1 | camera | Land_House_1W12 | 0.977337 | 0 | 0.21169
SCRIPT       : DATA_LOG | 785345 | aRapBi1cCZPZAGLIDny3dk3hQ8vTmNTLHRl8zxmKgQ0= | 11910 | 109.579 | 13663.1 | 0.977337 | 0.21169 | 1 | Engraved1911 | 0 | 3.58102 | 223.501 | 0 | 1 | 1 | 1 | 1 | 1 | 1 | 1 | camera | Land_House_1W12 | 0.977337 | 0 | 0.21169
SCRIPT       : DATA_LOG | 786337 | aRapBi1cCZPZAGLIDny3dk3hQ8vTmNTLHRl8zxmKgQ0= | 11910 | 109.579 | 13663.1 | 0.977337 | 0.21169 | 1 | Engraved1911 | 0 | 3.58031 | 223.499 | 0 | 1 | 1 | 1 | 1 | 1 | 1 | 1 | camera | Land_House_1W12 | 0.977337 | 0 | 0.21169
SCRIPT       : DATA_LOG | 787346 | aRapBi1cCZPZAGLIDny3dk3hQ8vTmNTLHRl8zxmKgQ0= | 11910 | 109.579 | 13663.1 | 0.977337 | 0.21169 | 1 | Engraved1911 | 0 | 3.58075 | 223.504 | 0 | 1 | 1 | 1 | 1 | 1 | 1 | 1 | camera | Land_House_1W12 | 0.977337 | 0 | 0.21169
SCRIPT       : DATA_LOG | 788341 | aRapBi1cCZPZAGLIDny3dk3hQ8vTmNTLHRl8zxmKgQ0= | 11910 | 109.579 | 13663.1 | 0.977337 | 0.21169 | 1 | Engraved1911 | 0 | 3.58075 | 223.507 | 0 | 1 | 1 | 1 | 1 | 1 | 1 | 1 | camera | Land_House_1W12 | 0.977337 | 0 | 0.21169
SCRIPT       : DATA_LOG | 789347 | aRapBi1cCZPZAGLIDny3dk3hQ8vTmNTLHRl8zxmKgQ0= | 11910 | 109.579 | 13663.1 | 0.977337 | 0.21169 | 1 | Engraved1911 | 0 | 3.57949 | 223.5 | 0 | 1 | 1 | 1 | 1 | 1 | 1 | 1 | camera | Land_House_1W12 | 0.977337 | 0 | 0.21169 |
SCRIPT       : DATA_LOG | 790370 | aRapBi1cCZPZAGLIDny3dk3hQ8vTmNTLHRl8zxmKgQ0= | 11910 | 109.558 | 13663.4 | 0.969013 | 0.24701 | 1 | Engraved1911 | 0 | 3.01681 | 223.502 | 0 | 1 | 1 | 1 | 1 | 1 | 1 | 1 | camera | Land_House_1W12 | 0.969013 | 0 | 0.24701
SCRIPT       : DATA_LOG | 791381 | aRapBi1cCZPZAGLIDny3dk3hQ8vTmNTLHRl8zxmKgQ0= | 11909.5 | 109.441 | 13665 | 0.967639 | 0.25234 | 1 | Engraved1911 | 0 | 3.13513 | 223.51 | 0 | 1 | 1 | 1 | 1 | 1 | 1 | 1 | camera | Land_House_1W12 | 0.967639 | 0 | 0.25234 
SCRIPT       : DATA_LOG | 792382 | aRapBi1cCZPZAGLIDny3dk3hQ8vTmNTLHRl8zxmKgQ0= | 11909.3 | 109.35 | 13665.7 | 0.968155 | 0.250352 | 1 | Engraved1911 | 0 | 3.13282 | 223.53 | 0 | 1 | 1 | 1 | 1 | 1 | 1 | 1 | camera | Land_House_1W12 | 0.968155 | 0 | 0.2503
SCRIPT       : DATA_LOG | 793406 | aRapBi1cCZPZAGLIDny3dk3hQ8vTmNTLHRl8zxmKgQ0= | 11909.3 | 109.35 | 13665.7 | 0.968155 | 0.250352 | 1 | Engraved1911 | 0 | 3.13282 | 223.531 | 0 | 1 | 1 | 1 | 1 | 1 | 1 | 1 | camera | Land_House_1W12 | 0.968155 | 0 | 0.250
SCRIPT       : DATA_LOG | 794389 | aRapBi1cCZPZAGLIDny3dk3hQ8vTmNTLHRl8zxmKgQ0= | 11911.3 | 109.421 | 13663.8 | 0.971716 | 0.236155 | 0 | Engraved1911 | 0 | 3.01707 | 222.122 | 0 | 1 | 1 | 1 | 0 | 0 | 0 | 1 | camera | Land_House_1W12 | 0.971716 | 0 | 0.23
SCRIPT       : DATA_LOG | 795412 | aRapBi1cCZPZAGLIDny3dk3hQ8vTmNTLHRl8zxmKgQ0= | 11912.7 | 109.304 | 13663.8 | 0.971769 | 0.235936 | 0 | Engraved1911 | 0 | 3.0222 | 220.742 | 0 | 1 | 1 | 1 | 0 | 0 | 0 | 1 | camera | Land_House_1W12 | 0.971769 | 0 | 0.235
 SCRIPT       : [Logout]: New player aRapBi1cCZPZAGLIDny3dk3hQ8vTmNTLHRl8zxmKgQ0= with logout time 15
 SCRIPT       : Player "rafaelglima79" (steamid=76561199445097358) initiated disconnect process...
SCRIPT       : DATA_LOG | 796354 | aRapBi1cCZPZAGLIDny3dk3hQ8vTmNTLHRl8zxmKgQ0= | 11912.7 | 109.304 | 13663.8 | 0.971769 | 0.235936 | 0 | Engraved1911 | 0 | 3.02174 | 220.736 | 0 | 1 | 1 | 1 | 0 | 0 | 0 | 1 | camera | Land_House_1W12 | 0.971769 | 0 | 0.23
SCRIPT       : DATA_LOG | 797355 | aRapBi1cCZPZAGLIDny3dk3hQ8vTmNTLHRl8zxmKgQ0= | 11912.6 | 109.311 | 13663.8 | 0.971769 | 0.235936 | 0 | Engraved1911 | 0 | 3.02362 | 220.803 | 0 | 1 | 1 | 1 | 0 | 0 | 0 | 1 | camera | Land_House_1W12 | 0.971769 | 0 | 0.23
SCRIPT       : DATA_LOG | 798356 | aRapBi1cCZPZAGLIDny3dk3hQ8vTmNTLHRl8zxmKgQ0= | 11912.5 | 109.325 | 13663.7 | 0.971769 | 0.235936 | 0 | Engraved1911 | 0 | 3.02407 | 220.926 | 0 | 1 | 1 | 1 | 0 | 0 | 0 | 1 | camera | Land_House_1W12 | 0.971769 | 0 | 0.23
SCRIPT       : DATA_LOG | 799362 | aRapBi1cCZPZAGLIDny3dk3hQ8vTmNTLHRl8zxmKgQ0= | 11912.5 | 109.326 | 13663.7 | 0.971769 | 0.235936 | 0 | Engraved1911 | 0 | 3.02446 | 220.94 | 0 | 1 | 1 | 1 | 0 | 0 | 0 | 1 | camera | Land_House_1W12 | 0.971769 | 0 | 0.235
SCRIPT       : DATA_LOG | 800360 | aRapBi1cCZPZAGLIDny3dk3hQ8vTmNTLHRl8zxmKgQ0= | 11912.5 | 109.326 | 13663.7 | 0.971769 | 0.235936 | 0 | Engraved1911 | 0 | 3.02492 | 220.944 | 0 | 1 | 1 | 1 | 0 | 0 | 0 | 1 | camera | Land_House_1W12 | 0.971769 | 0 | 0.23
SCRIPT       : DATA_LOG | 801362 | aRapBi1cCZPZAGLIDny3dk3hQ8vTmNTLHRl8zxmKgQ0= | 11912.5 | 109.326 | 13663.7 | 0.971769 | 0.235936 | 0 | Engraved1911 | 0 | 3.02453 | 220.943 | 0 | 1 | 1 | 1 | 0 | 0 | 0 | 1 | camera | Land_House_1W12 | 0.971769 | 0 | 0.23
SCRIPT       : DATA_LOG | 802360 | aRapBi1cCZPZAGLIDny3dk3hQ8vTmNTLHRl8zxmKgQ0= | 11912.5 | 109.326 | 13663.7 | 0.971769 | 0.235936 | 0 | Engraved1911 | 0 | 3.02479 | 220.949 | 0 | 1 | 1 | 1 | 0 | 0 | 0 | 1 | camera | Land_House_1W12 | 0.971769 | 0 | 0.23
SCRIPT       : DATA_LOG | 803364 | aRapBi1cCZPZAGLIDny3dk3hQ8vTmNTLHRl8zxmKgQ0= | 11912.5 | 109.326 | 13663.7 | 0.971769 | 0.235936 | 0 | Engraved1911 | 0 | 3.0244 | 220.945 | 0 | 1 | 1 | 1 | 0 | 0 | 0 | 1 | camera | Land_House_1W12 | 0.971769 | 0 | 0.235
SCRIPT       : DATA_LOG | 804371 | aRapBi1cCZPZAGLIDny3dk3hQ8vTmNTLHRl8zxmKgQ0= | 11912.5 | 109.326 | 13663.7 | 0.971769 | 0.235936 | 0 | Engraved1911 | 0 | 3.02517 | 220.947 | 0 | 1 | 1 | 1 | 0 | 0 | 0 | 1 | camera | Land_House_1W12 | 0.971769 | 0 | 0.23
SCRIPT       : DATA_LOG | 805368 | aRapBi1cCZPZAGLIDny3dk3hQ8vTmNTLHRl8zxmKgQ0= | 11912.5 | 109.326 | 13663.7 | 0.971769 | 0.235936 | 0 | Engraved1911 | 0 | 3.0244 | 220.938 | 0 | 1 | 1 | 1 | 0 | 0 | 0 | 1 | camera | Land_House_1W12 | 0.971769 | 0 | 0.235
SCRIPT       : DATA_LOG | 806369 | aRapBi1cCZPZAGLIDny3dk3hQ8vTmNTLHRl8zxmKgQ0= | 11912.5 | 109.326 | 13663.7 | 0.971769 | 0.235936 | 0 | Engraved1911 | 0 | 3.02427 | 220.938 | 0 | 1 | 1 | 1 | 0 | 0 | 0 | 1 | camera | Land_House_1W12 | 0.971769 | 0 | 0.23
SCRIPT       : DATA_LOG | 807369 | aRapBi1cCZPZAGLIDny3dk3hQ8vTmNTLHRl8zxmKgQ0= | 11912.5 | 109.326 | 13663.7 | 0.971769 | 0.235936 | 0 | Engraved1911 | 0 | 3.02511 | 220.946 | 0 | 1 | 1 | 1 | 0 | 0 | 0 | 1 | camera | Land_House_1W12 | 0.971769 | 0 | 0.23
SCRIPT       : DATA_LOG | 808372 | aRapBi1cCZPZAGLIDny3dk3hQ8vTmNTLHRl8zxmKgQ0= | 11912.5 | 109.326 | 13663.7 | 0.971769 | 0.235936 | 0 | Engraved1911 | 0 | 3.02459 | 220.941 | 0 | 1 | 1 | 1 | 0 | 0 | 0 | 1 | camera | Land_House_1W12 | 0.971769 | 0 | 0.23
SCRIPT       : DATA_LOG | 809373 | aRapBi1cCZPZAGLIDny3dk3hQ8vTmNTLHRl8zxmKgQ0= | 11912.5 | 109.326 | 13663.7 | 0.971769 | 0.235936 | 0 | Engraved1911 | 0 | 3.02466 | 220.949 | 0 | 1 | 1 | 1 | 0 | 0 | 0 | 1 | camera | Land_House_1W12 | 0.971769 | 0 | 0.23
SCRIPT       : DATA_LOG | 810374 | aRapBi1cCZPZAGLIDny3dk3hQ8vTmNTLHRl8zxmKgQ0= | 11912.5 | 109.326 | 13663.7 | 0.971769 | 0.235936 | 0 | Engraved1911 | 0 | 3.02453 | 220.946 | 0 | 1 | 1 | 1 | 0 | 0 | 0 | 1 | camera | Land_House_1W12 | 0.971769 | 0 | 0.23
SCRIPT       : [Logout]: Player aRapBi1cCZPZAGLIDny3dk3hQ8vTmNTLHRl8zxmKgQ0= finished
SCRIPT       : Player "rafaelglima79" (steamid=76561199445097358) disconnected from server.
SCRIPT       : [PlayerListManager] SyncEntryToReceivers ► uid: aRapBi1cCZPZAGLIDny3dk3hQ8vTmNTLHRl8zxmKgQ0= isn't in the players list! sending a remove.
SCRIPT       : HandleOnPlayerDisconnected -> PlayerListManager.RemoveEntry ► aRapBi1cCZPZAGLIDny3dk3hQ8vTmNTLHRl8zxmKgQ0=
 SCRIPT       : [MissionServer] OnMissionFinish - Server
 SCRIPT       : ~DayZGame()
