---------------------------------------------
Log D:\ModelAnti-Cheat\log_profiles\script_2026-08-23_23-43-51.log started at 23.08. 23:43:53

SCRIPT       : Module: GameLib; loaded 18x files; 26x classes; used 39/2097 kB (1%) of static memory; defines: "DAYZ_1_29,SERVER_FOR_WINDOWS,SERVER,PLATFORM_WINDOWS,RELEASE,NO_GUI,NO_GUI_INGAME,sakhal,JM_CommunityFramework,CF_MODULE_CONFIG,CF_EXPRESSION,C
SCRIPT       : Registered 349 temporary action enum(s), UAN==349
SCRIPT       : Module: Game; loaded 521x files; 1604x classes; used 4275/33554 kB (12%) of static memory; defines: "DAYZ_1_29,SERVER_FOR_WINDOWS,SERVER,PLATFORM_WINDOWS,RELEASE,NO_GUI,NO_GUI_INGAME,sakhal,JM_CommunityFramework,CF_MODULE_CONFIG,CF_EXPRESSI
SCRIPT       : ... Backlit Effects Enabled
SCRIPT       : VPPNotificationManager()
SCRIPT       : [VPPAT] Internal VPPNotifications module loaded!
SCRIPT       : [DayZ Game]:: DayZGame(): Initializing V++ Admin Tools.
SCRIPT       : Module: World; loaded 2247x files; 5867x classes; used 9520/33554 kB (28%) of static memory; defines: "DAYZ_1_29,SERVER_FOR_WINDOWS,SERVER,PLATFORM_WINDOWS,RELEASE,NO_GUI,NO_GUI_INGAME,sakhal,JM_CommunityFramework,CF_MODULE_CONFIG,CF_EXPRES
 SCRIPT       : Module: Mission; loaded 293x files; 593x classes; used 3996/33554 kB (11%) of static memory; defines: "DAYZ_1_29,SERVER_FOR_WINDOWS,SERVER,PLATFORM_WINDOWS,RELEASE,NO_GUI,NO_GUI_INGAME,sakhal,JM_CommunityFramework,CF_MODULE_CONFIG,CF_EXPRE
 SCRIPT    (W): @"$CurrentDir:mpmissions\dayzOffline.chernarusplus\init.c,54": Possible variable name conflict 'm_player'
 SCRIPT       : Module: $CurrentDir:mpmissions\dayzOffline.chernarusplus\init.c; loaded 1x files; 1x classes; used 13/1048 kB (1%) of static memory; defines: "DAYZ_1_29,SERVER_FOR_WINDOWS,SERVER,PLATFORM_WINDOWS,RELEASE,NO_GUI,NO_GUI_INGAME,sakhal,JM_Comm
 SCRIPT       : [SERVER :: Vanilla++ AdminTools Plugins Registering]
 SCRIPT       : [MissionServer] OnInit - Server
 SCRIPT       : [MissionServer] OnMissionStart - Server
 SCRIPT       : string dirtyName = 'TESTINGSERVER'
SCRIPT       : m_LoginTimeMs: 16200
 SCRIPT       : ---- PlayerBase OnStoreLoad SUCCESS ----
 SCRIPT       : [VPPAT] Player "rafaelglima79" (steamId=76561199445097358) connected to server!
 SCRIPT       : [PlayerListManager] AddReceiver ► added: PlayerIdentity<0x000001423F41FE30>
SCRIPT       : [DUMMY_DEBUG] SUCESSO: Dummy criado na posicao: <13811.928711, 30.212992, 14127.400391>
SCRIPT       : DATA_LOG | 299186 | aRapBi1cCZPZAGLIDny3dk3hQ8vTmNTLHRl8zxmKgQ0= | 13811.1 | 30.2216 | 14124.5 | 0.266024 | 0.963967 | 0 | SKS | 1 | 0.164325 | 2.99967 | 0 | 1 | 1 | 1 | 0 | 0
SCRIPT       : DATA_LOG | 299925 | aRapBi1cCZPZAGLIDny3dk3hQ8vTmNTLHRl8zxmKgQ0= | 13811.1 | 30.2216 | 14124.5 | 0.266024 | 0.963967 | 0 | SKS | 1 | 28.2493 | 3.43737 | 0 | 1 | 1 | 0 | 0 | 0
SCRIPT       : DATA_LOG | 300942 | aRapBi1cCZPZAGLIDny3dk3hQ8vTmNTLHRl8zxmKgQ0= | 13811.1 | 30.2216 | 14124.5 | 0.266024 | 0.963967 | 0 | SKS | 1 | 28.226 | 3.43875 | 0 | 1 | 1 | 0 | 0 | 0
SCRIPT       : DATA_LOG | 301925 | aRapBi1cCZPZAGLIDny3dk3hQ8vTmNTLHRl8zxmKgQ0= | 13811.1 | 30.2216 | 14124.5 | 0.266024 | 0.963967 | 0 | SKS | 1 | 28.2421 | 3.43887 | 0 | 1 | 1 | 0 | 0 | 0
SCRIPT       : DATA_LOG | 302925 | aRapBi1cCZPZAGLIDny3dk3hQ8vTmNTLHRl8zxmKgQ0= | 13811.1 | 30.2216 | 14124.5 | 0.266024 | 0.963967 | 0 | SKS | 1 | 28.3644 | 3.42803 | 0 | 1 | 1 | 0 | 0 | 0
SCRIPT       : DATA_LOG | 303928 | aRapBi1cCZPZAGLIDny3dk3hQ8vTmNTLHRl8zxmKgQ0= | 13811.1 | 30.2216 | 14124.5 | 0.266024 | 0.963967 | 0 | SKS | 1 | 28.1988 | 3.44156 | 0 | 1 | 1 | 0 | 0 | 0
SCRIPT       : DATA_LOG | 304925 | aRapBi1cCZPZAGLIDny3dk3hQ8vTmNTLHRl8zxmKgQ0= | 13811.1 | 30.2216 | 14124.5 | 0.266024 | 0.963967 | 0 | SKS | 1 | 28.2848 | 3.4346 | 0 | 1 | 1 | 0 | 0 | 0
SCRIPT       : DATA_LOG | 305931 | aRapBi1cCZPZAGLIDny3dk3hQ8vTmNTLHRl8zxmKgQ0= | 13811.1 | 30.2216 | 14124.5 | 0.266024 | 0.963967 | 0 | SKS | 1 | 28.2236 | 3.44111 | 0 | 1 | 1 | 0 | 0 | 0
SCRIPT       : DATA_LOG | 306941 | aRapBi1cCZPZAGLIDny3dk3hQ8vTmNTLHRl8zxmKgQ0= | 13811.1 | 30.2216 | 14124.5 | 0.266024 | 0.963967 | 0 | SKS | 1 | 28.233 | 3.43927 | 0 | 1 | 1 | 0 | 0 | 0
SCRIPT       : DATA_LOG | 307930 | aRapBi1cCZPZAGLIDny3dk3hQ8vTmNTLHRl8zxmKgQ0= | 13811.1 | 30.2216 | 14124.5 | 0.266024 | 0.963967 | 0 | SKS | 1 | 28.2774 | 3.43506 | 0 | 1 | 1 | 0 | 0 | 0
SCRIPT       : DATA_LOG | 308939 | aRapBi1cCZPZAGLIDny3dk3hQ8vTmNTLHRl8zxmKgQ0= | 13811.1 | 30.2216 | 14124.5 | 0.266024 | 0.963967 | 0 | SKS | 1 | 28.2081 | 3.44156 | 0 | 1 | 1 | 0 | 0 | 0
SCRIPT       : DATA_LOG | 309941 | aRapBi1cCZPZAGLIDny3dk3hQ8vTmNTLHRl8zxmKgQ0= | 13811.1 | 30.2216 | 14124.5 | 0.266024 | 0.963967 | 0 | SKS | 1 | 28.3847 | 3.42625 | 0 | 1 | 1 | 0 | 0 | 0
SCRIPT       : DATA_LOG | 310932 | aRapBi1cCZPZAGLIDny3dk3hQ8vTmNTLHRl8zxmKgQ0= | 13811.1 | 30.2216 | 14124.5 | 0.266024 | 0.963967 | 0 | SKS | 1 | 28.2115 | 3.44061 | 0 | 1 | 1 | 0 | 0 | 0
SCRIPT       : DATA_LOG | 311938 | aRapBi1cCZPZAGLIDny3dk3hQ8vTmNTLHRl8zxmKgQ0= | 13811.1 | 30.2216 | 14124.5 | 0.266024 | 0.963967 | 0 | SKS | 1 | 28.2849 | 3.43461 | 0 | 1 | 1 | 0 | 0 | 0
SCRIPT       : DATA_LOG | 312940 | aRapBi1cCZPZAGLIDny3dk3hQ8vTmNTLHRl8zxmKgQ0= | 13811.1 | 30.2216 | 14124.5 | 0.965787 | -0.259034 | 0 | SKS | 1 | 89.6865 | 3.00431 | 0.0125131 | 1 | 1 | 0 | 0 | 0
SCRIPT       : DATA_LOG | 313960 | aRapBi1cCZPZAGLIDny3dk3hQ8vTmNTLHRl8zxmKgQ0= | 13811.1 | 30.2216 | 14124.5 | 0.965558 | -0.2598 | 0 | SKS | 1 | 89.7205 | 3.00953 | 0.014234 | 1 | 1 | 0 | 0 | 0
SCRIPT       : DATA_LOG | 314943 | aRapBi1cCZPZAGLIDny3dk3hQ8vTmNTLHRl8zxmKgQ0= | 13811.1 | 30.2216 | 14124.5 | 0.933437 | -0.348716 | 0 | SKS | 1 | 94.4853 | 3.01875 | 0.0842183 | 1 | 1 | 0 | 0 | 0
SCRIPT       : DATA_LOG | 315953 | aRapBi1cCZPZAGLIDny3dk3hQ8vTmNTLHRl8zxmKgQ0= | 13811.1 | 30.2216 | 14124.5 | 0.91418 | -0.373794 | 0 | SKS | 1 | 96.7231 | 2.92748 | 0.156696 | 1 | 1 | 0 | 0 | 0
SCRIPT       : DATA_LOG | 316945 | aRapBi1cCZPZAGLIDny3dk3hQ8vTmNTLHRl8zxmKgQ0= | 13811.1 | 30.2216 | 14124.5 | 0.893376 | -0.449144 | 0 | SKS | 1 | 100.814 | 2.98712 | -0.0122426 | 1 | 1 | 0 | 0 | 0
SCRIPT       : DATA_LOG | 317946 | aRapBi1cCZPZAGLIDny3dk3hQ8vTmNTLHRl8zxmKgQ0= | 13811.1 | 30.2216 | 14124.5 | 0.925926 | -0.377534 | 0 | SKS | 1 | 96.4489 | 2.98284 | 0.0113729 | 1 | 1 | 0 | 0 | 0
SCRIPT       : DATA_LOG | 318964 | aRapBi1cCZPZAGLIDny3dk3hQ8vTmNTLHRl8zxmKgQ0= | 13811.1 | 30.2216 | 14124.5 | 0.965861 | -0.258721 | 0 | SKS | 1 | 89.73 | 3.00139 | 0.0132929 | 1 | 1 | 0 | 0 | 0
SCRIPT       : DATA_LOG | 319955 | aRapBi1cCZPZAGLIDny3dk3hQ8vTmNTLHRl8zxmKgQ0= | 13811.1 | 30.2216 | 14124.5 | 0.965809 | -0.258889 | 0 | SKS | 1 | 89.6925 | 3.00714 | 0.0137882 | 1 | 1 | 0 | 0 | 0
SCRIPT       : DATA_LOG | 320958 | aRapBi1cCZPZAGLIDny3dk3hQ8vTmNTLHRl8zxmKgQ0= | 13811.1 | 30.2216 | 14124.5 | 0.965947 | -0.258414 | 0 | SKS | 1 | 89.6138 | 3.00482 | 0.01297 | 1 | 1 | 0 | 0 | 0
SCRIPT       : DATA_LOG | 321952 | aRapBi1cCZPZAGLIDny3dk3hQ8vTmNTLHRl8zxmKgQ0= | 13811.1 | 30.2216 | 14124.5 | -0.103049 | -0.993059 | 0 | SKS | 1 | 170.684 | 3.02098 | 0.0566987 | 1 | 1 | 0 | 0 | 0
SCRIPT       : DATA_LOG | 322951 | aRapBi1cCZPZAGLIDny3dk3hQ8vTmNTLHRl8zxmKgQ0= | 13812.9 | 30.2408 | 14123.4 | -0.886481 | -0.462335 | 0 | SKS | 1 | 104.044 | 4.17684 | 0.0199372 | 1 | 1 | 0 | 0 | 0
SCRIPT       : DATA_LOG | 323964 | aRapBi1cCZPZAGLIDny3dk3hQ8vTmNTLHRl8zxmKgQ0= | 13812.4 | 29.8959 | 14118.3 | -0.536114 | 0.834226 | 0 | SKS | 1 | 31.6685 | 9.36512 | 0.129027 | 1 | 1 | 0 | 0 | 0
SCRIPT       : DATA_LOG | 325009 | aRapBi1cCZPZAGLIDny3dk3hQ8vTmNTLHRl8zxmKgQ0= | 13809.5 | 29.4353 | 14112.8 | -0.550904 | 0.828631 | 0 | SKS | 1 | 43.7643 | 15.2213 | 0.0993781 | 1 | 1 | 0 | 0 | 0
SCRIPT       : DATA_LOG | 326006 | aRapBi1cCZPZAGLIDny3dk3hQ8vTmNTLHRl8zxmKgQ0= | 13806.8 | 29.1841 | 14106.6 | -0.88717 | 0.461084 | 0 | SKS | 1 | 76.4798 | 21.851 | 0.0181845 | 1 | 1 | 0 | 0 | 0
SCRIPT       : DATA_LOG | 327051 | aRapBi1cCZPZAGLIDny3dk3hQ8vTmNTLHRl8zxmKgQ0= | 13804.2 | 29.039 | 14099.7 | -0.887708 | 0.453666 | 0 | SKS | 1 | 78.3878 | 29.1977 | 0.0784888 | 1 | 1 | 0 | 0 | 0
SCRIPT       : DATA_LOG | 328015 | aRapBi1cCZPZAGLIDny3dk3hQ8vTmNTLHRl8zxmKgQ0= | 13800.3 | 28.6485 | 14094.3 | -0.742683 | 0.669638 | 0 | SKS | 1 | 67.5604 | 35.4956 | 0.00248907 | 1 | 1 | 0 | 0 | 0
SCRIPT       : DATA_LOG | 329018 | aRapBi1cCZPZAGLIDny3dk3hQ8vTmNTLHRl8zxmKgQ0= | 13799.3 | 28.5526 | 14093.2 | -0.759801 | 0.650125 | 0 | SKS | 1 | 69.7461 | 36.5596 | 0.0062821 | 1 | 1 | 0 | 0 | 0
 SCRIPT       : [Permissions Manager] Admin (rafaelglima79) (76561199445097358) Successfully Logged in!
SCRIPT       : DATA_LOG | 330009 | aRapBi1cCZPZAGLIDny3dk3hQ8vTmNTLHRl8zxmKgQ0= | 13799.3 | 28.5526 | 14093.2 | -0.768043 | 0.640279 | 0 | SKS | 1 | 70.4574 | 36.5754 | 0.012358 | 1 | 1 | 0 | 0 | 0
SCRIPT       : DATA_LOG | 331027 | aRapBi1cCZPZAGLIDny3dk3hQ8vTmNTLHRl8zxmKgQ0= | 13799.3 | 28.5526 | 14093.2 | -0.767242 | 0.64121 | 0 | SKS | 1 | 70.3809 | 36.552 | 0.0137916 | 1 | 1 | 0 | 0 | 0
SCRIPT       : DATA_LOG | 332022 | aRapBi1cCZPZAGLIDny3dk3hQ8vTmNTLHRl8zxmKgQ0= | 13799.3 | 28.5526 | 14093.2 | -0.76817 | 0.640125 | 0 | SKS | 1 | 70.466 | 36.5603 | 0.0124539 | 1 | 1 | 0 | 0 | 0
SCRIPT       : DATA_LOG | 333023 | aRapBi1cCZPZAGLIDny3dk3hQ8vTmNTLHRl8zxmKgQ0= | 13799.3 | 28.5526 | 14093.2 | -0.768827 | 0.639341 | 0 | SKS | 1 | 70.5287 | 36.5683 | 0.0121672 | 1 | 1 | 0 | 0 | 0
SCRIPT       : DATA_LOG | 334030 | aRapBi1cCZPZAGLIDny3dk3hQ8vTmNTLHRl8zxmKgQ0= | 13799.3 | 28.5526 | 14093.2 | -0.768414 | 0.639833 | 0 | SKS | 1 | 70.488 | 36.5603 | 0.0123784 | 1 | 1 | 0 | 0 | 0
SCRIPT       : DATA_LOG | 335013 | aRapBi1cCZPZAGLIDny3dk3hQ8vTmNTLHRl8zxmKgQ0= | 13799.3 | 28.5526 | 14093.2 | -0.767854 | 0.640499 | 0 | SKS | 1 | 70.4436 | 36.5721 | 0.0126816 | 1 | 1 | 0 | 0 | 0
SCRIPT       : DATA_LOG | 336024 | aRapBi1cCZPZAGLIDny3dk3hQ8vTmNTLHRl8zxmKgQ0= | 13799.3 | 28.5526 | 14093.2 | -0.767999 | 0.64033 | 0 | SKS | 1 | 70.4574 | 36.5629 | 0.0124356 | 1 | 1 | 0 | 0 | 0
SCRIPT       : DATA_LOG | 337026 | aRapBi1cCZPZAGLIDny3dk3hQ8vTmNTLHRl8zxmKgQ0= | 13799.3 | 28.5506 | 14093.1 | -0.930176 | 0.269073 | 0 | SKS | 1 | 93.169 | 36.6605 | 0.249746 | 1 | 1 | 0 | 0 | 0
SCRIPT       : DATA_LOG | 338030 | aRapBi1cCZPZAGLIDny3dk3hQ8vTmNTLHRl8zxmKgQ0= | 13798.7 | 28.8384 | 14091.6 | -0.938149 | 0.346148 | 0 | SKS | 1 | 90.143 | 38.3264 | -0.00766525 | 1 | 1 | 0 | 0 | 0
SCRIPT       : DATA_LOG | 339060 | aRapBi1cCZPZAGLIDny3dk3hQ8vTmNTLHRl8zxmKgQ0= | 13797.7 | 30.918 | 14086.1 | -0.953431 | 0.301509 | 0 | SKS | 1 | 91.4158 | 44.1431 | -0.00784671 | 1 | 1 | 0 | 0 | 0
SCRIPT       : DATA_LOG | 340056 | aRapBi1cCZPZAGLIDny3dk3hQ8vTmNTLHRl8zxmKgQ0= | 13796.4 | 32.0643 | 14079.4 | -0.516969 | 0.843087 | 0 | SKS | 1 | 50.5691 | 50.8838 | 0.148147 | 1 | 1 | 0 | 0 | 0
SCRIPT       : DATA_LOG | 341070 | aRapBi1cCZPZAGLIDny3dk3hQ8vTmNTLHRl8zxmKgQ0= | 13794.4 | 32.5255 | 14073 | -0.520814 | 0.85366 | 0 | SKS | 1 | 49.4191 | 57.4899 | -0.00423204 | 1 | 1 | 0 | 0 | 0
SCRIPT       : DATA_LOG | 342064 | aRapBi1cCZPZAGLIDny3dk3hQ8vTmNTLHRl8zxmKgQ0= | 13791.8 | 32.6281 | 14066.9 | -0.394314 | 0.916604 | 0 | SKS | 1 | 42.2591 | 64.0788 | 0.0659853 | 1 | 1 | 0 | 0 | 0
SCRIPT       : DATA_LOG | 343057 | aRapBi1cCZPZAGLIDny3dk3hQ8vTmNTLHRl8zxmKgQ0= | 13789.3 | 32.728 | 14060.5 | -0.737312 | 0.666977 | 0 | SKS | 1 | 67.0409 | 71.0742 | 0.107295 | 1 | 1 | 0 | 0 | 0
SCRIPT       : DATA_LOG | 344052 | aRapBi1cCZPZAGLIDny3dk3hQ8vTmNTLHRl8zxmKgQ0= | 13785.5 | 32.5572 | 14055.2 | -0.726197 | 0.679991 | 0 | SKS | 1 | 67.405 | 77.3153 | 0.10124 | 1 | 1 | 0 | 0 | 0
SCRIPT       : DATA_LOG | 345064 | aRapBi1cCZPZAGLIDny3dk3hQ8vTmNTLHRl8zxmKgQ0= | 13781.3 | 33.2708 | 14049.8 | 0.505131 | 0.815823 | 0 | SKS | 1 | 20.8078 | 83.7128 | 0.281558 | 1 | 1 | 0 | 0 | 0
SCRIPT       : DATA_LOG | 346060 | aRapBi1cCZPZAGLIDny3dk3hQ8vTmNTLHRl8zxmKgQ0= | 13779.5 | 33.2804 | 14047.7 | 0.303417 | 0.800975 | 1 | SKS | 1 | 29.134 | 86.1221 | -0.516117 | 1 | 1 | 0 | 0 | 0
SCRIPT       : DATA_LOG | 347066 | aRapBi1cCZPZAGLIDny3dk3hQ8vTmNTLHRl8zxmKgQ0= | 13779.2 | 33.8284 | 14046.1 | 0.264829 | 0.828786 | 1 | SKS | 1 | 27.5383 | 87.7839 | -0.492929 | 1 | 1 | 0 | 0 | 0
SCRIPT       : DATA_LOG | 348071 | aRapBi1cCZPZAGLIDny3dk3hQ8vTmNTLHRl8zxmKgQ0= | 13777.9 | 34.1778 | 14044.9 | 0.392882 | 0.837475 | 0 | SKS | 1 | 20.0161 | 89.3571 | -0.379842 | 1 | 1 | 0 | 0 | 0
SCRIPT       : DATA_LOG | 349070 | aRapBi1cCZPZAGLIDny3dk3hQ8vTmNTLHRl8zxmKgQ0= | 13775.2 | 34.8355 | 14043.1 | 0.194633 | 0.980121 | 0 | SKS | 1 | 13.3861 | 92.1147 | 0.038494 | 1 | 1 | 0 | 0 | 0
SCRIPT       : DATA_LOG | 350065 | aRapBi1cCZPZAGLIDny3dk3hQ8vTmNTLHRl8zxmKgQ0= | 13772.4 | 35.1602 | 14041.3 | 0.189013 | 0.981151 | 0 | SKS | 1 | 14.7837 | 95.0152 | 0.0402019 | 1 | 1 | 0 | 0 | 0
SCRIPT       : DATA_LOG | 351070 | aRapBi1cCZPZAGLIDny3dk3hQ8vTmNTLHRl8zxmKgQ0= | 13769.6 | 35.3113 | 14039.3 | 0.114405 | 0.992808 | 0 | SKS | 1 | 19.8325 | 97.9396 | 0.0352569 | 1 | 1 | 0 | 0 | 0
SCRIPT       : DATA_LOG | 352062 | aRapBi1cCZPZAGLIDny3dk3hQ8vTmNTLHRl8zxmKgQ0= | 13767.4 | 35.3944 | 14037 | 0.965926 | -0.205659 | 0 | SKS | 1 | 76.3442 | 100.867 | 0.157137 | 1 | 1 | 0 | 0 | 0
SCRIPT       : DATA_LOG | 353066 | aRapBi1cCZPZAGLIDny3dk3hQ8vTmNTLHRl8zxmKgQ0= | 13766 | 35.542 | 14034.7 | 0.867582 | -0.496467 | 0 | SKS | 1 | 93.486 | 103.56 | 0.0286618 | 1 | 1 | 0 | 0 | 0
SCRIPT       : DATA_LOG | 354072 | aRapBi1cCZPZAGLIDny3dk3hQ8vTmNTLHRl8zxmKgQ0= | 13766 | 35.7011 | 14033.5 | 0.630016 | -0.503896 | 1 | SKS | 1 | 98.3805 | 104.601 | -0.590905 | 1 | 1 | 0 | 0 | 0
SCRIPT       : DATA_LOG | 355071 | aRapBi1cCZPZAGLIDny3dk3hQ8vTmNTLHRl8zxmKgQ0= | 13766.5 | 35.7939 | 14033.2 | 0.577074 | -0.435565 | 1 | SKS | 1 | 96.0985 | 104.612 | -0.690846 | 1 | 1 | 0 | 0 | 0
SCRIPT       : DATA_LOG | 356080 | aRapBi1cCZPZAGLIDny3dk3hQ8vTmNTLHRl8zxmKgQ0= | 13766.5 | 35.7939 | 14033.2 | 0.572495 | -0.443699 | 1 | SKS | 1 | 96.6381 | 104.621 | -0.689479 | 1 | 1 | 0 | 0 | 0
SCRIPT       : DATA_LOG | 357065 | aRapBi1cCZPZAGLIDny3dk3hQ8vTmNTLHRl8zxmKgQ0= | 13766.5 | 35.7939 | 14033.2 | 0.562945 | -0.459082 | 1 | SKS | 1 | 97.682 | 104.63 | -0.687268 | 1 | 1 | 0 | 0 | 0
SCRIPT       : DATA_LOG | 358069 | aRapBi1cCZPZAGLIDny3dk3hQ8vTmNTLHRl8zxmKgQ0= | 13766.5 | 35.7939 | 14033.2 | 0.578652 | -0.438592 | 1 | SKS | 1 | 96.2235 | 104.608 | -0.687604 | 1 | 1 | 0 | 0 | 0
SCRIPT       : DATA_LOG | 359075 | aRapBi1cCZPZAGLIDny3dk3hQ8vTmNTLHRl8zxmKgQ0= | 13766.5 | 35.7939 | 14033.2 | 0.572146 | -0.444865 | 1 | SKS | 1 | 96.7106 | 104.619 | -0.689017 | 1 | 1 | 0 | 0 | 0
SCRIPT       : DATA_LOG | 360085 | aRapBi1cCZPZAGLIDny3dk3hQ8vTmNTLHRl8zxmKgQ0= | 13766.5 | 35.7939 | 14033.2 | 0.579903 | -0.435984 | 1 | SKS | 1 | 96.0574 | 104.603 | -0.688208 | 1 | 1 | 0 | 0 | 0
SCRIPT       : DATA_LOG | 361079 | aRapBi1cCZPZAGLIDny3dk3hQ8vTmNTLHRl8zxmKgQ0= | 13765 | 35.5812 | 14033.5 | -0.295074 | 0.948107 | 0 | SKS | 1 | 43.9629 | 105.236 | -0.118427 | 1 | 1 | 0 | 0 | 0
SCRIPT       : DATA_LOG | 362170 | aRapBi1cCZPZAGLIDny3dk3hQ8vTmNTLHRl8zxmKgQ0= | 13759.5 | 35.3427 | 14029.7 | -0.565641 | 0.824577 | 0 | SKS | 1 | 62.8283 | 111.348 | 0.0110494 | 1 | 1 | 0 | 0 | 0
SCRIPT       : DATA_LOG | 364029 | aRapBi1cCZPZAGLIDny3dk3hQ8vTmNTLHRl8zxmKgQ0= | 13751 | 34.8999 | 14022.8 | -0.416649 | 0.908966 | 0 | SKS | 1 | 54.9896 | 121.405 | 0.0135851 | 1 | 1 | 0 | 0 | 0
SCRIPT       : DATA_LOG | 366430 | aRapBi1cCZPZAGLIDny3dk3hQ8vTmNTLHRl8zxmKgQ0= | 13743.4 | 34.8194 | 14015 | -0.465473 | 0.881444 | 0 | SKS | 1 | 59.587 | 132.061 | 0.0799419 | 1 | 1 | 0 | 0 | 0
SCRIPT       : DATA_LOG | 367361 | aRapBi1cCZPZAGLIDny3dk3hQ8vTmNTLHRl8zxmKgQ0= | 13738.1 | 34.7007 | 14011 | -0.361227 | 0.929218 | 0 | SKS | 1 | 53.9997 | 138.22 | 0.0779016 | 1 | 1 | 0 | 0 | 0
SCRIPT       : DATA_LOG | 368364 | aRapBi1cCZPZAGLIDny3dk3hQ8vTmNTLHRl8zxmKgQ0= | 13736.3 | 34.7318 | 14009.4 | -0.284777 | 0.958488 | 0 | SKS | 1 | 49.2703 | 140.538 | -0.0142504 | 1 | 1 | 0 | 0 | 0
SCRIPT       : DATA_LOG | 369365 | aRapBi1cCZPZAGLIDny3dk3hQ8vTmNTLHRl8zxmKgQ0= | 13735 | 34.6923 | 14008.5 | 0.922708 | 0.364149 | 0 | SKS | 1 | 36.5236 | 141.713 | 0.126511 | 1 | 1 | 0 | 0 | 0
SCRIPT       : DATA_LOG | 370368 | aRapBi1cCZPZAGLIDny3dk3hQ8vTmNTLHRl8zxmKgQ0= | 13732.4 | 34.6959 | 14006.9 | 0.946433 | 0.3165 | 0 | SKS | 1 | 38.3953 | 144.363 | 0.0639765 | 1 | 1 | 0 | 0 | 0
SCRIPT       : DATA_LOG | 371370 | aRapBi1cCZPZAGLIDny3dk3hQ8vTmNTLHRl8zxmKgQ0= | 13731.7 | 34.6072 | 14006.6 | 0.99381 | 0.109764 | 0 | SKS | 1 | 50.1733 | 145.008 | 0.017148 | 1 | 1 | 0 | 0 | 0
SCRIPT       : DATA_LOG | 372371 | aRapBi1cCZPZAGLIDny3dk3hQ8vTmNTLHRl8zxmKgQ0= | 13731.6 | 34.6628 | 14006.3 | 0.872554 | -0.485784 | 0 | SKS | 1 | 85.6332 | 145.265 | 0.0516019 | 1 | 1 | 0 | 0 | 0
SCRIPT       : DATA_LOG | 373391 | aRapBi1cCZPZAGLIDny3dk3hQ8vTmNTLHRl8zxmKgQ0= | 13730.5 | 35.0687 | 14004 | 0.84756 | -0.530472 | 0 | SKS | 1 | 88.6608 | 147.895 | 0.0155766 | 1 | 1 | 0 | 0 | 0
SCRIPT       : DATA_LOG | 374424 | aRapBi1cCZPZAGLIDny3dk3hQ8vTmNTLHRl8zxmKgQ0= | 13731.9 | 35.6407 | 14003.1 | 0.839297 | -0.543283 | 0 | SKS | 1 | 90.113 | 147.812 | -0.0205838 | 1 | 1 | 0 | 0 | 0
SCRIPT       : DATA_LOG | 375425 | aRapBi1cCZPZAGLIDny3dk3hQ8vTmNTLHRl8zxmKgQ0= | 13729.2 | 34.5465 | 14004.8 | 0.856844 | -0.51064 | 0 | SKS | 1 | 86.8936 | 147.817 | 0.0711695 | 1 | 1 | 0 | 0 | 0
SCRIPT       : DATA_LOG | 376430 | aRapBi1cCZPZAGLIDny3dk3hQ8vTmNTLHRl8zxmKgQ0= | 13727.9 | 34.4558 | 14004.1 | 0.784193 | -0.620229 | 0 | SKS | 0 | 94.1045 | 149.198 | 0.018927 | 1 | 1 | 0 | 0 | 0
SCRIPT       : DATA_LOG | 377434 | aRapBi1cCZPZAGLIDny3dk3hQ8vTmNTLHRl8zxmKgQ0= | 13726.4 | 34.7688 | 14001.8 | 0.805591 | -0.592264 | 0 | SKS | 0 | 92.0916 | 152.026 | 0.0157096 | 1 | 1 | 0 | 0 | 0
SCRIPT       : DATA_LOG | 378435 | aRapBi1cCZPZAGLIDny3dk3hQ8vTmNTLHRl8zxmKgQ0= | 13725.1 | 34.8471 | 14000.7 | 0.810536 | -0.585637 | 0 | SKS | 0 | 91.4342 | 153.663 | 0.00783518 | 1 | 1 | 0 | 0 | 0
SCRIPT       : DATA_LOG | 379423 | aRapBi1cCZPZAGLIDny3dk3hQ8vTmNTLHRl8zxmKgQ0= | 13725.2 | 34.8939 | 14000.6 | 0.487197 | -0.529226 | 1 | SKS | 0 | 98.1306 | 153.631 | -0.694664 | 1 | 1 | 0 | 0 | 0
SCRIPT       : DATA_LOG | 380427 | aRapBi1cCZPZAGLIDny3dk3hQ8vTmNTLHRl8zxmKgQ0= | 13725.2 | 34.8939 | 14000.6 | 0.501124 | -0.513487 | 1 | SKS | 0 | 96.9215 | 153.637 | -0.696568 | 1 | 1 | 0 | 0 | 0
SCRIPT       : DATA_LOG | 381435 | aRapBi1cCZPZAGLIDny3dk3hQ8vTmNTLHRl8zxmKgQ0= | 13725.2 | 34.8939 | 14000.6 | 0.507426 | -0.507615 | 1 | SKS | 0 | 96.4363 | 153.631 | -0.696309 | 1 | 1 | 0 | 0 | 0
SCRIPT       : DATA_LOG | 382432 | aRapBi1cCZPZAGLIDny3dk3hQ8vTmNTLHRl8zxmKgQ0= | 13725.2 | 34.8939 | 14000.6 | 0.498795 | -0.517579 | 1 | SKS | 0 | 97.1956 | 153.632 | -0.695209 | 1 | 1 | 0 | 0 | 0
SCRIPT       : DATA_LOG | 383430 | aRapBi1cCZPZAGLIDny3dk3hQ8vTmNTLHRl8zxmKgQ0= | 13725.2 | 34.8939 | 14000.6 | 0.497829 | -0.517999 | 1 | SKS | 0 | 97.2465 | 153.619 | -0.695589 | 1 | 1 | 0 | 0 | 0
SCRIPT       : DATA_LOG | 384437 | aRapBi1cCZPZAGLIDny3dk3hQ8vTmNTLHRl8zxmKgQ0= | 13725.2 | 34.8939 | 14000.6 | 0.502771 | -0.514341 | 1 | SKS | 0 | 96.9119 | 153.625 | -0.694748 | 1 | 1 | 0 | 0 | 0
SCRIPT       : DATA_LOG | 385434 | aRapBi1cCZPZAGLIDny3dk3hQ8vTmNTLHRl8zxmKgQ0= | 13725.2 | 34.8939 | 14000.6 | 0.509632 | -0.515492 | 1 | SKS | 0 | 96.7529 | 153.633 | -0.688871 | 1 | 1 | 0 | 0 | 0
SCRIPT       : DATA_LOG | 386431 | aRapBi1cCZPZAGLIDny3dk3hQ8vTmNTLHRl8zxmKgQ0= | 13725.2 | 34.8939 | 14000.6 | 0.505421 | -0.510279 | 1 | SKS | 0 | 96.6301 | 153.63 | -0.695819 | 1 | 1 | 0 | 0 | 0
SCRIPT       : DATA_LOG | 387431 | aRapBi1cCZPZAGLIDny3dk3hQ8vTmNTLHRl8zxmKgQ0= | 13725.2 | 34.8939 | 14000.6 | 0.505795 | -0.510522 | 1 | SKS | 0 | 96.6303 | 153.634 | -0.695369 | 1 | 1 | 0 | 0 | 0
SCRIPT       : DATA_LOG | 388439 | aRapBi1cCZPZAGLIDny3dk3hQ8vTmNTLHRl8zxmKgQ0= | 13725.2 | 34.8939 | 14000.6 | 0.487221 | -0.532633 | 1 | SKS | 0 | 98.2968 | 153.619 | -0.692039 | 1 | 1 | 0 | 0 | 0
SCRIPT       : DATA_LOG | 389433 | aRapBi1cCZPZAGLIDny3dk3hQ8vTmNTLHRl8zxmKgQ0= | 13725.2 | 34.8939 | 14000.6 | 0.488299 | -0.525395 | 1 | SKS | 0 | 97.9088 | 153.63 | -0.696796 | 1 | 1 | 0 | 0 | 0
SCRIPT       : DATA_LOG | 390435 | aRapBi1cCZPZAGLIDny3dk3hQ8vTmNTLHRl8zxmKgQ0= | 13725.2 | 34.8939 | 14000.6 | 0.4948 | -0.530589 | 1 | SKS | 0 | 97.9593 | 153.615 | -0.688221 | 1 | 1 | 0 | 0 | 0
SCRIPT       : DATA_LOG | 391435 | aRapBi1cCZPZAGLIDny3dk3hQ8vTmNTLHRl8zxmKgQ0= | 13725.2 | 34.8939 | 14000.6 | 0.517432 | -0.515829 | 1 | SKS | 0 | 96.525 | 153.618 | -0.682777 | 1 | 1 | 0 | 0 | 0
SCRIPT       : DATA_LOG | 392445 | aRapBi1cCZPZAGLIDny3dk3hQ8vTmNTLHRl8zxmKgQ0= | 13724.4 | 35.1031 | 13999.5 | 0.500169 | -0.689357 | 1 | SKS | 0 | 105.681 | 155.035 | -0.524041 | 1 | 1 | 0 | 0 | 0
SCRIPT       : DATA_LOG | 393439 | aRapBi1cCZPZAGLIDny3dk3hQ8vTmNTLHRl8zxmKgQ0= | 13723.6 | 35.4037 | 13998 | 0.547528 | -0.634633 | 1 | SKS | 0 | 101.404 | 156.74 | -0.545394 | 1 | 1 | 0 | 0 | 0
SCRIPT       : DATA_LOG | 394438 | aRapBi1cCZPZAGLIDny3dk3hQ8vTmNTLHRl8zxmKgQ0= | 13722.6 | 35.5709 | 13996.8 | 0.523606 | -0.665107 | 1 | SKS | 0 | 103.643 | 158.233 | -0.532419 | 1 | 1 | 0 | 0 | 0
SCRIPT       : DATA_LOG | 395440 | aRapBi1cCZPZAGLIDny3dk3hQ8vTmNTLHRl8zxmKgQ0= | 13722.4 | 35.6151 | 13996.6 | 0.499316 | -0.516016 | 1 | SKS | 0 | 96.9641 | 158.52 | -0.695997 | 1 | 1 | 0 | 0 | 0
SCRIPT       : DATA_LOG | 396440 | aRapBi1cCZPZAGLIDny3dk3hQ8vTmNTLHRl8zxmKgQ0= | 13722.4 | 35.6151 | 13996.6 | 0.495345 | -0.532268 | 1 | SKS | 0 | 97.8872 | 158.519 | -0.68653 | 1 | 1 | 0 | 0 | 0
SCRIPT       : DATA_LOG | 397441 | aRapBi1cCZPZAGLIDny3dk3hQ8vTmNTLHRl8zxmKgQ0= | 13722.4 | 35.6151 | 13996.6 | 0.503065 | -0.529077 | 1 | SKS | 0 | 97.4897 | 158.515 | -0.683377 | 1 | 1 | 0 | 0 | 0
SCRIPT       : DATA_LOG | 398449 | aRapBi1cCZPZAGLIDny3dk3hQ8vTmNTLHRl8zxmKgQ0= | 13722.4 | 35.6151 | 13996.6 | 0.516334 | -0.499062 | 1 | SKS | 0 | 95.6039 | 158.512 | -0.695943 | 1 | 1 | 0 | 0 | 0
SCRIPT       : DATA_LOG | 399450 | aRapBi1cCZPZAGLIDny3dk3hQ8vTmNTLHRl8zxmKgQ0= | 13722 | 35.4316 | 13996.8 | 0.522865 | -0.556058 | 1 | SKS | 0 | 98.1051 | 158.53 | -0.646074 | 1 | 1 | 0 | 0 | 0
SCRIPT       : DATA_LOG | 400456 | aRapBi1cCZPZAGLIDny3dk3hQ8vTmNTLHRl8zxmKgQ0= | 13722.2 | 35.513 | 13996.7 | 0.493121 | -0.625618 | 1 | SKS | 0 | 102.548 | 158.504 | -0.604512 | 1 | 1 | 0 | 0 | 0
SCRIPT       : DATA_LOG | 401448 | aRapBi1cCZPZAGLIDny3dk3hQ8vTmNTLHRl8zxmKgQ0= | 13722.3 | 35.5702 | 13996.6 | 0.423316 | -0.597077 | 1 | SKS | 0 | 103.365 | 158.557 | -0.681398 | 1 | 1 | 0 | 0 | 0
SCRIPT       : DATA_LOG | 402454 | aRapBi1cCZPZAGLIDny3dk3hQ8vTmNTLHRl8zxmKgQ0= | 13722.3 | 35.5702 | 13996.6 | 0.420176 | -0.610317 | 1 | SKS | 0 | 104.133 | 158.546 | -0.671539 | 1 | 1 | 0 | 0 | 0
SCRIPT       : DATA_LOG | 403453 | aRapBi1cCZPZAGLIDny3dk3hQ8vTmNTLHRl8zxmKgQ0= | 13722.3 | 35.5702 | 13996.6 | 0.400736 | -0.627602 | 1 | SKS | 0 | 105.636 | 158.551 | -0.667478 | 1 | 1 | 0 | 0 | 0
SCRIPT       : DATA_LOG | 404447 | aRapBi1cCZPZAGLIDny3dk3hQ8vTmNTLHRl8zxmKgQ0= | 13722.3 | 35.5702 | 13996.6 | 0.381052 | -0.635907 | 1 | SKS | 0 | 106.702 | 158.561 | -0.671135 | 1 | 1 | 0 | 0 | 0
SCRIPT       : DATA_LOG | 405454 | aRapBi1cCZPZAGLIDny3dk3hQ8vTmNTLHRl8zxmKgQ0= | 13722.5 | 35.629 | 13996.5 | 0.712243 | -0.698071 | 0 | SKS | 0 | 99.9075 | 158.489 | -0.0735268 | 1 | 1 | 0 | 0 | 0
SCRIPT       : DATA_LOG | 406454 | aRapBi1cCZPZAGLIDny3dk3hQ8vTmNTLHRl8zxmKgQ0= | 13724 | 36.6283 | 13994.7 | 0.592499 | -0.7702 | 1 | SKS | 1 | 107.783 | 159.274 | -0.236088 | 1 | 1 | 0 | 0 | 0
SCRIPT       : DATA_LOG | 407462 | aRapBi1cCZPZAGLIDny3dk3hQ8vTmNTLHRl8zxmKgQ0= | 13723.4 | 36.8288 | 13993.8 | 0.512773 | -0.503586 | 1 | SKS | 1 | 96.2414 | 160.326 | -0.695316 | 1 | 1 | 0 | 0 | 0
SCRIPT       : DATA_LOG | 408457 | aRapBi1cCZPZAGLIDny3dk3hQ8vTmNTLHRl8zxmKgQ0= | 13724.1 | 37.2906 | 13993.1 | -0.597331 | -0.797164 | 0 | SKS | 1 | 175.484 | 160.65 | 0.087896 | 1 | 1 | 0 | 0 | 0
SCRIPT       : DATA_LOG | 409465 | aRapBi1cCZPZAGLIDny3dk3hQ8vTmNTLHRl8zxmKgQ0= | 13724.2 | 39.0447 | 13988.6 | -0.740269 | 0.659476 | 0 | SKS | 1 | 81.0796 | 164.785 | 0.130745 | 1 | 1 | 0 | 0 | 0
SCRIPT       : DATA_LOG | 410499 | aRapBi1cCZPZAGLIDny3dk3hQ8vTmNTLHRl8zxmKgQ0= | 13719.7 | 40.4031 | 13984.3 | -0.430901 | 0.896975 | 0 | SKS | 1 | 59.1454 | 170.837 | 0.0987945 | 1 | 1 | 0 | 0 | 0
SCRIPT       : DATA_LOG | 411457 | aRapBi1cCZPZAGLIDny3dk3hQ8vTmNTLHRl8zxmKgQ0= | 13714.9 | 41.3218 | 13980.1 | -0.447021 | 0.891768 | 0 | SKS | 1 | 60.485 | 177.123 | 0.0701638 | 1 | 1 | 0 | 0 | 0
SCRIPT       : DATA_LOG | 412461 | aRapBi1cCZPZAGLIDny3dk3hQ8vTmNTLHRl8zxmKgQ0= | 13709.2 | 40.9956 | 13976.7 | -0.311555 | 0.941334 | 0 | SKS | 0 | 53.6276 | 183.072 | 0.129708 | 1 | 1 | 0 | 0 | 0
SCRIPT       : DATA_LOG | 413464 | aRapBi1cCZPZAGLIDny3dk3hQ8vTmNTLHRl8zxmKgQ0= | 13703.2 | 41.0981 | 13973.6 | -0.312453 | 0.944849 | 0 | SKS | 1 | 54.2735 | 188.965 | 0.0981537 | 1 | 1 | 0 | 0 | 0
SCRIPT       : DATA_LOG | 414465 | aRapBi1cCZPZAGLIDny3dk3hQ8vTmNTLHRl8zxmKgQ0= | 13697.1 | 41.4481 | 13970.9 | -0.261822 | 0.963536 | 0 | SKS | 1 | 51.8902 | 194.743 | 0.0551963 | 1 | 1 | 0 | 0 | 0
SCRIPT       : DATA_LOG | 415466 | aRapBi1cCZPZAGLIDny3dk3hQ8vTmNTLHRl8zxmKgQ0= | 13690.8 | 40.8946 | 13968.7 | 0.44994 | 0.870043 | 0 | SKS | 0 | 17.7251 | 200.152 | 0.201442 | 1 | 1 | 0 | 0 | 0
SCRIPT       : DATA_LOG | 416466 | aRapBi1cCZPZAGLIDny3dk3hQ8vTmNTLHRl8zxmKgQ0= | 13685.6 | 40.6814 | 13967.1 | 0.551844 | 0.830134 | 0 | SKS | 0 | 8.81318 | 204.539 | 0.0796588 | 1 | 1 | 0 | 0 | 0
SCRIPT       : DATA_LOG | 417582 | aRapBi1cCZPZAGLIDny3dk3hQ8vTmNTLHRl8zxmKgQ0= | 13682.9 | 39.7888 | 13968.7 | 0.798144 | -0.597108 | 0 | SKS | 0 | 87.8729 | 204.62 | 0.0801709 | 1 | 1 | 0 | 0 | 0
SCRIPT       : DATA_LOG | 418472 | aRapBi1cCZPZAGLIDny3dk3hQ8vTmNTLHRl8zxmKgQ0= | 13682.4 | 39.0527 | 13970.6 | 0.702616 | -0.710361 | 0 | SKS | 0 | 95.8648 | 203.221 | 0.0414566 | 1 | 1 | 0 | 0 | 0
SCRIPT       : DATA_LOG | 419464 | aRapBi1cCZPZAGLIDny3dk3hQ8vTmNTLHRl8zxmKgQ0= | 13682.4 | 39.0527 | 13970.6 | 0.474989 | -0.636131 | 1 | SKS | 0 | 99.394 | 203.445 | -0.608048 | 1 | 1 | 0 | 0 | 0
SCRIPT       : DATA_LOG | 420467 | aRapBi1cCZPZAGLIDny3dk3hQ8vTmNTLHRl8zxmKgQ0= | 13682.4 | 39.0527 | 13970.6 | 0.461256 | -0.64711 | 1 | SKS | 0 | 100.398 | 203.449 | -0.607035 | 1 | 1 | 0 | 0 | 0
SCRIPT       : DATA_LOG | 421468 | aRapBi1cCZPZAGLIDny3dk3hQ8vTmNTLHRl8zxmKgQ0= | 13682.4 | 39.0527 | 13970.6 | 0.461328 | -0.637769 | 1 | SKS | 0 | 99.9536 | 203.458 | -0.616787 | 1 | 1 | 0 | 0 | 0
SCRIPT       : DATA_LOG | 422475 | aRapBi1cCZPZAGLIDny3dk3hQ8vTmNTLHRl8zxmKgQ0= | 13682.4 | 39.0527 | 13970.6 | 0.473498 | -0.640095 | 1 | SKS | 0 | 99.6335 | 203.457 | -0.605044 | 1 | 1 | 0 | 0 | 0
SCRIPT       : DATA_LOG | 423469 | aRapBi1cCZPZAGLIDny3dk3hQ8vTmNTLHRl8zxmKgQ0= | 13682.4 | 39.0527 | 13970.6 | 0.472245 | -0.635169 | 1 | SKS | 0 | 99.4448 | 203.462 | -0.611183 | 1 | 1 | 0 | 0 | 0
SCRIPT       : DATA_LOG | 424470 | aRapBi1cCZPZAGLIDny3dk3hQ8vTmNTLHRl8zxmKgQ0= | 13682.4 | 39.053 | 13970.6 | 0.740949 | -0.671326 | 0 | SKS | 0 | 92.6022 | 203.152 | -0.0177829 | 1 | 1 | 0 | 0 | 0
SCRIPT       : DATA_LOG | 425474 | aRapBi1cCZPZAGLIDny3dk3hQ8vTmNTLHRl8zxmKgQ0= | 13682.7 | 39.0558 | 13971 | 0.739809 | -0.672538 | 0 | SKS | 0 | 92.694 | 202.709 | -0.0193938 | 1 | 1 | 0 | 0 | 0
SCRIPT       : DATA_LOG | 426473 | aRapBi1cCZPZAGLIDny3dk3hQ8vTmNTLHRl8zxmKgQ0= | 13682.7 | 39.0558 | 13971 | 0.745201 | -0.666739 | 0 | SKS | 0 | 92.2573 | 202.694 | -0.0115541 | 1 | 1 | 0 | 0 | 0
SCRIPT       : DATA_LOG | 427477 | aRapBi1cCZPZAGLIDny3dk3hQ8vTmNTLHRl8zxmKgQ0= | 13682.7 | 39.0558 | 13971 | 0.745919 | -0.665984 | 0 | SKS | 0 | 92.2063 | 202.694 | -0.00835148 | 1 | 1 | 0 | 0 | 0
SCRIPT       : DATA_LOG | 428475 | aRapBi1cCZPZAGLIDny3dk3hQ8vTmNTLHRl8zxmKgQ0= | 13682.7 | 39.0558 | 13971 | 0.785735 | -0.618271 | 0 | SKS | 0 | 88.6199 | 202.692 | -0.0190224 | 1 | 1 | 0 | 0 | 0
SCRIPT       : DATA_LOG | 429477 | aRapBi1cCZPZAGLIDny3dk3hQ8vTmNTLHRl8zxmKgQ0= | 13682.7 | 39.0558 | 13971 | 0.777471 | -0.628707 | 0 | SKS | 0 | 89.3852 | 202.705 | -0.0163312 | 1 | 1 | 0 | 0 | 0
SCRIPT       : DATA_LOG | 430480 | aRapBi1cCZPZAGLIDny3dk3hQ8vTmNTLHRl8zxmKgQ0= | 13682.7 | 39.0558 | 13971 | 0.835329 | -0.549738 | 0 | SKS | 0 | 83.8182 | 202.671 | 0.00354405 | 1 | 1 | 0 | 0 | 0
SCRIPT       : DATA_LOG | 431478 | aRapBi1cCZPZAGLIDny3dk3hQ8vTmNTLHRl8zxmKgQ0= | 13682.7 | 39.0558 | 13971 | 0.621419 | -0.753879 | 0 | SKS | 0 | 101.203 | 202.697 | 0.213319 | 1 | 1 | 0 | 0 | 0
SCRIPT       : DATA_LOG | 432481 | aRapBi1cCZPZAGLIDny3dk3hQ8vTmNTLHRl8zxmKgQ0= | 13682.7 | 39.0558 | 13971 | 0.821554 | -0.568474 | 0 | SKS | 0 | 85.2534 | 202.687 | 0.04343 | 1 | 1 | 0 | 0 | 0
SCRIPT       : DATA_LOG | 433478 | aRapBi1cCZPZAGLIDny3dk3hQ8vTmNTLHRl8zxmKgQ0= | 13682.7 | 39.0558 | 13971 | 0.828675 | -0.558966 | 0 | SKS | 0 | 84.5384 | 202.679 | 0.029255 | 1 | 1 | 0 | 0 | 0
SCRIPT       : DATA_LOG | 434478 | aRapBi1cCZPZAGLIDny3dk3hQ8vTmNTLHRl8zxmKgQ0= | 13682.7 | 39.0558 | 13971 | 0.861565 | -0.507646 | 0 | SKS | 0 | 80.9724 | 202.671 | 0.00118384 | 1 | 1 | 0 | 0 | 0
SCRIPT       : DATA_LOG | 435483 | aRapBi1cCZPZAGLIDny3dk3hQ8vTmNTLHRl8zxmKgQ0= | 13682.7 | 39.0558 | 13971 | 0.775576 | -0.630874 | 0 | SKS | 0 | 89.5416 | 202.721 | -0.0219213 | 1 | 1 | 0 | 0 | 0
SCRIPT       : DATA_LOG | 436483 | aRapBi1cCZPZAGLIDny3dk3hQ8vTmNTLHRl8zxmKgQ0= | 13682.7 | 39.0558 | 13971 | 0.477078 | -0.624029 | 1 | SKS | 0 | 98.7456 | 202.926 | -0.618857 | 1 | 1 | 0 | 0 | 0
SCRIPT       : DATA_LOG | 437483 | aRapBi1cCZPZAGLIDny3dk3hQ8vTmNTLHRl8zxmKgQ0= | 13682.7 | 39.0558 | 13971 | 0.472 | -0.629039 | 1 | SKS | 0 | 99.1599 | 202.931 | -0.617678 | 1 | 1 | 0 | 0 | 0
SCRIPT       : DATA_LOG | 438486 | aRapBi1cCZPZAGLIDny3dk3hQ8vTmNTLHRl8zxmKgQ0= | 13682.7 | 39.0558 | 13971 | 0.466017 | -0.636978 | 1 | SKS | 0 | 99.7443 | 202.917 | -0.614074 | 1 | 1 | 0 | 0 | 0
SCRIPT       : DATA_LOG | 439488 | aRapBi1cCZPZAGLIDny3dk3hQ8vTmNTLHRl8zxmKgQ0= | 13682.7 | 39.0558 | 13971 | 0.473197 | -0.628066 | 1 | SKS | 0 | 99.0717 | 202.932 | -0.617752 | 1 | 1 | 0 | 0 | 0
SCRIPT       : DATA_LOG | 440489 | aRapBi1cCZPZAGLIDny3dk3hQ8vTmNTLHRl8zxmKgQ0= | 13682.7 | 39.0558 | 13971 | 0.461225 | -0.639957 | 1 | SKS | 0 | 100.056 | 202.913 | -0.614594 | 1 | 1 | 0 | 0 | 0
SCRIPT       : DATA_LOG | 441492 | aRapBi1cCZPZAGLIDny3dk3hQ8vTmNTLHRl8zxmKgQ0= | 13682.7 | 39.0558 | 13971 | 0.46813 | -0.636622 | 1 | SKS | 0 | 99.6535 | 202.911 | -0.612836 | 1 | 1 | 0 | 0 | 0
SCRIPT       : DATA_LOG | 442487 | aRapBi1cCZPZAGLIDny3dk3hQ8vTmNTLHRl8zxmKgQ0= | 13682.7 | 39.0558 | 13971 | 0.464677 | -0.639241 | 1 | SKS | 0 | 99.8999 | 202.922 | -0.612736 | 1 | 1 | 0 | 0 | 0
SCRIPT       : DATA_LOG | 443488 | aRapBi1cCZPZAGLIDny3dk3hQ8vTmNTLHRl8zxmKgQ0= | 13682.7 | 39.0558 | 13971 | 0.465562 | -0.642411 | 1 | SKS | 0 | 100.018 | 202.909 | -0.608736 | 1 | 1 | 0 | 0 | 0
SCRIPT       : DATA_LOG | 444488 | aRapBi1cCZPZAGLIDny3dk3hQ8vTmNTLHRl8zxmKgQ0= | 13682.7 | 39.0558 | 13971 | 0.463911 | -0.638826 | 1 | SKS | 0 | 99.9067 | 202.92 | -0.613749 | 1 | 1 | 0 | 0 | 0
SCRIPT       : DATA_LOG | 445491 | aRapBi1cCZPZAGLIDny3dk3hQ8vTmNTLHRl8zxmKgQ0= | 13682.7 | 39.0558 | 13971 | 0.481199 | -0.63647 | 1 | SKS | 0 | 99.1854 | 202.922 | -0.602789 | 1 | 1 | 0 | 0 | 0
SCRIPT       : DATA_LOG | 446491 | aRapBi1cCZPZAGLIDny3dk3hQ8vTmNTLHRl8zxmKgQ0= | 13682.7 | 39.0558 | 13971 | 0.470557 | -0.641202 | 1 | SKS | 0 | 99.7838 | 202.918 | -0.606165 | 1 | 1 | 0 | 0 | 0
SCRIPT       : DATA_LOG | 447495 | aRapBi1cCZPZAGLIDny3dk3hQ8vTmNTLHRl8zxmKgQ0= | 13682.7 | 39.0558 | 13971 | 0.465127 | -0.648066 | 1 | SKS | 0 | 100.302 | 202.915 | -0.603048 | 1 | 1 | 0 | 0 | 0
SCRIPT       : DATA_LOG | 448494 | aRapBi1cCZPZAGLIDny3dk3hQ8vTmNTLHRl8zxmKgQ0= | 13682.7 | 39.0558 | 13971 | 0.727855 | -0.684982 | 0 | SKS | 0 | 93.6509 | 202.69 | -0.0320526 | 1 | 1 | 0 | 0 | 0
SCRIPT       : DATA_LOG | 449498 | aRapBi1cCZPZAGLIDny3dk3hQ8vTmNTLHRl8zxmKgQ0= | 13682.7 | 39.0558 | 13971 | 0.750888 | -0.66023 | 0 | SKS | 0 | 91.7512 | 202.711 | -0.0162632 | 1 | 1 | 0 | 0 | 0
SCRIPT       : DATA_LOG | 450498 | aRapBi1cCZPZAGLIDny3dk3hQ8vTmNTLHRl8zxmKgQ0= | 13682.7 | 39.0558 | 13971 | 0.75281 | -0.658056 | 0 | SKS | 0 | 91.5887 | 202.702 | -0.0154859 | 1 | 1 | 0 | 0 | 0
SCRIPT       : DATA_LOG | 451499 | aRapBi1cCZPZAGLIDny3dk3hQ8vTmNTLHRl8zxmKgQ0= | 13682.7 | 39.0558 | 13971 | 0.748272 | -0.663195 | 0 | SKS | 0 | 91.9783 | 202.722 | -0.0162004 | 1 | 1 | 0 | 0 | 0
SCRIPT       : DATA_LOG | 452506 | aRapBi1cCZPZAGLIDny3dk3hQ8vTmNTLHRl8zxmKgQ0= | 13684.4 | 39.5363 | 13971 | -0.992643 | -0.0809788 | 0 | SKS | 0 | 133.871 | 202.072 | 0.0900173 | 1 | 1 | 0 | 0 | 0
SCRIPT       : DATA_LOG | 453503 | aRapBi1cCZPZAGLIDny3dk3hQ8vTmNTLHRl8zxmKgQ0= | 13683.1 | 41.0628 | 13965.7 | -0.545322 | 0.836437 | 0 | SKS | 0 | 71.8992 | 207.43 | 0.0547428 | 1 | 1 | 0 | 0 | 0
SCRIPT       : DATA_LOG | 454505 | aRapBi1cCZPZAGLIDny3dk3hQ8vTmNTLHRl8zxmKgQ0= | 13679.8 | 41.3549 | 13963.2 | 0.86813 | -0.468517 | 0 | SKS | 0 | 80.1745 | 210.948 | 0.163834 | 1 | 1 | 0 | 0 | 0
SCRIPT       : DATA_LOG | 455507 | aRapBi1cCZPZAGLIDny3dk3hQ8vTmNTLHRl8zxmKgQ0= | 13681.3 | 40.7279 | 13966.2 | 0.778368 | -0.623202 | 0 | SKS | 0 | 89.8865 | 207.643 | 0.0759146 | 1 | 1 | 0 | 0 | 0
SCRIPT       : DATA_LOG | 456507 | aRapBi1cCZPZAGLIDny3dk3hQ8vTmNTLHRl8zxmKgQ0= | 13682.6 | 40.1793 | 13967.8 | 0.452989 | -0.563416 | 1 | SKS | 0 | 96.8877 | 205.607 | -0.690915 | 1 | 1 | 0 | 0 | 0
SCRIPT       : DATA_LOG | 457501 | aRapBi1cCZPZAGLIDny3dk3hQ8vTmNTLHRl8zxmKgQ0= | 13682.6 | 40.1793 | 13967.8 | 0.452473 | -0.561635 | 1 | SKS | 0 | 96.8215 | 205.598 | -0.6927 | 1 | 1 | 0 | 0 | 0
SCRIPT       : DATA_LOG | 458503 | aRapBi1cCZPZAGLIDny3dk3hQ8vTmNTLHRl8zxmKgQ0= | 13682.6 | 40.1793 | 13967.8 | 0.464532 | -0.546782 | 1 | SKS | 0 | 95.7084 | 205.614 | -0.696591 | 1 | 1 | 0 | 0 | 0
SCRIPT       : DATA_LOG | 459510 | aRapBi1cCZPZAGLIDny3dk3hQ8vTmNTLHRl8zxmKgQ0= | 13682.6 | 40.1793 | 13967.8 | 0.45642 | -0.557965 | 1 | SKS | 0 | 96.512 | 205.609 | -0.693077 | 1 | 1 | 0 | 0 | 0
SCRIPT       : DATA_LOG | 460506 | aRapBi1cCZPZAGLIDny3dk3hQ8vTmNTLHRl8zxmKgQ0= | 13682.6 | 40.1793 | 13967.8 | 0.454129 | -0.559869 | 1 | SKS | 0 | 96.68 | 205.6 | -0.693047 | 1 | 1 | 0 | 0 | 0
SCRIPT       : DATA_LOG | 461513 | aRapBi1cCZPZAGLIDny3dk3hQ8vTmNTLHRl8zxmKgQ0= | 13682.6 | 40.1793 | 13967.8 | 0.465039 | -0.549103 | 1 | SKS | 0 | 95.8004 | 205.617 | -0.694424 | 1 | 1 | 0 | 0 | 0
SCRIPT       : DATA_LOG | 462508 | aRapBi1cCZPZAGLIDny3dk3hQ8vTmNTLHRl8zxmKgQ0= | 13682.6 | 40.1793 | 13967.8 | 0.459158 | -0.556192 | 1 | SKS | 0 | 96.3345 | 205.589 | -0.692694 | 1 | 1 | 0 | 0 | 0
SCRIPT       : DATA_LOG | 463522 | aRapBi1cCZPZAGLIDny3dk3hQ8vTmNTLHRl8zxmKgQ0= | 13682.7 | 40.192 | 13967.7 | 0.669425 | -0.652351 | 0 | SKS | 0 | 93.9587 | 205.61 | -0.355399 | 1 | 1 | 0 | 0 | 0
SCRIPT       : DATA_LOG | 464513 | aRapBi1cCZPZAGLIDny3dk3hQ8vTmNTLHRl8zxmKgQ0= | 13683.8 | 40.6927 | 13966.7 | -0.704167 | 0.70781 | 0 | SKS | 0 | 83.2969 | 206.013 | -0.0561575 | 1 | 1 | 0 | 0 | 0
SCRIPT       : DATA_LOG | 465520 | aRapBi1cCZPZAGLIDny3dk3hQ8vTmNTLHRl8zxmKgQ0= | 13680.3 | 41.5757 | 13961.9 | -0.510477 | 0.84807 | 0 | SKS | 1 | 70.2339 | 212.169 | 0.142093 | 1 | 1 | 0 | 0 | 0
SCRIPT       : DATA_LOG | 466513 | aRapBi1cCZPZAGLIDny3dk3hQ8vTmNTLHRl8zxmKgQ0= | 13674.9 | 41.8171 | 13957.7 | -0.26937 | 0.94625 | 0 | SKS | 0 | 56.2034 | 218.785 | 0.179027 | 1 | 1 | 0 | 0 | 0
SCRIPT       : DATA_LOG | 467513 | aRapBi1cCZPZAGLIDny3dk3hQ8vTmNTLHRl8zxmKgQ0= | 13668.8 | 41.1658 | 13955.6 | -0.216718 | 0.976231 | 0 | SKS | 0 | 52.4169 | 224.155 | -0.00267248 | 1 | 1 | 0 | 0 | 0
SCRIPT       : DATA_LOG | 468515 | aRapBi1cCZPZAGLIDny3dk3hQ8vTmNTLHRl8zxmKgQ0= | 13662.6 | 40.6124 | 13953.6 | -0.315595 | 0.947253 | 0 | SKS | 0 | 59.3871 | 229.702 | 0.0557795 | 1 | 1 | 0 | 0 | 0
SCRIPT       : DATA_LOG | 469517 | aRapBi1cCZPZAGLIDny3dk3hQ8vTmNTLHRl8zxmKgQ0= | 13656.5 | 39.9597 | 13951.4 | 0.0722728 | 0.987275 | 0 | SKS | 0 | 38.6395 | 235.19 | 0.14165 | 1 | 1 | 0 | 0 | 0
SCRIPT       : DATA_LOG | 470519 | aRapBi1cCZPZAGLIDny3dk3hQ8vTmNTLHRl8zxmKgQ0= | 13653 | 38.5615 | 13951.1 | 0.308708 | 0.945897 | 0 | SKS | 0 | 25.1657 | 237.531 | 0.0998957 | 1 | 1 | 0 | 0 | 0
SCRIPT       : DATA_LOG | 471517 | aRapBi1cCZPZAGLIDny3dk3hQ8vTmNTLHRl8zxmKgQ0= | 13650.3 | 37.2691 | 13952.7 | 0.312789 | 0.949539 | 0 | SKS | 0 | 24.7668 | 238.171 | 0.0232275 | 1 | 1 | 0 | 0 | 0
SCRIPT       : DATA_LOG | 472518 | aRapBi1cCZPZAGLIDny3dk3hQ8vTmNTLHRl8zxmKgQ0= | 13648 | 36.1312 | 13952.7 | 0.270476 | 0.959261 | 0 | SKS | 0 | 28.1077 | 239.808 | 0.0816165 | 1 | 1 | 0 | 0 | 0
SCRIPT       : DATA_LOG | 473522 | aRapBi1cCZPZAGLIDny3dk3hQ8vTmNTLHRl8zxmKgQ0= | 13647 | 35.3637 | 13951.4 | -0.235802 | 0.96896 | 0 | SKS | 0 | 57.0575 | 241.388 | 0.0742545 | 1 | 1 | 0 | 0 | 0
SCRIPT       : DATA_LOG | 474523 | aRapBi1cCZPZAGLIDny3dk3hQ8vTmNTLHRl8zxmKgQ0= | 13644.9 | 32.6033 | 13951.3 | -0.148005 | 0.981343 | 0 | SKS | 0 | 52.4989 | 242.784 | 0.122723 | 1 | 1 | 0 | 0 | 0
SCRIPT       : DATA_LOG | 475523 | aRapBi1cCZPZAGLIDny3dk3hQ8vTmNTLHRl8zxmKgQ0= | 13642.2 | 30.2985 | 13951.5 | -0.0521874 | 0.997737 | 0 | SKS | 0 | 47.0454 | 244.581 | 0.0423972 | 1 | 1 | 0 | 0 | 0
SCRIPT       : DATA_LOG | 476525 | aRapBi1cCZPZAGLIDny3dk3hQ8vTmNTLHRl8zxmKgQ0= | 13638.3 | 28.1012 | 13952.1 | 0.908178 | 0.398593 | 0 | SKS | 0 | 22.529 | 246.873 | 0.127813 | 1 | 1 | 0 | 0 | 0
SCRIPT       : DATA_LOG | 477526 | aRapBi1cCZPZAGLIDny3dk3hQ8vTmNTLHRl8zxmKgQ0= | 13637 | 27.9255 | 13950.9 | 0.656988 | -0.721047 | 1 | SKS | 0 | 92.9823 | 248.454 | -0.220133 | 1 | 1 | 0 | 0 | 0
SCRIPT       : DATA_LOG | 478525 | aRapBi1cCZPZAGLIDny3dk3hQ8vTmNTLHRl8zxmKgQ0= | 13637 | 27.9255 | 13950.9 | 0.479185 | -0.567937 | 1 | SKS | 0 | 94.1765 | 248.453 | -0.669201 | 1 | 1 | 0 | 0 | 0
SCRIPT       : DATA_LOG | 479526 | aRapBi1cCZPZAGLIDny3dk3hQ8vTmNTLHRl8zxmKgQ0= | 13637 | 27.9255 | 13950.9 | 0.458762 | -0.590062 | 1 | SKS | 0 | 95.9044 | 248.453 | -0.664353 | 1 | 1 | 0 | 0 | 0
SCRIPT       : DATA_LOG | 480526 | aRapBi1cCZPZAGLIDny3dk3hQ8vTmNTLHRl8zxmKgQ0= | 13637 | 27.9255 | 13950.9 | 0.45372 | -0.596653 | 1 | SKS | 0 | 96.3774 | 248.455 | -0.661924 | 1 | 1 | 0 | 0 | 0
SCRIPT       : DATA_LOG | 481527 | aRapBi1cCZPZAGLIDny3dk3hQ8vTmNTLHRl8zxmKgQ0= | 13637 | 27.9255 | 13950.9 | 0.456 | -0.589424 | 1 | SKS | 0 | 95.9911 | 248.456 | -0.666816 | 1 | 1 | 0 | 0 | 0
SCRIPT       : DATA_LOG | 482530 | aRapBi1cCZPZAGLIDny3dk3hQ8vTmNTLHRl8zxmKgQ0= | 13637 | 27.9255 | 13950.9 | 0.451175 | -0.598905 | 1 | SKS | 0 | 96.5728 | 248.455 | -0.66163 | 1 | 1 | 0 | 0 | 0
SCRIPT       : DATA_LOG | 483530 | aRapBi1cCZPZAGLIDny3dk3hQ8vTmNTLHRl8zxmKgQ0= | 13637 | 27.9255 | 13950.9 | 0.446684 | -0.605707 | 1 | SKS | 0 | 97.0327 | 248.441 | -0.658478 | 1 | 1 | 0 | 0 | 0
SCRIPT       : DATA_LOG | 484531 | aRapBi1cCZPZAGLIDny3dk3hQ8vTmNTLHRl8zxmKgQ0= | 13637 | 27.9255 | 13950.9 | 0.45244 | -0.601608 | 1 | SKS | 0 | 96.6303 | 248.44 | -0.658305 | 1 | 1 | 0 | 0 | 0
SCRIPT       : DATA_LOG | 485537 | aRapBi1cCZPZAGLIDny3dk3hQ8vTmNTLHRl8zxmKgQ0= | 13637 | 27.9255 | 13950.9 | 0.46389 | -0.599243 | 1 | SKS | 0 | 96.0652 | 248.455 | -0.652468 | 1 | 1 | 0 | 0 | 0
SCRIPT       : DATA_LOG | 486537 | aRapBi1cCZPZAGLIDny3dk3hQ8vTmNTLHRl8zxmKgQ0= | 13637 | 27.9255 | 13950.9 | 0.670549 | -0.7413 | 0 | SKS | 0 | 93.1113 | 248.504 | 0.028955 | 1 | 1 | 0 | 0 | 0
SCRIPT       : DATA_LOG | 487535 | aRapBi1cCZPZAGLIDny3dk3hQ8vTmNTLHRl8zxmKgQ0= | 13637 | 27.9255 | 13950.9 | 0.888403 | 0.458995 | 0 | MakarovIJ70 | 0 | 17.9145 | 248.513 | 0.00801727 | 1 | 1 | 0 | 0 | 0
SCRIPT       : DATA_LOG | 488539 | aRapBi1cCZPZAGLIDny3dk3hQ8vTmNTLHRl8zxmKgQ0= | 13637.1 | 27.9594 | 13950.9 | 0.950188 | -0.30774 | 0 | MakarovIJ70 | 0 | 63.2074 | 248.381 | 0.0493774 | 1 | 1 | 0 | 0 | 0
SCRIPT       : DATA_LOG | 489539 | aRapBi1cCZPZAGLIDny3dk3hQ8vTmNTLHRl8zxmKgQ0= | 13637.1 | 27.8446 | 13951.2 | 0.412586 | -0.639276 | 1 | MakarovIJ70 | 0 | 99.7829 | 248.168 | -0.648921 | 1 | 1 | 0 | 0 | 0
SCRIPT       : DATA_LOG | 490541 | aRapBi1cCZPZAGLIDny3dk3hQ8vTmNTLHRl8zxmKgQ0= | 13637.1 | 27.8446 | 13951.2 | 0.432656 | -0.629703 | 1 | MakarovIJ70 | 0 | 98.5654 | 248.17 | -0.6452 | 1 | 1 | 0 | 0 | 0
SCRIPT       : DATA_LOG | 491540 | aRapBi1cCZPZAGLIDny3dk3hQ8vTmNTLHRl8zxmKgQ0= | 13637.1 | 27.8446 | 13951.2 | 0.422736 | -0.632518 | 1 | MakarovIJ70 | 0 | 99.0882 | 248.158 | -0.649011 | 1 | 1 | 0 | 0 | 0
SCRIPT       : DATA_LOG | 492540 | aRapBi1cCZPZAGLIDny3dk3hQ8vTmNTLHRl8zxmKgQ0= | 13637.1 | 27.8446 | 13951.2 | 0.396613 | -0.643925 | 1 | MakarovIJ70 | 0 | 100.635 | 248.166 | -0.654261 | 1 | 1 | 0 | 0 | 0
SCRIPT       : DATA_LOG | 493543 | aRapBi1cCZPZAGLIDny3dk3hQ8vTmNTLHRl8zxmKgQ0= | 13637.1 | 27.8446 | 13951.2 | 0.619277 | -0.783118 | 0 | MakarovIJ70 | 0 | 96.9168 | 248.177 | -0.0567732 | 1 | 1 | 0 | 0 | 0
SCRIPT       : DATA_LOG | 494545 | aRapBi1cCZPZAGLIDny3dk3hQ8vTmNTLHRl8zxmKgQ0= | 13637.1 | 27.1531 | 13953 | 0.308461 | 0.950488 | 0 | MakarovIJ70 | 0 | 27.2548 | 246.973 | -0.0377316 | 1 | 1 | 0 | 0 | 0
SCRIPT       : DATA_LOG | 495547 | aRapBi1cCZPZAGLIDny3dk3hQ8vTmNTLHRl8zxmKgQ0= | 13633.9 | 25.2799 | 13953.6 | 0.437004 | 0.897636 | 0 | MakarovIJ70 | 0 | 19.8609 | 248.942 | 0.0572426 | 1 | 1 | 0 | 0 | 0
SCRIPT       : DATA_LOG | 496547 | aRapBi1cCZPZAGLIDny3dk3hQ8vTmNTLHRl8zxmKgQ0= | 13631.4 | 22.7371 | 13956.7 | 0.770861 | 0.6259 | 0 | MakarovIJ70 | 0 | 6.56829 | 248.61 | 0.118418 | 1 | 1 | 0 | 0 | 0
SCRIPT       : DATA_LOG | 497549 | aRapBi1cCZPZAGLIDny3dk3hQ8vTmNTLHRl8zxmKgQ0= | 13630.6 | 20.765 | 13960.9 | 0.962148 | 0.266378 | 0 | MakarovIJ70 | 0 | 27.0175 | 246.3 | 0.0575709 | 1 | 1 | 0 | 0 | 0
SCRIPT       : DATA_LOG | 498546 | aRapBi1cCZPZAGLIDny3dk3hQ8vTmNTLHRl8zxmKgQ0= | 13630.2 | 19.3313 | 13963.9 | 0.975333 | 0.213408 | 0 | MakarovIJ70 | 0 | 29.555 | 244.604 | 0.0564202 | 1 | 1 | 0 | 0 | 0
SCRIPT       : DATA_LOG | 499548 | aRapBi1cCZPZAGLIDny3dk3hQ8vTmNTLHRl8zxmKgQ0= | 13628.1 | 17.3365 | 13966.7 | 0.992781 | 0.070705 | 1 | MakarovIJ70 | 0 | 37.9836 | 244.409 | -0.096889 | 1 | 1 | 0 | 0 | 0
SCRIPT       : DATA_LOG | 500556 | aRapBi1cCZPZAGLIDny3dk3hQ8vTmNTLHRl8zxmKgQ0= | 13628.1 | 17.3074 | 13966.8 | 0.727926 | -0.0613453 | 1 | MakarovIJ70 | 0 | 61.9119 | 244.346 | -0.682906 | 1 | 1 | 0 | 0 | 0
SCRIPT       : DATA_LOG | 501551 | aRapBi1cCZPZAGLIDny3dk3hQ8vTmNTLHRl8zxmKgQ0= | 13628.1 | 17.3074 | 13966.8 | 0.738829 | -0.0592915 | 1 | MakarovIJ70 | 0 | 61.2484 | 244.355 | -0.671279 | 1 | 1 | 0 | 0 | 0
SCRIPT       : DATA_LOG | 502549 | aRapBi1cCZPZAGLIDny3dk3hQ8vTmNTLHRl8zxmKgQ0= | 13627.9 | 16.9482 | 13967.6 | 0.939315 | 0.341322 | 0 | MakarovIJ70 | 0 | 20.9557 | 244.053 | 0.0344489 | 1 | 1 | 0 | 0 | 0
SCRIPT       : DATA_LOG | 503564 | aRapBi1cCZPZAGLIDny3dk3hQ8vTmNTLHRl8zxmKgQ0= | 13626.7 | 15.4707 | 13971.1 | 0.368518 | 0.928841 | 0 | MakarovIJ70 | 0 | 28.2392 | 242.92 | 0.0380726 | 1 | 1 | 0 | 0 | 0
SCRIPT       : DATA_LOG | 504704 | aRapBi1cCZPZAGLIDny3dk3hQ8vTmNTLHRl8zxmKgQ0= | 13624 | 14.1173 | 13973.8 | 0.915422 | 0.399602 | 0 | MakarovIJ70 | 0 | 15.6477 | 243.285 | 0.0481753 | 1 | 1 | 0 | 0 | 0
SCRIPT       : DATA_LOG | 505558 | aRapBi1cCZPZAGLIDny3dk3hQ8vTmNTLHRl8zxmKgQ0= | 13620.7 | 12.9528 | 13975.8 | 0.917607 | -0.397469 | 0 | MakarovIJ70 | 0 | 61.8903 | 244.619 | -0.0039857 | 1 | 1 | 0 | 0 | 0
SCRIPT       : DATA_LOG | 506563 | aRapBi1cCZPZAGLIDny3dk3hQ8vTmNTLHRl8zxmKgQ0= | 13616.9 | 12.6093 | 13977.2 | 0.490202 | 0.871603 | 0 | MakarovIJ70 | 0 | 23.4499 | 246.908 | -0.0032226 | 1 | 1 | 0 | 0 | 0
SCRIPT       : DATA_LOG | 507557 | aRapBi1cCZPZAGLIDny3dk3hQ8vTmNTLHRl8zxmKgQ0= | 13612.7 | 12.3471 | 13978.1 | 0.464301 | 0.885405 | 0 | MakarovIJ70 | 0 | 25.6757 | 249.721 | 0.0219741 | 1 | 1 | 0 | 0 | 0
SCRIPT       : DATA_LOG | 508567 | aRapBi1cCZPZAGLIDny3dk3hQ8vTmNTLHRl8zxmKgQ0= | 13609.2 | 12.3254 | 13980.6 | 0.983431 | 0.177427 | 0 | MakarovIJ70 | 0 | 25.6745 | 250.944 | 0.037189 | 1 | 1 | 0 | 0 | 0
SCRIPT       : DATA_LOG | 509560 | aRapBi1cCZPZAGLIDny3dk3hQ8vTmNTLHRl8zxmKgQ0= | 13606.5 | 12.3313 | 13983 | 0.99893 | 0.0424717 | 0 | MakarovIJ70 | 0 | 32.7534 | 251.761 | 0.018309 | 1 | 1 | 0 | 0 | 0
SCRIPT       : DATA_LOG | 510563 | aRapBi1cCZPZAGLIDny3dk3hQ8vTmNTLHRl8zxmKgQ0= | 13607.6 | 12.4365 | 13984.1 | -0.685775 | -0.726924 | 0 | MakarovIJ70 | 0 | 166.893 | 250.144 | 0.0359729 | 1 | 1 | 0 | 0 | 0
SCRIPT       : DATA_LOG | 511561 | aRapBi1cCZPZAGLIDny3dk3hQ8vTmNTLHRl8zxmKgQ0= | 13609.8 | 12.7345 | 13985.3 | 0.739807 | -0.672291 | 0 | MakarovIJ70 | 0 | 77.3035 | 247.61 | 0.0266566 | 1 | 1 | 0 | 0 | 0
SCRIPT       : DATA_LOG | 512563 | aRapBi1cCZPZAGLIDny3dk3hQ8vTmNTLHRl8zxmKgQ0= | 13612.8 | 12.7331 | 13987.6 | 0.951778 | -0.304844 | 0 | MakarovIJ70 | 0 | 52.7552 | 243.846 | 0.0344824 | 1 | 1 | 0 | 0 | 0
SCRIPT       : DATA_LOG | 513562 | aRapBi1cCZPZAGLIDny3dk3hQ8vTmNTLHRl8zxmKgQ0= | 13612.9 | 12.733 | 13988 | 0.357085 | -0.934048 | 0 | MakarovIJ70 | 0 | 104.085 | 243.627 | -0.00664284 | 1 | 1 | 0 | 0 | 0
SCRIPT       : DATA_LOG | 514564 | aRapBi1cCZPZAGLIDny3dk3hQ8vTmNTLHRl8zxmKgQ0= | 13612.9 | 12.733 | 13988 | 0.356494 | -0.934187 | 0 | MakarovIJ70 | 0 | 104.151 | 243.62 | -0.0143814 | 1 | 1 | 0 | 0 | 0
SCRIPT       : DATA_LOG | 515566 | aRapBi1cCZPZAGLIDny3dk3hQ8vTmNTLHRl8zxmKgQ0= | 13612.9 | 12.733 | 13988 | 0.354952 | -0.934712 | 0 | MakarovIJ70 | 0 | 104.259 | 243.627 | -0.0179589 | 1 | 1 | 0 | 0 | 0
SCRIPT       : DATA_LOG | 516567 | aRapBi1cCZPZAGLIDny3dk3hQ8vTmNTLHRl8zxmKgQ0= | 13612.9 | 12.733 | 13988 | 0.731926 | -0.649065 | 0 | MakarovIJ70 | 0 | 76.0251 | 243.676 | 0.207363 | 1 | 1 | 0 | 0 | 0
SCRIPT       : DATA_LOG | 517566 | aRapBi1cCZPZAGLIDny3dk3hQ8vTmNTLHRl8zxmKgQ0= | 13612.9 | 12.733 | 13988 | 0.353992 | -0.935164 | 0 | MakarovIJ70 | 0 | 104.296 | 243.623 | -0.0125516 | 1 | 1 | 0 | 0 | 0
SCRIPT       : DATA_LOG | 518572 | aRapBi1cCZPZAGLIDny3dk3hQ8vTmNTLHRl8zxmKgQ0= | 13612.9 | 12.733 | 13988 | 0.356048 | -0.934377 | 0 | MakarovIJ70 | 0 | 104.174 | 243.644 | -0.0130538 | 1 | 1 | 0 | 0 | 0
SCRIPT       : DATA_LOG | 519571 | aRapBi1cCZPZAGLIDny3dk3hQ8vTmNTLHRl8zxmKgQ0= | 13612.9 | 12.733 | 13988 | 0.351158 | -0.935522 | 0 | none | 0 | 104.224 | 243.59 | 0.0385516 | 1 | 1 | 0 | 0 | 0
SCRIPT       : DATA_LOG | 520569 | aRapBi1cCZPZAGLIDny3dk3hQ8vTmNTLHRl8zxmKgQ0= | 13612.9 | 12.733 | 13988 | 0.356747 | -0.934185 | 0 | none | 0 | 104.1 | 243.614 | -0.00542364 | 1 | 1 | 0 | 0 | 0
SCRIPT       : DATA_LOG | 521575 | aRapBi1cCZPZAGLIDny3dk3hQ8vTmNTLHRl8zxmKgQ0= | 13612.9 | 12.733 | 13988 | 0.356657 | -0.934157 | 0 | none | 0 | 104.133 | 243.614 | -0.0120955 | 1 | 1 | 0 | 0 | 0
SCRIPT       : DATA_LOG | 522573 | aRapBi1cCZPZAGLIDny3dk3hQ8vTmNTLHRl8zxmKgQ0= | 13612.9 | 12.733 | 13988 | 0.261598 | -0.965122 | 0 | none | 0 | 109.843 | 243.617 | -0.0102508 | 1 | 1 | 0 | 0 | 0
SCRIPT       : DATA_LOG | 523580 | aRapBi1cCZPZAGLIDny3dk3hQ8vTmNTLHRl8zxmKgQ0= | 13612.2 | 12.7334 | 13987 | 0.0208474 | -0.991612 | 0 | none | 0 | 122.885 | 244.683 | 0.127557 | 1 | 1 | 0 | 0 | 0
SCRIPT       : DATA_LOG | 524579 | aRapBi1cCZPZAGLIDny3dk3hQ8vTmNTLHRl8zxmKgQ0= | 13612 | 12.7335 | 13986.7 | 0.372159 | -0.927983 | 0 | none | 0 | 103.328 | 245.07 | -0.0185538 | 1 | 1 | 0 | 0 | 0
SCRIPT       : DATA_LOG | 525578 | aRapBi1cCZPZAGLIDny3dk3hQ8vTmNTLHRl8zxmKgQ0= | 13612 | 12.7335 | 13986.7 | 0.80304 | -0.595754 | 0 | none | 0 | 71.6931 | 245.096 | 0.0142504 | 1 | 1 | 0 | 0 | 0
SCRIPT       : DATA_LOG | 526581 | aRapBi1cCZPZAGLIDny3dk3hQ8vTmNTLHRl8zxmKgQ0= | 13612 | 12.7335 | 13986.7 | 0.776785 | -0.629643 | 0 | none | 0 | 74.2568 | 245.066 | -0.0124304 | 1 | 1 | 0 | 0 | 0
SCRIPT       : DATA_LOG | 527585 | aRapBi1cCZPZAGLIDny3dk3hQ8vTmNTLHRl8zxmKgQ0= | 13612 | 12.7335 | 13986.7 | 0.777121 | -0.629349 | 0 | none | 0 | 74.1818 | 245.072 | -0.00124868 | 1 | 1 | 0 | 0 | 0
SCRIPT       : DATA_LOG | 528579 | aRapBi1cCZPZAGLIDny3dk3hQ8vTmNTLHRl8zxmKgQ0= | 13612 | 12.7335 | 13986.7 | 0.776564 | -0.629976 | 0 | none | 0 | 74.2654 | 245.076 | -0.0087995 | 1 | 1 | 0 | 0 | 0
SCRIPT       : DATA_LOG | 529581 | aRapBi1cCZPZAGLIDny3dk3hQ8vTmNTLHRl8zxmKgQ0= | 13612 | 12.7335 | 13986.7 | 0.780069 | -0.625428 | 0 | none | 0 | 73.8212 | 245.039 | 0.0182369 | 1 | 1 | 0 | 0 | 0
SCRIPT       : DATA_LOG | 530581 | aRapBi1cCZPZAGLIDny3dk3hQ8vTmNTLHRl8zxmKgQ0= | 13612 | 12.7335 | 13986.7 | 0.775448 | -0.631167 | 0 | MakarovIJ70 | 0 | 74.2456 | 245.074 | 0.0175693 | 1 | 1 | 0 | 0 | 0
SCRIPT       : DATA_LOG | 531601 | aRapBi1cCZPZAGLIDny3dk3hQ8vTmNTLHRl8zxmKgQ0= | 13612 | 12.7335 | 13986.7 | 0.777305 | -0.629053 | 0 | MakarovIJ70 | 0 | 74.1978 | 245.075 | -0.00942028 | 1 | 1 | 0 | 0 | 0
SCRIPT       : DATA_LOG | 532647 | aRapBi1cCZPZAGLIDny3dk3hQ8vTmNTLHRl8zxmKgQ0= | 13612 | 12.7335 | 13986.7 | 0.909125 | -0.335414 | 0 | MakarovIJ70 | 0 | 55.4644 | 245.147 | 0.246961 | 1 | 1 | 0 | 0 | 0
SCRIPT       : DATA_LOG | 533651 | aRapBi1cCZPZAGLIDny3dk3hQ8vTmNTLHRl8zxmKgQ0= | 13612 | 12.7335 | 13986.7 | 0.749959 | -0.661462 | 0 | MakarovIJ70 | 0 | 76.5957 | 245.102 | -0.00543755 | 1 | 1 | 0 | 0 | 0
SCRIPT       : DATA_LOG | 534672 | aRapBi1cCZPZAGLIDny3dk3hQ8vTmNTLHRl8zxmKgQ0= | 13612 | 12.7335 | 13988.6 | 0.628253 | -0.777972 | 0 | MakarovIJ70 | 0 | 85.8282 | 243.946 | 0.00762856 | 1 | 1 | 0 | 0 | 0
SCRIPT       : DATA_LOG | 535646 | aRapBi1cCZPZAGLIDny3dk3hQ8vTmNTLHRl8zxmKgQ0= | 13611.7 | 12.7336 | 13989 | 0.279272 | -0.664492 | 1 | MakarovIJ70 | 0 | 101.418 | 243.962 | -0.69315 | 1 | 1 | 0 | 0 | 0
SCRIPT       : DATA_LOG | 536661 | aRapBi1cCZPZAGLIDny3dk3hQ8vTmNTLHRl8zxmKgQ0= | 13611.7 | 12.7336 | 13989 | 0.27134 | -0.669091 | 1 | MakarovIJ70 | 0 | 101.946 | 243.953 | -0.691875 | 1 | 1 | 0 | 0 | 0
SCRIPT       : DATA_LOG | 537649 | aRapBi1cCZPZAGLIDny3dk3hQ8vTmNTLHRl8zxmKgQ0= | 13611.7 | 12.7336 | 13989 | 0.268914 | -0.667374 | 1 | MakarovIJ70 | 0 | 102.017 | 243.963 | -0.694476 | 1 | 1 | 0 | 0 | 0
SCRIPT       : DATA_LOG | 538655 | aRapBi1cCZPZAGLIDny3dk3hQ8vTmNTLHRl8zxmKgQ0= | 13611.7 | 12.7336 | 13989 | 0.266136 | -0.668256 | 1 | MakarovIJ70 | 0 | 102.181 | 243.956 | -0.694698 | 1 | 1 | 0 | 0 | 0
SCRIPT       : DATA_LOG | 539661 | aRapBi1cCZPZAGLIDny3dk3hQ8vTmNTLHRl8zxmKgQ0= | 13611.7 | 12.7336 | 13989 | 0.262642 | -0.672621 | 1 | MakarovIJ70 | 0 | 102.481 | 243.961 | -0.691809 | 1 | 1 | 0 | 0 | 0
SCRIPT       : DATA_LOG | 540662 | aRapBi1cCZPZAGLIDny3dk3hQ8vTmNTLHRl8zxmKgQ0= | 13611.7 | 12.7336 | 13989 | 0.280567 | -0.66835 | 1 | MakarovIJ70 | 0 | 101.466 | 243.96 | -0.688905 | 1 | 1 | 0 | 0 | 0
SCRIPT       : DATA_LOG | 541656 | aRapBi1cCZPZAGLIDny3dk3hQ8vTmNTLHRl8zxmKgQ0= | 13611.7 | 12.7336 | 13989 | 0.269518 | -0.667459 | 1 | MakarovIJ70 | 0 | 101.989 | 243.945 | -0.69416 | 1 | 1 | 0 | 0 | 0
SCRIPT       : DATA_LOG | 542656 | aRapBi1cCZPZAGLIDny3dk3hQ8vTmNTLHRl8zxmKgQ0= | 13611.7 | 12.7336 | 13989 | 0.271618 | -0.668107 | 1 | MakarovIJ70 | 0 | 101.904 | 243.96 | -0.692717 | 1 | 1 | 0 | 0 | 0
SCRIPT       : DATA_LOG | 543661 | aRapBi1cCZPZAGLIDny3dk3hQ8vTmNTLHRl8zxmKgQ0= | 13611.7 | 12.7336 | 13989 | 0.266856 | -0.671204 | 1 | MakarovIJ70 | 0 | 102.231 | 243.953 | -0.691573 | 1 | 1 | 0 | 0 | 0
SCRIPT       : DATA_LOG | 544654 | aRapBi1cCZPZAGLIDny3dk3hQ8vTmNTLHRl8zxmKgQ0= | 13611.7 | 12.7336 | 13989 | 0.273396 | -0.66738 | 1 | MakarovIJ70 | 0 | 101.794 | 243.964 | -0.692718 | 1 | 1 | 0 | 0 | 0
SCRIPT       : DATA_LOG | 545654 | aRapBi1cCZPZAGLIDny3dk3hQ8vTmNTLHRl8zxmKgQ0= | 13611.7 | 12.7336 | 13989 | 0.269602 | -0.669933 | 1 | MakarovIJ70 | 0 | 102.057 | 243.962 | -0.691741 | 1 | 1 | 0 | 0 | 0
SCRIPT       : DATA_LOG | 546661 | aRapBi1cCZPZAGLIDny3dk3hQ8vTmNTLHRl8zxmKgQ0= | 13611.7 | 12.7336 | 13989 | 0.591938 | -0.805687 | 0 | MakarovIJ70 | 0 | 88.2619 | 244.026 | 0.0218376 | 1 | 1 | 0 | 0 | 0
SCRIPT       : DATA_LOG | 547658 | aRapBi1cCZPZAGLIDny3dk3hQ8vTmNTLHRl8zxmKgQ0= | 13611.7 | 12.7336 | 13989 | 0.44421 | -0.893918 | 0 | SKS | 0 | 97.9389 | 244 | 0.0598937 | 1 | 1 | 0 | 0 | 0
SCRIPT       : DATA_LOG | 548660 | aRapBi1cCZPZAGLIDny3dk3hQ8vTmNTLHRl8zxmKgQ0= | 13611.7 | 12.7336 | 13989 | 0.319347 | -0.653158 | 1 | SKS | 0 | 99.1002 | 243.954 | -0.686587 | 1 | 1 | 0 | 0 | 0
SCRIPT       : DATA_LOG | 549660 | aRapBi1cCZPZAGLIDny3dk3hQ8vTmNTLHRl8zxmKgQ0= | 13611.7 | 12.7336 | 13989 | 0.497216 | -0.857132 | 0 | SKS | 0 | 95.0461 | 243.998 | -0.134544 | 1 | 1 | 0 | 0 | 0
SCRIPT       : DATA_LOG | 550662 | aRapBi1cCZPZAGLIDny3dk3hQ8vTmNTLHRl8zxmKgQ0= | 13611.7 | 12.7336 | 13989 | 0.579336 | -0.814888 | 0 | SKS | 0 | 89.1706 | 244.021 | 0.0180857 | 1 | 1 | 0 | 0 | 0
SCRIPT       : DATA_LOG | 551662 | aRapBi1cCZPZAGLIDny3dk3hQ8vTmNTLHRl8zxmKgQ0= | 13611.7 | 12.7336 | 13989 | 0.329131 | -0.690078 | 1 | SKS | 0 | 99.6754 | 243.968 | -0.644566 | 1 | 1 | 0 | 0 | 0
SCRIPT       : DATA_LOG | 552663 | aRapBi1cCZPZAGLIDny3dk3hQ8vTmNTLHRl8zxmKgQ0= | 13611.7 | 12.7336 | 13989 | 0.394825 | -0.841118 | 1 | SKS | 0 | 100.371 | 243.964 | -0.36964 | 1 | 1 | 0 | 0 | 0
SCRIPT       : DATA_LOG | 553664 | aRapBi1cCZPZAGLIDny3dk3hQ8vTmNTLHRl8zxmKgQ0= | 13611.7 | 12.7336 | 13989 | 0.39372 | -0.862073 | 1 | SKS | 0 | 100.904 | 243.956 | -0.319083 | 1 | 1 | 0 | 0 | 0
SCRIPT       : DATA_LOG | 554668 | aRapBi1cCZPZAGLIDny3dk3hQ8vTmNTLHRl8zxmKgQ0= | 13611.7 | 12.7336 | 13989 | 0.370998 | -0.871935 | 1 | SKS | 0 | 102.325 | 243.964 | -0.319516 | 1 | 1 | 0 | 0 | 0
SCRIPT       : DATA_LOG | 555668 | aRapBi1cCZPZAGLIDny3dk3hQ8vTmNTLHRl8zxmKgQ0= | 13611.7 | 12.7336 | 13989 | 0.371518 | -0.872185 | 1 | SKS | 0 | 102.301 | 243.954 | -0.318225 | 1 | 1 | 0 | 0 | 0
SCRIPT       : DATA_LOG | 556667 | aRapBi1cCZPZAGLIDny3dk3hQ8vTmNTLHRl8zxmKgQ0= | 13611.7 | 12.7336 | 13989 | 0.294421 | -0.920881 | 0 | SKS | 0 | 107.422 | 243.967 | -0.255527 | 1 | 1 | 0 | 0 | 0
SCRIPT       : DATA_LOG | 557672 | aRapBi1cCZPZAGLIDny3dk3hQ8vTmNTLHRl8zxmKgQ0= | 13611.8 | 12.7336 | 13988.9 | 0.539129 | -0.841156 | 0 | SKS | 0 | 91.8177 | 243.854 | 0.0423892 | 1 | 1 | 0 | 0 | 0
SCRIPT       : DATA_LOG | 558679 | aRapBi1cCZPZAGLIDny3dk3hQ8vTmNTLHRl8zxmKgQ0= | 13612.7 | 12.7331 | 13987.7 | 0.598322 | -0.801047 | 0 | SKS | 0 | 88.2024 | 243.853 | 0.0182786 | 1 | 1 | 0 | 0 | 0
SCRIPT       : DATA_LOG | 559682 | aRapBi1cCZPZAGLIDny3dk3hQ8vTmNTLHRl8zxmKgQ0= | 13612.5 | 12.7332 | 13987.8 | 0.537108 | -0.83958 | 1 | SKS | 0 | 92.7152 | 243.897 | -0.0813697 | 1 | 1 | 0 | 0 | 0
SCRIPT       : DATA_LOG | 560673 | aRapBi1cCZPZAGLIDny3dk3hQ8vTmNTLHRl8zxmKgQ0= | 13612.7 | 12.7331 | 13987.7 | 0.316102 | -0.648595 | 1 | SKS | 0 | 99.4164 | 243.931 | -0.69239 | 1 | 1 | 0 | 0 | 0
SCRIPT       : DATA_LOG | 561671 | aRapBi1cCZPZAGLIDny3dk3hQ8vTmNTLHRl8zxmKgQ0= | 13612.7 | 12.7331 | 13987.7 | 0.324911 | -0.640726 | 1 | SKS | 0 | 98.752 | 243.95 | -0.695631 | 1 | 1 | 0 | 0 | 0
SCRIPT       : DATA_LOG | 562674 | aRapBi1cCZPZAGLIDny3dk3hQ8vTmNTLHRl8zxmKgQ0= | 13612.7 | 12.7331 | 13987.7 | 0.324714 | -0.642736 | 1 | SKS | 0 | 98.8195 | 243.933 | -0.693867 | 1 | 1 | 0 | 0 | 0
SCRIPT       : DATA_LOG | 563680 | aRapBi1cCZPZAGLIDny3dk3hQ8vTmNTLHRl8zxmKgQ0= | 13613.5 | 12.7327 | 13986.5 | 0.487287 | -0.873108 | 0 | SKS | 0 | 96.1361 | 243.813 | 0.0152943 | 1 | 1 | 0 | 0 | 0
SCRIPT       : DATA_LOG | 564679 | aRapBi1cCZPZAGLIDny3dk3hQ8vTmNTLHRl8zxmKgQ0= | 13613.4 | 12.7328 | 13986.8 | 0.540216 | -0.838852 | 0 | SKS | 0 | 92.2187 | 243.789 | 0.0670367 | 1 | 1 | 0 | 0 | 0
SCRIPT       : DATA_LOG | 565677 | aRapBi1cCZPZAGLIDny3dk3hQ8vTmNTLHRl8zxmKgQ0= | 13614.2 | 12.7324 | 13985.6 | 0.577234 | -0.816579 | 0 | SKS | 0 | 90.4063 | 243.858 | -3.2071e-05 | 1 | 1 | 0 | 0 | 0
SCRIPT       : DATA_LOG | 566683 | aRapBi1cCZPZAGLIDny3dk3hQ8vTmNTLHRl8zxmKgQ0= | 13614 | 12.7325 | 13988.6 | 0.961167 | 0.275666 | 0 | SKS | 0 | 19.304 | 242.305 | 0.0129133 | 1 | 1 | 0 | 0 | 0
SCRIPT       : DATA_LOG | 567688 | aRapBi1cCZPZAGLIDny3dk3hQ8vTmNTLHRl8zxmKgQ0= | 13613.5 | 12.7327 | 13990 | 0.965192 | 0.259866 | 0 | SKS | 0 | 19.7407 | 242.059 | 0.0295573 | 1 | 1 | 0 | 0 | 0
SCRIPT       : DATA_LOG | 568678 | aRapBi1cCZPZAGLIDny3dk3hQ8vTmNTLHRl8zxmKgQ0= | 13613.6 | 12.7327 | 13989.4 | 0.985742 | 0.167201 | 0 | SKS | 0 | 25.7122 | 242.248 | -0.0188565 | 1 | 1 | 0 | 0 | 0
SCRIPT       : DATA_LOG | 569685 | aRapBi1cCZPZAGLIDny3dk3hQ8vTmNTLHRl8zxmKgQ0= | 13613.4 | 12.7327 | 13991.9 | 0.965917 | -0.248547 | 0 | SKS | 0 | 48.5932 | 240.918 | 0.0723127 | 1 | 1 | 0 | 0 | 0
SCRIPT       : DATA_LOG | 570683 | aRapBi1cCZPZAGLIDny3dk3hQ8vTmNTLHRl8zxmKgQ0= | 13617 | 12.5093 | 13996.1 | 0.991534 | 0.0623184 | 0 | SKS | 0 | 32.1713 | 235.467 | -0.113914 | 1 | 1 | 0 | 0 | 0
SCRIPT       : DATA_LOG | 571685 | aRapBi1cCZPZAGLIDny3dk3hQ8vTmNTLHRl8zxmKgQ0= | 13619 | 12.5976 | 14002.4 | 0.976106 | -0.197558 | 0 | SKS | 0 | 44.1587 | 230.304 | 0.0904893 | 1 | 1 | 0 | 0 | 0
SCRIPT       : DATA_LOG | 572693 | aRapBi1cCZPZAGLIDny3dk3hQ8vTmNTLHRl8zxmKgQ0= | 13621.2 | 12.7684 | 14008.7 | 0.979016 | -0.1785 | 0 | SKS | 0 | 41.9937 | 225.07 | 0.0983152 | 1 | 1 | 0 | 0 | 0
SCRIPT       : DATA_LOG | 573684 | aRapBi1cCZPZAGLIDny3dk3hQ8vTmNTLHRl8zxmKgQ0= | 13617.5 | 12.998 | 14012.7 | 0.107507 | 0.990983 | 0 | SKS | 0 | 53.1322 | 226.807 | 0.0799641 | 1 | 1 | 0 | 0 | 0
SCRIPT       : DATA_LOG | 574683 | aRapBi1cCZPZAGLIDny3dk3hQ8vTmNTLHRl8zxmKgQ0= | 13612.1 | 13.1434 | 14013.9 | 0.503737 | 0.861226 | 0 | SKS | 0 | 30.0746 | 230.684 | 0.0673781 | 1 | 1 | 0 | 0 | 0
SCRIPT       : DATA_LOG | 575691 | aRapBi1cCZPZAGLIDny3dk3hQ8vTmNTLHRl8zxmKgQ0= | 13605.5 | 13.2568 | 14018 | 0.511243 | 0.859169 | 0 | SKS | 0 | 31.8331 | 234.504 | -0.0214391 | 1 | 1 | 0 | 0 | 0
SCRIPT       : DATA_LOG | 576691 | aRapBi1cCZPZAGLIDny3dk3hQ8vTmNTLHRl8zxmKgQ0= | 13599.8 | 13.2214 | 14021.4 | 0.34197 | 0.938048 | 0 | SKS | 0 | 44.0865 | 238.059 | -0.0558722 | 1 | 1 | 0 | 0 | 0
SCRIPT       : DATA_LOG | 577694 | aRapBi1cCZPZAGLIDny3dk3hQ8vTmNTLHRl8zxmKgQ0= | 13594.2 | 13.5854 | 14023.7 | 0.163569 | 0.986518 | 0 | SKS | 0 | 55.2446 | 241.783 | -0.00522919 | 1 | 1 | 0 | 0 | 0
SCRIPT       : DATA_LOG | 578687 | aRapBi1cCZPZAGLIDny3dk3hQ8vTmNTLHRl8zxmKgQ0= | 13593.9 | 13.8727 | 14024 | -0.129523 | 0.991563 | 0 | SKS | 0 | 72.1565 | 241.979 | -0.00514819 | 1 | 1 | 0 | 0 | 0
SCRIPT       : DATA_LOG | 579694 | aRapBi1cCZPZAGLIDny3dk3hQ8vTmNTLHRl8zxmKgQ0= | 13590.6 | 13.8418 | 14023.8 | 0.791399 | -0.585845 | 0 | SKS | 0 | 61.324 | 244.971 | 0.174563 | 1 | 1 | 0 | 0 | 0
SCRIPT       : DATA_LOG | 580701 | aRapBi1cCZPZAGLIDny3dk3hQ8vTmNTLHRl8zxmKgQ0= | 13589.8 | 13.8424 | 14024.1 | 0.978214 | 0.207369 | 0 | SKS | 0 | 13.6776 | 245.481 | -0.00978266 | 1 | 1 | 0 | 0 | 0
SCRIPT       : DATA_LOG | 581703 | aRapBi1cCZPZAGLIDny3dk3hQ8vTmNTLHRl8zxmKgQ0= | 13587 | 13.8444 | 14025.4 | 0.263772 | -0.963431 | 0 | SKS | 0 | 98.8727 | 247.408 | 0.0471697 | 1 | 1 | 0 | 0 | 0
SCRIPT       : DATA_LOG | 582695 | aRapBi1cCZPZAGLIDny3dk3hQ8vTmNTLHRl8zxmKgQ0= | 13586.4 | 13.8448 | 14025.9 | 0.323763 | -0.946032 | 0 | SKS | 0 | 95.2642 | 247.768 | 0.0141844 | 1 | 1 | 0 | 0 | 0
SCRIPT       : DATA_LOG | 583695 | aRapBi1cCZPZAGLIDny3dk3hQ8vTmNTLHRl8zxmKgQ0= | 13587.4 | 13.8442 | 14025.4 | 0.204618 | -0.682784 | 1 | SKS | 0 | 98.2243 | 247.165 | -0.701382 | 1 | 1 | 0 | 0 | 0
SCRIPT       : DATA_LOG | 584695 | aRapBi1cCZPZAGLIDny3dk3hQ8vTmNTLHRl8zxmKgQ0= | 13587.4 | 13.8442 | 14025.4 | 0.191786 | -0.685449 | 1 | SKS | 0 | 98.9664 | 247.163 | -0.702408 | 1 | 1 | 0 | 0 | 0
SCRIPT       : DATA_LOG | 585703 | aRapBi1cCZPZAGLIDny3dk3hQ8vTmNTLHRl8zxmKgQ0= | 13587.4 | 13.8442 | 14025.4 | 0.190401 | -0.687365 | 1 | SKS | 0 | 99.0809 | 247.171 | -0.700911 | 1 | 1 | 0 | 0 | 0
SCRIPT       : DATA_LOG | 586705 | aRapBi1cCZPZAGLIDny3dk3hQ8vTmNTLHRl8zxmKgQ0= | 13587.4 | 13.8442 | 14025.4 | 0.179736 | -0.690461 | 1 | SKS | 0 | 99.7167 | 247.159 | -0.700684 | 1 | 1 | 0 | 0 | 0
SCRIPT       : DATA_LOG | 587700 | aRapBi1cCZPZAGLIDny3dk3hQ8vTmNTLHRl8zxmKgQ0= | 13587.4 | 13.8442 | 14025.4 | 0.385853 | -0.908554 | 0 | SKS | 0 | 92.0278 | 247.197 | -0.160146 | 1 | 1 | 0 | 0 | 0
SCRIPT       : DATA_LOG | 588708 | aRapBi1cCZPZAGLIDny3dk3hQ8vTmNTLHRl8zxmKgQ0= | 13587.9 | 13.8437 | 14026.3 | -0.998236 | -0.00183029 | 0 | SKS | 0 | 154.729 | 246.455 | 0.0593411 | 1 | 1 | 0 | 0 | 0
SCRIPT       : DATA_LOG | 589700 | aRapBi1cCZPZAGLIDny3dk3hQ8vTmNTLHRl8zxmKgQ0= | 13587.8 | 13.8438 | 14026.4 | -0.831503 | -0.428022 | 1 | SKS | 0 | 162.845 | 246.515 | -0.35412 | 1 | 1 | 0 | 0 | 0
SCRIPT       : DATA_LOG | 590701 | aRapBi1cCZPZAGLIDny3dk3hQ8vTmNTLHRl8zxmKgQ0= | 13587.9 | 13.8437 | 14026.3 | -0.733837 | -0.675158 | 0 | SKS | 0 | 161.739 | 246.42 | -0.0751312 | 1 | 1 | 0 | 0 | 0
SCRIPT       : DATA_LOG | 591703 | aRapBi1cCZPZAGLIDny3dk3hQ8vTmNTLHRl8zxmKgQ0= | 13588.1 | 13.8436 | 14025.9 | -0.900633 | -0.396441 | 1 | SKS | 0 | 173.538 | 246.324 | -0.178029 | 1 | 1 | 0 | 0 | 0
SCRIPT       : DATA_LOG | 592712 | aRapBi1cCZPZAGLIDny3dk3hQ8vTmNTLHRl8zxmKgQ0= | 13588 | 13.8437 | 14026.6 | -0.944364 | -0.313764 | 1 | SKS | 0 | 173.852 | 246.174 | -0.0986318 | 1 | 1 | 0 | 0 | 0
SCRIPT       : DATA_LOG | 593709 | aRapBi1cCZPZAGLIDny3dk3hQ8vTmNTLHRl8zxmKgQ0= | 13588.8 | 13.8431 | 14026.4 | -0.921939 | -0.226791 | 1 | SKS | 0 | 162.232 | 245.648 | -0.313997 | 1 | 1 | 0 | 0 | 0
SCRIPT       : DATA_LOG | 594705 | aRapBi1cCZPZAGLIDny3dk3hQ8vTmNTLHRl8zxmKgQ0= | 13590.1 | 13.8422 | 14024.9 | -0.912618 | -0.408165 | 0 | SKS | 0 | 177.36 | 245.062 | -0.0230169 | 1 | 1 | 0 | 0 | 0
SCRIPT       : DATA_LOG | 595707 | aRapBi1cCZPZAGLIDny3dk3hQ8vTmNTLHRl8zxmKgQ0= | 13591.1 | 13.8414 | 14022.2 | -0.882582 | 0.469143 | 0 | SKS | 0 | 126.259 | 245.189 | 0.0308662 | 1 | 1 | 0 | 0 | 0
SCRIPT       : DATA_LOG | 596718 | aRapBi1cCZPZAGLIDny3dk3hQ8vTmNTLHRl8zxmKgQ0= | 13590.9 | 13.8416 | 14020.7 | 0.977265 | -0.173974 | 1 | SKS | 0 | 35.7812 | 245.987 | 0.12119 | 1 | 1 | 0 | 0 | 0
SCRIPT       : DATA_LOG | 597709 | aRapBi1cCZPZAGLIDny3dk3hQ8vTmNTLHRl8zxmKgQ0= | 13590.9 | 13.8416 | 14021.3 | 0.338222 | -0.940189 | 1 | SKS | 0 | 95.9908 | 245.772 | -0.0406195 | 1 | 1 | 0 | 0 | 0
SCRIPT       : DATA_LOG | 598720 | aRapBi1cCZPZAGLIDny3dk3hQ8vTmNTLHRl8zxmKgQ0= | 13591 | 13.8415 | 14021.9 | -0.67033 | -0.723072 | 1 | SKS | 0 | 154.622 | 245.285 | 0.166805 | 1 | 1 | 0 | 0 | 0
SCRIPT       : DATA_LOG | 599713 | aRapBi1cCZPZAGLIDny3dk3hQ8vTmNTLHRl8zxmKgQ0= | 13590.8 | 13.8417 | 14023.2 | -0.86563 | -0.394348 | 1 | SKS | 0 | 165.862 | 245.147 | -0.308504 | 1 | 1 | 0 | 0 | 0
SCRIPT       : DATA_LOG | 600725 | aRapBi1cCZPZAGLIDny3dk3hQ8vTmNTLHRl8zxmKgQ0= | 13589.7 | 13.8425 | 14025 | -0.888749 | -0.457862 | 0 | SKS | 0 | 174.32 | 245.224 | 0.0220745 | 1 | 1 | 0 | 0 | 0
SCRIPT       : DATA_LOG | 601719 | aRapBi1cCZPZAGLIDny3dk3hQ8vTmNTLHRl8zxmKgQ0= | 13587.3 | 13.8442 | 14024.2 | -0.62458 | 0.778646 | 0 | SKS | 0 | 104.236 | 247.847 | -0.0600861 | 1 | 1 | 0 | 0 | 0
SCRIPT       : DATA_LOG | 602718 | aRapBi1cCZPZAGLIDny3dk3hQ8vTmNTLHRl8zxmKgQ0= | 13586 | 13.8451 | 14022.8 | -0.997365 | 0.0720272 | 0 | SKS | 0 | 150.707 | 249.592 | 0.00863217 | 1 | 1 | 0 | 0 | 0
SCRIPT       : DATA_LOG | 603715 | aRapBi1cCZPZAGLIDny3dk3hQ8vTmNTLHRl8zxmKgQ0= | 13586 | 13.8451 | 14021.3 | -0.0761035 | -0.997035 | 0 | SKS | 0 | 119.406 | 250.16 | 0.0113862 | 1 | 1 | 0 | 0 | 0
SCRIPT       : DATA_LOG | 604719 | aRapBi1cCZPZAGLIDny3dk3hQ8vTmNTLHRl8zxmKgQ0= | 13585.1 | 13.8457 | 14020.7 | 0.985514 | -0.160643 | 0 | SKS | 0 | 34.3837 | 251.167 | 0.0543689 | 1 | 1 | 0 | 0 | 0
SCRIPT       : DATA_LOG | 605716 | aRapBi1cCZPZAGLIDny3dk3hQ8vTmNTLHRl8zxmKgQ0= | 13585.1 | 13.8457 | 14020.7 | 0.915666 | -0.396477 | 0 | SKS | 0 | 48.4847 | 251.183 | 0.0660502 | 1 | 1 | 0 | 0 | 0
SCRIPT       : DATA_LOG | 606719 | aRapBi1cCZPZAGLIDny3dk3hQ8vTmNTLHRl8zxmKgQ0= | 13585.1 | 13.8457 | 14020.7 | 0.991999 | -0.100119 | 0 | SKS | 0 | 30.8797 | 251.166 | 0.0769077 | 1 | 1 | 0 | 0 | 0
SCRIPT       : DATA_LOG | 607721 | aRapBi1cCZPZAGLIDny3dk3hQ8vTmNTLHRl8zxmKgQ0= | 13585.1 | 13.8457 | 14020.7 | 0.991491 | -0.0938479 | 0 | SKS | 0 | 30.5365 | 251.179 | 0.0902152 | 1 | 1 | 0 | 0 | 0
SCRIPT       : DATA_LOG | 608734 | aRapBi1cCZPZAGLIDny3dk3hQ8vTmNTLHRl8zxmKgQ0= | 13585.1 | 13.8457 | 14020.7 | 0.678236 | -0.732669 | 0 | SKS | 0 | 72.2519 | 251.189 | 0.0564895 | 1 | 1 | 0 | 0 | 0
SCRIPT       : [wpnfsm] Save occured in fsm transition! current state=LoopedChambering<0x00000142F49175C0> closes stable state=SKS_CLO_BU1<0x00000142F4ADE4F0> id=2
SCRIPT       : DATA_LOG | 609723 | aRapBi1cCZPZAGLIDny3dk3hQ8vTmNTLHRl8zxmKgQ0= | 13585.1 | 13.8457 | 14020.7 | 0.717519 | -0.694886 | 0 | SKS | 0 | 69.1526 | 251.168 | 0.0479575 | 1 | 1 | 0 | 0 | 0
SCRIPT       : DATA_LOG | 610731 | aRapBi1cCZPZAGLIDny3dk3hQ8vTmNTLHRl8zxmKgQ0= | 13585.5 | 13.8454 | 14020.4 | 0.821571 | -0.570081 | 0 | SKS | 0 | 60.1071 | 250.968 | 0.00545021 | 1 | 1 | 0 | 0 | 0
SCRIPT       : DATA_LOG | 611724 | aRapBi1cCZPZAGLIDny3dk3hQ8vTmNTLHRl8zxmKgQ0= | 13587.6 | 15.2921 | 14021.4 | 0.430356 | -0.902058 | 0 | SKS | 0 | 89.6832 | 248.517 | 0.0329442 | 1 | 1 | 0 | 0 | 0
SCRIPT       : DATA_LOG | 612724 | aRapBi1cCZPZAGLIDny3dk3hQ8vTmNTLHRl8zxmKgQ0= | 13588.4 | 16.034 | 14021.4 | 0.197468 | -0.689103 | 1 | SKS | 0 | 99.0421 | 247.76 | -0.69724 | 1 | 1 | 0 | 0 | 0
SCRIPT       : DATA_LOG | 613736 | aRapBi1cCZPZAGLIDny3dk3hQ8vTmNTLHRl8zxmKgQ0= | 13588.4 | 16.034 | 14021.4 | 0.205272 | -0.684833 | 1 | SKS | 0 | 98.5342 | 247.769 | -0.69919 | 1 | 1 | 0 | 0 | 0
SCRIPT       : DATA_LOG | 614728 | aRapBi1cCZPZAGLIDny3dk3hQ8vTmNTLHRl8zxmKgQ0= | 13588.4 | 16.034 | 14021.4 | 0.194452 | -0.692245 | 1 | SKS | 0 | 99.271 | 247.769 | -0.694971 | 1 | 1 | 0 | 0 | 0
SCRIPT       : DATA_LOG | 615728 | aRapBi1cCZPZAGLIDny3dk3hQ8vTmNTLHRl8zxmKgQ0= | 13588.4 | 16.034 | 14021.4 | 0.195851 | -0.68982 | 1 | SKS | 0 | 99.1439 | 247.766 | -0.696987 | 1 | 1 | 0 | 0 | 0
SCRIPT       : DATA_LOG | 616734 | aRapBi1cCZPZAGLIDny3dk3hQ8vTmNTLHRl8zxmKgQ0= | 13588.4 | 16.034 | 14021.4 | 0.208503 | -0.685686 | 1 | SKS | 0 | 98.381 | 247.777 | -0.697397 | 1 | 1 | 0 | 0 | 0
SCRIPT       : DATA_LOG | 617731 | aRapBi1cCZPZAGLIDny3dk3hQ8vTmNTLHRl8zxmKgQ0= | 13588.4 | 16.034 | 14021.4 | 0.199618 | -0.691331 | 1 | SKS | 0 | 98.975 | 247.766 | -0.694417 | 1 | 1 | 0 | 0 | 0
SCRIPT       : DATA_LOG | 618741 | aRapBi1cCZPZAGLIDny3dk3hQ8vTmNTLHRl8zxmKgQ0= | 13588.4 | 16.034 | 14021.4 | 0.191823 | -0.690599 | 1 | SKS | 0 | 99.3755 | 247.771 | -0.697335 | 1 | 1 | 0 | 0 | 0
SCRIPT       : DATA_LOG | 619731 | aRapBi1cCZPZAGLIDny3dk3hQ8vTmNTLHRl8zxmKgQ0= | 13588.4 | 16.034 | 14021.4 | 0.20072 | -0.74283 | 0 | SKS | 0 | 100.011 | 247.759 | -0.638682 | 1 | 1 | 0 | 0 | 0
SCRIPT       : DATA_LOG | 620741 | aRapBi1cCZPZAGLIDny3dk3hQ8vTmNTLHRl8zxmKgQ0= | 13587.5 | 15.1402 | 14020.9 | 0.545346 | -0.837747 | 0 | SKS | 0 | 82.2466 | 248.814 | 0.0278775 | 1 | 1 | 0 | 0 | 0
SCRIPT       : DATA_LOG | 621734 | aRapBi1cCZPZAGLIDny3dk3hQ8vTmNTLHRl8zxmKgQ0= | 13589.9 | 16.9851 | 14021.1 | 0.905805 | -0.420789 | 0 | SKS | 0 | 50.811 | 246.459 | -0.0495391 | 1 | 1 | 0 | 0 | 0
SCRIPT       : DATA_LOG | 622741 | aRapBi1cCZPZAGLIDny3dk3hQ8vTmNTLHRl8zxmKgQ0= | 13589.6 | 16.9853 | 14021.2 | 0.988875 | -0.143318 | 0 | SKS | 0 | 34.1549 | 246.638 | -0.0398138 | 1 | 1 | 0 | 0 | 0
SCRIPT       : DATA_LOG | 623738 | aRapBi1cCZPZAGLIDny3dk3hQ8vTmNTLHRl8zxmKgQ0= | 13589.5 | 16.9853 | 14021.3 | 0.518085 | -0.852859 | 0 | SKS | 0 | 84.0473 | 246.742 | 0.0649541 | 1 | 1 | 0 | 0 | 0
SCRIPT       : DATA_LOG | 624742 | aRapBi1cCZPZAGLIDny3dk3hQ8vTmNTLHRl8zxmKgQ0= | 13589.5 | 16.9853 | 14021.3 | 0.203225 | -0.978547 | 0 | SKS | 0 | 103.648 | 246.752 | 0.0338566 | 1 | 1 | 0 | 0 | 0
SCRIPT       : DATA_LOG | 625744 | aRapBi1cCZPZAGLIDny3dk3hQ8vTmNTLHRl8zxmKgQ0= | 13589.5 | 16.9853 | 14021.3 | 0.1986 | -0.979484 | 0 | SKS | 0 | 103.916 | 246.754 | 0.0341949 | 1 | 1 | 0 | 0 | 0
 SCRIPT       : [Logout]: New player aRapBi1cCZPZAGLIDny3dk3hQ8vTmNTLHRl8zxmKgQ0= with logout time 15
 SCRIPT       : Player "rafaelglima79" (steamid=76561199445097358) initiated disconnect process...
SCRIPT       : DATA_LOG | 626749 | aRapBi1cCZPZAGLIDny3dk3hQ8vTmNTLHRl8zxmKgQ0= | 13589.5 | 16.9853 | 14021.3 | 0.214323 | -0.97328 | 0 | SKS | 0 | 102.789 | 246.585 | 0.0824107 | 1 | 1 | 0 | 0 | 0
SCRIPT       : DATA_LOG | 627747 | aRapBi1cCZPZAGLIDny3dk3hQ8vTmNTLHRl8zxmKgQ0= | 13589.4 | 16.9834 | 14021.3 | 0.292154 | -0.952573 | 0 | SKS | 0 | 98.7346 | 246.538 | -0.0851551 | 1 | 1 | 0 | 0 | 0
SCRIPT       : DATA_LOG | 628740 | aRapBi1cCZPZAGLIDny3dk3hQ8vTmNTLHRl8zxmKgQ0= | 13589.3 | 16.9303 | 14021.2 | 0.100649 | -0.992692 | 0 | SKS | 0 | 109.882 | 247.225 | -0.0665729 | 1 | 1 | 0 | 0 | 0
SCRIPT       : DATA_LOG | 629741 | aRapBi1cCZPZAGLIDny3dk3hQ8vTmNTLHRl8zxmKgQ0= | 13589.3 | 16.9196 | 14021.2 | 0.147721 | -0.987694 | 0 | SKS | 0 | 106.771 | 247.169 | 0.0513689 | 1 | 1 | 0 | 0 | 0
 SCRIPT       : Player "rafaelglima79" (steamid=76561199445097358) disconnected early from server (EXIT NOW).
SCRIPT       : DATA_LOG | 630742 | aRapBi1cCZPZAGLIDny3dk3hQ8vTmNTLHRl8zxmKgQ0= | 13589.3 | 16.9196 | 14021.2 | 0.147831 | -0.987681 | 0 | SKS | 0 | 106.767 | 247.176 | 0.0513039 | 1 | 1 | 0 | 0 | 0
SCRIPT       : [Logout]: Player aRapBi1cCZPZAGLIDny3dk3hQ8vTmNTLHRl8zxmKgQ0= finished
SCRIPT       : [PlayerListManager] SyncEntryToReceivers ► uid: aRapBi1cCZPZAGLIDny3dk3hQ8vTmNTLHRl8zxmKgQ0= isn't in the players list! sending a remove.
SCRIPT       : PlayerDisconnected -> PlayerListManager.RemoveEntry ► aRapBi1cCZPZAGLIDny3dk3hQ8vTmNTLHRl8zxmKgQ0=
 SCRIPT       : [MissionServer] OnMissionFinish - Server
 SCRIPT       : ~DayZGame()
