---------------------------------------------
Log D:\ModelAnti-Cheat\log_profiles\script_2026-08-23_22-27-44.log started at 23.08. 22:27:46

SCRIPT       : Module: GameLib; loaded 18x files; 26x classes; used 39/2097 kB (1%) of static memory; defines: "DAYZ_1_29,SERVER_FOR_WINDOWS,SERVER,PLATFORM_WINDOWS,RELEASE,NO_GUI,NO_GUI_INGAME,sakhal,JM_CommunityFramework,CF_MODULE_CONFIG,CF_EXPRESSION,C
SCRIPT       : Registered 349 temporary action enum(s), UAN==349
SCRIPT       : Module: Game; loaded 521x files; 1604x classes; used 4275/33554 kB (12%) of static memory; defines: "DAYZ_1_29,SERVER_FOR_WINDOWS,SERVER,PLATFORM_WINDOWS,RELEASE,NO_GUI,NO_GUI_INGAME,sakhal,JM_CommunityFramework,CF_MODULE_CONFIG,CF_EXPRESSI
SCRIPT       : ... Backlit Effects Enabled
SCRIPT       : VPPNotificationManager()
SCRIPT       : [VPPAT] Internal VPPNotifications module loaded!
SCRIPT       : [DayZ Game]:: DayZGame(): Initializing V++ Admin Tools.
SCRIPT       : Module: World; loaded 2247x files; 5867x classes; used 9519/33554 kB (28%) of static memory; defines: "DAYZ_1_29,SERVER_FOR_WINDOWS,SERVER,PLATFORM_WINDOWS,RELEASE,NO_GUI,NO_GUI_INGAME,sakhal,JM_CommunityFramework,CF_MODULE_CONFIG,CF_EXPRES
 SCRIPT       : Module: Mission; loaded 293x files; 593x classes; used 3996/33554 kB (11%) of static memory; defines: "DAYZ_1_29,SERVER_FOR_WINDOWS,SERVER,PLATFORM_WINDOWS,RELEASE,NO_GUI,NO_GUI_INGAME,sakhal,JM_CommunityFramework,CF_MODULE_CONFIG,CF_EXPRE
 SCRIPT    (W): @"$CurrentDir:mpmissions\dayzOffline.chernarusplus\init.c,51": Possible variable name conflict 'm_player'
 SCRIPT       : Module: $CurrentDir:mpmissions\dayzOffline.chernarusplus\init.c; loaded 1x files; 1x classes; used 11/1048 kB (1%) of static memory; defines: "DAYZ_1_29,SERVER_FOR_WINDOWS,SERVER,PLATFORM_WINDOWS,RELEASE,NO_GUI,NO_GUI_INGAME,sakhal,JM_Comm
 SCRIPT       : [SERVER :: Vanilla++ AdminTools Plugins Registering]
 SCRIPT       : [MissionServer] OnInit - Server
 SCRIPT       : [MissionServer] OnMissionStart - Server
 SCRIPT       : string dirtyName = 'TESTINGSERVER'
SCRIPT       : m_LoginTimeMs: 16200
 SCRIPT       : ---- PlayerBase OnStoreLoad SUCCESS ----
 SCRIPT       : [VPPAT] Player "rafaelglima79" (steamId=76561199445097358) connected to server!
 SCRIPT       : [PlayerListManager] AddReceiver ► added: PlayerIdentity<0x0000023CD46D96A0>
SCRIPT       : [DUMMY_DEBUG] SUCESSO: Dummy criado na posicao: <13654.095703, 14.829703, 14163.807617>
SCRIPT       : DATA_LOG | 447984 | aRapBi1cCZPZAGLIDny3dk3hQ8vTmNTLHRl8zxmKgQ0= | 13654.6 | 14.88 | 14160.8 | -0.154363 | 0.988014 | 0 | CZ527 | 1 | 0.961034 | 3.00022
SCRIPT       : DATA_LOG | 448731 | aRapBi1cCZPZAGLIDny3dk3hQ8vTmNTLHRl8zxmKgQ0= | 13654.6 | 14.88 | 14160.8 | -0.154363 | 0.988014 | 0 | CZ527 | 1 | 0.47929 | 2.9999
SCRIPT       : DATA_LOG | 449724 | aRapBi1cCZPZAGLIDny3dk3hQ8vTmNTLHRl8zxmKgQ0= | 13654.6 | 14.88 | 14160.8 | -0.154363 | 0.988014 | 0 | CZ527 | 1 | 0.47929 | 2.9999
SCRIPT       : DATA_LOG | 450727 | aRapBi1cCZPZAGLIDny3dk3hQ8vTmNTLHRl8zxmKgQ0= | 13654.6 | 14.88 | 14160.8 | -0.154363 | 0.988014 | 0 | CZ527 | 1 | 0.47929 | 2.9999
SCRIPT       : DATA_LOG | 451725 | aRapBi1cCZPZAGLIDny3dk3hQ8vTmNTLHRl8zxmKgQ0= | 13654.6 | 14.88 | 14160.8 | -0.154363 | 0.988014 | 0 | CZ527 | 1 | 0.47929 | 2.9999
SCRIPT       : DATA_LOG | 452725 | aRapBi1cCZPZAGLIDny3dk3hQ8vTmNTLHRl8zxmKgQ0= | 13654.6 | 14.88 | 14160.8 | -0.154363 | 0.988014 | 0 | CZ527 | 1 | 0.47929 | 2.9999
SCRIPT       : DATA_LOG | 453732 | aRapBi1cCZPZAGLIDny3dk3hQ8vTmNTLHRl8zxmKgQ0= | 13654.6 | 14.88 | 14160.8 | -0.154363 | 0.988014 | 0 | CZ527 | 1 | 0.47929 | 2.9999
SCRIPT       : DATA_LOG | 454742 | aRapBi1cCZPZAGLIDny3dk3hQ8vTmNTLHRl8zxmKgQ0= | 13654.6 | 14.88 | 14160.8 | -0.154363 | 0.988014 | 0 | CZ527 | 1 | 0.47929 | 2.9999
SCRIPT       : DATA_LOG | 455730 | aRapBi1cCZPZAGLIDny3dk3hQ8vTmNTLHRl8zxmKgQ0= | 13654.6 | 14.88 | 14160.8 | -0.154363 | 0.988014 | 0 | CZ527 | 1 | 0.47929 | 2.9999
SCRIPT       : DATA_LOG | 456739 | aRapBi1cCZPZAGLIDny3dk3hQ8vTmNTLHRl8zxmKgQ0= | 13654.6 | 14.88 | 14160.8 | -0.154363 | 0.988014 | 0 | CZ527 | 1 | 0.47929 | 2.9999
SCRIPT       : DATA_LOG | 457739 | aRapBi1cCZPZAGLIDny3dk3hQ8vTmNTLHRl8zxmKgQ0= | 13654.6 | 14.88 | 14160.8 | -0.154363 | 0.988014 | 0 | CZ527 | 1 | 0.47929 | 2.9999
SCRIPT       : DATA_LOG | 458743 | aRapBi1cCZPZAGLIDny3dk3hQ8vTmNTLHRl8zxmKgQ0= | 13654.6 | 14.88 | 14160.8 | -0.154363 | 0.988014 | 0 | CZ527 | 1 | 0.47929 | 2.9999
SCRIPT       : DATA_LOG | 459737 | aRapBi1cCZPZAGLIDny3dk3hQ8vTmNTLHRl8zxmKgQ0= | 13654.6 | 14.88 | 14160.8 | -0.154363 | 0.988014 | 0 | CZ527 | 1 | 0.47929 | 2.9999
SCRIPT       : DATA_LOG | 460739 | aRapBi1cCZPZAGLIDny3dk3hQ8vTmNTLHRl8zxmKgQ0= | 13654.6 | 14.88 | 14160.8 | -0.154363 | 0.988014 | 0 | CZ527 | 1 | 0.47929 | 2.9999
SCRIPT       : DATA_LOG | 461747 | aRapBi1cCZPZAGLIDny3dk3hQ8vTmNTLHRl8zxmKgQ0= | 13654.6 | 14.88 | 14160.8 | -0.154363 | 0.988014 | 0 | CZ527 | 1 | 0.480105 | 2.9999
SCRIPT       : DATA_LOG | 462751 | aRapBi1cCZPZAGLIDny3dk3hQ8vTmNTLHRl8zxmKgQ0= | 13654.6 | 14.88 | 14160.8 | -0.154363 | 0.988014 | 0 | CZ527 | 1 | 0.480105 | 2.9999
SCRIPT       : DATA_LOG | 463750 | aRapBi1cCZPZAGLIDny3dk3hQ8vTmNTLHRl8zxmKgQ0= | 13654.6 | 14.88 | 14160.8 | -0.154363 | 0.988014 | 0 | CZ527 | 1 | 0.480105 | 2.9999
SCRIPT       : DATA_LOG | 464749 | aRapBi1cCZPZAGLIDny3dk3hQ8vTmNTLHRl8zxmKgQ0= | 13654.6 | 14.88 | 14160.8 | -0.154363 | 0.988014 | 0 | CZ527 | 1 | 0.480105 | 2.9999
SCRIPT       : DATA_LOG | 465761 | aRapBi1cCZPZAGLIDny3dk3hQ8vTmNTLHRl8zxmKgQ0= | 13654.6 | 14.88 | 14160.8 | -0.154363 | 0.988014 | 0 | CZ527 | 1 | 0.480105 | 2.9999
SCRIPT       : DATA_LOG | 466754 | aRapBi1cCZPZAGLIDny3dk3hQ8vTmNTLHRl8zxmKgQ0= | 13654.6 | 14.88 | 14160.8 | -0.154363 | 0.988014 | 0 | CZ527 | 1 | 0.480105 | 2.9999
SCRIPT       : DATA_LOG | 467754 | aRapBi1cCZPZAGLIDny3dk3hQ8vTmNTLHRl8zxmKgQ0= | 13656.1 | 14.9298 | 14163.4 | 0.712213 | 0.701964 | 0 | CZ527 | 1 | 124.384 | 2.05276
SCRIPT       : DATA_LOG | 468754 | aRapBi1cCZPZAGLIDny3dk3hQ8vTmNTLHRl8zxmKgQ0= | 13660.7 | 17.1168 | 14167.3 | 0.499583 | 0.866266 | 0 | CZ527 | 1 | 144.174 | 7.8185
SCRIPT       : DATA_LOG | 469751 | aRapBi1cCZPZAGLIDny3dk3hQ8vTmNTLHRl8zxmKgQ0= | 13663.4 | 19.4722 | 14173 | 0.72792 | 0.685662 | 0 | CZ527 | 1 | 160.565 | 13.9072
SCRIPT       : DATA_LOG | 470756 | aRapBi1cCZPZAGLIDny3dk3hQ8vTmNTLHRl8zxmKgQ0= | 13668.9 | 21.5609 | 14176.4 | 0.851922 | 0.523669 | 0 | CZ527 | 1 | 159.114 | 20.5348
SCRIPT       : DATA_LOG | 471757 | aRapBi1cCZPZAGLIDny3dk3hQ8vTmNTLHRl8zxmKgQ0= | 13674.2 | 25.0721 | 14179.4 | 0.813483 | 0.581589 | 0 | CZ527 | 1 | 158.008 | 27.4127
SCRIPT       : DATA_LOG | 472787 | aRapBi1cCZPZAGLIDny3dk3hQ8vTmNTLHRl8zxmKgQ0= | 13679.5 | 28.5375 | 14182.5 | 0.867636 | 0.4972 | 0 | CZ527 | 1 | 155.718 | 34.3861
SCRIPT       : DATA_LOG | 473762 | aRapBi1cCZPZAGLIDny3dk3hQ8vTmNTLHRl8zxmKgQ0= | 13684.6 | 32.5702 | 14185.5 | 0.930564 | 0.36613 | 0 | CZ527 | 1 | 151.278 | 41.3937
SCRIPT       : DATA_LOG | 474758 | aRapBi1cCZPZAGLIDny3dk3hQ8vTmNTLHRl8zxmKgQ0= | 13687.4 | 34.0435 | 14186.5 | 0.958844 | 0.283935 | 0 | CZ527 | 1 | 149.292 | 44.6562
SCRIPT       : DATA_LOG | 475757 | aRapBi1cCZPZAGLIDny3dk3hQ8vTmNTLHRl8zxmKgQ0= | 13687.7 | 34.0976 | 14186.6 | 0.958844 | 0.283935 | 0 | CZ527 | 1 | 149.405 | 44.895
 SCRIPT       : [Permissions Manager] Admin (rafaelglima79) (76561199445097358) Successfully Logged in!
SCRIPT       : DATA_LOG | 476760 | aRapBi1cCZPZAGLIDny3dk3hQ8vTmNTLHRl8zxmKgQ0= | 13687.7 | 34.0976 | 14186.6 | 0.958844 | 0.283935 | 0 | CZ527 | 1 | 149.405 | 44.895
SCRIPT       : DATA_LOG | 477759 | aRapBi1cCZPZAGLIDny3dk3hQ8vTmNTLHRl8zxmKgQ0= | 13687.7 | 34.0976 | 14186.6 | 0.958844 | 0.283935 | 0 | CZ527 | 1 | 149.405 | 44.895
SCRIPT       : DATA_LOG | 478758 | aRapBi1cCZPZAGLIDny3dk3hQ8vTmNTLHRl8zxmKgQ0= | 13687.7 | 34.0976 | 14186.6 | 0.958844 | 0.283935 | 0 | CZ527 | 1 | 149.405 | 44.895
SCRIPT       : DATA_LOG | 479765 | aRapBi1cCZPZAGLIDny3dk3hQ8vTmNTLHRl8zxmKgQ0= | 13687.7 | 34.0976 | 14186.6 | 0.958844 | 0.283935 | 0 | CZ527 | 1 | 149.405 | 44.895
SCRIPT       : DATA_LOG | 480769 | aRapBi1cCZPZAGLIDny3dk3hQ8vTmNTLHRl8zxmKgQ0= | 13688.5 | 34.4299 | 14187.7 | 0.805276 | 0.5929 | 0 | CZ527 | 1 | 154.89 | 46.2074
SCRIPT       : DATA_LOG | 481767 | aRapBi1cCZPZAGLIDny3dk3hQ8vTmNTLHRl8zxmKgQ0= | 13688.5 | 34.4299 | 14187.7 | 0.805276 | 0.5929 | 0 | CZ527 | 1 | 154.89 | 46.2074
SCRIPT       : DATA_LOG | 482774 | aRapBi1cCZPZAGLIDny3dk3hQ8vTmNTLHRl8zxmKgQ0= | 13688.5 | 34.4299 | 14187.7 | 0.805276 | 0.5929 | 0 | CZ527 | 1 | 154.89 | 46.2074
SCRIPT       : DATA_LOG | 483771 | aRapBi1cCZPZAGLIDny3dk3hQ8vTmNTLHRl8zxmKgQ0= | 13688.5 | 34.4299 | 14187.7 | 0.805276 | 0.5929 | 0 | CZ527 | 1 | 154.89 | 46.2074
SCRIPT       : DATA_LOG | 484776 | aRapBi1cCZPZAGLIDny3dk3hQ8vTmNTLHRl8zxmKgQ0= | 13688.5 | 34.4299 | 14187.7 | 0.805276 | 0.5929 | 0 | CZ527 | 1 | 154.89 | 46.2074
SCRIPT       : DATA_LOG | 485775 | aRapBi1cCZPZAGLIDny3dk3hQ8vTmNTLHRl8zxmKgQ0= | 13688.5 | 34.4299 | 14187.7 | 0.805276 | 0.5929 | 0 | CZ527 | 1 | 154.89 | 46.2074
SCRIPT       : DATA_LOG | 486787 | aRapBi1cCZPZAGLIDny3dk3hQ8vTmNTLHRl8zxmKgQ0= | 13688.5 | 34.4299 | 14187.7 | 0.805276 | 0.5929 | 0 | CZ527 | 1 | 154.89 | 46.2074
SCRIPT       : DATA_LOG | 487788 | aRapBi1cCZPZAGLIDny3dk3hQ8vTmNTLHRl8zxmKgQ0= | 13688.5 | 34.4299 | 14187.7 | 0.805276 | 0.5929 | 0 | CZ527 | 1 | 154.89 | 46.2074
SCRIPT       : DATA_LOG | 488791 | aRapBi1cCZPZAGLIDny3dk3hQ8vTmNTLHRl8zxmKgQ0= | 13689.8 | 34.8909 | 14188 | -0.361883 | 0.932224 | 0 | CZ527 | 1 | 101.718 | 47.5691
SCRIPT       : DATA_LOG | 489784 | aRapBi1cCZPZAGLIDny3dk3hQ8vTmNTLHRl8zxmKgQ0= | 13691.7 | 36.8843 | 14189.9 | -0.838795 | -0.544448 | 0 | CZ527 | 1 | 25.7368 | 50.8368
SCRIPT       : DATA_LOG | 490784 | aRapBi1cCZPZAGLIDny3dk3hQ8vTmNTLHRl8zxmKgQ0= | 13693.5 | 38.9823 | 14191.6 | -0.961524 | -0.274719 | 0 | CZ527 | 1 | 32.3848 | 53.9347
SCRIPT       : DATA_LOG | 491784 | aRapBi1cCZPZAGLIDny3dk3hQ8vTmNTLHRl8zxmKgQ0= | 13695.4 | 41.5062 | 14193.1 | -0.0626693 | -0.998034 | 0 | CZ527 | 1 | 56.1963 | 57.1974
SCRIPT       : DATA_LOG | 492788 | aRapBi1cCZPZAGLIDny3dk3hQ8vTmNTLHRl8zxmKgQ0= | 13697.8 | 43.3741 | 14193.5 | -0.54814 | -0.836387 | 0 | CZ527 | 1 | 35.6725 | 60.0407
SCRIPT       : DATA_LOG | 493789 | aRapBi1cCZPZAGLIDny3dk3hQ8vTmNTLHRl8zxmKgQ0= | 13701 | 43.5687 | 14191.5 | 0.864231 | -0.503095 | 0 | CZ527 | 1 | 115.636 | 61.5582
SCRIPT       : DATA_LOG | 494794 | aRapBi1cCZPZAGLIDny3dk3hQ8vTmNTLHRl8zxmKgQ0= | 13707.5 | 44.5205 | 14190.5 | 0.920368 | -0.391053 | 0 | CZ527 | 1 | 125.497 | 66.6143
SCRIPT       : DATA_LOG | 495787 | aRapBi1cCZPZAGLIDny3dk3hQ8vTmNTLHRl8zxmKgQ0= | 13713.8 | 45.0717 | 14188.9 | 0.950106 | -0.311927 | 0 | CZ527 | 1 | 133.176 | 71.4908
SCRIPT       : DATA_LOG | 496790 | aRapBi1cCZPZAGLIDny3dk3hQ8vTmNTLHRl8zxmKgQ0= | 13720.2 | 45.3499 | 14187.3 | 0.961089 | -0.276238 | 0 | CZ527 | 1 | 138.224 | 76.4693
SCRIPT       : DATA_LOG | 497803 | aRapBi1cCZPZAGLIDny3dk3hQ8vTmNTLHRl8zxmKgQ0= | 13726.5 | 46.0551 | 14186.7 | 0.239198 | -0.970971 | 0 | CZ527 | 1 | 86.5869 | 82.1152
SCRIPT       : DATA_LOG | 498798 | aRapBi1cCZPZAGLIDny3dk3hQ8vTmNTLHRl8zxmKgQ0= | 13729.8 | 46.7167 | 14187.1 | -0.514839 | -0.857287 | 0 | CZ527 | 1 | 46.3289 | 85.3773
SCRIPT       : DATA_LOG | 499794 | aRapBi1cCZPZAGLIDny3dk3hQ8vTmNTLHRl8zxmKgQ0= | 13732.6 | 46.5674 | 14186.1 | 0.241538 | -0.970392 | 0 | CZ527 | 1 | 88.2549 | 87.5932
SCRIPT       : DATA_LOG | 500816 | aRapBi1cCZPZAGLIDny3dk3hQ8vTmNTLHRl8zxmKgQ0= | 13738.2 | 45.6652 | 14183.2 | 0.76851 | -0.639837 | 0 | CZ527 | 1 | 124.741 | 91.6364
SCRIPT       : DATA_LOG | 501794 | aRapBi1cCZPZAGLIDny3dk3hQ8vTmNTLHRl8zxmKgQ0= | 13743.5 | 46.0131 | 14182.9 | 0.667774 | -0.744364 | 0 | CZ527 | 1 | 118.124 | 96.6232
SCRIPT       : DATA_LOG | 502808 | aRapBi1cCZPZAGLIDny3dk3hQ8vTmNTLHRl8zxmKgQ0= | 13746.4 | 45.4102 | 14181.3 | 0.616649 | -0.787238 | 0 | CZ527 | 1 | 115.912 | 98.7936
SCRIPT       : DATA_LOG | 503800 | aRapBi1cCZPZAGLIDny3dk3hQ8vTmNTLHRl8zxmKgQ0= | 13748.7 | 46.5661 | 14183.1 | -0.934396 | -0.356235 | 0 | CZ527 | 1 | 20.3763 | 101.612
SCRIPT       : DATA_LOG | 504801 | aRapBi1cCZPZAGLIDny3dk3hQ8vTmNTLHRl8zxmKgQ0= | 13748.7 | 47.9288 | 14185.7 | -0.988223 | -0.15302 | 0 | CZ527 | 1 | 19.2634 | 102.585
SCRIPT       : DATA_LOG | 505807 | aRapBi1cCZPZAGLIDny3dk3hQ8vTmNTLHRl8zxmKgQ0= | 13749.5 | 49.5737 | 14188.8 | -0.187812 | 0.982205 | 0 | CZ527 | 1 | 93.632 | 104.563
SCRIPT       : DATA_LOG | 506799 | aRapBi1cCZPZAGLIDny3dk3hQ8vTmNTLHRl8zxmKgQ0= | 13749.4 | 52.3822 | 14194.7 | 0.0157069 | 0.999877 | 0 | CZ527 | 1 | 107.65 | 106.953
SCRIPT       : DATA_LOG | 507810 | aRapBi1cCZPZAGLIDny3dk3hQ8vTmNTLHRl8zxmKgQ0= | 13750.3 | 55.2028 | 14200.8 | 0.0862227 | 0.996276 | 0 | CZ527 | 1 | 114.063 | 110.685
SCRIPT       : DATA_LOG | 508812 | aRapBi1cCZPZAGLIDny3dk3hQ8vTmNTLHRl8zxmKgQ0= | 13751.4 | 57.8552 | 14206.9 | 0.0925098 | 0.995712 | 0 | CZ527 | 1 | 116.865 | 114.79
SCRIPT       : DATA_LOG | 509805 | aRapBi1cCZPZAGLIDny3dk3hQ8vTmNTLHRl8zxmKgQ0= | 13753.8 | 60.1597 | 14212.7 | 0.323096 | 0.946366 | 0 | CZ527 | 1 | 130.876 | 119.953
SCRIPT       : DATA_LOG | 510859 | aRapBi1cCZPZAGLIDny3dk3hQ8vTmNTLHRl8zxmKgQ0= | 13755.9 | 61.2847 | 14216.1 | -0.934207 | -0.356732 | 0 | CZ527 | 1 | 22.913 | 123.533
SCRIPT       : DATA_LOG | 511813 | aRapBi1cCZPZAGLIDny3dk3hQ8vTmNTLHRl8zxmKgQ0= | 13756.2 | 62.0383 | 14218.6 | -0.933166 | -0.359447 | 0 | CZ527 | 1 | 23.22 | 125.169
SCRIPT       : DATA_LOG | 512817 | aRapBi1cCZPZAGLIDny3dk3hQ8vTmNTLHRl8zxmKgQ0= | 13756.5 | 62.8287 | 14221.5 | -0.984995 | 0.172583 | 0 | CZ527 | 1 | 44.2844 | 126.955
SCRIPT       : DATA_LOG | 513813 | aRapBi1cCZPZAGLIDny3dk3hQ8vTmNTLHRl8zxmKgQ0= | 13756.1 | 64.2098 | 14227 | -0.305158 | 0.952302 | 0 | CZ527 | 1 | 102.916 | 129.763
SCRIPT       : DATA_LOG | 514823 | aRapBi1cCZPZAGLIDny3dk3hQ8vTmNTLHRl8zxmKgQ0= | 13755.7 | 65.793 | 14233.5 | -0.0552925 | 0.99847 | 0 | CZ527 | 1 | 118.649 | 133.314
SCRIPT       : DATA_LOG | 515819 | aRapBi1cCZPZAGLIDny3dk3hQ8vTmNTLHRl8zxmKgQ0= | 13756.2 | 67.4605 | 14239.8 | -0.105053 | 0.994467 | 0 | CZ527 | 1 | 118.089 | 137.737
SCRIPT       : DATA_LOG | 516825 | aRapBi1cCZPZAGLIDny3dk3hQ8vTmNTLHRl8zxmKgQ0= | 13756.2 | 68.3323 | 14243.6 | -0.0820821 | 0.996626 | 0 | CZ527 | 1 | 120.504 | 140.214
SCRIPT       : DATA_LOG | 517824 | aRapBi1cCZPZAGLIDny3dk3hQ8vTmNTLHRl8zxmKgQ0= | 13756.1 | 69.1083 | 14246.7 | -0.998685 | -0.0512569 | 0 | CZ527 | 1 | 41.7486 | 142.175
SCRIPT       : DATA_LOG | 518820 | aRapBi1cCZPZAGLIDny3dk3hQ8vTmNTLHRl8zxmKgQ0= | 13756.3 | 69.9241 | 14249.7 | -0.879519 | -0.475863 | 0 | CZ527 | 1 | 25.1053 | 144.479
SCRIPT       : DATA_LOG | 519825 | aRapBi1cCZPZAGLIDny3dk3hQ8vTmNTLHRl8zxmKgQ0= | 13757.2 | 70.9124 | 14252.7 | -0.805482 | -0.592621 | 0 | CZ527 | 1 | 22.7888 | 147.244
SCRIPT       : DATA_LOG | 520825 | aRapBi1cCZPZAGLIDny3dk3hQ8vTmNTLHRl8zxmKgQ0= | 13757.6 | 71.9005 | 14255.8 | -0.790135 | -0.612932 | 0 | CZ527 | 1 | 22.6959 | 149.755
SCRIPT       : DATA_LOG | 521830 | aRapBi1cCZPZAGLIDny3dk3hQ8vTmNTLHRl8zxmKgQ0= | 13758 | 72.9689 | 14258.9 | -0.790135 | -0.612932 | 0 | CZ527 | 1 | 22.8702 | 152.379
SCRIPT       : DATA_LOG | 522831 | aRapBi1cCZPZAGLIDny3dk3hQ8vTmNTLHRl8zxmKgQ0= | 13757.6 | 73.8209 | 14261.6 | -0.78859 | -0.614919 | 0 | CZ527 | 1 | 23.1117 | 154.084
SCRIPT       : DATA_LOG | 523824 | aRapBi1cCZPZAGLIDny3dk3hQ8vTmNTLHRl8zxmKgQ0= | 13756.1 | 74.2534 | 14263.3 | -0.781209 | -0.62427 | 1 | CZ527 | 1 | 23.2854 | 154.403
SCRIPT       : DATA_LOG | 524830 | aRapBi1cCZPZAGLIDny3dk3hQ8vTmNTLHRl8zxmKgQ0= | 13754.6 | 74.3236 | 14264 | -0.736371 | -0.676578 | 1 | CZ527 | 1 | 22.8515 | 153.868
SCRIPT       : DATA_LOG | 525827 | aRapBi1cCZPZAGLIDny3dk3hQ8vTmNTLHRl8zxmKgQ0= | 13755.3 | 74.6697 | 14264.9 | -0.73407 | -0.679074 | 1 | CZ527 | 1 | 22.8008 | 154.994
SCRIPT       : DATA_LOG | 526831 | aRapBi1cCZPZAGLIDny3dk3hQ8vTmNTLHRl8zxmKgQ0= | 13755.3 | 74.6697 | 14264.9 | -0.73407 | -0.679074 | 1 | CZ527 | 1 | 22.8008 | 154.994
SCRIPT       : DATA_LOG | 527827 | aRapBi1cCZPZAGLIDny3dk3hQ8vTmNTLHRl8zxmKgQ0= | 13755.3 | 74.6697 | 14264.9 | -0.73407 | -0.679074 | 1 | CZ527 | 1 | 22.8008 | 154.994
SCRIPT       : DATA_LOG | 528829 | aRapBi1cCZPZAGLIDny3dk3hQ8vTmNTLHRl8zxmKgQ0= | 13755.3 | 74.6697 | 14264.9 | -0.73407 | -0.679074 | 1 | CZ527 | 1 | 22.8008 | 154.994
SCRIPT       : DATA_LOG | 529834 | aRapBi1cCZPZAGLIDny3dk3hQ8vTmNTLHRl8zxmKgQ0= | 13755.3 | 74.6697 | 14264.9 | -0.73407 | -0.679074 | 1 | CZ527 | 1 | 22.8008 | 154.994
SCRIPT       : DATA_LOG | 530838 | aRapBi1cCZPZAGLIDny3dk3hQ8vTmNTLHRl8zxmKgQ0= | 13755.3 | 74.6697 | 14264.9 | -0.73407 | -0.679074 | 0 | CZ527 | 1 | 22.8008 | 154.994
SCRIPT       : DATA_LOG | 531840 | aRapBi1cCZPZAGLIDny3dk3hQ8vTmNTLHRl8zxmKgQ0= | 13755.5 | 74.8016 | 14265.3 | -0.694702 | -0.719298 | 0 | Colt1911 | 1 | 22.6996 | 155.473
SCRIPT       : DATA_LOG | 532833 | aRapBi1cCZPZAGLIDny3dk3hQ8vTmNTLHRl8zxmKgQ0= | 13754 | 75.3256 | 14267.8 | -0.697516 | -0.716569 | 1 | Colt1911 | 1 | 22.7527 | 156.371
SCRIPT       : DATA_LOG | 533831 | aRapBi1cCZPZAGLIDny3dk3hQ8vTmNTLHRl8zxmKgQ0= | 13753.1 | 75.609 | 14269.2 | -0.667662 | -0.744465 | 1 | Colt1911 | 1 | 22.834 | 156.794
SCRIPT       : DATA_LOG | 534836 | aRapBi1cCZPZAGLIDny3dk3hQ8vTmNTLHRl8zxmKgQ0= | 13752.2 | 75.743 | 14270 | -0.679791 | -0.733406 | 1 | Colt1911 | 1 | 22.8469 | 156.82
SCRIPT       : DATA_LOG | 535840 | aRapBi1cCZPZAGLIDny3dk3hQ8vTmNTLHRl8zxmKgQ0= | 13750.9 | 75.9305 | 14271.1 | -0.668036 | -0.744129 | 0 | Colt1911 | 1 | 22.914 | 156.868
SCRIPT       : DATA_LOG | 536846 | aRapBi1cCZPZAGLIDny3dk3hQ8vTmNTLHRl8zxmKgQ0= | 13745.6 | 75.8643 | 14272.9 | -0.76713 | -0.641492 | 0 | Colt1911 | 1 | 25.1811 | 154.91
SCRIPT       : DATA_LOG | 537857 | aRapBi1cCZPZAGLIDny3dk3hQ8vTmNTLHRl8zxmKgQ0= | 13741.8 | 75.8475 | 14275 | -0.637844 | -0.770166 | 0 | Colt1911 | 1 | 23.3406 | 154.177
SCRIPT       : DATA_LOG | 538910 | aRapBi1cCZPZAGLIDny3dk3hQ8vTmNTLHRl8zxmKgQ0= | 13738.7 | 75.9608 | 14277.5 | -0.610715 | -0.79185 | 0 | Colt1911 | 1 | 23.3543 | 154.27
SCRIPT       : DATA_LOG | 539843 | aRapBi1cCZPZAGLIDny3dk3hQ8vTmNTLHRl8zxmKgQ0= | 13740.9 | 76.2316 | 14277.3 | -0.609916 | -0.792466 | 0 | Colt1911 | 1 | 23.2386 | 155.561
SCRIPT       : DATA_LOG | 540852 | aRapBi1cCZPZAGLIDny3dk3hQ8vTmNTLHRl8zxmKgQ0= | 13738.4 | 76.3 | 14279.3 | -0.600969 | -0.799273 | 0 | Colt1911 | 1 | 23.2689 | 155.622
SCRIPT       : DATA_LOG | 541853 | aRapBi1cCZPZAGLIDny3dk3hQ8vTmNTLHRl8zxmKgQ0= | 13735.3 | 76.2732 | 14281.5 | -0.592646 | -0.805463 | 1 | Colt1911 | 1 | 23.2985 | 155.673
SCRIPT       : DATA_LOG | 542851 | aRapBi1cCZPZAGLIDny3dk3hQ8vTmNTLHRl8zxmKgQ0= | 13735.3 | 76.2782 | 14281.6 | -0.560474 | -0.828172 | 1 | Colt1911 | 1 | 23.2403 | 155.698
SCRIPT       : DATA_LOG | 543847 | aRapBi1cCZPZAGLIDny3dk3hQ8vTmNTLHRl8zxmKgQ0= | 13733.4 | 76.0934 | 14282.1 | -0.892322 | -0.451399 | 0 | Colt1911 | 1 | 36.7904 | 155.007
SCRIPT       : DATA_LOG | 544853 | aRapBi1cCZPZAGLIDny3dk3hQ8vTmNTLHRl8zxmKgQ0= | 13727.3 | 75.7348 | 14284.4 | -0.942063 | 0.335436 | 0 | Colt1911 | 1 | 79.3092 | 153.659
SCRIPT       : DATA_LOG | 545849 | aRapBi1cCZPZAGLIDny3dk3hQ8vTmNTLHRl8zxmKgQ0= | 13721 | 75.1902 | 14285.1 | -0.857352 | -0.51473 | 0 | Colt1911 | 1 | 37.5536 | 151.057
SCRIPT       : DATA_LOG | 546851 | aRapBi1cCZPZAGLIDny3dk3hQ8vTmNTLHRl8zxmKgQ0= | 13715.4 | 74.3603 | 14283.6 | -0.458244 | -0.888826 | 1 | Colt1911 | 1 | 23.8505 | 147.167
SCRIPT       : DATA_LOG | 547858 | aRapBi1cCZPZAGLIDny3dk3hQ8vTmNTLHRl8zxmKgQ0= | 13713.7 | 74.3692 | 14284.3 | -0.440072 | -0.897962 | 1 | Colt1911 | 1 | 23.8718 | 147.066
SCRIPT       : DATA_LOG | 548847 | aRapBi1cCZPZAGLIDny3dk3hQ8vTmNTLHRl8zxmKgQ0= | 13714.4 | 74.3336 | 14283.9 | -0.453408 | -0.891303 | 1 | Colt1911 | 1 | 23.873 | 146.975
SCRIPT       : DATA_LOG | 549859 | aRapBi1cCZPZAGLIDny3dk3hQ8vTmNTLHRl8zxmKgQ0= | 13711.6 | 73.0297 | 14279.5 | -0.447411 | -0.894328 | 0 | Colt1911 | 1 | 24.2428 | 141.683
SCRIPT       : DATA_LOG | 550861 | aRapBi1cCZPZAGLIDny3dk3hQ8vTmNTLHRl8zxmKgQ0= | 13709.3 | 72.3253 | 14277.6 | -0.458988 | -0.888442 | 1 | Colt1911 | 1 | 24.4736 | 138.941
SCRIPT       : DATA_LOG | 551872 | aRapBi1cCZPZAGLIDny3dk3hQ8vTmNTLHRl8zxmKgQ0= | 13710.1 | 72.7973 | 14279.2 | -0.594875 | 0.803818 | 0 | Colt1911 | 1 | 114.96 | 140.729
SCRIPT       : DATA_LOG | 552872 | aRapBi1cCZPZAGLIDny3dk3hQ8vTmNTLHRl8zxmKgQ0= | 13713.4 | 74.1981 | 14283.7 | 0.289676 | 0.957125 | 0 | Colt1911 | 1 | 154.374 | 146.345
SCRIPT       : DATA_LOG | 553858 | aRapBi1cCZPZAGLIDny3dk3hQ8vTmNTLHRl8zxmKgQ0= | 13716.1 | 75.7244 | 14289.8 | 0.290015 | 0.957022 | 0 | Colt1911 | 1 | 154.864 | 153.006
SCRIPT       : DATA_LOG | 554861 | aRapBi1cCZPZAGLIDny3dk3hQ8vTmNTLHRl8zxmKgQ0= | 13719 | 77.0427 | 14296 | 0.289402 | 0.957208 | 0 | Colt1911 | 1 | 155.37 | 159.807
SCRIPT       : DATA_LOG | 555877 | aRapBi1cCZPZAGLIDny3dk3hQ8vTmNTLHRl8zxmKgQ0= | 13720.5 | 77.5278 | 14298.6 | 0.476219 | 0.879327 | 0 | Colt1911 | 1 | 157.265 | 162.855
SCRIPT       : DATA_LOG | 556871 | aRapBi1cCZPZAGLIDny3dk3hQ8vTmNTLHRl8zxmKgQ0= | 13722.1 | 78.3963 | 14304.8 | 0.16791 | 0.985802 | 0 | Colt1911 | 1 | 152.916 | 168.982
SCRIPT       : DATA_LOG | 557875 | aRapBi1cCZPZAGLIDny3dk3hQ8vTmNTLHRl8zxmKgQ0= | 13723.4 | 79.1865 | 14311.4 | 0.190393 | 0.981708 | 0 | Colt1911 | 1 | 154.409 | 175.318
SCRIPT       : DATA_LOG | 558878 | aRapBi1cCZPZAGLIDny3dk3hQ8vTmNTLHRl8zxmKgQ0= | 13724.8 | 79.7027 | 14315.9 | -0.522237 | -0.852801 | 0 | Colt1911 | 1 | 22.0816 | 179.823
SCRIPT       : DATA_LOG | 559878 | aRapBi1cCZPZAGLIDny3dk3hQ8vTmNTLHRl8zxmKgQ0= | 13726.2 | 79.9333 | 14317.5 | -0.453977 | -0.891013 | 1 | Colt1911 | 1 | 21.0534 | 181.795
SCRIPT       : DATA_LOG | 560876 | aRapBi1cCZPZAGLIDny3dk3hQ8vTmNTLHRl8zxmKgQ0= | 13726.3 | 79.9656 | 14317.8 | -0.431117 | -0.902296 | 1 | Colt1911 | 1 | 20.9592 | 182.059
SCRIPT       : DATA_LOG | 561880 | aRapBi1cCZPZAGLIDny3dk3hQ8vTmNTLHRl8zxmKgQ0= | 13724.7 | 79.9748 | 14318.5 | -0.424202 | -0.905568 | 1 | Colt1911 | 1 | 20.964 | 182.071
SCRIPT       : DATA_LOG | 562880 | aRapBi1cCZPZAGLIDny3dk3hQ8vTmNTLHRl8zxmKgQ0= | 13723.1 | 79.9949 | 14319.2 | -0.412953 | -0.910752 | 1 | Colt1911 | 1 | 20.9661 | 182.084
SCRIPT       : DATA_LOG | 563875 | aRapBi1cCZPZAGLIDny3dk3hQ8vTmNTLHRl8zxmKgQ0= | 13721.6 | 80.012 | 14319.9 | -0.397888 | -0.917434 | 1 | Colt1911 | 1 | 20.9673 | 182.087
SCRIPT       : DATA_LOG | 564877 | aRapBi1cCZPZAGLIDny3dk3hQ8vTmNTLHRl8zxmKgQ0= | 13720.2 | 80.0529 | 14320.7 | -0.393211 | -0.919448 | 1 | Colt1911 | 1 | 20.9562 | 182.312
SCRIPT       : DATA_LOG | 565877 | aRapBi1cCZPZAGLIDny3dk3hQ8vTmNTLHRl8zxmKgQ0= | 13719.3 | 80.1183 | 14321.6 | -0.365039 | -0.930992 | 1 | Colt1911 | 1 | 20.9442 | 182.782
SCRIPT       : DATA_LOG | 566880 | aRapBi1cCZPZAGLIDny3dk3hQ8vTmNTLHRl8zxmKgQ0= | 13718.3 | 80.124 | 14322 | -0.369432 | -0.929258 | 1 | Colt1911 | 1 | 20.927 | 182.77
SCRIPT       : DATA_LOG | 567888 | aRapBi1cCZPZAGLIDny3dk3hQ8vTmNTLHRl8zxmKgQ0= | 13713.7 | 79.9098 | 14320.4 | -0.385801 | -0.922582 | 1 | Colt1911 | 1 | 21.2947 | 179.752
SCRIPT       : DATA_LOG | 568883 | aRapBi1cCZPZAGLIDny3dk3hQ8vTmNTLHRl8zxmKgQ0= | 13711.8 | 79.915 | 14320.7 | -0.336269 | -0.941766 | 1 | Colt1911 | 1 | 21.2729 | 179.378
SCRIPT       : DATA_LOG | 569885 | aRapBi1cCZPZAGLIDny3dk3hQ8vTmNTLHRl8zxmKgQ0= | 13710.9 | 80.0929 | 14322.2 | -0.331271 | -0.943536 | 1 | Colt1911 | 1 | 21.1957 | 180.463
SCRIPT       : DATA_LOG | 570885 | aRapBi1cCZPZAGLIDny3dk3hQ8vTmNTLHRl8zxmKgQ0= | 13706.8 | 80.1668 | 14323.4 | -0.706282 | -0.707931 | 0 | Colt1911 | 1 | 33.5774 | 180.335
SCRIPT       : DATA_LOG | 571882 | aRapBi1cCZPZAGLIDny3dk3hQ8vTmNTLHRl8zxmKgQ0= | 13701.9 | 79.9125 | 14322.6 | -0.305413 | -0.95222 | 1 | Colt1911 | 1 | 21.4421 | 178.16
SCRIPT       : DATA_LOG | 572885 | aRapBi1cCZPZAGLIDny3dk3hQ8vTmNTLHRl8zxmKgQ0= | 13703.2 | 79.9329 | 14322.3 | -0.292173 | -0.956365 | 1 | Colt1911 | 1 | 21.4228 | 178.184
SCRIPT       : DATA_LOG | 573892 | aRapBi1cCZPZAGLIDny3dk3hQ8vTmNTLHRl8zxmKgQ0= | 13702.6 | 79.9421 | 14322.4 | -0.296783 | -0.954945 | 1 | Colt1911 | 1 | 21.4263 | 178.186
SCRIPT       : DATA_LOG | 574886 | aRapBi1cCZPZAGLIDny3dk3hQ8vTmNTLHRl8zxmKgQ0= | 13706.3 | 79.7517 | 14320.3 | 0.976436 | -0.215807 | 0 | Colt1911 | 1 | 95.5841 | 177.266
SCRIPT       : DATA_LOG | 575888 | aRapBi1cCZPZAGLIDny3dk3hQ8vTmNTLHRl8zxmKgQ0= | 13710.6 | 79.4828 | 14317.5 | -0.420056 | -0.907498 | 1 | Colt1911 | 1 | 22.0166 | 176.004
SCRIPT       : DATA_LOG | 576898 | aRapBi1cCZPZAGLIDny3dk3hQ8vTmNTLHRl8zxmKgQ0= | 13712 | 79.5164 | 14317.5 | -0.358342 | -0.933591 | 0 | Colt1911 | 1 | 21.4865 | 176.557
SCRIPT       : DATA_LOG | 577893 | aRapBi1cCZPZAGLIDny3dk3hQ8vTmNTLHRl8zxmKgQ0= | 13708.7 | 79.835 | 14320.5 | -0.975368 | 0.220586 | 0 | Colt1911 | 1 | 83.9863 | 178.206
SCRIPT       : DATA_LOG | 578894 | aRapBi1cCZPZAGLIDny3dk3hQ8vTmNTLHRl8zxmKgQ0= | 13703.5 | 80.1377 | 14323.7 | -0.508708 | -0.860939 | 0 | Colt1911 | 1 | 25.0049 | 179.675
SCRIPT       : DATA_LOG | 579925 | aRapBi1cCZPZAGLIDny3dk3hQ8vTmNTLHRl8zxmKgQ0= | 13699.2 | 79.7889 | 14323.4 | -0.373782 | -0.927516 | 0 | Colt1911 | 1 | 22.2151 | 178.134
SCRIPT       : DATA_LOG | 580909 | aRapBi1cCZPZAGLIDny3dk3hQ8vTmNTLHRl8zxmKgQ0= | 13695.5 | 79.4149 | 14323.1 | -0.270773 | -0.962643 | 1 | Colt1911 | 1 | 21.4484 | 176.776
SCRIPT       : DATA_LOG | 581899 | aRapBi1cCZPZAGLIDny3dk3hQ8vTmNTLHRl8zxmKgQ0= | 13694.4 | 79.3979 | 14323.7 | -0.259468 | -0.965752 | 1 | Colt1911 | 1 | 21.3944 | 177.077
SCRIPT       : DATA_LOG | 582899 | aRapBi1cCZPZAGLIDny3dk3hQ8vTmNTLHRl8zxmKgQ0= | 13694.4 | 79.3979 | 14323.7 | -0.259468 | -0.965752 | 1 | Colt1911 | 1 | 21.3944 | 177.077
SCRIPT       : DATA_LOG | 583906 | aRapBi1cCZPZAGLIDny3dk3hQ8vTmNTLHRl8zxmKgQ0= | 13692.5 | 79.1079 | 14322.8 | -0.377015 | -0.926207 | 0 | Colt1911 | 1 | 23.0109 | 175.768
SCRIPT       : DATA_LOG | 584910 | aRapBi1cCZPZAGLIDny3dk3hQ8vTmNTLHRl8zxmKgQ0= | 13688.1 | 78.3144 | 14320.8 | -0.239144 | -0.970984 | 1 | Colt1911 | 1 | 21.6177 | 172.693
SCRIPT       : DATA_LOG | 585914 | aRapBi1cCZPZAGLIDny3dk3hQ8vTmNTLHRl8zxmKgQ0= | 13688.1 | 78.2999 | 14320.7 | -0.214684 | -0.976684 | 1 | Colt1911 | 1 | 21.5661 | 172.61
SCRIPT       : DATA_LOG | 586925 | aRapBi1cCZPZAGLIDny3dk3hQ8vTmNTLHRl8zxmKgQ0= | 13683.8 | 77.4712 | 14318.7 | -0.190789 | -0.981631 | 0 | Colt1911 | 1 | 21.6547 | 169.69
SCRIPT       : DATA_LOG | 587915 | aRapBi1cCZPZAGLIDny3dk3hQ8vTmNTLHRl8zxmKgQ0= | 13685.1 | 76.4296 | 14312.6 | -0.175881 | -0.984412 | 0 | Colt1911 | 1 | 22.1078 | 164.018
SCRIPT       : DATA_LOG | 588929 | aRapBi1cCZPZAGLIDny3dk3hQ8vTmNTLHRl8zxmKgQ0= | 13685.7 | 75.2338 | 14306.6 | -0.217579 | -0.976043 | 1 | Colt1911 | 1 | 22.4278 | 158.261
SCRIPT       : DATA_LOG | 589920 | aRapBi1cCZPZAGLIDny3dk3hQ8vTmNTLHRl8zxmKgQ0= | 13686.9 | 75.2778 | 14305.9 | -0.737865 | -0.674948 | 0 | Colt1911 | 1 | 40.4567 | 157.814
SCRIPT       : DATA_LOG | 590918 | aRapBi1cCZPZAGLIDny3dk3hQ8vTmNTLHRl8zxmKgQ0= | 13681.8 | 74.9028 | 14308.2 | -0.881168 | 0.472804 | 0 | Colt1911 | 1 | 106.032 | 158.842
SCRIPT       : DATA_LOG | 591917 | aRapBi1cCZPZAGLIDny3dk3hQ8vTmNTLHRl8zxmKgQ0= | 13678.3 | 75.2769 | 14313.7 | -0.736419 | 0.676526 | 0 | Colt1911 | 1 | 120.756 | 163.445
SCRIPT       : DATA_LOG | 592917 | aRapBi1cCZPZAGLIDny3dk3hQ8vTmNTLHRl8zxmKgQ0= | 13677.3 | 76.3447 | 14320.2 | -0.773738 | 0.633506 | 0 | Colt1911 | 1 | 118.581 | 169.628
SCRIPT       : DATA_LOG | 593922 | aRapBi1cCZPZAGLIDny3dk3hQ8vTmNTLHRl8zxmKgQ0= | 13677.2 | 77.1914 | 14324.6 | -0.856753 | -0.515726 | 0 | Colt1911 | 1 | 53.8308 | 173.966
SCRIPT       : DATA_LOG | 594924 | aRapBi1cCZPZAGLIDny3dk3hQ8vTmNTLHRl8zxmKgQ0= | 13680.4 | 78.2024 | 14324.4 | -0.362383 | -0.932029 | 0 | Colt1911 | 1 | 24.2644 | 174.646
SCRIPT       : DATA_LOG | 595919 | aRapBi1cCZPZAGLIDny3dk3hQ8vTmNTLHRl8zxmKgQ0= | 13684.8 | 78.3344 | 14322.7 | 0.939652 | -0.342131 | 0 | Colt1911 | 1 | 81.5701 | 173.881
SCRIPT       : DATA_LOG | 596926 | aRapBi1cCZPZAGLIDny3dk3hQ8vTmNTLHRl8zxmKgQ0= | 13691.3 | 78.7549 | 14321.2 | 0.741281 | -0.671195 | 0 | Colt1911 | 1 | 63.3292 | 173.851
SCRIPT       : DATA_LOG | 597926 | aRapBi1cCZPZAGLIDny3dk3hQ8vTmNTLHRl8zxmKgQ0= | 13696.5 | 79.0117 | 14319.7 | -0.669855 | -0.742492 | 0 | Colt1911 | 1 | 33.987 | 173.775
SCRIPT       : DATA_LOG | 598927 | aRapBi1cCZPZAGLIDny3dk3hQ8vTmNTLHRl8zxmKgQ0= | 13699.7 | 79.1918 | 14318.7 | -0.998871 | 0.0475029 | 0 | Colt1911 | 1 | 77.3229 | 173.836
SCRIPT       : DATA_LOG | 599922 | aRapBi1cCZPZAGLIDny3dk3hQ8vTmNTLHRl8zxmKgQ0= | 13704 | 79.3536 | 14317.7 | 0.624288 | -0.781194 | 0 | Colt1911 | 1 | 59.2428 | 174.173
SCRIPT       : DATA_LOG | 600927 | aRapBi1cCZPZAGLIDny3dk3hQ8vTmNTLHRl8zxmKgQ0= | 13710.2 | 79.2163 | 14315.3 | 0.985494 | -0.169708 | 0 | Colt1911 | 1 | 99.8054 | 173.891
SCRIPT       : DATA_LOG | 601932 | aRapBi1cCZPZAGLIDny3dk3hQ8vTmNTLHRl8zxmKgQ0= | 13716.3 | 79.0677 | 14312.6 | 0.87569 | -0.482874 | 0 | Colt1911 | 1 | 84.2482 | 173.577
SCRIPT       : DATA_LOG | 602924 | aRapBi1cCZPZAGLIDny3dk3hQ8vTmNTLHRl8zxmKgQ0= | 13721.9 | 78.8598 | 14308.9 | 0.81024 | -0.586099 | 0 | Colt1911 | 1 | 79.9425 | 172.5
SCRIPT       : DATA_LOG | 603923 | aRapBi1cCZPZAGLIDny3dk3hQ8vTmNTLHRl8zxmKgQ0= | 13727.2 | 78.5677 | 14304.5 | 0.726775 | -0.686875 | 0 | Colt1911 | 1 | 75.2625 | 170.886
SCRIPT       : DATA_LOG | 604933 | aRapBi1cCZPZAGLIDny3dk3hQ8vTmNTLHRl8zxmKgQ0= | 13732.5 | 78.3467 | 14300.4 | 0.726391 | -0.687282 | 0 | Colt1911 | 1 | 77.461 | 169.797
SCRIPT       : DATA_LOG | 605925 | aRapBi1cCZPZAGLIDny3dk3hQ8vTmNTLHRl8zxmKgQ0= | 13737.5 | 78.2061 | 14295.8 | 0.726391 | -0.687282 | 0 | Colt1911 | 1 | 79.6985 | 168.503
SCRIPT       : DATA_LOG | 606936 | aRapBi1cCZPZAGLIDny3dk3hQ8vTmNTLHRl8zxmKgQ0= | 13742.1 | 78.1222 | 14291.5 | 0.726218 | -0.687464 | 0 | CZ527 | 1 | 81.8067 | 167.47
SCRIPT       : DATA_LOG | 607930 | aRapBi1cCZPZAGLIDny3dk3hQ8vTmNTLHRl8zxmKgQ0= | 13744.2 | 77.9675 | 14288.2 | -0.333221 | -0.942849 | 1 | CZ527 | 1 | 27.4854 | 166.035
SCRIPT       : DATA_LOG | 608930 | aRapBi1cCZPZAGLIDny3dk3hQ8vTmNTLHRl8zxmKgQ0= | 13742 | 77.8681 | 14288.8 | -0.875919 | -0.482458 | 0 | CZ527 | 1 | 33.832 | 165.311
SCRIPT       : DATA_LOG | 609929 | aRapBi1cCZPZAGLIDny3dk3hQ8vTmNTLHRl8zxmKgQ0= | 13740.9 | 77.8406 | 14289.4 | 0.575963 | -0.817475 | 1 | CZ527 | 1 | 71.3889 | 165.154
SCRIPT       : DATA_LOG | 610933 | aRapBi1cCZPZAGLIDny3dk3hQ8vTmNTLHRl8zxmKgQ0= | 13741.2 | 77.8933 | 14289.7 | 0.472165 | -0.88151 | 1 | CZ527 | 1 | 65.0494 | 165.579
SCRIPT       : DATA_LOG | 611933 | aRapBi1cCZPZAGLIDny3dk3hQ8vTmNTLHRl8zxmKgQ0= | 13742.2 | 78.0116 | 14290.2 | 0.49834 | -0.866982 | 1 | CZ527 | 1 | 66.7583 | 166.521
SCRIPT       : DATA_LOG | 612938 | aRapBi1cCZPZAGLIDny3dk3hQ8vTmNTLHRl8zxmKgQ0= | 13743.9 | 78.1121 | 14290 | 0.907349 | -0.420379 | 0 | CZ527 | 1 | 99.78 | 167.269
SCRIPT       : DATA_LOG | 613935 | aRapBi1cCZPZAGLIDny3dk3hQ8vTmNTLHRl8zxmKgQ0= | 13749.7 | 78.2413 | 14287.3 | 0.560137 | -0.8284 | 0 | CZ527 | 1 | 73.1852 | 168.496
SCRIPT       : DATA_LOG | 614934 | aRapBi1cCZPZAGLIDny3dk3hQ8vTmNTLHRl8zxmKgQ0= | 13750.8 | 78.1601 | 14285.8 | 0.480975 | -0.876734 | 1 | CZ527 | 1 | 68.9212 | 168.073
SCRIPT       : DATA_LOG | 615934 | aRapBi1cCZPZAGLIDny3dk3hQ8vTmNTLHRl8zxmKgQ0= | 13750.8 | 78.1601 | 14285.8 | 0.480975 | -0.876734 | 0 | CZ527 | 1 | 68.9212 | 168.073
SCRIPT       : DATA_LOG | 616941 | aRapBi1cCZPZAGLIDny3dk3hQ8vTmNTLHRl8zxmKgQ0= | 13750.8 | 78.1601 | 14285.8 | 0.480975 | -0.876734 | 0 | CZ527 | 1 | 68.9212 | 168.073
SCRIPT       : DATA_LOG | 617954 | aRapBi1cCZPZAGLIDny3dk3hQ8vTmNTLHRl8zxmKgQ0= | 13750.6 | 78.1756 | 14286.1 | -0.512033 | -0.858966 | 0 | CZ527 | 1 | 23.2932 | 168.156
SCRIPT       : DATA_LOG | 618953 | aRapBi1cCZPZAGLIDny3dk3hQ8vTmNTLHRl8zxmKgQ0= | 13745.7 | 77.8655 | 14286.1 | -0.867462 | -0.497504 | 0 | CZ527 | 1 | 31.9123 | 165.271
SCRIPT       : DATA_LOG | 619943 | aRapBi1cCZPZAGLIDny3dk3hQ8vTmNTLHRl8zxmKgQ0= | 13739.7 | 77.5409 | 14287.3 | -0.553128 | -0.833096 | 1 | CZ527 | 1 | 22.6755 | 162.793
SCRIPT       : DATA_LOG | 620945 | aRapBi1cCZPZAGLIDny3dk3hQ8vTmNTLHRl8zxmKgQ0= | 13738.6 | 77.598 | 14288.7 | -0.56167 | -0.827361 | 1 | CZ527 | 1 | 22.5971 | 163.289
SCRIPT       : DATA_LOG | 621945 | aRapBi1cCZPZAGLIDny3dk3hQ8vTmNTLHRl8zxmKgQ0= | 13738.8 | 77.6704 | 14289.2 | -0.556709 | -0.830708 | 1 | CZ527 | 1 | 22.5435 | 163.85
SCRIPT       : DATA_LOG | 622945 | aRapBi1cCZPZAGLIDny3dk3hQ8vTmNTLHRl8zxmKgQ0= | 13738.8 | 77.6704 | 14289.2 | -0.556709 | -0.830708 | 1 | CZ527 | 1 | 22.5435 | 163.85
SCRIPT       : DATA_LOG | 623941 | aRapBi1cCZPZAGLIDny3dk3hQ8vTmNTLHRl8zxmKgQ0= | 13738.4 | 77.667 | 14289.5 | -0.557616 | -0.830099 | 1 | CZ527 | 1 | 22.5416 | 163.849
SCRIPT       : DATA_LOG | 624950 | aRapBi1cCZPZAGLIDny3dk3hQ8vTmNTLHRl8zxmKgQ0= | 13737 | 77.6501 | 14290.4 | -0.55153 | -0.834155 | 1 | CZ527 | 1 | 22.5388 | 163.834
SCRIPT       : DATA_LOG | 625947 | aRapBi1cCZPZAGLIDny3dk3hQ8vTmNTLHRl8zxmKgQ0= | 13733.1 | 77.5411 | 14292.7 | -0.976798 | 0.214163 | 0 | CZ527 | 1 | 72.3538 | 163.659
SCRIPT       : DATA_LOG | 626948 | aRapBi1cCZPZAGLIDny3dk3hQ8vTmNTLHRl8zxmKgQ0= | 13727 | 77.3821 | 14295 | -0.875602 | -0.483032 | 0 | CZ527 | 1 | 38.5261 | 162.62
SCRIPT       : DATA_LOG | 627949 | aRapBi1cCZPZAGLIDny3dk3hQ8vTmNTLHRl8zxmKgQ0= | 13724.7 | 77.3717 | 14296.1 | -0.487016 | -0.873393 | 1 | CZ527 | 1 | 22.6556 | 162.459
SCRIPT       : DATA_LOG | 628959 | aRapBi1cCZPZAGLIDny3dk3hQ8vTmNTLHRl8zxmKgQ0= | 13723.4 | 77.4955 | 14297.4 | -0.897217 | -0.44159 | 0 | CZ527 | 1 | 41.9939 | 163.031
SCRIPT       : DATA_LOG | 629953 | aRapBi1cCZPZAGLIDny3dk3hQ8vTmNTLHRl8zxmKgQ0= | 13722.3 | 77.8673 | 14300.6 | -0.991637 | 0.129058 | 0 | CZ527 | 1 | 72.405 | 165.291
SCRIPT       : DATA_LOG | 630966 | aRapBi1cCZPZAGLIDny3dk3hQ8vTmNTLHRl8zxmKgQ0= | 13720.6 | 77.8368 | 14300.8 | -0.864979 | -0.501809 | 0 | CZ527 | 1 | 39.982 | 164.838
SCRIPT       : DATA_LOG | 631954 | aRapBi1cCZPZAGLIDny3dk3hQ8vTmNTLHRl8zxmKgQ0= | 13720.6 | 77.8368 | 14300.8 | -0.938902 | 0.344185 | 0 | CZ527 | 1 | 84.6781 | 164.838
SCRIPT       : DATA_LOG | 632962 | aRapBi1cCZPZAGLIDny3dk3hQ8vTmNTLHRl8zxmKgQ0= | 13720.6 | 77.8368 | 14300.8 | -0.938902 | 0.344185 | 0 | CZ527 | 1 | 84.6781 | 164.838
SCRIPT       : DATA_LOG | 633960 | aRapBi1cCZPZAGLIDny3dk3hQ8vTmNTLHRl8zxmKgQ0= | 13720.6 | 77.8368 | 14300.8 | -0.938902 | 0.344185 | 0 | CZ527 | 1 | 84.6781 | 164.838
SCRIPT       : DATA_LOG | 634959 | aRapBi1cCZPZAGLIDny3dk3hQ8vTmNTLHRl8zxmKgQ0= | 13720.6 | 77.8368 | 14300.8 | -0.938902 | 0.344185 | 0 | CZ527 | 1 | 84.6781 | 164.838
SCRIPT       : DATA_LOG | 635958 | aRapBi1cCZPZAGLIDny3dk3hQ8vTmNTLHRl8zxmKgQ0= | 13720.6 | 77.8368 | 14300.8 | -0.938902 | 0.344185 | 0 | CZ527 | 1 | 84.6781 | 164.838
 SCRIPT       : [Logout]: New player aRapBi1cCZPZAGLIDny3dk3hQ8vTmNTLHRl8zxmKgQ0= with logout time 15
 SCRIPT       : Player "rafaelglima79" (steamid=76561199445097358) initiated disconnect process...
SCRIPT       : DATA_LOG | 636962 | aRapBi1cCZPZAGLIDny3dk3hQ8vTmNTLHRl8zxmKgQ0= | 13720.6 | 77.8367 | 14300.8 | -0.938902 | 0.344185 | 0 | CZ527 | 1 | 84.6755 | 164.839
SCRIPT       : DATA_LOG | 637962 | aRapBi1cCZPZAGLIDny3dk3hQ8vTmNTLHRl8zxmKgQ0= | 13720.8 | 77.836 | 14300.8 | -0.938902 | 0.344185 | 0 | CZ527 | 1 | 84.6216 | 164.856
 SCRIPT       : Player "rafaelglima79" (steamid=76561199445097358) disconnected early from server (EXIT NOW).
SCRIPT       : DATA_LOG | 638956 | aRapBi1cCZPZAGLIDny3dk3hQ8vTmNTLHRl8zxmKgQ0= | 13720.8 | 77.8357 | 14300.8 | -0.938902 | 0.344185 | 0 | CZ527 | 1 | 84.6107 | 164.858
SCRIPT       : DATA_LOG | 639957 | unknown | 13720.8 | 77.8355 | 14300.8 | -0.938902 | 0.344185 | 0 | CZ527 | 1 | 84.5939 | 164.863
SCRIPT       : DATA_LOG | 640962 | unknown | 13720.8 | 77.8355 | 14300.8 | -0.938902 | 0.344185 | 0 | CZ527 | 1 | 84.5939 | 164.863
SCRIPT       : DATA_LOG | 641975 | unknown | 13720.8 | 77.8355 | 14300.8 | -0.938902 | 0.344185 | 0 | CZ527 | 1 | 84.5939 | 164.863
SCRIPT       : DATA_LOG | 642971 | unknown | 13720.8 | 77.8355 | 14300.8 | -0.938902 | 0.344185 | 0 | CZ527 | 1 | 84.5939 | 164.863
SCRIPT       : DATA_LOG | 643973 | unknown | 13720.8 | 77.8355 | 14300.8 | -0.938902 | 0.344185 | 0 | CZ527 | 1 | 84.5939 | 164.863
SCRIPT       : DATA_LOG | 644972 | unknown | 13720.8 | 77.8355 | 14300.8 | -0.938902 | 0.344185 | 0 | CZ527 | 1 | 84.5939 | 164.863
SCRIPT       : DATA_LOG | 645973 | unknown | 13720.8 | 77.8355 | 14300.8 | -0.938902 | 0.344185 | 0 | CZ527 | 1 | 84.5939 | 164.863
SCRIPT       : DATA_LOG | 646974 | unknown | 13720.8 | 77.8355 | 14300.8 | -0.938902 | 0.344185 | 0 | CZ527 | 1 | 84.5939 | 164.863
SCRIPT       : DATA_LOG | 647973 | unknown | 13720.8 | 77.8355 | 14300.8 | -0.938902 | 0.344185 | 0 | CZ527 | 1 | 84.5939 | 164.863
SCRIPT       : DATA_LOG | 648975 | unknown | 13720.8 | 77.8355 | 14300.8 | -0.938902 | 0.344185 | 0 | CZ527 | 1 | 84.5939 | 164.863
SCRIPT       : DATA_LOG | 649975 | unknown | 13720.8 | 77.8355 | 14300.8 | -0.938902 | 0.344185 | 0 | CZ527 | 1 | 84.5939 | 164.863
SCRIPT       : DATA_LOG | 650984 | unknown | 13720.8 | 77.8355 | 14300.8 | -0.938902 | 0.344185 | 0 | CZ527 | 1 | 84.5939 | 164.863
SCRIPT       : [Logout]: Player aRapBi1cCZPZAGLIDny3dk3hQ8vTmNTLHRl8zxmKgQ0= finished
SCRIPT       : [PlayerListManager] SyncEntryToReceivers ► uid: aRapBi1cCZPZAGLIDny3dk3hQ8vTmNTLHRl8zxmKgQ0= isn't in the players list! sending a remove.
SCRIPT       : PlayerDisconnected -> PlayerListManager.RemoveEntry ► aRapBi1cCZPZAGLIDny3dk3hQ8vTmNTLHRl8zxmKgQ0=
 SCRIPT       : [MissionServer] OnMissionFinish - Server
 SCRIPT       : ~DayZGame()
