---------------------------------------------
Log D:\ModelAnti-Cheat\log_profiles\script_2026-09-15_11-31-08.log started at 15.09. 11:31:10

SCRIPT       : Module: GameLib; loaded 18x files; 26x classes; used 39/2097 kB (1%) of static memory; defines: "DAYZ_1_29,SERVER_FOR_WINDOWS,SERVER,PLATFORM_WINDOWS,RELEASE,NO_GUI,NO_GUI_INGAME,sakhal,JM_CommunityFramework,CF_MODULE_CONFIG,CF_EXPRESSION,C
SCRIPT       : Registered 349 temporary action enum(s), UAN==349
SCRIPT       : Module: Game; loaded 521x files; 1604x classes; used 4275/33554 kB (12%) of static memory; defines: "DAYZ_1_29,SERVER_FOR_WINDOWS,SERVER,PLATFORM_WINDOWS,RELEASE,NO_GUI,NO_GUI_INGAME,sakhal,JM_CommunityFramework,CF_MODULE_CONFIG,CF_EXPRESSI
SCRIPT       : ... Backlit Effects Enabled
SCRIPT       : VPPNotificationManager()
SCRIPT       : [VPPAT] Internal VPPNotifications module loaded!
SCRIPT       : [DayZ Game]:: DayZGame(): Initializing V++ Admin Tools.
SCRIPT       : Module: World; loaded 2247x files; 5867x classes; used 9519/33554 kB (28%) of static memory; defines: "DAYZ_1_29,SERVER_FOR_WINDOWS,SERVER,PLATFORM_WINDOWS,RELEASE,NO_GUI,NO_GUI_INGAME,sakhal,JM_CommunityFramework,CF_MODULE_CONFIG,CF_EXPRES
 SCRIPT       : Module: Mission; loaded 293x files; 593x classes; used 3996/33554 kB (11%) of static memory; defines: "DAYZ_1_29,SERVER_FOR_WINDOWS,SERVER,PLATFORM_WINDOWS,RELEASE,NO_GUI,NO_GUI_INGAME,sakhal,JM_CommunityFramework,CF_MODULE_CONFIG,CF_EXPRE
 SCRIPT    (W): @"$CurrentDir:mpmissions\dayzOffline.chernarusplus\init.c,54": Possible variable name conflict 'm_player'
 SCRIPT       : Module: $CurrentDir:mpmissions\dayzOffline.chernarusplus\init.c; loaded 1x files; 1x classes; used 16/1048 kB (1%) of static memory; defines: "DAYZ_1_29,SERVER_FOR_WINDOWS,SERVER,PLATFORM_WINDOWS,RELEASE,NO_GUI,NO_GUI_INGAME,sakhal,JM_Comm
 SCRIPT       : [SERVER :: Vanilla++ AdminTools Plugins Registering]
 SCRIPT       : [MissionServer] OnInit - Server
 SCRIPT       : [MissionServer] OnMissionStart - Server
 SCRIPT       : string dirtyName = 'TESTINGSERVER'
SCRIPT       : m_LoginTimeMs: 16200
 SCRIPT       : ---- PlayerBase OnStoreLoad SUCCESS ----
 SCRIPT       : [VPPAT] Player "rafaelglima79" (steamId=76561199445097358) connected to server!
 SCRIPT       : [PlayerListManager] AddReceiver ► added: PlayerIdentity<0x000001FD3F71B9C0>
SCRIPT       : [DUMMY_DEBUG] SUCESSO: Dummy criado na posicao: <2312.990234, 361.052612, 6713.759277>
SCRIPT       : DATA_LOG | 411449 | aRapBi1cCZPZAGLIDny3dk3hQ8vTmNTLHRl8zxmKgQ0= | 2312.8 | 363.689 | 6716.75 | 0.0619916 | -0.998077 | 0 | SCARH_Black | 0 | 39.9553 | 3.91355 | 0 | 1 | 1 | 0 | 0 | 0 | 0 | 1 | camera | Land_ContainerLocked_Blue_DE | 0.0619
SCRIPT       : DATA_LOG | 412178 | aRapBi1cCZPZAGLIDny3dk3hQ8vTmNTLHRl8zxmKgQ0= | 2312.8 | 363.689 | 6716.75 | 0.0619916 | -0.998077 | 0 | SCARH_Black | 0 | 16.2553 | 3.10039 | 0 | 1 | 1 | 0 | 0 | 0 | 0 | 1 | camera | Land_ContainerLocked_Blue_DE | 0.0619
SCRIPT       : DATA_LOG | 413180 | aRapBi1cCZPZAGLIDny3dk3hQ8vTmNTLHRl8zxmKgQ0= | 2312.8 | 363.689 | 6716.75 | 0.0619916 | -0.998077 | 0 | SCARH_Black | 0 | 16.2336 | 3.10353 | 0 | 1 | 1 | 0 | 0 | 0 | 0 | 1 | camera | Land_ContainerLocked_Blue_DE | 0.0619
SCRIPT       : DATA_LOG | 414183 | aRapBi1cCZPZAGLIDny3dk3hQ8vTmNTLHRl8zxmKgQ0= | 2312.8 | 363.689 | 6716.75 | 0.0619916 | -0.998077 | 0 | SCARH_Black | 0 | 16.2761 | 3.09638 | 0 | 1 | 1 | 0 | 0 | 0 | 0 | 1 | camera | Land_ContainerLocked_Blue_DE | 0.0619
SCRIPT       : DATA_LOG | 415183 | aRapBi1cCZPZAGLIDny3dk3hQ8vTmNTLHRl8zxmKgQ0= | 2312.8 | 363.689 | 6716.75 | 0.0619916 | -0.998077 | 0 | SCARH_Black | 0 | 16.1562 | 3.1114 | 0 | 1 | 1 | 0 | 0 | 0 | 0 | 1 | camera | Land_ContainerLocked_Blue_DE | 0.06199
SCRIPT       : DATA_LOG | 416181 | aRapBi1cCZPZAGLIDny3dk3hQ8vTmNTLHRl8zxmKgQ0= | 2312.8 | 363.689 | 6716.75 | 0.0619916 | -0.998077 | 0 | SCARH_Black | 0 | 16.2843 | 3.09655 | 0 | 1 | 1 | 0 | 0 | 0 | 0 | 1 | camera | Land_ContainerLocked_Blue_DE | 0.0619
SCRIPT       : DATA_LOG | 417191 | aRapBi1cCZPZAGLIDny3dk3hQ8vTmNTLHRl8zxmKgQ0= | 2312.8 | 363.689 | 6716.75 | 0.0619916 | -0.998077 | 0 | SCARH_Black | 0 | 16.2256 | 3.10305 | 0 | 1 | 1 | 0 | 0 | 0 | 0 | 1 | camera | Land_ContainerLocked_Blue_DE | 0.0619
SCRIPT       : DATA_LOG | 418188 | aRapBi1cCZPZAGLIDny3dk3hQ8vTmNTLHRl8zxmKgQ0= | 2312.8 | 363.689 | 6716.75 | 0.0619916 | -0.998077 | 0 | SCARH_Black | 0 | 16.2594 | 3.09836 | 0 | 1 | 1 | 0 | 0 | 0 | 0 | 1 | camera | Land_ContainerLocked_Blue_DE | 0.0619
SCRIPT       : DATA_LOG | 419187 | aRapBi1cCZPZAGLIDny3dk3hQ8vTmNTLHRl8zxmKgQ0= | 2312.8 | 363.689 | 6716.75 | 0.0619916 | -0.998077 | 0 | SCARH_Black | 0 | 16.2594 | 3.09947 | 0 | 1 | 1 | 0 | 0 | 0 | 0 | 1 | camera | Land_ContainerLocked_Blue_DE | 0.0619
SCRIPT       : DATA_LOG | 420191 | aRapBi1cCZPZAGLIDny3dk3hQ8vTmNTLHRl8zxmKgQ0= | 2312.8 | 363.689 | 6716.75 | 0.0619916 | -0.998077 | 0 | SCARH_Black | 0 | 16.2086 | 3.10611 | 0 | 1 | 1 | 0 | 0 | 0 | 0 | 1 | camera | Land_ContainerLocked_Blue_DE | 0.0619
SCRIPT       : DATA_LOG | 421193 | aRapBi1cCZPZAGLIDny3dk3hQ8vTmNTLHRl8zxmKgQ0= | 2312.8 | 363.689 | 6716.75 | 0.0619916 | -0.998077 | 0 | SCARH_Black | 0 | 16.2998 | 3.09429 | 0 | 1 | 1 | 0 | 0 | 0 | 0 | 1 | camera | Land_ContainerLocked_Blue_DE | 0.0619
SCRIPT       : DATA_LOG | 422196 | aRapBi1cCZPZAGLIDny3dk3hQ8vTmNTLHRl8zxmKgQ0= | 2312.8 | 363.689 | 6716.75 | 0.0619916 | -0.998077 | 0 | SCARH_Black | 0 | 16.1521 | 3.11181 | 0 | 1 | 1 | 0 | 0 | 0 | 0 | 1 | camera | Land_ContainerLocked_Blue_DE | 0.0619
SCRIPT       : DATA_LOG | 423198 | aRapBi1cCZPZAGLIDny3dk3hQ8vTmNTLHRl8zxmKgQ0= | 2312.8 | 363.689 | 6716.75 | 0.0619916 | -0.998077 | 0 | SCARH_Black | 0 | 16.264 | 3.09871 | 0 | 1 | 1 | 0 | 0 | 0 | 0 | 1 | camera | Land_ContainerLocked_Blue_DE | 0.06199
SCRIPT       : DATA_LOG | 424201 | aRapBi1cCZPZAGLIDny3dk3hQ8vTmNTLHRl8zxmKgQ0= | 2312.8 | 363.689 | 6716.75 | 0.0619916 | -0.998077 | 0 | SCARH_Black | 0 | 16.237 | 3.10177 | 0 | 1 | 1 | 0 | 0 | 0 | 0 | 1 | camera | Land_ContainerLocked_Blue_DE | 0.06199
SCRIPT       : DATA_LOG | 425194 | aRapBi1cCZPZAGLIDny3dk3hQ8vTmNTLHRl8zxmKgQ0= | 2312.8 | 363.689 | 6716.75 | 0.0619916 | -0.998077 | 0 | SCARH_Black | 0 | 16.2536 | 3.09926 | 0 | 1 | 1 | 0 | 0 | 0 | 0 | 1 | camera | Land_ContainerLocked_Blue_DE | 0.0619
SCRIPT       : DATA_LOG | 426202 | aRapBi1cCZPZAGLIDny3dk3hQ8vTmNTLHRl8zxmKgQ0= | 2312.8 | 363.689 | 6716.75 | 0.0619916 | -0.998077 | 0 | SCARH_Black | 0 | 16.2671 | 3.0981 | 0 | 1 | 1 | 0 | 0 | 0 | 0 | 1 | camera | Land_ContainerLocked_Blue_DE | 0.06199
SCRIPT       : DATA_LOG | 427192 | aRapBi1cCZPZAGLIDny3dk3hQ8vTmNTLHRl8zxmKgQ0= | 2312.8 | 363.689 | 6716.75 | 0.0619916 | -0.998077 | 0 | SCARH_Black | 0 | 16.2044 | 3.10652 | 0 | 1 | 1 | 0 | 0 | 0 | 0 | 1 | camera | Land_ContainerLocked_Blue_DE | 0.0619
SCRIPT       : DATA_LOG | 428206 | aRapBi1cCZPZAGLIDny3dk3hQ8vTmNTLHRl8zxmKgQ0= | 2312.8 | 363.689 | 6716.75 | 0.0619916 | -0.998077 | 0 | SCARH_Black | 0 | 16.3162 | 3.09306 | 0 | 1 | 1 | 0 | 0 | 0 | 0 | 1 | camera | Land_ContainerLocked_Blue_DE | 0.0619
SCRIPT       : DATA_LOG | 429214 | aRapBi1cCZPZAGLIDny3dk3hQ8vTmNTLHRl8zxmKgQ0= | 2312.8 | 363.689 | 6716.75 | 0.0619916 | -0.998077 | 0 | SCARH_Black | 0 | 16.1612 | 3.11043 | 0 | 1 | 1 | 0 | 0 | 0 | 0 | 1 | camera | Land_ContainerLocked_Blue_DE | 0.0619
SCRIPT       : DATA_LOG | 430206 | aRapBi1cCZPZAGLIDny3dk3hQ8vTmNTLHRl8zxmKgQ0= | 2312.8 | 363.689 | 6716.75 | 0.0619916 | -0.998077 | 0 | SCARH_Black | 0 | 16.2359 | 3.10172 | 0 | 1 | 1 | 0 | 0 | 0 | 0 | 1 | camera | Land_ContainerLocked_Blue_DE | 0.0619
SCRIPT       : DATA_LOG | 431216 | aRapBi1cCZPZAGLIDny3dk3hQ8vTmNTLHRl8zxmKgQ0= | 2312.8 | 363.689 | 6716.75 | 0.114726 | -0.993397 | 0 | SCARH_Black | 0 | 16.4592 | 3.10008 | 0 | 1 | 1 | 0 | 0 | 0 | 0 | 1 | camera | Land_ContainerLocked_Blue_DE | 0.11472
SCRIPT       : DATA_LOG | 432207 | aRapBi1cCZPZAGLIDny3dk3hQ8vTmNTLHRl8zxmKgQ0= | 2312.85 | 363.689 | 6717.24 | -0.192514 | -0.981294 | 0 | SCARH_Black | 0 | 19.5647 | 3.56623 | 0 | 1 | 1 | 0 | 0 | 0 | 0 | 1 | camera | Land_ContainerLocked_Blue_DE | -0.19
SCRIPT       : DATA_LOG | 433201 | aRapBi1cCZPZAGLIDny3dk3hQ8vTmNTLHRl8zxmKgQ0= | 2312.65 | 363.689 | 6717.04 | -0.659018 | 0.752128 | 0 | SCARH_Black | 0 | 142.415 | 3.38753 | 0 | 1 | 1 | 0 | 0 | 0 | 0 | 1 | camera | Land_ContainerLocked_Blue_DE | -0.659
SCRIPT       : DATA_LOG | 434219 | aRapBi1cCZPZAGLIDny3dk3hQ8vTmNTLHRl8zxmKgQ0= | 2312.53 | 363.689 | 6718.29 | 0.936248 | 0.351339 | 0 | SCARH_Black | 0 | 104.208 | 4.61609 | 0 | 1 | 1 | 0 | 0 | 0 | 0 | 1 | camera | Land_ContainerLocked_Blue_DE | 0.93624
SCRIPT       : DATA_LOG | 435225 | aRapBi1cCZPZAGLIDny3dk3hQ8vTmNTLHRl8zxmKgQ0= | 2313.27 | 363.689 | 6715.04 | 0.152112 | -0.988363 | 0 | SCARH_Black | 0 | 39.2696 | 1.54403 | 0 | 1 | 1 | 0 | 0 | 0 | 0 | 1 | camera | Land_ContainerLocked_Blue_DE | 0.1521
SCRIPT       : DATA_LOG | 436231 | aRapBi1cCZPZAGLIDny3dk3hQ8vTmNTLHRl8zxmKgQ0= | 2313.51 | 363.689 | 6713.58 | 0.155063 | -0.987905 | 0 | SCARH_Black | 1 | 105.478 | 1.02023 | 0 | 1 | 1 | 0 | 0 | 0 | 0 | 1 | camera | none | 0.155063 | 0 | -0.987905 | 0.1
SCRIPT       : DATA_LOG | 437216 | aRapBi1cCZPZAGLIDny3dk3hQ8vTmNTLHRl8zxmKgQ0= | 2313.48 | 363.689 | 6713.45 | -0.797764 | -0.60297 | 0 | SCARH_Black | 1 | 80.2078 | 1.03887 | 0 | 1 | 1 | 0 | 0 | 0 | 0 | 1 | camera | none | -0.797764 | 0 | -0.60297 | -0.
SCRIPT       : DATA_LOG | 438206 | aRapBi1cCZPZAGLIDny3dk3hQ8vTmNTLHRl8zxmKgQ0= | 2313.62 | 363.689 | 6713.15 | -0.887969 | -0.459904 | 0 | SCARH_Black | 0 | 78.2478 | 1.23625 | 0 | 1 | 1 | 0 | 0 | 0 | 0 | 1 | camera | Land_ContainerLocked_Blue_DE | -0.88
SCRIPT       : DATA_LOG | 439218 | aRapBi1cCZPZAGLIDny3dk3hQ8vTmNTLHRl8zxmKgQ0= | 2313.61 | 363.689 | 6713.15 | -0.910247 | -0.414065 | 0 | SCARH_Black | 0 | 76.3218 | 1.23027 | 0 | 1 | 1 | 0 | 0 | 0 | 0 | 1 | camera | Land_ContainerLocked_Blue_DE | -0.91
SCRIPT       : DATA_LOG | 440214 | aRapBi1cCZPZAGLIDny3dk3hQ8vTmNTLHRl8zxmKgQ0= | 2312.9 | 361.046 | 6712.02 | -0.204918 | 0.978779 | 0 | SCARH_Black | 0 | 47.0502 | 2.51065 | 0 | 1 | 1 | 0 | 0 | 0 | 0 | 1 | camera | Land_ContainerLocked_Blue_DE | -0.2049
SCRIPT       : DATA_LOG | 441226 | aRapBi1cCZPZAGLIDny3dk3hQ8vTmNTLHRl8zxmKgQ0= | 2312.89 | 361.046 | 6712.03 | -0.00614862 | 0.999981 | 0 | SCARH_Black | 0 | 45.4324 | 2.49965 | 0 | 1 | 1 | 0 | 0 | 0 | 0 | 1 | camera | Land_ContainerLocked_Blue_DE | -0.0
SCRIPT       : DATA_LOG | 442228 | aRapBi1cCZPZAGLIDny3dk3hQ8vTmNTLHRl8zxmKgQ0= | 2312.9 | 361.033 | 6711.77 | -0.0161975 | 0.999869 | 0 | SCARH_Black | 0 | 41.6759 | 2.69645 | 0 | 1 | 1 | 0 | 0 | 0 | 0 | 1 | camera | Land_ContainerLocked_Blue_DE | -0.016
SCRIPT       : DATA_LOG | 443215 | aRapBi1cCZPZAGLIDny3dk3hQ8vTmNTLHRl8zxmKgQ0= | 2313.18 | 361.046 | 6711.78 | -0.008939 | 0.99996 | 0 | SCARH_Black | 0 | 41.6685 | 2.68399 | 0 | 1 | 1 | 0 | 0 | 0 | 0 | 1 | camera | Land_ContainerLocked_Blue_DE | -0.0089
SCRIPT       : DATA_LOG | 444214 | aRapBi1cCZPZAGLIDny3dk3hQ8vTmNTLHRl8zxmKgQ0= | 2312.83 | 361.03 | 6711.77 | -0.00549602 | 0.999985 | 0 | SCARH_Black | 0 | 42.0179 | 2.69264 | 0 | 1 | 1 | 0 | 0 | 0 | 0 | 1 | camera | Land_ContainerLocked_Blue_DE | -0.00
SCRIPT       : DATA_LOG | 445216 | aRapBi1cCZPZAGLIDny3dk3hQ8vTmNTLHRl8zxmKgQ0= | 2312.91 | 361.034 | 6711.77 | -0.00323143 | 0.999995 | 0 | SCARH_Black | 0 | 41.6474 | 2.69369 | 0 | 1 | 1 | 0 | 0 | 0 | 0 | 1 | camera | Land_ContainerLocked_Blue_DE | -0.0
SCRIPT       : DATA_LOG | 446216 | aRapBi1cCZPZAGLIDny3dk3hQ8vTmNTLHRl8zxmKgQ0= | 2312.88 | 361.033 | 6711.77 | -0.00113443 | 0.999999 | 0 | SCARH_Black | 0 | 41.781 | 2.69169 | 0 | 1 | 1 | 0 | 0 | 0 | 0 | 1 | camera | Land_ContainerLocked_Blue_DE | -0.00
SCRIPT       : DATA_LOG | 447220 | aRapBi1cCZPZAGLIDny3dk3hQ8vTmNTLHRl8zxmKgQ0= | 2312.83 | 361.031 | 6711.77 | -0.00113443 | 0.999999 | 1 | SCARH_Black | 0 | 41.8012 | 2.70096 | 0 | 1 | 1 | 0 | 0 | 0 | 1 | 1 | camera | Land_ContainerLocked_Blue_DE | -0.0
SCRIPT       : DATA_LOG | 448228 | aRapBi1cCZPZAGLIDny3dk3hQ8vTmNTLHRl8zxmKgQ0= | 2312.83 | 361.031 | 6711.77 | -0.00113443 | 0.999999 | 1 | SCARH_Black | 0 | 41.8885 | 2.69613 | 0 | 1 | 1 | 0 | 0 | 0 | 1 | 1 | camera | Land_ContainerLocked_Blue_DE | -0.0
SCRIPT       : DATA_LOG | 449220 | aRapBi1cCZPZAGLIDny3dk3hQ8vTmNTLHRl8zxmKgQ0= | 2312.83 | 361.031 | 6711.77 | -0.00113443 | 0.999999 | 1 | SCARH_Black | 0 | 41.8119 | 2.6988 | 0 | 1 | 1 | 0 | 0 | 0 | 1 | 1 | camera | Land_ContainerLocked_Blue_DE | -0.00
SCRIPT       : DATA_LOG | 450223 | aRapBi1cCZPZAGLIDny3dk3hQ8vTmNTLHRl8zxmKgQ0= | 2312.83 | 361.031 | 6711.77 | -0.00113443 | 0.999999 | 1 | SCARH_Black | 0 | 41.8595 | 2.69754 | 0 | 1 | 1 | 0 | 0 | 0 | 1 | 1 | camera | Land_ContainerLocked_Blue_DE | -0.0
SCRIPT       : DATA_LOG | 451222 | aRapBi1cCZPZAGLIDny3dk3hQ8vTmNTLHRl8zxmKgQ0= | 2312.83 | 361.031 | 6711.77 | -0.00113443 | 0.999999 | 1 | SCARH_Black | 0 | 42.0252 | 2.69009 | 0 | 1 | 1 | 0 | 0 | 0 | 1 | 1 | camera | Land_ContainerLocked_Blue_DE | -0.0
SCRIPT       : DATA_LOG | 452230 | aRapBi1cCZPZAGLIDny3dk3hQ8vTmNTLHRl8zxmKgQ0= | 2312.83 | 361.031 | 6711.77 | -0.00113443 | 0.999999 | 1 | SCARH_Black | 0 | 41.7765 | 2.70058 | 0 | 1 | 1 | 0 | 0 | 0 | 1 | 1 | camera | Land_ContainerLocked_Blue_DE | -0.0
SCRIPT       : DATA_LOG | 453234 | aRapBi1cCZPZAGLIDny3dk3hQ8vTmNTLHRl8zxmKgQ0= | 2312.79 | 361.029 | 6711.77 | 0.0255626 | 0.999673 | 0 | SCARH_Black | 0 | 41.8456 | 2.6991 | 0 | 1 | 1 | 0 | 0 | 0 | 0 | 1 | camera | Land_ContainerLocked_Blue_DE | 0.02556
SCRIPT       : DATA_LOG | 454235 | aRapBi1cCZPZAGLIDny3dk3hQ8vTmNTLHRl8zxmKgQ0= | 2310.05 | 360.95 | 6713.01 | 0.663758 | 0.747948 | 0 | SCARH_Black | 0 | 44.7793 | 3.58707 | 0 | 1 | 1 | 0 | 0 | 0 | 0 | 1 | camera | Land_ContainerLocked_Blue_DE | 0.663758
SCRIPT       : DATA_LOG | 455247 | aRapBi1cCZPZAGLIDny3dk3hQ8vTmNTLHRl8zxmKgQ0= | 2307.97 | 360.825 | 6713.05 | 0.914977 | -0.403507 | 0 | SCARH_Black | 0 | 37.9405 | 5.46886 | 0 | 1 | 1 | 0 | 0 | 0 | 0 | 1 | camera | Land_ContainerLocked_Blue_DE | 0.9149
SCRIPT       : DATA_LOG | 456239 | aRapBi1cCZPZAGLIDny3dk3hQ8vTmNTLHRl8zxmKgQ0= | 2311 | 360.944 | 6711.59 | 0.945245 | 0.326362 | 0 | SCARH_Black | 0 | 41.9848 | 3.51527 | 0 | 1 | 1 | 0 | 0 | 0 | 0 | 1 | camera | Land_ContainerLocked_Blue_DE | 0.945245 |
SCRIPT       : DATA_LOG | 457242 | aRapBi1cCZPZAGLIDny3dk3hQ8vTmNTLHRl8zxmKgQ0= | 2312.98 | 361.049 | 6712.02 | 0.457867 | 0.889021 | 0 | SCARH_Black | 0 | 50.7069 | 2.50493 | 0 | 1 | 1 | 0 | 0 | 0 | 0 | 1 | camera | Land_ContainerLocked_Blue_DE | 0.45786
SCRIPT       : DATA_LOG | 458243 | aRapBi1cCZPZAGLIDny3dk3hQ8vTmNTLHRl8zxmKgQ0= | 2312.98 | 361.049 | 6712.02 | 0.457867 | 0.889021 | 0 | SCARH_Black | 0 | 51.0037 | 2.49478 | 0 | 1 | 1 | 0 | 0 | 0 | 0 | 1 | camera | Land_ContainerLocked_Blue_DE | 0.45786
SCRIPT       : DATA_LOG | 459244 | aRapBi1cCZPZAGLIDny3dk3hQ8vTmNTLHRl8zxmKgQ0= | 2312.88 | 361.029 | 6711.7 | 0.343642 | 0.939101 | 0 | SCARH_Black | 0 | 43.2461 | 2.75791 | 0 | 1 | 1 | 0 | 0 | 0 | 0 | 1 | camera | Land_ContainerLocked_Blue_DE | 0.343642
SCRIPT       : DATA_LOG | 460235 | aRapBi1cCZPZAGLIDny3dk3hQ8vTmNTLHRl8zxmKgQ0= | 2312.88 | 361.029 | 6711.7 | 0.343642 | 0.939101 | 0 | SCARH_Black | 0 | 43.3823 | 2.75302 | 0 | 1 | 1 | 0 | 0 | 0 | 0 | 1 | camera | Land_ContainerLocked_Blue_DE | 0.343642
SCRIPT       : DATA_LOG | 461236 | aRapBi1cCZPZAGLIDny3dk3hQ8vTmNTLHRl8zxmKgQ0= | 2312.88 | 361.029 | 6711.7 | 0.343642 | 0.939101 | 0 | SCARH_Black | 0 | 43.2597 | 2.75716 | 0 | 1 | 1 | 0 | 0 | 0 | 0 | 1 | camera | Land_ContainerLocked_Blue_DE | 0.343642
 SCRIPT       : [Permissions Manager] Admin (rafaelglima79) (76561199445097358) Successfully Logged in!
SCRIPT       : DATA_LOG | 462247 | aRapBi1cCZPZAGLIDny3dk3hQ8vTmNTLHRl8zxmKgQ0= | 2312.88 | 361.029 | 6711.7 | 0.343642 | 0.939101 | 0 | SCARH_Black | 0 | 43.2615 | 2.75593 | 0 | 1 | 1 | 0 | 0 | 0 | 0 | 1 | camera | Land_ContainerLocked_Blue_DE | 0.343642
SCRIPT       : DATA_LOG | 463240 | aRapBi1cCZPZAGLIDny3dk3hQ8vTmNTLHRl8zxmKgQ0= | 2312.88 | 361.029 | 6711.7 | 0.343642 | 0.939101 | 0 | SCARH_Black | 0 | 43.3562 | 2.75174 | 0 | 1 | 1 | 0 | 0 | 0 | 0 | 1 | camera | Land_ContainerLocked_Blue_DE | 0.343642
SCRIPT       : DATA_LOG | 464239 | aRapBi1cCZPZAGLIDny3dk3hQ8vTmNTLHRl8zxmKgQ0= | 2312.88 | 361.029 | 6711.7 | 0.343642 | 0.939101 | 0 | SCARH_Black | 0 | 43.2339 | 2.75913 | 0 | 1 | 1 | 0 | 0 | 0 | 0 | 1 | camera | Land_ContainerLocked_Blue_DE | 0.343642
SCRIPT       : DATA_LOG | 465241 | aRapBi1cCZPZAGLIDny3dk3hQ8vTmNTLHRl8zxmKgQ0= | 2312.88 | 361.029 | 6711.7 | 0.343642 | 0.939101 | 0 | SCARH_Black | 0 | 43.5459 | 2.74633 | 0 | 1 | 1 | 0 | 0 | 0 | 0 | 1 | camera | Land_ContainerLocked_Blue_DE | 0.343642
SCRIPT       : DATA_LOG | 466237 | aRapBi1cCZPZAGLIDny3dk3hQ8vTmNTLHRl8zxmKgQ0= | 2312.88 | 361.029 | 6711.7 | 0.343642 | 0.939101 | 0 | SCARH_Black | 0 | 43.2769 | 2.75696 | 0 | 1 | 1 | 0 | 0 | 0 | 0 | 1 | camera | Land_ContainerLocked_Blue_DE | 0.343642
SCRIPT       : DATA_LOG | 467250 | aRapBi1cCZPZAGLIDny3dk3hQ8vTmNTLHRl8zxmKgQ0= | 2312.88 | 361.029 | 6711.7 | 0.343642 | 0.939101 | 0 | SCARH_Black | 0 | 43.3617 | 2.75369 | 0 | 1 | 1 | 0 | 0 | 0 | 0 | 1 | camera | Land_ContainerLocked_Blue_DE | 0.343642
SCRIPT       : DATA_LOG | 468240 | aRapBi1cCZPZAGLIDny3dk3hQ8vTmNTLHRl8zxmKgQ0= | 2312.88 | 361.029 | 6711.7 | 0.343642 | 0.939101 | 0 | SCARH_Black | 0 | 43.2673 | 2.75676 | 0 | 1 | 1 | 0 | 0 | 0 | 0 | 1 | camera | Land_ContainerLocked_Blue_DE | 0.343642
SCRIPT       : DATA_LOG | 469246 | aRapBi1cCZPZAGLIDny3dk3hQ8vTmNTLHRl8zxmKgQ0= | 2312.88 | 361.029 | 6711.7 | 0.343642 | 0.939101 | 0 | SCARH_Black | 0 | 43.2397 | 2.75706 | 0 | 1 | 1 | 0 | 0 | 0 | 0 | 1 | camera | Land_ContainerLocked_Blue_DE | 0.343642
SCRIPT       : DATA_LOG | 470246 | aRapBi1cCZPZAGLIDny3dk3hQ8vTmNTLHRl8zxmKgQ0= | 2312.88 | 361.029 | 6711.7 | 0.343642 | 0.939101 | 0 | SCARH_Black | 0 | 43.3843 | 2.75077 | 0 | 1 | 1 | 0 | 0 | 0 | 0 | 1 | camera | Land_ContainerLocked_Blue_DE | 0.343642
SCRIPT       : DATA_LOG | 471246 | aRapBi1cCZPZAGLIDny3dk3hQ8vTmNTLHRl8zxmKgQ0= | 2312.88 | 361.029 | 6711.7 | 0.343642 | 0.939101 | 0 | SCARH_Black | 0 | 43.1897 | 2.76062 | 0 | 1 | 1 | 0 | 0 | 0 | 0 | 1 | camera | Land_ContainerLocked_Blue_DE | 0.343642
SCRIPT       : DATA_LOG | 472247 | aRapBi1cCZPZAGLIDny3dk3hQ8vTmNTLHRl8zxmKgQ0= | 2312.88 | 361.029 | 6711.7 | 0.343642 | 0.939101 | 0 | SCARH_Black | 0 | 43.5448 | 2.74667 | 0 | 1 | 1 | 0 | 0 | 0 | 0 | 1 | camera | Land_ContainerLocked_Blue_DE | 0.343642
SCRIPT       : DATA_LOG | 473260 | aRapBi1cCZPZAGLIDny3dk3hQ8vTmNTLHRl8zxmKgQ0= | 2312.88 | 361.029 | 6711.7 | 0.343642 | 0.939101 | 0 | SCARH_Black | 0 | 43.3306 | 2.75504 | 0 | 1 | 1 | 0 | 0 | 0 | 0 | 1 | camera | Land_ContainerLocked_Blue_DE | 0.343642
SCRIPT       : DATA_LOG | 474257 | aRapBi1cCZPZAGLIDny3dk3hQ8vTmNTLHRl8zxmKgQ0= | 2312.88 | 361.029 | 6711.7 | 0.343642 | 0.939101 | 0 | SCARH_Black | 0 | 43.3286 | 2.75466 | 0 | 1 | 1 | 0 | 0 | 0 | 0 | 1 | camera | Land_ContainerLocked_Blue_DE | 0.343642
SCRIPT       : DATA_LOG | 475252 | aRapBi1cCZPZAGLIDny3dk3hQ8vTmNTLHRl8zxmKgQ0= | 2312.88 | 361.029 | 6711.7 | 0.343642 | 0.939101 | 0 | SCARH_Black | 0 | 43.2977 | 2.75567 | 0 | 1 | 1 | 0 | 0 | 0 | 0 | 1 | camera | Land_ContainerLocked_Blue_DE | 0.343642
SCRIPT       : DATA_LOG | 476262 | aRapBi1cCZPZAGLIDny3dk3hQ8vTmNTLHRl8zxmKgQ0= | 2312.88 | 361.029 | 6711.7 | 0.343642 | 0.939101 | 0 | SCARH_Black | 0 | 43.2278 | 2.75779 | 0 | 1 | 1 | 0 | 0 | 0 | 0 | 1 | camera | Land_ContainerLocked_Blue_DE | 0.343642
SCRIPT       : DATA_LOG | 477263 | aRapBi1cCZPZAGLIDny3dk3hQ8vTmNTLHRl8zxmKgQ0= | 2312.88 | 361.029 | 6711.7 | 0.343642 | 0.939101 | 0 | SCARH_Black | 0 | 43.3764 | 2.75104 | 0 | 1 | 1 | 0 | 0 | 0 | 0 | 1 | camera | Land_ContainerLocked_Blue_DE | 0.343642
SCRIPT       : DATA_LOG | 478266 | aRapBi1cCZPZAGLIDny3dk3hQ8vTmNTLHRl8zxmKgQ0= | 2312.88 | 361.029 | 6711.7 | 0.343642 | 0.939101 | 0 | SCARH_Black | 0 | 43.1789 | 2.76048 | 0 | 1 | 1 | 0 | 0 | 0 | 0 | 1 | camera | Land_ContainerLocked_Blue_DE | 0.343642
SCRIPT       : DATA_LOG | 479256 | aRapBi1cCZPZAGLIDny3dk3hQ8vTmNTLHRl8zxmKgQ0= | 2312.88 | 361.029 | 6711.7 | 0.343642 | 0.939101 | 0 | SCARH_Black | 0 | 43.5015 | 2.74873 | 0 | 1 | 1 | 0 | 0 | 0 | 0 | 1 | camera | Land_ContainerLocked_Blue_DE | 0.343642
SCRIPT       : DATA_LOG | 480266 | aRapBi1cCZPZAGLIDny3dk3hQ8vTmNTLHRl8zxmKgQ0= | 2312.88 | 361.029 | 6711.7 | 0.343642 | 0.939101 | 0 | SCARH_Black | 0 | 43.3875 | 2.75274 | 0 | 1 | 1 | 0 | 0 | 0 | 0 | 1 | camera | Land_ContainerLocked_Blue_DE | 0.343642
SCRIPT       : DATA_LOG | 481257 | aRapBi1cCZPZAGLIDny3dk3hQ8vTmNTLHRl8zxmKgQ0= | 2312.88 | 361.029 | 6711.7 | 0.343642 | 0.939101 | 0 | SCARH_Black | 0 | 43.28 | 2.7563 | 0 | 1 | 1 | 0 | 0 | 0 | 0 | 1 | camera | Land_ContainerLocked_Blue_DE | 0.343642 | 
SCRIPT       : DATA_LOG | 482264 | aRapBi1cCZPZAGLIDny3dk3hQ8vTmNTLHRl8zxmKgQ0= | 2312.88 | 361.029 | 6711.7 | 0.343642 | 0.939101 | 0 | SCARH_Black | 0 | 43.3271 | 2.75482 | 0 | 1 | 1 | 0 | 0 | 0 | 0 | 1 | camera | Land_ContainerLocked_Blue_DE | 0.343642
SCRIPT       : DATA_LOG | 483264 | aRapBi1cCZPZAGLIDny3dk3hQ8vTmNTLHRl8zxmKgQ0= | 2312.88 | 361.029 | 6711.7 | 0.343642 | 0.939101 | 0 | SCARH_Black | 0 | 43.2191 | 2.75853 | 0 | 1 | 1 | 0 | 0 | 0 | 0 | 1 | camera | Land_ContainerLocked_Blue_DE | 0.343642
SCRIPT       : DATA_LOG | 484258 | aRapBi1cCZPZAGLIDny3dk3hQ8vTmNTLHRl8zxmKgQ0= | 2312.88 | 361.029 | 6711.7 | 0.343642 | 0.939101 | 0 | SCARH_Black | 0 | 43.3405 | 2.75268 | 0 | 1 | 1 | 0 | 0 | 0 | 0 | 1 | camera | Land_ContainerLocked_Blue_DE | 0.343642
SCRIPT       : DATA_LOG | 485261 | aRapBi1cCZPZAGLIDny3dk3hQ8vTmNTLHRl8zxmKgQ0= | 2312.88 | 361.029 | 6711.7 | 0.343642 | 0.939101 | 0 | SCARH_Black | 0 | 43.1984 | 2.75908 | 0 | 1 | 1 | 0 | 0 | 0 | 0 | 1 | camera | Land_ContainerLocked_Blue_DE | 0.343642
SCRIPT       : DATA_LOG | 486261 | aRapBi1cCZPZAGLIDny3dk3hQ8vTmNTLHRl8zxmKgQ0= | 2312.88 | 361.029 | 6711.7 | 0.343642 | 0.939101 | 0 | SCARH_Black | 0 | 43.4293 | 2.75182 | 0 | 1 | 1 | 0 | 0 | 0 | 0 | 1 | camera | Land_ContainerLocked_Blue_DE | 0.343642
SCRIPT       : DATA_LOG | 487272 | aRapBi1cCZPZAGLIDny3dk3hQ8vTmNTLHRl8zxmKgQ0= | 2312.88 | 361.029 | 6711.7 | 0.343642 | 0.939101 | 0 | SCARH_Black | 0 | 43.4431 | 2.75039 | 0 | 1 | 1 | 0 | 0 | 0 | 0 | 1 | camera | Land_ContainerLocked_Blue_DE | 0.343642
SCRIPT       : DATA_LOG | 488274 | aRapBi1cCZPZAGLIDny3dk3hQ8vTmNTLHRl8zxmKgQ0= | 2312.88 | 361.029 | 6711.7 | 0.343642 | 0.939101 | 0 | SCARH_Black | 0 | 43.2415 | 2.75794 | 0 | 1 | 1 | 0 | 0 | 0 | 0 | 1 | camera | Land_ContainerLocked_Blue_DE | 0.343642
SCRIPT       : DATA_LOG | 489277 | aRapBi1cCZPZAGLIDny3dk3hQ8vTmNTLHRl8zxmKgQ0= | 2312.88 | 361.029 | 6711.7 | 0.343642 | 0.939101 | 0 | SCARH_Black | 0 | 43.3537 | 2.75396 | 0 | 1 | 1 | 0 | 0 | 0 | 0 | 1 | camera | Land_ContainerLocked_Blue_DE | 0.343642
SCRIPT       : DATA_LOG | 490272 | aRapBi1cCZPZAGLIDny3dk3hQ8vTmNTLHRl8zxmKgQ0= | 2312.88 | 361.029 | 6711.7 | 0.343642 | 0.939101 | 0 | SCARH_Black | 0 | 43.2207 | 2.75889 | 0 | 1 | 1 | 0 | 0 | 0 | 0 | 1 | camera | Land_ContainerLocked_Blue_DE | 0.343642
SCRIPT       : DATA_LOG | 491279 | aRapBi1cCZPZAGLIDny3dk3hQ8vTmNTLHRl8zxmKgQ0= | 2312.88 | 361.029 | 6711.7 | 0.343642 | 0.939101 | 0 | SCARH_Black | 0 | 43.3016 | 2.75402 | 0 | 1 | 1 | 0 | 0 | 0 | 0 | 1 | camera | Land_ContainerLocked_Blue_DE | 0.343642
SCRIPT       : DATA_LOG | 492278 | aRapBi1cCZPZAGLIDny3dk3hQ8vTmNTLHRl8zxmKgQ0= | 2312.88 | 361.029 | 6711.7 | 0.343642 | 0.939101 | 0 | SCARH_Black | 0 | 43.2321 | 2.75706 | 0 | 1 | 1 | 0 | 0 | 0 | 0 | 1 | camera | Land_ContainerLocked_Blue_DE | 0.343642
SCRIPT       : DATA_LOG | 493279 | aRapBi1cCZPZAGLIDny3dk3hQ8vTmNTLHRl8zxmKgQ0= | 2312.88 | 361.029 | 6711.7 | 0.343642 | 0.939101 | 0 | SCARH_Black | 0 | 43.3535 | 2.75487 | 0 | 1 | 1 | 0 | 0 | 0 | 0 | 1 | camera | Land_ContainerLocked_Blue_DE | 0.343642
SCRIPT       : DATA_LOG | 494279 | aRapBi1cCZPZAGLIDny3dk3hQ8vTmNTLHRl8zxmKgQ0= | 2312.88 | 361.029 | 6711.7 | 0.343642 | 0.939101 | 0 | SCARH_Black | 0 | 43.4766 | 2.74904 | 0 | 1 | 1 | 0 | 0 | 0 | 0 | 1 | camera | Land_ContainerLocked_Blue_DE | 0.343642
SCRIPT       : DATA_LOG | 495271 | aRapBi1cCZPZAGLIDny3dk3hQ8vTmNTLHRl8zxmKgQ0= | 2312.88 | 361.029 | 6711.7 | 0.343642 | 0.939101 | 0 | none | 0 | 43.2336 | 2.75821 | 0 | 1 | 1 | 0 | 0 | 0 | 0 | 1 | camera | Land_ContainerLocked_Blue_DE | 0.343642 | 0 | 
SCRIPT       : DATA_LOG | 496286 | aRapBi1cCZPZAGLIDny3dk3hQ8vTmNTLHRl8zxmKgQ0= | 2312.88 | 361.029 | 6711.7 | 0.343642 | 0.939101 | 0 | none | 0 | 43.3743 | 2.75329 | 0 | 1 | 1 | 0 | 0 | 0 | 0 | 1 | camera | Land_ContainerLocked_Blue_DE | 0.343642 | 0 | 
SCRIPT       : DATA_LOG | 497283 | aRapBi1cCZPZAGLIDny3dk3hQ8vTmNTLHRl8zxmKgQ0= | 2312.88 | 361.029 | 6711.7 | 0.343642 | 0.939101 | 0 | none | 0 | 43.2286 | 2.75862 | 0 | 1 | 1 | 0 | 0 | 0 | 0 | 1 | camera | Land_ContainerLocked_Blue_DE | 0.343642 | 0 | 
SCRIPT       : DATA_LOG | 498273 | aRapBi1cCZPZAGLIDny3dk3hQ8vTmNTLHRl8zxmKgQ0= | 2312.88 | 361.029 | 6711.7 | 0.343642 | 0.939101 | 0 | none | 0 | 43.2781 | 2.75508 | 0 | 1 | 1 | 0 | 0 | 0 | 0 | 1 | camera | Land_ContainerLocked_Blue_DE | 0.343642 | 0 | 
SCRIPT       : DATA_LOG | 499274 | aRapBi1cCZPZAGLIDny3dk3hQ8vTmNTLHRl8zxmKgQ0= | 2312.88 | 361.029 | 6711.7 | 0.343642 | 0.939101 | 0 | none | 0 | 43.2717 | 2.75518 | 0 | 1 | 1 | 0 | 0 | 0 | 0 | 1 | camera | Land_ContainerLocked_Blue_DE | 0.343642 | 0 | 
SCRIPT       : DATA_LOG | 500275 | aRapBi1cCZPZAGLIDny3dk3hQ8vTmNTLHRl8zxmKgQ0= | 2312.88 | 361.029 | 6711.7 | 0.343642 | 0.939101 | 0 | none | 0 | 43.3019 | 2.75689 | 0 | 1 | 1 | 0 | 0 | 0 | 0 | 1 | camera | Land_ContainerLocked_Blue_DE | 0.343642 | 0 | 
SCRIPT       : DATA_LOG | 501287 | aRapBi1cCZPZAGLIDny3dk3hQ8vTmNTLHRl8zxmKgQ0= | 2312.88 | 361.029 | 6711.7 | 0.343642 | 0.939101 | 0 | none | 0 | 43.5182 | 2.74731 | 0 | 1 | 1 | 0 | 0 | 0 | 0 | 1 | camera | Land_ContainerLocked_Blue_DE | 0.343642 | 0 | 
SCRIPT       : DATA_LOG | 502292 | aRapBi1cCZPZAGLIDny3dk3hQ8vTmNTLHRl8zxmKgQ0= | 2312.8 | 361.001 | 6711.2 | 0.0701869 | 0.997534 | 0 | none | 1 | 35.0613 | 3.16818 | 0 | 1 | 1 | 0 | 0 | 0 | 0 | 1 | camera | target | 0.0701869 | 0 | 0.997534 | 0.0701869 
SCRIPT       : DATA_LOG | 503293 | aRapBi1cCZPZAGLIDny3dk3hQ8vTmNTLHRl8zxmKgQ0= | 2311.22 | 360.884 | 6709.56 | 0.44628 | -0.894893 | 0 | none | 1 | 126.863 | 4.97836 | 0 | 1 | 1 | 0 | 0 | 0 | 0 | 1 | camera | target | 0.44628 | 0 | -0.894893 | 0.44628 | 
SCRIPT       : DATA_LOG | 504291 | aRapBi1cCZPZAGLIDny3dk3hQ8vTmNTLHRl8zxmKgQ0= | 2312.62 | 360.795 | 6705.55 | 0.181509 | -0.983389 | 0 | none | 1 | 160.986 | 8.48886 | 0 | 1 | 1 | 0 | 0 | 0 | 0 | 1 | camera | target | 0.181509 | 0 | -0.983389 | 0.181509
SCRIPT       : DATA_LOG | 505280 | aRapBi1cCZPZAGLIDny3dk3hQ8vTmNTLHRl8zxmKgQ0= | 2313.79 | 360.396 | 6699.23 | 0.18151 | -0.983389 | 0 | none | 1 | 168.013 | 14.7776 | 0 | 1 | 1 | 0 | 0 | 0 | 0 | 1 | camera | target | 0.18151 | 0 | -0.983389 | 0.18151 | 
SCRIPT       : DATA_LOG | 506297 | aRapBi1cCZPZAGLIDny3dk3hQ8vTmNTLHRl8zxmKgQ0= | 2314.42 | 360.183 | 6695.83 | 0.18151 | -0.983389 | 0 | SVD_Wooden | 1 | 169.749 | 18.197 | 0 | 1 | 1 | 0 | 0 | 0 | 0 | 1 | camera | target | 0.18151 | 0 | -0.983389 | 0.181
SCRIPT       : DATA_LOG | 507289 | aRapBi1cCZPZAGLIDny3dk3hQ8vTmNTLHRl8zxmKgQ0= | 2315.57 | 360.002 | 6692.47 | 0.18151 | -0.983389 | 0 | SVD_Wooden | 1 | 171.704 | 21.6589 | 0 | 1 | 1 | 0 | 0 | 0 | 0 | 1 | camera | target | 0.18151 | 0 | -0.983389 | 0.18
SCRIPT       : DATA_LOG | 508288 | aRapBi1cCZPZAGLIDny3dk3hQ8vTmNTLHRl8zxmKgQ0= | 2316.12 | 359.832 | 6689.3 | 0.367373 | 0.930074 | 0 | SVD_Wooden | 1 | 29.5593 | 24.8447 | 0 | 1 | 1 | 0 | 0 | 0 | 0 | 1 | camera | target | 0.367373 | 0 | 0.930074 | 0.367
SCRIPT       : DATA_LOG | 509295 | aRapBi1cCZPZAGLIDny3dk3hQ8vTmNTLHRl8zxmKgQ0= | 2314.46 | 359.714 | 6687.23 | -0.127488 | 0.99184 | 0 | none | 1 | 7.87268 | 26.7781 | 0 | 1 | 1 | 0 | 0 | 0 | 0 | 1 | camera | target | -0.127488 | 0 | 0.99184 | -0.127488 
SCRIPT       : DATA_LOG | 510290 | aRapBi1cCZPZAGLIDny3dk3hQ8vTmNTLHRl8zxmKgQ0= | 2310.56 | 359.565 | 6686.18 | 0.0767798 | 0.997048 | 0 | none | 1 | 6.7372 | 27.8993 | 0 | 1 | 1 | 0 | 0 | 0 | 0 | 1 | camera | target | 0.0767798 | 0 | 0.997048 | 0.0767798
SCRIPT       : DATA_LOG | 511299 | aRapBi1cCZPZAGLIDny3dk3hQ8vTmNTLHRl8zxmKgQ0= | 2309.83 | 359.522 | 6685.59 | 0.0955793 | 0.995422 | 0 | none | 1 | 6.70031 | 28.5706 | 0 | 1 | 1 | 0 | 0 | 0 | 0 | 1 | camera | target | 0.0955793 | 0 | 0.995422 | 0.095579
SCRIPT       : DATA_LOG | 512291 | aRapBi1cCZPZAGLIDny3dk3hQ8vTmNTLHRl8zxmKgQ0= | 2309.83 | 359.522 | 6685.59 | 0.0955793 | 0.995422 | 0 | none | 1 | 6.70054 | 28.5703 | 0 | 1 | 1 | 0 | 0 | 0 | 0 | 1 | camera | target | 0.0955793 | 0 | 0.995422 | 0.095579
SCRIPT       : DATA_LOG | 513298 | aRapBi1cCZPZAGLIDny3dk3hQ8vTmNTLHRl8zxmKgQ0= | 2309.83 | 359.522 | 6685.59 | 0.0955793 | 0.995422 | 0 | none | 1 | 6.70335 | 28.5618 | 0 | 1 | 1 | 0 | 0 | 0 | 0 | 1 | camera | target | 0.0955793 | 0 | 0.995422 | 0.095579
SCRIPT       : DATA_LOG | 514292 | aRapBi1cCZPZAGLIDny3dk3hQ8vTmNTLHRl8zxmKgQ0= | 2309.83 | 359.522 | 6685.59 | 0.0955793 | 0.995422 | 0 | none | 1 | 6.69609 | 28.5756 | 0 | 1 | 1 | 0 | 0 | 0 | 0 | 1 | camera | target | 0.0955793 | 0 | 0.995422 | 0.095579
SCRIPT       : DATA_LOG | 515304 | aRapBi1cCZPZAGLIDny3dk3hQ8vTmNTLHRl8zxmKgQ0= | 2309.83 | 359.522 | 6685.59 | 0.0955793 | 0.995422 | 0 | none | 1 | 6.70502 | 28.5553 | 0 | 1 | 1 | 0 | 0 | 0 | 0 | 1 | camera | target | 0.0955793 | 0 | 0.995422 | 0.095579
SCRIPT       : DATA_LOG | 516303 | aRapBi1cCZPZAGLIDny3dk3hQ8vTmNTLHRl8zxmKgQ0= | 2309.83 | 359.522 | 6685.59 | 0.0955793 | 0.995422 | 0 | none | 1 | 6.69925 | 28.5687 | 0 | 1 | 1 | 0 | 0 | 0 | 0 | 1 | camera | target | 0.0955793 | 0 | 0.995422 | 0.095579
SCRIPT       : DATA_LOG | 517307 | aRapBi1cCZPZAGLIDny3dk3hQ8vTmNTLHRl8zxmKgQ0= | 2309.83 | 359.522 | 6685.59 | 0.0955793 | 0.995422 | 0 | none | 1 | 6.70013 | 28.5668 | 0 | 1 | 1 | 0 | 0 | 0 | 0 | 1 | camera | target | 0.0955793 | 0 | 0.995422 | 0.095579
SCRIPT       : DATA_LOG | 518306 | aRapBi1cCZPZAGLIDny3dk3hQ8vTmNTLHRl8zxmKgQ0= | 2309.83 | 359.522 | 6685.59 | 0.0955793 | 0.995422 | 0 | none | 1 | 6.70069 | 28.5686 | 0 | 1 | 1 | 0 | 0 | 0 | 0 | 1 | camera | target | 0.0955793 | 0 | 0.995422 | 0.095579
SCRIPT       : DATA_LOG | 519307 | aRapBi1cCZPZAGLIDny3dk3hQ8vTmNTLHRl8zxmKgQ0= | 2308.28 | 359.412 | 6683.87 | -0.342459 | -0.939533 | 0 | none | 1 | 167.259 | 30.4845 | 0 | 1 | 1 | 0 | 0 | 0 | 0 | 1 | camera | target | -0.342459 | 0 | -0.939533 | -0.342
SCRIPT       : DATA_LOG | 520314 | aRapBi1cCZPZAGLIDny3dk3hQ8vTmNTLHRl8zxmKgQ0= | 2307.3 | 359.155 | 6677.46 | -0.064214 | -0.997936 | 0 | none | 1 | 172.252 | 36.9447 | 0 | 1 | 1 | 0 | 0 | 0 | 0 | 1 | camera | target | -0.064214 | 0 | -0.997936 | -0.0642
SCRIPT       : DATA_LOG | 521303 | aRapBi1cCZPZAGLIDny3dk3hQ8vTmNTLHRl8zxmKgQ0= | 2307.34 | 358.835 | 6670.74 | -0.0634657 | -0.997984 | 0 | none | 1 | 173.488 | 43.6108 | 0 | 1 | 1 | 0 | 0 | 0 | 0 | 1 | camera | target | -0.0634657 | 0 | -0.997984 | -0.0
SCRIPT       : DATA_LOG | 522350 | aRapBi1cCZPZAGLIDny3dk3hQ8vTmNTLHRl8zxmKgQ0= | 2306.96 | 358.384 | 6664.02 | -0.0634657 | -0.997984 | 0 | none | 1 | 173.968 | 50.3172 | 0 | 1 | 1 | 0 | 0 | 0 | 0 | 1 | camera | target | -0.0634657 | 0 | -0.997984 | -0.0
SCRIPT       : DATA_LOG | 523310 | aRapBi1cCZPZAGLIDny3dk3hQ8vTmNTLHRl8zxmKgQ0= | 2306.21 | 357.818 | 6657.33 | -0.0634657 | -0.997984 | 0 | none | 1 | 174.025 | 57.078 | 0 | 1 | 1 | 0 | 0 | 0 | 0 | 1 | camera | target | -0.0634657 | 0 | -0.997984 | -0.06
SCRIPT       : DATA_LOG | 524306 | aRapBi1cCZPZAGLIDny3dk3hQ8vTmNTLHRl8zxmKgQ0= | 2305.76 | 357.144 | 6650.63 | -0.0634657 | -0.997984 | 0 | none | 0 | 174.128 | 63.8263 | 0 | 1 | 1 | 0 | 0 | 0 | 0 | 1 | camera |  | -0.0634657 | 0 | -0.997984 | -0.0634657
SCRIPT       : DATA_LOG | 525314 | aRapBi1cCZPZAGLIDny3dk3hQ8vTmNTLHRl8zxmKgQ0= | 2303.7 | 356.324 | 6644.41 | 0.00636445 | -0.99998 | 0 | none | 0 | 170.408 | 70.2976 | 0 | 1 | 1 | 0 | 0 | 0 | 0 | 1 | camera |  | 0.00636445 | 0 | -0.99998 | 0.00636445 | 
SCRIPT       : DATA_LOG | 526313 | aRapBi1cCZPZAGLIDny3dk3hQ8vTmNTLHRl8zxmKgQ0= | 2305.44 | 356.061 | 6641.57 | 0.354339 | 0.935117 | 0 | none | 0 | 15.6758 | 72.9311 | 0 | 1 | 1 | 0 | 0 | 0 | 0 | 1 | camera |  | 0.354339 | 0 | 0.935117 | 0.354339 | 0 | 0
SCRIPT       : DATA_LOG | 527324 | aRapBi1cCZPZAGLIDny3dk3hQ8vTmNTLHRl8zxmKgQ0= | 2308.91 | 356.21 | 6641.11 | -0.356438 | -0.934319 | 0 | none | 0 | 161.621 | 73.088 | 0 | 1 | 1 | 0 | 0 | 0 | 0 | 1 | camera |  | -0.356438 | 0 | -0.934319 | -0.356438 | 0 
SCRIPT       : DATA_LOG | 528315 | aRapBi1cCZPZAGLIDny3dk3hQ8vTmNTLHRl8zxmKgQ0= | 2311.45 | 356.678 | 6643.75 | -0.0807206 | -0.996737 | 0 | none | 0 | 173.972 | 70.331 | 0 | 1 | 1 | 0 | 0 | 0 | 0 | 1 | camera |  | -0.0807206 | 0 | -0.996737 | -0.0807206 
SCRIPT       : DATA_LOG | 529323 | aRapBi1cCZPZAGLIDny3dk3hQ8vTmNTLHRl8zxmKgQ0= | 2314.19 | 357.077 | 6646.06 | -0.083524 | -0.996506 | 0 | none | 0 | 172.448 | 67.9734 | 0 | 1 | 1 | 0 | 0 | 0 | 0 | 1 | camera |  | -0.083524 | 0 | -0.996506 | -0.083524 | 
SCRIPT       : DATA_LOG | 530316 | aRapBi1cCZPZAGLIDny3dk3hQ8vTmNTLHRl8zxmKgQ0= | 2317.83 | 357.329 | 6646.9 | -0.0835259 | -0.996506 | 0 | none | 0 | 169.939 | 67.2766 | 0 | 1 | 1 | 0 | 0 | 0 | 0 | 1 | camera |  | -0.0835259 | 0 | -0.996506 | -0.0835259 
SCRIPT       : DATA_LOG | 531327 | aRapBi1cCZPZAGLIDny3dk3hQ8vTmNTLHRl8zxmKgQ0= | 2320.87 | 357.641 | 6648.92 | -0.0906565 | -0.995882 | 0 | none | 0 | 167.083 | 65.5434 | 0 | 1 | 1 | 0 | 0 | 0 | 0 | 1 | camera |  | -0.0906565 | 0 | -0.995882 | -0.0906565
SCRIPT       : DATA_LOG | 532329 | aRapBi1cCZPZAGLIDny3dk3hQ8vTmNTLHRl8zxmKgQ0= | 2323.67 | 358.006 | 6651.24 | -0.09066 | -0.995882 | 0 | none | 0 | 164.516 | 63.624 | 0 | 1 | 1 | 0 | 0 | 0 | 0 | 1 | camera |  | -0.09066 | 0 | -0.995882 | -0.09066 | 0 | 
SCRIPT       : DATA_LOG | 533322 | aRapBi1cCZPZAGLIDny3dk3hQ8vTmNTLHRl8zxmKgQ0= | 2326.45 | 358.313 | 6653.55 | -0.09066 | -0.995882 | 0 | none | 0 | 161.755 | 61.8851 | 0 | 1 | 1 | 0 | 0 | 0 | 0 | 1 | camera |  | -0.09066 | 0 | -0.995882 | -0.09066 | 0 |
SCRIPT       : DATA_LOG | 534333 | aRapBi1cCZPZAGLIDny3dk3hQ8vTmNTLHRl8zxmKgQ0= | 2328.5 | 358.497 | 6655.25 | -0.09066 | -0.995882 | 0 | none | 0 | 159.579 | 60.7021 | 0 | 1 | 1 | 0 | 0 | 0 | 0 | 1 | camera |  | -0.09066 | 0 | -0.995882 | -0.09066 | 0 | 
SCRIPT       : DATA_LOG | 535325 | aRapBi1cCZPZAGLIDny3dk3hQ8vTmNTLHRl8zxmKgQ0= | 2328.5 | 358.497 | 6655.25 | -0.09066 | -0.995882 | 0 | none | 0 | 159.581 | 60.7086 | 0 | 1 | 1 | 0 | 0 | 0 | 0 | 1 | camera |  | -0.09066 | 0 | -0.995882 | -0.09066 | 0 | 
SCRIPT       : DATA_LOG | 536335 | aRapBi1cCZPZAGLIDny3dk3hQ8vTmNTLHRl8zxmKgQ0= | 2328.5 | 358.497 | 6655.25 | -0.09066 | -0.995882 | 0 | none | 0 | 159.574 | 60.7037 | 0 | 1 | 1 | 0 | 0 | 0 | 0 | 1 | camera |  | -0.09066 | 0 | -0.995882 | -0.09066 | 0 | 
SCRIPT       : DATA_LOG | 537324 | aRapBi1cCZPZAGLIDny3dk3hQ8vTmNTLHRl8zxmKgQ0= | 2328.5 | 358.497 | 6655.25 | -0.09066 | -0.995882 | 0 | none | 0 | 159.571 | 60.6983 | 0 | 1 | 1 | 0 | 0 | 0 | 0 | 1 | camera |  | -0.09066 | 0 | -0.995882 | -0.09066 | 0 | 
SCRIPT       : DATA_LOG | 538325 | aRapBi1cCZPZAGLIDny3dk3hQ8vTmNTLHRl8zxmKgQ0= | 2328.5 | 358.497 | 6655.25 | -0.09066 | -0.995882 | 0 | none | 0 | 159.58 | 60.7095 | 0 | 1 | 1 | 0 | 0 | 0 | 0 | 1 | camera |  | -0.09066 | 0 | -0.995882 | -0.09066 | 0 | -
SCRIPT       : DATA_LOG | 539334 | aRapBi1cCZPZAGLIDny3dk3hQ8vTmNTLHRl8zxmKgQ0= | 2328.5 | 358.497 | 6655.25 | -0.09066 | -0.995882 | 0 | none | 0 | 159.574 | 60.704 | 0 | 1 | 1 | 0 | 0 | 0 | 0 | 1 | camera |  | -0.09066 | 0 | -0.995882 | -0.09066 | 0 | -
SCRIPT       : DATA_LOG | 540331 | aRapBi1cCZPZAGLIDny3dk3hQ8vTmNTLHRl8zxmKgQ0= | 2328.5 | 358.497 | 6655.25 | -0.09066 | -0.995882 | 0 | none | 0 | 159.582 | 60.7084 | 0 | 1 | 1 | 0 | 0 | 0 | 0 | 1 | camera |  | -0.09066 | 0 | -0.995882 | -0.09066 | 0 | 
SCRIPT       : DATA_LOG | 541335 | aRapBi1cCZPZAGLIDny3dk3hQ8vTmNTLHRl8zxmKgQ0= | 2328.5 | 358.497 | 6655.25 | -0.09066 | -0.995882 | 0 | none | 0 | 159.58 | 60.7038 | 0 | 1 | 1 | 0 | 0 | 0 | 0 | 1 | camera |  | -0.09066 | 0 | -0.995882 | -0.09066 | 0 | -
SCRIPT       : DATA_LOG | 542336 | aRapBi1cCZPZAGLIDny3dk3hQ8vTmNTLHRl8zxmKgQ0= | 2328.5 | 358.497 | 6655.25 | -0.09066 | -0.995882 | 0 | none | 0 | 159.581 | 60.7057 | 0 | 1 | 1 | 0 | 0 | 0 | 0 | 1 | camera |  | -0.09066 | 0 | -0.995882 | -0.09066 | 0 | 
SCRIPT       : DATA_LOG | 543336 | aRapBi1cCZPZAGLIDny3dk3hQ8vTmNTLHRl8zxmKgQ0= | 2328.5 | 358.497 | 6655.25 | -0.09066 | -0.995882 | 0 | none | 0 | 159.576 | 60.7075 | 0 | 1 | 1 | 0 | 0 | 0 | 0 | 1 | camera |  | -0.09066 | 0 | -0.995882 | -0.09066 | 0 | 
SCRIPT       : DATA_LOG | 544342 | aRapBi1cCZPZAGLIDny3dk3hQ8vTmNTLHRl8zxmKgQ0= | 2328.5 | 358.497 | 6655.25 | -0.09066 | -0.995882 | 0 | none | 0 | 159.57 | 60.6957 | 0 | 1 | 1 | 0 | 0 | 0 | 0 | 1 | camera |  | -0.09066 | 0 | -0.995882 | -0.09066 | 0 | -
SCRIPT       : DATA_LOG | 545337 | aRapBi1cCZPZAGLIDny3dk3hQ8vTmNTLHRl8zxmKgQ0= | 2328.5 | 358.497 | 6655.25 | -0.09066 | -0.995882 | 0 | none | 0 | 159.58 | 60.7095 | 0 | 1 | 1 | 0 | 0 | 0 | 0 | 1 | camera |  | -0.09066 | 0 | -0.995882 | -0.09066 | 0 | -
SCRIPT       : DATA_LOG | 546343 | aRapBi1cCZPZAGLIDny3dk3hQ8vTmNTLHRl8zxmKgQ0= | 2328.5 | 358.497 | 6655.25 | -0.09066 | -0.995882 | 0 | none | 0 | 159.574 | 60.703 | 0 | 1 | 1 | 0 | 0 | 0 | 0 | 1 | camera |  | -0.09066 | 0 | -0.995882 | -0.09066 | 0 | -
SCRIPT       : DATA_LOG | 547343 | aRapBi1cCZPZAGLIDny3dk3hQ8vTmNTLHRl8zxmKgQ0= | 2328.5 | 358.497 | 6655.25 | -0.09066 | -0.995882 | 0 | none | 0 | 159.581 | 60.707 | 0 | 1 | 1 | 0 | 0 | 0 | 0 | 1 | camera |  | -0.09066 | 0 | -0.995882 | -0.09066 | 0 | -
SCRIPT       : DATA_LOG | 548345 | aRapBi1cCZPZAGLIDny3dk3hQ8vTmNTLHRl8zxmKgQ0= | 2328.5 | 358.497 | 6655.25 | -0.09066 | -0.995882 | 0 | none | 0 | 159.581 | 60.7045 | 0 | 1 | 1 | 0 | 0 | 0 | 0 | 1 | camera |  | -0.09066 | 0 | -0.995882 | -0.09066 | 0 | 
SCRIPT       : DATA_LOG | 549337 | aRapBi1cCZPZAGLIDny3dk3hQ8vTmNTLHRl8zxmKgQ0= | 2328.5 | 358.497 | 6655.25 | -0.09066 | -0.995882 | 0 | none | 0 | 159.579 | 60.7012 | 0 | 1 | 1 | 0 | 0 | 0 | 0 | 1 | camera |  | -0.09066 | 0 | -0.995882 | -0.09066 | 0 | 
SCRIPT       : DATA_LOG | 550347 | aRapBi1cCZPZAGLIDny3dk3hQ8vTmNTLHRl8zxmKgQ0= | 2328.5 | 358.497 | 6655.25 | -0.09066 | -0.995882 | 0 | none | 0 | 159.579 | 60.7098 | 0 | 1 | 1 | 0 | 0 | 0 | 0 | 1 | camera |  | -0.09066 | 0 | -0.995882 | -0.09066 | 0 | 
SCRIPT       : DATA_LOG | 551334 | aRapBi1cCZPZAGLIDny3dk3hQ8vTmNTLHRl8zxmKgQ0= | 2328.5 | 358.497 | 6655.25 | -0.09066 | -0.995882 | 0 | none | 0 | 159.569 | 60.6945 | 0 | 1 | 1 | 0 | 0 | 0 | 0 | 1 | camera |  | -0.09066 | 0 | -0.995882 | -0.09066 | 0 | 
SCRIPT       : DATA_LOG | 552341 | aRapBi1cCZPZAGLIDny3dk3hQ8vTmNTLHRl8zxmKgQ0= | 2328.5 | 358.497 | 6655.25 | -0.09066 | -0.995882 | 0 | none | 0 | 159.579 | 60.7088 | 0 | 1 | 1 | 0 | 0 | 0 | 0 | 1 | camera |  | -0.09066 | 0 | -0.995882 | -0.09066 | 0 | 
SCRIPT       : DATA_LOG | 553353 | aRapBi1cCZPZAGLIDny3dk3hQ8vTmNTLHRl8zxmKgQ0= | 2328.5 | 358.497 | 6655.25 | -0.09066 | -0.995882 | 0 | none | 0 | 159.574 | 60.703 | 0 | 1 | 1 | 0 | 0 | 0 | 0 | 1 | camera |  | -0.09066 | 0 | -0.995882 | -0.09066 | 0 | -
SCRIPT       : DATA_LOG | 554356 | aRapBi1cCZPZAGLIDny3dk3hQ8vTmNTLHRl8zxmKgQ0= | 2328.5 | 358.497 | 6655.25 | -0.09066 | -0.995882 | 0 | none | 0 | 159.581 | 60.7067 | 0 | 1 | 1 | 0 | 0 | 0 | 0 | 1 | camera |  | -0.09066 | 0 | -0.995882 | -0.09066 | 0 | 
SCRIPT       : DATA_LOG | 555350 | aRapBi1cCZPZAGLIDny3dk3hQ8vTmNTLHRl8zxmKgQ0= | 2328.5 | 358.497 | 6655.25 | -0.09066 | -0.995882 | 0 | none | 0 | 159.582 | 60.7054 | 0 | 1 | 1 | 0 | 0 | 0 | 0 | 1 | camera |  | -0.09066 | 0 | -0.995882 | -0.09066 | 0 | 
SCRIPT       : DATA_LOG | 556342 | aRapBi1cCZPZAGLIDny3dk3hQ8vTmNTLHRl8zxmKgQ0= | 2328.5 | 358.497 | 6655.25 | -0.09066 | -0.995882 | 0 | none | 0 | 159.578 | 60.699 | 0 | 1 | 1 | 0 | 0 | 0 | 0 | 1 | camera |  | -0.09066 | 0 | -0.995882 | -0.09066 | 0 | -
SCRIPT       : DATA_LOG | 557347 | aRapBi1cCZPZAGLIDny3dk3hQ8vTmNTLHRl8zxmKgQ0= | 2328.5 | 358.497 | 6655.25 | -0.09066 | -0.995882 | 0 | none | 0 | 159.58 | 60.7114 | 0 | 1 | 1 | 0 | 0 | 0 | 0 | 1 | camera |  | -0.09066 | 0 | -0.995882 | -0.09066 | 0 | -
SCRIPT       : DATA_LOG | 558354 | aRapBi1cCZPZAGLIDny3dk3hQ8vTmNTLHRl8zxmKgQ0= | 2328.5 | 358.497 | 6655.25 | -0.09066 | -0.995882 | 0 | none | 0 | 159.568 | 60.6946 | 0 | 1 | 1 | 0 | 0 | 0 | 0 | 1 | camera |  | -0.09066 | 0 | -0.995882 | -0.09066 | 0 | 
SCRIPT       : DATA_LOG | 559362 | aRapBi1cCZPZAGLIDny3dk3hQ8vTmNTLHRl8zxmKgQ0= | 2328.5 | 358.497 | 6655.25 | -0.09066 | -0.995882 | 0 | none | 0 | 159.577 | 60.7071 | 0 | 1 | 1 | 0 | 0 | 0 | 0 | 1 | camera |  | -0.09066 | 0 | -0.995882 | -0.09066 | 0 | 
SCRIPT       : DATA_LOG | 560353 | aRapBi1cCZPZAGLIDny3dk3hQ8vTmNTLHRl8zxmKgQ0= | 2328.5 | 358.497 | 6655.25 | -0.09066 | -0.995882 | 0 | none | 0 | 159.576 | 60.7041 | 0 | 1 | 1 | 0 | 0 | 0 | 0 | 1 | camera |  | -0.09066 | 0 | -0.995882 | -0.09066 | 0 | 
SCRIPT       : DATA_LOG | 561351 | aRapBi1cCZPZAGLIDny3dk3hQ8vTmNTLHRl8zxmKgQ0= | 2328.5 | 358.497 | 6655.25 | -0.09066 | -0.995882 | 0 | none | 0 | 159.58 | 60.7059 | 0 | 1 | 1 | 0 | 0 | 0 | 0 | 1 | camera |  | -0.09066 | 0 | -0.995882 | -0.09066 | 0 | -
SCRIPT       : DATA_LOG | 562368 | aRapBi1cCZPZAGLIDny3dk3hQ8vTmNTLHRl8zxmKgQ0= | 2328.5 | 358.497 | 6655.25 | -0.09066 | -0.995882 | 0 | none | 0 | 159.583 | 60.7067 | 0 | 1 | 1 | 0 | 0 | 0 | 0 | 1 | camera |  | -0.09066 | 0 | -0.995882 | -0.09066 | 0 | 
SCRIPT       : DATA_LOG | 563358 | aRapBi1cCZPZAGLIDny3dk3hQ8vTmNTLHRl8zxmKgQ0= | 2328.5 | 358.497 | 6655.25 | -0.09066 | -0.995882 | 0 | none | 0 | 159.577 | 60.6987 | 0 | 1 | 1 | 0 | 0 | 0 | 0 | 1 | camera |  | -0.09066 | 0 | -0.995882 | -0.09066 | 0 | 
SCRIPT       : DATA_LOG | 564362 | aRapBi1cCZPZAGLIDny3dk3hQ8vTmNTLHRl8zxmKgQ0= | 2328.5 | 358.497 | 6655.25 | -0.09066 | -0.995882 | 0 | none | 0 | 159.581 | 60.7127 | 0 | 1 | 1 | 0 | 0 | 0 | 0 | 1 | camera |  | -0.09066 | 0 | -0.995882 | -0.09066 | 0 | 
SCRIPT       : DATA_LOG | 565364 | aRapBi1cCZPZAGLIDny3dk3hQ8vTmNTLHRl8zxmKgQ0= | 2328.5 | 358.497 | 6655.25 | -0.09066 | -0.995882 | 0 | none | 0 | 159.569 | 60.696 | 0 | 1 | 1 | 0 | 0 | 0 | 0 | 1 | camera |  | -0.09066 | 0 | -0.995882 | -0.09066 | 0 | -
SCRIPT       : DATA_LOG | 566363 | aRapBi1cCZPZAGLIDny3dk3hQ8vTmNTLHRl8zxmKgQ0= | 2328.5 | 358.497 | 6655.25 | -0.09066 | -0.995882 | 0 | none | 0 | 159.576 | 60.7047 | 0 | 1 | 1 | 0 | 0 | 0 | 0 | 1 | camera |  | -0.09066 | 0 | -0.995882 | -0.09066 | 0 | 
SCRIPT       : DATA_LOG | 567362 | aRapBi1cCZPZAGLIDny3dk3hQ8vTmNTLHRl8zxmKgQ0= | 2328.5 | 358.497 | 6655.25 | -0.09066 | -0.995882 | 0 | none | 0 | 159.577 | 60.7057 | 0 | 1 | 1 | 0 | 0 | 0 | 0 | 1 | camera |  | -0.09066 | 0 | -0.995882 | -0.09066 | 0 | 
SCRIPT       : DATA_LOG | 568367 | aRapBi1cCZPZAGLIDny3dk3hQ8vTmNTLHRl8zxmKgQ0= | 2328.5 | 358.497 | 6655.25 | -0.09066 | -0.995882 | 0 | none | 0 | 159.578 | 60.7049 | 0 | 1 | 1 | 0 | 0 | 0 | 0 | 1 | camera |  | -0.09066 | 0 | -0.995882 | -0.09066 | 0 | 
SCRIPT       : DATA_LOG | 569363 | aRapBi1cCZPZAGLIDny3dk3hQ8vTmNTLHRl8zxmKgQ0= | 2328.5 | 358.497 | 6655.25 | -0.09066 | -0.995882 | 0 | none | 0 | 159.583 | 60.7077 | 0 | 1 | 1 | 0 | 0 | 0 | 0 | 1 | camera |  | -0.09066 | 0 | -0.995882 | -0.09066 | 0 | 
SCRIPT       : DATA_LOG | 570362 | aRapBi1cCZPZAGLIDny3dk3hQ8vTmNTLHRl8zxmKgQ0= | 2328.5 | 358.497 | 6655.25 | -0.09066 | -0.995882 | 0 | none | 0 | 159.578 | 60.7 | 0 | 1 | 1 | 0 | 0 | 0 | 0 | 1 | camera |  | -0.09066 | 0 | -0.995882 | -0.09066 | 0 | -0.
SCRIPT       : DATA_LOG | 571367 | aRapBi1cCZPZAGLIDny3dk3hQ8vTmNTLHRl8zxmKgQ0= | 2328.5 | 358.497 | 6655.25 | -0.09066 | -0.995882 | 0 | none | 0 | 159.581 | 60.7115 | 0 | 1 | 1 | 0 | 0 | 0 | 0 | 1 | camera |  | -0.09066 | 0 | -0.995882 | -0.09066 | 0 | 
SCRIPT       : DATA_LOG | 572364 | aRapBi1cCZPZAGLIDny3dk3hQ8vTmNTLHRl8zxmKgQ0= | 2328.5 | 358.497 | 6655.25 | -0.09066 | -0.995882 | 0 | none | 0 | 159.57 | 60.6991 | 0 | 1 | 1 | 0 | 0 | 0 | 0 | 1 | camera |  | -0.09066 | 0 | -0.995882 | -0.09066 | 0 | -
SCRIPT       : DATA_LOG | 573365 | aRapBi1cCZPZAGLIDny3dk3hQ8vTmNTLHRl8zxmKgQ0= | 2328.5 | 358.497 | 6655.25 | -0.09066 | -0.995882 | 0 | none | 0 | 159.573 | 60.7012 | 0 | 1 | 1 | 0 | 0 | 0 | 0 | 1 | camera |  | -0.09066 | 0 | -0.995882 | -0.09066 | 0 | 
SCRIPT       : DATA_LOG | 574364 | aRapBi1cCZPZAGLIDny3dk3hQ8vTmNTLHRl8zxmKgQ0= | 2328.5 | 358.497 | 6655.25 | -0.09066 | -0.995882 | 0 | none | 0 | 159.579 | 60.7077 | 0 | 1 | 1 | 0 | 0 | 0 | 0 | 1 | camera |  | -0.09066 | 0 | -0.995882 | -0.09066 | 0 | 
SCRIPT       : DATA_LOG | 575377 | aRapBi1cCZPZAGLIDny3dk3hQ8vTmNTLHRl8zxmKgQ0= | 2328.5 | 358.497 | 6655.25 | -0.09066 | -0.995882 | 0 | none | 0 | 159.576 | 60.7045 | 0 | 1 | 1 | 0 | 0 | 0 | 0 | 1 | camera |  | -0.09066 | 0 | -0.995882 | -0.09066 | 0 | 
SCRIPT       : DATA_LOG | 576375 | aRapBi1cCZPZAGLIDny3dk3hQ8vTmNTLHRl8zxmKgQ0= | 2328.5 | 358.497 | 6655.25 | -0.09066 | -0.995882 | 0 | none | 0 | 159.582 | 60.7087 | 0 | 1 | 1 | 0 | 0 | 0 | 0 | 1 | camera |  | -0.09066 | 0 | -0.995882 | -0.09066 | 0 | 
SCRIPT       : DATA_LOG | 577375 | aRapBi1cCZPZAGLIDny3dk3hQ8vTmNTLHRl8zxmKgQ0= | 2328.5 | 358.497 | 6655.25 | -0.09066 | -0.995882 | 0 | none | 0 | 159.579 | 60.7018 | 0 | 1 | 1 | 0 | 0 | 0 | 0 | 1 | camera |  | -0.09066 | 0 | -0.995882 | -0.09066 | 0 | 
SCRIPT       : DATA_LOG | 578372 | aRapBi1cCZPZAGLIDny3dk3hQ8vTmNTLHRl8zxmKgQ0= | 2328.5 | 358.497 | 6655.25 | -0.09066 | -0.995882 | 0 | none | 0 | 159.581 | 60.7095 | 0 | 1 | 1 | 0 | 0 | 0 | 0 | 1 | camera |  | -0.09066 | 0 | -0.995882 | -0.09066 | 0 | 
SCRIPT       : DATA_LOG | 579375 | aRapBi1cCZPZAGLIDny3dk3hQ8vTmNTLHRl8zxmKgQ0= | 2328.5 | 358.497 | 6655.25 | -0.09066 | -0.995882 | 0 | none | 0 | 159.573 | 60.7029 | 0 | 1 | 1 | 0 | 0 | 0 | 0 | 1 | camera |  | -0.09066 | 0 | -0.995882 | -0.09066 | 0 | 
SCRIPT       : DATA_LOG | 580375 | aRapBi1cCZPZAGLIDny3dk3hQ8vTmNTLHRl8zxmKgQ0= | 2328.5 | 358.497 | 6655.25 | -0.09066 | -0.995882 | 0 | none | 0 | 159.572 | 60.6987 | 0 | 1 | 1 | 0 | 0 | 0 | 0 | 1 | camera |  | -0.09066 | 0 | -0.995882 | -0.09066 | 0 | 
SCRIPT       : DATA_LOG | 581376 | aRapBi1cCZPZAGLIDny3dk3hQ8vTmNTLHRl8zxmKgQ0= | 2328.5 | 358.497 | 6655.25 | -0.09066 | -0.995882 | 0 | none | 0 | 159.58 | 60.7095 | 0 | 1 | 1 | 0 | 0 | 0 | 0 | 1 | camera |  | -0.09066 | 0 | -0.995882 | -0.09066 | 0 | -
SCRIPT       : DATA_LOG | 582369 | aRapBi1cCZPZAGLIDny3dk3hQ8vTmNTLHRl8zxmKgQ0= | 2328.5 | 358.497 | 6655.25 | -0.09066 | -0.995882 | 0 | none | 0 | 159.575 | 60.7043 | 0 | 1 | 1 | 0 | 0 | 0 | 0 | 1 | camera |  | -0.09066 | 0 | -0.995882 | -0.09066 | 0 | 
SCRIPT       : DATA_LOG | 583380 | aRapBi1cCZPZAGLIDny3dk3hQ8vTmNTLHRl8zxmKgQ0= | 2328.5 | 358.497 | 6655.25 | -0.09066 | -0.995882 | 0 | none | 0 | 159.582 | 60.7089 | 0 | 1 | 1 | 0 | 0 | 0 | 0 | 1 | camera |  | -0.09066 | 0 | -0.995882 | -0.09066 | 0 | 
SCRIPT       : DATA_LOG | 584400 | aRapBi1cCZPZAGLIDny3dk3hQ8vTmNTLHRl8zxmKgQ0= | 2328.5 | 358.497 | 6655.25 | -0.09066 | -0.995882 | 0 | none | 0 | 159.58 | 60.7029 | 0 | 1 | 1 | 0 | 0 | 0 | 0 | 1 | camera |  | -0.09066 | 0 | -0.995882 | -0.09066 | 0 | -
SCRIPT       : DATA_LOG | 585390 | aRapBi1cCZPZAGLIDny3dk3hQ8vTmNTLHRl8zxmKgQ0= | 2328.5 | 358.497 | 6655.25 | -0.09066 | -0.995882 | 0 | none | 0 | 159.581 | 60.7071 | 0 | 1 | 1 | 0 | 0 | 0 | 0 | 1 | camera |  | -0.09066 | 0 | -0.995882 | -0.09066 | 0 | 
SCRIPT       : DATA_LOG | 586391 | aRapBi1cCZPZAGLIDny3dk3hQ8vTmNTLHRl8zxmKgQ0= | 2328.22 | 358.257 | 6652.65 | -0.109785 | -0.993955 | 0 | none | 0 | 159.318 | 63.1684 | 0 | 1 | 1 | 0 | 0 | 0 | 0 | 1 | camera |  | -0.109785 | 0 | -0.993955 | -0.109785 | 
SCRIPT       : DATA_LOG | 587391 | aRapBi1cCZPZAGLIDny3dk3hQ8vTmNTLHRl8zxmKgQ0= | 2327.51 | 357.493 | 6646.19 | -0.109835 | -0.99395 | 0 | none | 0 | 161.082 | 69.3307 | 0 | 1 | 1 | 0 | 0 | 0 | 0 | 1 | camera |  | -0.109835 | 0 | -0.99395 | -0.109835 | 0 
SCRIPT       : DATA_LOG | 588379 | aRapBi1cCZPZAGLIDny3dk3hQ8vTmNTLHRl8zxmKgQ0= | 2327.31 | 357.291 | 6644.54 | -0.132386 | -0.991198 | 0 | none | 0 | 160.231 | 70.9229 | 0 | 1 | 1 | 0 | 0 | 0 | 0 | 1 | camera |  | -0.132386 | 0 | -0.991198 | -0.132386 | 
SCRIPT       : DATA_LOG | 589385 | aRapBi1cCZPZAGLIDny3dk3hQ8vTmNTLHRl8zxmKgQ0= | 2327.31 | 357.291 | 6644.54 | -0.132386 | -0.991198 | 0 | none | 0 | 160.226 | 70.9156 | 0 | 1 | 1 | 0 | 0 | 0 | 0 | 1 | camera |  | -0.132386 | 0 | -0.991198 | -0.132386 | 
SCRIPT       : DATA_LOG | 590384 | aRapBi1cCZPZAGLIDny3dk3hQ8vTmNTLHRl8zxmKgQ0= | 2327.31 | 357.291 | 6644.54 | -0.132386 | -0.991198 | 0 | none | 0 | 160.232 | 70.921 | 0 | 1 | 1 | 0 | 0 | 0 | 0 | 1 | camera |  | -0.132386 | 0 | -0.991198 | -0.132386 | 0
SCRIPT       : DATA_LOG | 591389 | aRapBi1cCZPZAGLIDny3dk3hQ8vTmNTLHRl8zxmKgQ0= | 2327.31 | 357.291 | 6644.54 | -0.132386 | -0.991198 | 0 | none | 0 | 160.232 | 70.9176 | 0 | 1 | 1 | 0 | 0 | 0 | 0 | 1 | camera |  | -0.132386 | 0 | -0.991198 | -0.132386 | 
SCRIPT       : DATA_LOG | 592387 | aRapBi1cCZPZAGLIDny3dk3hQ8vTmNTLHRl8zxmKgQ0= | 2327.31 | 357.291 | 6644.54 | -0.132386 | -0.991198 | 0 | none | 0 | 160.231 | 70.9159 | 0 | 1 | 1 | 0 | 0 | 0 | 0 | 1 | camera |  | -0.132386 | 0 | -0.991198 | -0.132386 | 
SCRIPT       : DATA_LOG | 593396 | aRapBi1cCZPZAGLIDny3dk3hQ8vTmNTLHRl8zxmKgQ0= | 2327.31 | 357.291 | 6644.54 | -0.132386 | -0.991198 | 0 | none | 0 | 160.229 | 70.9214 | 0 | 1 | 1 | 0 | 0 | 0 | 0 | 1 | camera |  | -0.132386 | 0 | -0.991198 | -0.132386 | 
SCRIPT       : DATA_LOG | 594397 | aRapBi1cCZPZAGLIDny3dk3hQ8vTmNTLHRl8zxmKgQ0= | 2327.31 | 357.291 | 6644.54 | -0.132386 | -0.991198 | 0 | none | 0 | 160.222 | 70.9077 | 0 | 1 | 1 | 0 | 0 | 0 | 0 | 1 | camera |  | -0.132386 | 0 | -0.991198 | -0.132386 | 
SCRIPT       : DATA_LOG | 595393 | aRapBi1cCZPZAGLIDny3dk3hQ8vTmNTLHRl8zxmKgQ0= | 2327.31 | 357.291 | 6644.54 | -0.132386 | -0.991198 | 0 | none | 0 | 160.23 | 70.9225 | 0 | 1 | 1 | 0 | 0 | 0 | 0 | 1 | camera |  | -0.132386 | 0 | -0.991198 | -0.132386 | 0
SCRIPT       : DATA_LOG | 596405 | aRapBi1cCZPZAGLIDny3dk3hQ8vTmNTLHRl8zxmKgQ0= | 2327.31 | 357.291 | 6644.54 | -0.132386 | -0.991198 | 0 | none | 0 | 160.226 | 70.9157 | 0 | 1 | 1 | 0 | 0 | 0 | 0 | 1 | camera |  | -0.132386 | 0 | -0.991198 | -0.132386 | 
SCRIPT       : DATA_LOG | 597405 | aRapBi1cCZPZAGLIDny3dk3hQ8vTmNTLHRl8zxmKgQ0= | 2327.31 | 357.291 | 6644.54 | -0.132386 | -0.991198 | 0 | none | 0 | 160.232 | 70.9201 | 0 | 1 | 1 | 0 | 0 | 0 | 0 | 1 | camera |  | -0.132386 | 0 | -0.991198 | -0.132386 | 
SCRIPT       : DATA_LOG | 598402 | aRapBi1cCZPZAGLIDny3dk3hQ8vTmNTLHRl8zxmKgQ0= | 2327.31 | 357.291 | 6644.54 | -0.132386 | -0.991198 | 0 | none | 0 | 160.232 | 70.9185 | 0 | 1 | 1 | 0 | 0 | 0 | 0 | 1 | camera |  | -0.132386 | 0 | -0.991198 | -0.132386 | 
SCRIPT       : DATA_LOG | 599402 | aRapBi1cCZPZAGLIDny3dk3hQ8vTmNTLHRl8zxmKgQ0= | 2327.31 | 357.291 | 6644.54 | -0.132386 | -0.991198 | 0 | none | 0 | 160.23 | 70.9122 | 0 | 1 | 1 | 0 | 0 | 0 | 0 | 1 | camera |  | -0.132386 | 0 | -0.991198 | -0.132386 | 0
SCRIPT       : DATA_LOG | 600402 | aRapBi1cCZPZAGLIDny3dk3hQ8vTmNTLHRl8zxmKgQ0= | 2327.31 | 357.291 | 6644.54 | -0.132386 | -0.991198 | 0 | none | 0 | 160.23 | 70.924 | 0 | 1 | 1 | 0 | 0 | 0 | 0 | 1 | camera |  | -0.132386 | 0 | -0.991198 | -0.132386 | 0 
SCRIPT       : DATA_LOG | 601411 | aRapBi1cCZPZAGLIDny3dk3hQ8vTmNTLHRl8zxmKgQ0= | 2327.31 | 357.291 | 6644.54 | -0.132386 | -0.991198 | 0 | none | 0 | 160.222 | 70.9069 | 0 | 1 | 1 | 0 | 0 | 0 | 0 | 1 | camera |  | -0.132386 | 0 | -0.991198 | -0.132386 | 
SCRIPT       : DATA_LOG | 602405 | aRapBi1cCZPZAGLIDny3dk3hQ8vTmNTLHRl8zxmKgQ0= | 2327.31 | 357.291 | 6644.54 | -0.132386 | -0.991198 | 0 | none | 0 | 160.229 | 70.9208 | 0 | 1 | 1 | 0 | 0 | 0 | 0 | 1 | camera |  | -0.132386 | 0 | -0.991198 | -0.132386 | 
SCRIPT       : DATA_LOG | 603403 | aRapBi1cCZPZAGLIDny3dk3hQ8vTmNTLHRl8zxmKgQ0= | 2327.31 | 357.291 | 6644.54 | -0.132386 | -0.991198 | 0 | none | 0 | 160.227 | 70.9165 | 0 | 1 | 1 | 0 | 0 | 0 | 0 | 1 | camera |  | -0.132386 | 0 | -0.991198 | -0.132386 | 
SCRIPT       : DATA_LOG | 604406 | aRapBi1cCZPZAGLIDny3dk3hQ8vTmNTLHRl8zxmKgQ0= | 2327.31 | 357.291 | 6644.54 | -0.132386 | -0.991198 | 0 | none | 0 | 160.231 | 70.9193 | 0 | 1 | 1 | 0 | 0 | 0 | 0 | 1 | camera |  | -0.132386 | 0 | -0.991198 | -0.132386 | 
SCRIPT       : DATA_LOG | 605406 | aRapBi1cCZPZAGLIDny3dk3hQ8vTmNTLHRl8zxmKgQ0= | 2327.31 | 357.291 | 6644.54 | -0.132386 | -0.991198 | 0 | none | 0 | 160.233 | 70.9193 | 0 | 1 | 1 | 0 | 0 | 0 | 0 | 1 | camera |  | -0.132386 | 0 | -0.991198 | -0.132386 | 
SCRIPT       : DATA_LOG | 606401 | aRapBi1cCZPZAGLIDny3dk3hQ8vTmNTLHRl8zxmKgQ0= | 2327.31 | 357.291 | 6644.54 | -0.132386 | -0.991198 | 0 | none | 0 | 160.229 | 70.9115 | 0 | 1 | 1 | 0 | 0 | 0 | 0 | 1 | camera |  | -0.132386 | 0 | -0.991198 | -0.132386 | 
SCRIPT       : DATA_LOG | 607406 | aRapBi1cCZPZAGLIDny3dk3hQ8vTmNTLHRl8zxmKgQ0= | 2327.31 | 357.291 | 6644.54 | -0.132386 | -0.991198 | 0 | none | 0 | 160.232 | 70.9257 | 0 | 1 | 1 | 0 | 0 | 0 | 0 | 1 | camera |  | -0.132386 | 0 | -0.991198 | -0.132386 | 
SCRIPT       : DATA_LOG | 608414 | aRapBi1cCZPZAGLIDny3dk3hQ8vTmNTLHRl8zxmKgQ0= | 2327.31 | 357.291 | 6644.54 | -0.132386 | -0.991198 | 0 | none | 0 | 160.222 | 70.9074 | 0 | 1 | 1 | 0 | 0 | 0 | 0 | 1 | camera |  | -0.132386 | 0 | -0.991198 | -0.132386 | 
SCRIPT       : DATA_LOG | 609415 | aRapBi1cCZPZAGLIDny3dk3hQ8vTmNTLHRl8zxmKgQ0= | 2327.31 | 357.291 | 6644.54 | -0.132386 | -0.991198 | 0 | none | 0 | 160.228 | 70.9187 | 0 | 1 | 1 | 0 | 0 | 0 | 0 | 1 | camera |  | -0.132386 | 0 | -0.991198 | -0.132386 | 
SCRIPT       : DATA_LOG | 610409 | aRapBi1cCZPZAGLIDny3dk3hQ8vTmNTLHRl8zxmKgQ0= | 2327.31 | 357.291 | 6644.54 | -0.132386 | -0.991198 | 0 | none | 0 | 160.228 | 70.9177 | 0 | 1 | 1 | 0 | 0 | 0 | 0 | 1 | camera |  | -0.132386 | 0 | -0.991198 | -0.132386 | 
SCRIPT       : DATA_LOG | 611677 | aRapBi1cCZPZAGLIDny3dk3hQ8vTmNTLHRl8zxmKgQ0= | 2357.56 | 320.085 | 6388.43 | -0.132386 | -0.991198 | 0 | none | 0 | 162.943 | 331.159 | 0 | 1 | 1 | 0 | 0 | 0 | 0 | 1 | camera |  | -0.132386 | 0 | -0.991198 | -0.132386 | 
SCRIPT       : DATA_LOG | 612430 | aRapBi1cCZPZAGLIDny3dk3hQ8vTmNTLHRl8zxmKgQ0= | 2357.56 | 320.085 | 6388.43 | -0.132386 | -0.991198 | 0 | none | 0 | 162.944 | 331.161 | 0 | 1 | 1 | 0 | 0 | 0 | 0 | 1 | camera |  | -0.132386 | 0 | -0.991198 | -0.132386 | 
SCRIPT       : DATA_LOG | 613426 | aRapBi1cCZPZAGLIDny3dk3hQ8vTmNTLHRl8zxmKgQ0= | 2357.56 | 320.085 | 6388.43 | -0.132386 | -0.991198 | 0 | none | 0 | 162.943 | 331.153 | 0 | 1 | 1 | 0 | 0 | 0 | 0 | 1 | camera |  | -0.132386 | 0 | -0.991198 | -0.132386 | 
SCRIPT       : DATA_LOG | 614432 | aRapBi1cCZPZAGLIDny3dk3hQ8vTmNTLHRl8zxmKgQ0= | 2357.56 | 320.085 | 6388.43 | -0.132386 | -0.991198 | 0 | none | 0 | 162.943 | 331.167 | 0 | 1 | 1 | 0 | 0 | 0 | 0 | 1 | camera |  | -0.132386 | 0 | -0.991198 | -0.132386 | 
SCRIPT       : DATA_LOG | 615422 | aRapBi1cCZPZAGLIDny3dk3hQ8vTmNTLHRl8zxmKgQ0= | 2357.56 | 320.085 | 6388.43 | -0.132386 | -0.991198 | 0 | none | 0 | 162.941 | 331.15 | 0 | 1 | 1 | 0 | 0 | 0 | 0 | 1 | camera |  | -0.132386 | 0 | -0.991198 | -0.132386 | 0
SCRIPT       : DATA_LOG | 616422 | aRapBi1cCZPZAGLIDny3dk3hQ8vTmNTLHRl8zxmKgQ0= | 2357.56 | 320.085 | 6388.43 | -0.132386 | -0.991198 | 0 | none | 0 | 162.942 | 331.156 | 0 | 1 | 1 | 0 | 0 | 0 | 0 | 1 | camera |  | -0.132386 | 0 | -0.991198 | -0.132386 | 
SCRIPT       : DATA_LOG | 617425 | aRapBi1cCZPZAGLIDny3dk3hQ8vTmNTLHRl8zxmKgQ0= | 2357.56 | 320.085 | 6388.43 | -0.132386 | -0.991198 | 0 | none | 0 | 162.943 | 331.161 | 0 | 1 | 1 | 0 | 0 | 0 | 0 | 1 | camera |  | -0.132386 | 0 | -0.991198 | -0.132386 | 
SCRIPT       : DATA_LOG | 618420 | aRapBi1cCZPZAGLIDny3dk3hQ8vTmNTLHRl8zxmKgQ0= | 2357.56 | 320.085 | 6388.43 | -0.132386 | -0.991198 | 0 | none | 0 | 162.943 | 331.158 | 0 | 1 | 1 | 0 | 0 | 0 | 0 | 1 | camera |  | -0.132386 | 0 | -0.991198 | -0.132386 | 
SCRIPT       : DATA_LOG | 619423 | aRapBi1cCZPZAGLIDny3dk3hQ8vTmNTLHRl8zxmKgQ0= | 2357.56 | 320.085 | 6388.43 | -0.132386 | -0.991198 | 0 | none | 0 | 162.944 | 331.163 | 0 | 1 | 1 | 0 | 0 | 0 | 0 | 1 | camera |  | -0.132386 | 0 | -0.991198 | -0.132386 | 
SCRIPT       : DATA_LOG | 620426 | aRapBi1cCZPZAGLIDny3dk3hQ8vTmNTLHRl8zxmKgQ0= | 2357.56 | 320.085 | 6388.43 | -0.132386 | -0.991198 | 0 | none | 0 | 162.943 | 331.155 | 0 | 1 | 1 | 0 | 0 | 0 | 0 | 1 | camera |  | -0.132386 | 0 | -0.991198 | -0.132386 | 
SCRIPT       : DATA_LOG | 621424 | aRapBi1cCZPZAGLIDny3dk3hQ8vTmNTLHRl8zxmKgQ0= | 2357.56 | 320.085 | 6388.43 | -0.132386 | -0.991198 | 0 | none | 0 | 162.943 | 331.165 | 0 | 1 | 1 | 0 | 0 | 0 | 0 | 1 | camera |  | -0.132386 | 0 | -0.991198 | -0.132386 | 
SCRIPT       : DATA_LOG | 622424 | aRapBi1cCZPZAGLIDny3dk3hQ8vTmNTLHRl8zxmKgQ0= | 2357.56 | 320.085 | 6388.43 | -0.132386 | -0.991198 | 0 | none | 0 | 162.942 | 331.154 | 0 | 1 | 1 | 0 | 0 | 0 | 0 | 1 | camera |  | -0.132386 | 0 | -0.991198 | -0.132386 | 
SCRIPT       : DATA_LOG | 623439 | aRapBi1cCZPZAGLIDny3dk3hQ8vTmNTLHRl8zxmKgQ0= | 2355.17 | 319.659 | 6385.7 | -0.68501 | -0.728534 | 0 | none | 0 | 129.045 | 333.575 | 0 | 1 | 1 | 0 | 0 | 0 | 0 | 1 | camera |  | -0.68501 | 0 | -0.728534 | -0.68501 | 0 | 
SCRIPT       : DATA_LOG | 624423 | aRapBi1cCZPZAGLIDny3dk3hQ8vTmNTLHRl8zxmKgQ0= | 2350.87 | 320.056 | 6387.4 | 0.0258867 | 0.999665 | 0 | none | 0 | 10.9655 | 331.351 | 0 | 1 | 1 | 0 | 0 | 0 | 0 | 1 | camera |  | 0.0258867 | 0 | 0.999665 | 0.0258867 | 0 |
SCRIPT       : DATA_LOG | 625441 | aRapBi1cCZPZAGLIDny3dk3hQ8vTmNTLHRl8zxmKgQ0= | 2346.76 | 320.189 | 6388.04 | 0.0844783 | 0.996425 | 0 | none | 0 | 13.045 | 330.255 | 0 | 1 | 1 | 0 | 0 | 0 | 0 | 1 | camera |  | 0.0844783 | 0 | 0.996425 | 0.0844783 | 0 |
SCRIPT       : DATA_LOG | 626438 | aRapBi1cCZPZAGLIDny3dk3hQ8vTmNTLHRl8zxmKgQ0= | 2342.47 | 320.173 | 6386.33 | -0.906673 | -0.421834 | 0 | none | 0 | 109.638 | 331.54 | 0 | 1 | 1 | 0 | 0 | 0 | 0 | 1 | camera |  | -0.906673 | 0 | -0.421834 | -0.906673 | 0
SCRIPT       : DATA_LOG | 627442 | aRapBi1cCZPZAGLIDny3dk3hQ8vTmNTLHRl8zxmKgQ0= | 2337.7 | 319.964 | 6381.73 | -0.633704 | -0.773576 | 0 | none | 0 | 135.934 | 335.712 | 0 | 1 | 1 | 0 | 0 | 0 | 0 | 1 | camera |  | -0.633704 | 0 | -0.773576 | -0.633704 | 0
SCRIPT       : DATA_LOG | 628442 | aRapBi1cCZPZAGLIDny3dk3hQ8vTmNTLHRl8zxmKgQ0= | 2336.06 | 321.185 | 6379.85 | -0.383139 | -0.923691 | 0 | none | 0 | 152.658 | 337.313 | 0 | 1 | 1 | 0 | 0 | 0 | 0 | 1 | camera |  | -0.383139 | 0 | -0.923691 | -0.383139 | 
SCRIPT       : DATA_LOG | 629435 | aRapBi1cCZPZAGLIDny3dk3hQ8vTmNTLHRl8zxmKgQ0= | 2334.14 | 319.973 | 6376.78 | -0.563988 | -0.825783 | 0 | none | 0 | 141.499 | 340.37 | 0 | 1 | 1 | 0 | 0 | 0 | 0 | 1 | camera |  | -0.563988 | 0 | -0.825783 | -0.563988 | 0
SCRIPT       : DATA_LOG | 630442 | aRapBi1cCZPZAGLIDny3dk3hQ8vTmNTLHRl8zxmKgQ0= | 2329.95 | 319.799 | 6371.87 | -0.232592 | -0.972574 | 0 | none | 0 | 162.247 | 345.013 | 0 | 1 | 1 | 0 | 0 | 0 | 0 | 1 | camera |  | -0.232592 | 0 | -0.972574 | -0.232592 | 
SCRIPT       : DATA_LOG | 631432 | aRapBi1cCZPZAGLIDny3dk3hQ8vTmNTLHRl8zxmKgQ0= | 2325.27 | 319.52 | 6367.68 | -0.725311 | -0.688421 | 0 | none | 0 | 131.087 | 349.024 | 0 | 1 | 1 | 0 | 0 | 0 | 0 | 1 | camera |  | -0.725311 | 0 | -0.688421 | -0.725311 | 0
SCRIPT       : DATA_LOG | 632471 | aRapBi1cCZPZAGLIDny3dk3hQ8vTmNTLHRl8zxmKgQ0= | 2321.2 | 319.269 | 6363.3 | -0.0448199 | 0.998995 | 0 | none | 0 | 7.18704 | 353.275 | 0 | 1 | 1 | 0 | 0 | 0 | 0 | 1 | camera |  | -0.0448199 | 0 | 0.998995 | -0.0448199 | 0
SCRIPT       : DATA_LOG | 633444 | aRapBi1cCZPZAGLIDny3dk3hQ8vTmNTLHRl8zxmKgQ0= | 2320.62 | 318.925 | 6360.44 | 0.495683 | 0.868504 | 0 | none | 0 | 31.6692 | 356.147 | 0 | 1 | 1 | 0 | 0 | 0 | 0 | 1 | camera |  | 0.495683 | 0 | 0.868504 | 0.495683 | 0 | 0
SCRIPT       : DATA_LOG | 634443 | aRapBi1cCZPZAGLIDny3dk3hQ8vTmNTLHRl8zxmKgQ0= | 2319.56 | 318.491 | 6356.06 | -0.0676405 | -0.99771 | 0 | none | 0 | 171.395 | 360.521 | 0 | 1 | 1 | 0 | 0 | 0 | 0 | 1 | camera |  | -0.0676405 | 0 | -0.99771 | -0.0676405 |
SCRIPT       : DATA_LOG | 635458 | aRapBi1cCZPZAGLIDny3dk3hQ8vTmNTLHRl8zxmKgQ0= | 2316.21 | 317.82 | 6350.44 | -0.483367 | -0.875418 | 0 | none | 0 | 149.829 | 366.129 | 0 | 1 | 1 | 0 | 0 | 0 | 0 | 1 | camera |  | -0.483367 | 0 | -0.875418 | -0.483367 | 0
SCRIPT       : DATA_LOG | 636443 | aRapBi1cCZPZAGLIDny3dk3hQ8vTmNTLHRl8zxmKgQ0= | 2312.91 | 317.279 | 6344.56 | -0.484258 | -0.874925 | 0 | none | 0 | 150.281 | 372.02 | 0 | 1 | 1 | 0 | 0 | 0 | 0 | 1 | camera |  | -0.484258 | 0 | -0.874925 | -0.484258 | 0
SCRIPT       : DATA_LOG | 637455 | aRapBi1cCZPZAGLIDny3dk3hQ8vTmNTLHRl8zxmKgQ0= | 2309.65 | 316.692 | 6338.66 | -0.484259 | -0.874925 | 0 | none | 0 | 150.768 | 377.949 | 0 | 1 | 1 | 0 | 0 | 0 | 0 | 1 | camera |  | -0.484259 | 0 | -0.874925 | -0.484259 | 
SCRIPT       : DATA_LOG | 638452 | aRapBi1cCZPZAGLIDny3dk3hQ8vTmNTLHRl8zxmKgQ0= | 2306.38 | 316.125 | 6332.76 | -0.484259 | -0.874925 | 0 | none | 0 | 151.242 | 383.933 | 0 | 1 | 1 | 0 | 0 | 0 | 0 | 1 | camera |  | -0.484259 | 0 | -0.874925 | -0.484259 | 
SCRIPT       : DATA_LOG | 639451 | aRapBi1cCZPZAGLIDny3dk3hQ8vTmNTLHRl8zxmKgQ0= | 2303.11 | 315.616 | 6326.86 | -0.484259 | -0.874925 | 0 | none | 0 | 151.702 | 389.919 | 0 | 1 | 1 | 0 | 0 | 0 | 0 | 1 | camera |  | -0.484259 | 0 | -0.874925 | -0.484259 | 
SCRIPT       : DATA_LOG | 640458 | aRapBi1cCZPZAGLIDny3dk3hQ8vTmNTLHRl8zxmKgQ0= | 2299.84 | 315.103 | 6320.96 | -0.484259 | -0.874925 | 0 | none | 0 | 152.149 | 395.937 | 0 | 1 | 1 | 0 | 0 | 0 | 0 | 1 | camera |  | -0.484259 | 0 | -0.874925 | -0.484259 | 
SCRIPT       : DATA_LOG | 641451 | aRapBi1cCZPZAGLIDny3dk3hQ8vTmNTLHRl8zxmKgQ0= | 2296.71 | 314.634 | 6315.29 | -0.484259 | -0.874925 | 0 | SVD_Wooden | 0 | 152.565 | 401.732 | 0 | 1 | 1 | 0 | 0 | 0 | 0 | 1 | camera |  | -0.484259 | 0 | -0.874925 | -0.484
SCRIPT       : DATA_LOG | 642454 | aRapBi1cCZPZAGLIDny3dk3hQ8vTmNTLHRl8zxmKgQ0= | 2293.47 | 314.366 | 6309.42 | -0.484259 | -0.874925 | 0 | SVD_Wooden | 0 | 152.99 | 407.726 | 0 | 1 | 1 | 0 | 0 | 0 | 0 | 1 | camera |  | -0.484259 | 0 | -0.874925 | -0.4842
SCRIPT       : DATA_LOG | 643444 | aRapBi1cCZPZAGLIDny3dk3hQ8vTmNTLHRl8zxmKgQ0= | 2291.19 | 314.252 | 6305.31 | -0.484259 | -0.874925 | 0 | SVD_Wooden | 0 | 153.282 | 411.936 | 0 | 1 | 1 | 0 | 0 | 0 | 0 | 1 | camera | TreeHard_t_FagusSylvatica_2s | -0.484
SCRIPT       : DATA_LOG | 644459 | aRapBi1cCZPZAGLIDny3dk3hQ8vTmNTLHRl8zxmKgQ0= | 2289.38 | 314.142 | 6302.03 | -0.484259 | -0.874925 | 0 | none | 0 | 153.51 | 415.283 | 0 | 1 | 1 | 0 | 0 | 0 | 0 | 1 | camera |  | -0.484259 | 0 | -0.874925 | -0.484259 | 0
SCRIPT       : DATA_LOG | 645453 | aRapBi1cCZPZAGLIDny3dk3hQ8vTmNTLHRl8zxmKgQ0= | 2287.4 | 314.002 | 6298.45 | -0.484259 | -0.874925 | 0 | none | 0 | 153.756 | 418.978 | 0 | 1 | 1 | 0 | 0 | 0 | 0 | 1 | camera |  | -0.484259 | 0 | -0.874925 | -0.484259 | 0
SCRIPT       : DATA_LOG | 646450 | aRapBi1cCZPZAGLIDny3dk3hQ8vTmNTLHRl8zxmKgQ0= | 2285.28 | 313.854 | 6294.62 | -0.484259 | -0.874925 | 0 | none | 0 | 154.013 | 422.918 | 0 | 1 | 1 | 0 | 0 | 0 | 0 | 1 | camera |  | -0.484259 | 0 | -0.874925 | -0.484259 | 
SCRIPT       : DATA_LOG | 647548 | aRapBi1cCZPZAGLIDny3dk3hQ8vTmNTLHRl8zxmKgQ0= | 2282.16 | 313.611 | 6288.98 | -0.484259 | -0.874925 | 0 | none | 0 | 154.383 | 428.758 | 0 | 1 | 1 | 0 | 0 | 0 | 0 | 1 | camera |  | -0.484259 | 0 | -0.874925 | -0.484259 | 
SCRIPT       : DATA_LOG | 648465 | aRapBi1cCZPZAGLIDny3dk3hQ8vTmNTLHRl8zxmKgQ0= | 2278.46 | 313.402 | 6283.14 | -0.431655 | -0.902039 | 0 | none | 0 | 158.068 | 434.85 | 0 | 1 | 1 | 0 | 0 | 0 | 0 | 1 | camera | TreeHard_t_naked_2s | -0.431655 | 0 | -0.902
SCRIPT       : DATA_LOG | 649469 | aRapBi1cCZPZAGLIDny3dk3hQ8vTmNTLHRl8zxmKgQ0= | 2277.07 | 313.297 | 6279.6 | -0.332921 | -0.942955 | 0 | none | 0 | 163.949 | 438.467 | 0 | 1 | 1 | 0 | 0 | 0 | 0 | 1 | camera | TreeHard_t_naked_2s | -0.332921 | 0 | -0.942
SCRIPT       : DATA_LOG | 650455 | aRapBi1cCZPZAGLIDny3dk3hQ8vTmNTLHRl8zxmKgQ0= | 2275.72 | 313.191 | 6275.87 | -0.342174 | -0.939637 | 0 | none | 0 | 163.574 | 442.299 | 0 | 1 | 1 | 0 | 0 | 0 | 0 | 1 | camera |  | -0.342174 | 0 | -0.939637 | -0.342174 | 
SCRIPT       : DATA_LOG | 651465 | aRapBi1cCZPZAGLIDny3dk3hQ8vTmNTLHRl8zxmKgQ0= | 2275.76 | 313.113 | 6272.19 | -0.395436 | -0.918494 | 1 | Engraved1911 | 0 | 160.487 | 445.93 | 0 | 1 | 1 | 0 | 0 | 0 | 1 | 1 | camera |  | -0.395436 | 0 | -0.918494 | -0.39
SCRIPT       : DATA_LOG | 652458 | aRapBi1cCZPZAGLIDny3dk3hQ8vTmNTLHRl8zxmKgQ0= | 2275.33 | 313.095 | 6271.15 | -0.369008 | -0.929426 | 1 | Engraved1911 | 0 | 162.07 | 447.008 | 0 | 1 | 1 | 0 | 0 | 0 | 1 | 1 | camera |  | -0.369008 | 0 | -0.929426 | -0.36
SCRIPT       : DATA_LOG | 653458 | aRapBi1cCZPZAGLIDny3dk3hQ8vTmNTLHRl8zxmKgQ0= | 2275.33 | 313.095 | 6271.15 | -0.369008 | -0.929426 | 1 | Engraved1911 | 0 | 162.07 | 447.005 | 0 | 1 | 1 | 0 | 0 | 0 | 1 | 1 | camera |  | -0.369008 | 0 | -0.929426 | -0.36
SCRIPT       : DATA_LOG | 654461 | aRapBi1cCZPZAGLIDny3dk3hQ8vTmNTLHRl8zxmKgQ0= | 2275.33 | 313.095 | 6271.15 | -0.369008 | -0.929426 | 1 | Engraved1911 | 0 | 162.07 | 447.008 | 0 | 1 | 1 | 0 | 0 | 0 | 1 | 1 | camera |  | -0.369008 | 0 | -0.929426 | -0.36
SCRIPT       : DATA_LOG | 655464 | aRapBi1cCZPZAGLIDny3dk3hQ8vTmNTLHRl8zxmKgQ0= | 2275.33 | 313.095 | 6271.15 | -0.369008 | -0.929426 | 1 | Engraved1911 | 0 | 162.07 | 447.01 | 0 | 1 | 1 | 0 | 0 | 0 | 1 | 1 | camera |  | -0.369008 | 0 | -0.929426 | -0.369
SCRIPT       : DATA_LOG | 656461 | aRapBi1cCZPZAGLIDny3dk3hQ8vTmNTLHRl8zxmKgQ0= | 2275.33 | 313.095 | 6271.15 | -0.369008 | -0.929426 | 1 | Engraved1911 | 0 | 162.07 | 447 | 0 | 1 | 1 | 0 | 0 | 0 | 1 | 1 | camera |  | -0.369008 | 0 | -0.929426 | -0.369008
SCRIPT       : DATA_LOG | 657468 | aRapBi1cCZPZAGLIDny3dk3hQ8vTmNTLHRl8zxmKgQ0= | 2275.33 | 313.095 | 6271.15 | -0.369008 | -0.929426 | 1 | Engraved1911 | 0 | 162.07 | 447.015 | 0 | 1 | 1 | 0 | 0 | 0 | 1 | 1 | camera |  | -0.369008 | 0 | -0.929426 | -0.36
SCRIPT       : DATA_LOG | 658473 | aRapBi1cCZPZAGLIDny3dk3hQ8vTmNTLHRl8zxmKgQ0= | 2274.14 | 313.03 | 6268.99 | -0.363834 | -0.931464 | 1 | Engraved1911 | 0 | 162.493 | 449.243 | 0 | 1 | 1 | 0 | 0 | 0 | 1 | 1 | camera |  | -0.363834 | 0 | -0.931464 | -0.36
SCRIPT       : DATA_LOG | 659474 | aRapBi1cCZPZAGLIDny3dk3hQ8vTmNTLHRl8zxmKgQ0= | 2274.14 | 313.03 | 6268.99 | -0.363834 | -0.931464 | 1 | Engraved1911 | 0 | 162.494 | 449.252 | 0 | 1 | 1 | 0 | 0 | 0 | 1 | 1 | camera |  | -0.363834 | 0 | -0.931464 | -0.36
SCRIPT       : DATA_LOG | 660464 | aRapBi1cCZPZAGLIDny3dk3hQ8vTmNTLHRl8zxmKgQ0= | 2274.14 | 313.03 | 6268.99 | -0.363834 | -0.931464 | 1 | Engraved1911 | 0 | 162.494 | 449.255 | 0 | 1 | 1 | 0 | 0 | 0 | 1 | 1 | camera |  | -0.363834 | 0 | -0.931464 | -0.36
SCRIPT       : DATA_LOG | 661468 | aRapBi1cCZPZAGLIDny3dk3hQ8vTmNTLHRl8zxmKgQ0= | 2274.14 | 313.03 | 6268.99 | -0.363834 | -0.931464 | 1 | Engraved1911 | 0 | 162.494 | 449.254 | 0 | 1 | 1 | 0 | 0 | 0 | 1 | 1 | camera |  | -0.363834 | 0 | -0.931464 | -0.36
SCRIPT       : DATA_LOG | 662467 | aRapBi1cCZPZAGLIDny3dk3hQ8vTmNTLHRl8zxmKgQ0= | 2274.14 | 313.03 | 6268.99 | -0.363834 | -0.931464 | 1 | Engraved1911 | 0 | 162.495 | 449.258 | 0 | 1 | 1 | 0 | 0 | 0 | 1 | 1 | camera |  | -0.363834 | 0 | -0.931464 | -0.36
SCRIPT       : DATA_LOG | 663477 | aRapBi1cCZPZAGLIDny3dk3hQ8vTmNTLHRl8zxmKgQ0= | 2273.64 | 313.004 | 6267.88 | -0.421993 | -0.906599 | 0 | Engraved1911 | 0 | 159.136 | 450.397 | 0 | 1 | 1 | 0 | 0 | 0 | 0 | 1 | camera |  | -0.421993 | 0 | -0.906599 | -0.4
SCRIPT       : DATA_LOG | 664481 | aRapBi1cCZPZAGLIDny3dk3hQ8vTmNTLHRl8zxmKgQ0= | 2271.9 | 312.946 | 6264.18 | -0.426436 | -0.904518 | 0 | Engraved1911 | 0 | 159.052 | 454.235 | 0 | 1 | 1 | 0 | 0 | 0 | 0 | 1 | camera |  | -0.426436 | 0 | -0.904518 | -0.42
SCRIPT       : DATA_LOG | 665487 | aRapBi1cCZPZAGLIDny3dk3hQ8vTmNTLHRl8zxmKgQ0= | 2270.36 | 312.855 | 6260.78 | -0.356337 | -0.934357 | 0 | SCARH_Black | 0 | 163.312 | 457.735 | 0 | 1 | 1 | 0 | 0 | 0 | 0 | 1 | camera |  | -0.356337 | 0 | -0.934357 | -0.35
SCRIPT       : DATA_LOG | 666479 | aRapBi1cCZPZAGLIDny3dk3hQ8vTmNTLHRl8zxmKgQ0= | 2269.37 | 312.763 | 6257.27 | -0.140809 | -0.990037 | 0 | SCARH_Black | 0 | 173.238 | 461.31 | 0 | 1 | 1 | 0 | 0 | 0 | 0 | 1 | camera |  | -0.140809 | 0 | -0.990037 | -0.140
SCRIPT       : DATA_LOG | 667483 | aRapBi1cCZPZAGLIDny3dk3hQ8vTmNTLHRl8zxmKgQ0= | 2269.8 | 312.722 | 6254.97 | 0.025731 | -0.999669 | 1 | SCARH_Black | 0 | 170.765 | 463.561 | 0 | 1 | 1 | 0 | 0 | 0 | 0 | 1 | camera |  | 0.025731 | 0 | -0.999669 | 0.025731
SCRIPT       : DATA_LOG | 668479 | aRapBi1cCZPZAGLIDny3dk3hQ8vTmNTLHRl8zxmKgQ0= | 2269.01 | 312.537 | 6252.95 | 0.0233604 | -0.999727 | 0 | SCARH_Black | 0 | 170.814 | 465.649 | 0 | 1 | 1 | 0 | 0 | 0 | 0 | 1 | camera |  | 0.0233604 | 0 | -0.999727 | 0.023
SCRIPT       : DATA_LOG | 669481 | aRapBi1cCZPZAGLIDny3dk3hQ8vTmNTLHRl8zxmKgQ0= | 2270.04 | 312.284 | 6249.74 | 0.144392 | -0.989521 | 0 | SCARH_Black | 0 | 165.089 | 468.766 | 0 | 1 | 1 | 0 | 0 | 0 | 0 | 1 | camera |  | 0.144392 | 0 | -0.989521 | 0.14439
SCRIPT       : DATA_LOG | 670491 | aRapBi1cCZPZAGLIDny3dk3hQ8vTmNTLHRl8zxmKgQ0= | 2271.68 | 312.158 | 6247.9 | 0.100455 | -0.994942 | 1 | SCARH_Black | 0 | 167.544 | 470.448 | 0 | 1 | 1 | 0 | 0 | 0 | 0 | 1 | camera |  | 0.100455 | 0 | -0.994942 | 0.100455
SCRIPT       : DATA_LOG | 671485 | aRapBi1cCZPZAGLIDny3dk3hQ8vTmNTLHRl8zxmKgQ0= | 2271.71 | 312.127 | 6246.77 | 0.0182081 | -0.999834 | 0 | SCARH_Black | 0 | 171.333 | 471.578 | 0 | 1 | 1 | 0 | 0 | 0 | 0 | 1 | camera |  | 0.0182081 | 0 | -0.999834 | 0.018
SCRIPT       : DATA_LOG | 672506 | aRapBi1cCZPZAGLIDny3dk3hQ8vTmNTLHRl8zxmKgQ0= | 2271.91 | 312.015 | 6243.13 | -0.310873 | -0.950451 | 0 | SCARH_Black | 0 | 165.537 | 475.167 | 0 | 1 | 1 | 0 | 0 | 0 | 0 | 1 | camera |  | -0.310873 | 0 | -0.950451 | -0.31
SCRIPT       : DATA_LOG | 673488 | aRapBi1cCZPZAGLIDny3dk3hQ8vTmNTLHRl8zxmKgQ0= | 2271.05 | 311.95 | 6239.65 | -0.612362 | -0.790578 | 0 | SCARH_Black | 0 | 146.794 | 478.694 | 0 | 1 | 1 | 0 | 0 | 0 | 0 | 1 | camera | Land_Shed_W1 | -0.612362 | 0 | -0.790
SCRIPT       : DATA_LOG | 674492 | aRapBi1cCZPZAGLIDny3dk3hQ8vTmNTLHRl8zxmKgQ0= | 2268.81 | 312.004 | 6236.76 | -0.614048 | -0.789269 | 0 | SCARH_Black | 0 | 146.914 | 481.761 | 0 | 1 | 1 | 0 | 0 | 0 | 0 | 1 | camera | Land_Shed_W1 | -0.614048 | 0 | -0.78
SCRIPT       : DATA_LOG | 675506 | aRapBi1cCZPZAGLIDny3dk3hQ8vTmNTLHRl8zxmKgQ0= | 2266.13 | 311.99 | 6234.76 | -0.872778 | 0.488118 | 0 | SCARH_Black | 0 | 66.5113 | 483.984 | 0 | 1 | 1 | 0 | 0 | 0 | 0 | 1 | camera |  | -0.872778 | 0 | 0.488118 | -0.87277
SCRIPT       : DATA_LOG | 676499 | aRapBi1cCZPZAGLIDny3dk3hQ8vTmNTLHRl8zxmKgQ0= | 2263.12 | 312.01 | 6233.91 | 0.179031 | 0.983843 | 0 | SCARH_Black | 0 | 7.43237 | 485.131 | 0 | 1 | 1 | 0 | 0 | 0 | 0 | 1 | camera | TreeHard_t_naked_1s | 0.179031 | 0 | 0.
SCRIPT       : DATA_LOG | 677492 | aRapBi1cCZPZAGLIDny3dk3hQ8vTmNTLHRl8zxmKgQ0= | 2260.84 | 312.009 | 6232.04 | 0.179673 | 0.983726 | 0 | SCARH_Black | 0 | 7.29081 | 487.222 | 0 | 1 | 1 | 0 | 0 | 0 | 0 | 1 | camera |  | 0.179673 | 0 | 0.983726 | 0.179673 
SCRIPT       : DATA_LOG | 678494 | aRapBi1cCZPZAGLIDny3dk3hQ8vTmNTLHRl8zxmKgQ0= | 2260.32 | 311.993 | 6229.49 | 0.2381 | 0.971241 | 0 | SCARH_Black | 0 | 9.61791 | 489.8 | 0 | 1 | 1 | 0 | 0 | 0 | 0 | 1 | camera |  | 0.2381 | 0 | 0.971241 | 0.2381 | 0 | 0.
SCRIPT       : DATA_LOG | 679498 | aRapBi1cCZPZAGLIDny3dk3hQ8vTmNTLHRl8zxmKgQ0= | 2260.13 | 311.911 | 6226.52 | 0.262915 | 0.964819 | 0 | SCARH_Black | 0 | 10.8066 | 492.764 | 0 | 1 | 1 | 0 | 0 | 0 | 0 | 1 | camera |  | 0.262915 | 0 | 0.964819 | 0.262915 
SCRIPT       : DATA_LOG | 680491 | aRapBi1cCZPZAGLIDny3dk3hQ8vTmNTLHRl8zxmKgQ0= | 2260.05 | 311.902 | 6226.2 | 0.263396 | 0.964688 | 1 | SCARH_Black | 0 | 10.824 | 493.077 | 0 | 1 | 1 | 0 | 0 | 0 | 1 | 1 | camera |  | 0.263396 | 0 | 0.964688 | 0.263396 | 
SCRIPT       : DATA_LOG | 681509 | aRapBi1cCZPZAGLIDny3dk3hQ8vTmNTLHRl8zxmKgQ0= | 2260.02 | 311.899 | 6226.1 | 0.273306 | 0.961927 | 0 | SCARH_Black | 0 | 11.3181 | 493.197 | 0 | 1 | 1 | 0 | 0 | 0 | 0 | 1 | camera |  | 0.273306 | 0 | 0.961927 | 0.273306 |
SCRIPT       : DATA_LOG | 682498 | aRapBi1cCZPZAGLIDny3dk3hQ8vTmNTLHRl8zxmKgQ0= | 2258.3 | 311.858 | 6224.47 | 0.28324 | 0.959049 | 0 | SCARH_Black | 0 | 11.6641 | 494.986 | 0 | 1 | 1 | 0 | 0 | 0 | 0 | 1 | camera |  | 0.28324 | 0 | 0.959049 | 0.28324 | 0 
SCRIPT       : DATA_LOG | 683499 | aRapBi1cCZPZAGLIDny3dk3hQ8vTmNTLHRl8zxmKgQ0= | 2257.52 | 311.849 | 6223.11 | 0.828701 | 0.559692 | 0 | SCARH_Black | 0 | 49.7709 | 496.433 | 0 | 1 | 1 | 0 | 0 | 0 | 0 | 1 | camera | TreeHard_t_prunusDomestica_2s | 0.8287
SCRIPT       : DATA_LOG | 684497 | aRapBi1cCZPZAGLIDny3dk3hQ8vTmNTLHRl8zxmKgQ0= | 2257.39 | 311.857 | 6223.3 | 0.828701 | 0.559692 | 0 | SCARH_Black | 0 | 49.7534 | 496.251 | 0 | 1 | 1 | 0 | 0 | 0 | 0 | 1 | camera | TreeHard_t_prunusDomestica_2s | 0.82870
SCRIPT       : DATA_LOG | 685511 | aRapBi1cCZPZAGLIDny3dk3hQ8vTmNTLHRl8zxmKgQ0= | 2257.39 | 311.857 | 6223.3 | 0.564803 | 0.825225 | 0 | SCARH_Black | 0 | 28.4848 | 496.248 | 0 | 1 | 1 | 0 | 0 | 0 | 0 | 1 | camera | TreeHard_t_prunusDomestica_2s | 0.56480
SCRIPT       : DATA_LOG | 686495 | aRapBi1cCZPZAGLIDny3dk3hQ8vTmNTLHRl8zxmKgQ0= | 2257.39 | 311.857 | 6223.3 | 0.177038 | 0.984204 | 0 | SCARH_Black | 0 | 6.97072 | 496.255 | 0 | 1 | 1 | 0 | 0 | 0 | 0 | 1 | camera | TreeHard_t_prunusDomestica_2s | 0.17703
SCRIPT       : DATA_LOG | 687499 | aRapBi1cCZPZAGLIDny3dk3hQ8vTmNTLHRl8zxmKgQ0= | 2257.39 | 311.857 | 6223.3 | 0.177038 | 0.984204 | 0 | SCARH_Black | 0 | 6.97136 | 496.238 | 0 | 1 | 1 | 0 | 0 | 0 | 0 | 1 | camera | TreeHard_t_prunusDomestica_2s | 0.17703
SCRIPT       : DATA_LOG | 688500 | aRapBi1cCZPZAGLIDny3dk3hQ8vTmNTLHRl8zxmKgQ0= | 2257.39 | 311.857 | 6223.3 | 0.177038 | 0.984204 | 0 | SCARH_Black | 0 | 6.97066 | 496.255 | 0 | 1 | 1 | 0 | 0 | 0 | 0 | 1 | camera | TreeHard_t_prunusDomestica_2s | 0.17703
 SCRIPT       : [Logout]: New player aRapBi1cCZPZAGLIDny3dk3hQ8vTmNTLHRl8zxmKgQ0= with logout time 15
 SCRIPT       : Player "rafaelglima79" (steamid=76561199445097358) initiated disconnect process...
SCRIPT       : DATA_LOG | 689512 | aRapBi1cCZPZAGLIDny3dk3hQ8vTmNTLHRl8zxmKgQ0= | 2257.39 | 311.857 | 6223.3 | 0.177038 | 0.984204 | 0 | SCARH_Black | 0 | 6.97097 | 496.247 | 0 | 1 | 1 | 0 | 0 | 0 | 0 | 1 | camera | TreeHard_t_prunusDomestica_2s | 0.17703
SCRIPT       : DATA_LOG | 690505 | aRapBi1cCZPZAGLIDny3dk3hQ8vTmNTLHRl8zxmKgQ0= | 2257.37 | 311.856 | 6223.22 | 0.177038 | 0.984204 | 0 | SCARH_Black | 0 | 6.96953 | 496.336 | 0 | 1 | 1 | 0 | 0 | 0 | 0 | 1 | camera | TreeHard_t_prunusDomestica_2s | 0.1770
SCRIPT       : DATA_LOG | 691500 | aRapBi1cCZPZAGLIDny3dk3hQ8vTmNTLHRl8zxmKgQ0= | 2257.35 | 311.855 | 6223.07 | 0.177038 | 0.984204 | 0 | SCARH_Black | 0 | 6.96756 | 496.485 | 0 | 1 | 1 | 0 | 0 | 0 | 0 | 1 | camera | TreeHard_t_prunusDomestica_2s | 0.1770
 SCRIPT       : Player "rafaelglima79" (steamid=76561199445097358) disconnected early from server (EXIT NOW).
SCRIPT       : DATA_LOG | 692502 | aRapBi1cCZPZAGLIDny3dk3hQ8vTmNTLHRl8zxmKgQ0= | 2257.35 | 311.855 | 6223.07 | 0.177038 | 0.984204 | 0 | SCARH_Black | 0 | 6.96776 | 496.48 | 0 | 1 | 1 | 0 | 0 | 0 | 0 | 1 | camera | TreeHard_t_prunusDomestica_2s | 0.17703
SCRIPT       : [Logout]: Player aRapBi1cCZPZAGLIDny3dk3hQ8vTmNTLHRl8zxmKgQ0= finished
SCRIPT       : [PlayerListManager] SyncEntryToReceivers ► uid: aRapBi1cCZPZAGLIDny3dk3hQ8vTmNTLHRl8zxmKgQ0= isn't in the players list! sending a remove.
SCRIPT       : PlayerDisconnected -> PlayerListManager.RemoveEntry ► aRapBi1cCZPZAGLIDny3dk3hQ8vTmNTLHRl8zxmKgQ0=
 SCRIPT       : [MissionServer] OnMissionFinish - Server
 SCRIPT       : ~DayZGame()
