---------------------------------------------
Log D:\steam\steamapps\common\DayZServer\profiles\script_2026-08-02_21-41-27.log started at 02.08. 21:41:30

SCRIPT       : Module: GameLib; loaded 18x files; 26x classes; used 39/2097 kB (1%) of static memory; defines: "DAYZ_1_29,SERVER_FOR_WINDOWS,SERVER,PLATFORM_WINDOWS,RELEASE,NO_GUI,NO_GUI_INGAME,sakhal,JM_CommunityFramework,CF_MODULE_CONFIG,CF_EXPRESSION,C
SCRIPT       : Registered 349 temporary action enum(s), UAN==349
SCRIPT       : Module: Game; loaded 521x files; 1604x classes; used 4275/33554 kB (12%) of static memory; defines: "DAYZ_1_29,SERVER_FOR_WINDOWS,SERVER,PLATFORM_WINDOWS,RELEASE,NO_GUI,NO_GUI_INGAME,sakhal,JM_CommunityFramework,CF_MODULE_CONFIG,CF_EXPRESSI
SCRIPT       : ... Backlit Effects Enabled
SCRIPT       : VPPNotificationManager()
SCRIPT       : [VPPAT] Internal VPPNotifications module loaded!
SCRIPT       : [DayZ Game]:: DayZGame(): Initializing V++ Admin Tools.
SCRIPT       : Module: World; loaded 2247x files; 5867x classes; used 9518/33554 kB (28%) of static memory; defines: "DAYZ_1_29,SERVER_FOR_WINDOWS,SERVER,PLATFORM_WINDOWS,RELEASE,NO_GUI,NO_GUI_INGAME,sakhal,JM_CommunityFramework,CF_MODULE_CONFIG,CF_EXPRES
 SCRIPT       : Module: Mission; loaded 293x files; 593x classes; used 3996/33554 kB (11%) of static memory; defines: "DAYZ_1_29,SERVER_FOR_WINDOWS,SERVER,PLATFORM_WINDOWS,RELEASE,NO_GUI,NO_GUI_INGAME,sakhal,JM_CommunityFramework,CF_MODULE_CONFIG,CF_EXPRE
 SCRIPT       : Module: $CurrentDir:mpmissions\dayzOffline.chernarusplus\init.c; loaded 1x files; 1x classes; used 6/1048 kB (0%) of static memory; defines: "DAYZ_1_29,SERVER_FOR_WINDOWS,SERVER,PLATFORM_WINDOWS,RELEASE,NO_GUI,NO_GUI_INGAME,sakhal,JM_Commu
 SCRIPT       : [SERVER :: Vanilla++ AdminTools Plugins Registering]
 SCRIPT       : [MissionServer] OnInit - Server
 SCRIPT       : [MissionServer] OnMissionStart - Server
 SCRIPT       : string dirtyName = 'TESTINGSERVER'
SCRIPT       : m_LoginTimeMs: 16200
 SCRIPT       : ---- PlayerBase OnStoreLoad SUCCESS ----
 SCRIPT       : [VPPAT] Player "rafaelglima79" (steamId=76561199445097358) connected to server!
 SCRIPT       : [PlayerListManager] AddReceiver ► added: PlayerIdentity<0x000002B241324630>
SCRIPT       : DATA_LOG | 347807 | 654399791 | 4627.62 | 339.642 | 10450.9 | 0.661885 | 0.749605 | 0 | SCARH_Black
SCRIPT       : DATA_LOG | 348808 | 654399791 | 4627.62 | 339.642 | 10450.9 | 0.661885 | 0.749605 | 0 | SCARH_Black
SCRIPT       : DATA_LOG | 349809 | 654399791 | 4627.62 | 339.642 | 10450.9 | 0.661885 | 0.749605 | 0 | SCARH_Black
SCRIPT       : DATA_LOG | 350812 | 654399791 | 4627.62 | 339.642 | 10450.9 | 0.661885 | 0.749605 | 0 | SCARH_Black
SCRIPT       : DATA_LOG | 351813 | 654399791 | 4627.62 | 339.642 | 10450.9 | 0.661885 | 0.749605 | 0 | SCARH_Black
SCRIPT       : DATA_LOG | 352813 | 654399791 | 4627.62 | 339.642 | 10450.9 | 0.661885 | 0.749605 | 0 | SCARH_Black
SCRIPT       : DATA_LOG | 353815 | 654399791 | 4627.62 | 339.642 | 10450.9 | 0.661885 | 0.749605 | 0 | SCARH_Black
SCRIPT       : DATA_LOG | 354816 | 654399791 | 4627.62 | 339.642 | 10450.9 | 0.661885 | 0.749605 | 0 | SCARH_Black
SCRIPT       : DATA_LOG | 355817 | 654399791 | 4627.62 | 339.642 | 10450.9 | 0.661885 | 0.749605 | 0 | SCARH_Black
SCRIPT       : DATA_LOG | 356817 | 654399791 | 4627.62 | 339.642 | 10450.9 | 0.661885 | 0.749605 | 0 | SCARH_Black
SCRIPT       : DATA_LOG | 357819 | 654399791 | 4627.62 | 339.642 | 10450.9 | 0.661885 | 0.749605 | 0 | SCARH_Black
SCRIPT       : DATA_LOG | 358819 | 654399791 | 4627.62 | 339.642 | 10450.9 | 0.661885 | 0.749605 | 0 | SCARH_Black
SCRIPT       : DATA_LOG | 359821 | 654399791 | 4627.62 | 339.642 | 10450.9 | 0.661885 | 0.749605 | 0 | SCARH_Black
SCRIPT       : DATA_LOG | 360821 | 654399791 | 4627.62 | 339.642 | 10450.9 | 0.661885 | 0.749605 | 0 | SCARH_Black
SCRIPT       : DATA_LOG | 361823 | 654399791 | 4627.62 | 339.642 | 10450.9 | 0.661885 | 0.749605 | 0 | SCARH_Black
SCRIPT       : DATA_LOG | 362823 | 654399791 | 4627.62 | 339.642 | 10450.9 | 0.661885 | 0.749605 | 0 | SCARH_Black
SCRIPT       : DATA_LOG | 363825 | 654399791 | 4627.62 | 339.642 | 10450.9 | 0.661885 | 0.749605 | 0 | SCARH_Black
SCRIPT       : DATA_LOG | 364826 | 654399791 | 4627.62 | 339.642 | 10450.9 | 0.661885 | 0.749605 | 0 | SCARH_Black
SCRIPT       : DATA_LOG | 365828 | 654399791 | 4627.62 | 339.642 | 10450.9 | 0.661885 | 0.749605 | 0 | SCARH_Black
SCRIPT       : DATA_LOG | 366829 | 654399791 | 4627.62 | 339.642 | 10450.9 | 0.661885 | 0.749605 | 0 | SCARH_Black
SCRIPT       : DATA_LOG | 367829 | 654399791 | 4627.62 | 339.642 | 10450.9 | 0.661885 | 0.749605 | 0 | SCARH_Black
SCRIPT       : DATA_LOG | 368830 | 654399791 | 4627.62 | 339.642 | 10450.9 | 0.661885 | 0.749605 | 0 | SCARH_Black
SCRIPT       : DATA_LOG | 369832 | 654399791 | 4627.62 | 339.642 | 10450.9 | 0.661885 | 0.749605 | 0 | SCARH_Black
SCRIPT       : DATA_LOG | 370833 | 654399791 | 4627.62 | 339.642 | 10450.9 | 0.661885 | 0.749605 | 0 | SCARH_Black
SCRIPT       : DATA_LOG | 371833 | 654399791 | 4627.62 | 339.642 | 10450.9 | 0.661885 | 0.749605 | 0 | SCARH_Black
SCRIPT       : DATA_LOG | 372834 | 654399791 | 4627.62 | 339.642 | 10450.9 | 0.661885 | 0.749605 | 0 | SCARH_Black
SCRIPT       : DATA_LOG | 373837 | 654399791 | 4627.62 | 339.642 | 10450.9 | 0.661885 | 0.749605 | 0 | SCARH_Black
SCRIPT       : DATA_LOG | 374839 | 654399791 | 4627.62 | 339.642 | 10450.9 | 0.661885 | 0.749605 | 0 | SCARH_Black
SCRIPT       : DATA_LOG | 375840 | 654399791 | 4627.62 | 339.642 | 10450.9 | 0.661885 | 0.749605 | 0 | SCARH_Black
SCRIPT       : DATA_LOG | 376841 | 654399791 | 4627.62 | 339.642 | 10450.9 | 0.661885 | 0.749605 | 0 | SCARH_Black
SCRIPT       : DATA_LOG | 377842 | 654399791 | 4627.62 | 339.642 | 10450.9 | 0.661885 | 0.749605 | 0 | SCARH_Black
SCRIPT       : DATA_LOG | 378846 | 654399791 | 4627.62 | 339.642 | 10450.9 | 0.661885 | 0.749605 | 0 | SCARH_Black
SCRIPT       : DATA_LOG | 379848 | 654399791 | 4627.62 | 339.642 | 10450.9 | 0.661885 | 0.749605 | 0 | SCARH_Black
SCRIPT       : DATA_LOG | 380851 | 654399791 | 4627.62 | 339.642 | 10450.9 | 0.661885 | 0.749605 | 0 | SCARH_Black
SCRIPT       : DATA_LOG | 381854 | 654399791 | 4627.62 | 339.642 | 10450.9 | 0.661885 | 0.749605 | 0 | SCARH_Black
SCRIPT       : DATA_LOG | 382854 | 654399791 | 4627.62 | 339.642 | 10450.9 | 0.661885 | 0.749605 | 0 | SCARH_Black
SCRIPT       : DATA_LOG | 383855 | 654399791 | 4627.62 | 339.642 | 10450.9 | 0.661885 | 0.749605 | 0 | SCARH_Black
SCRIPT       : DATA_LOG | 384856 | 654399791 | 4627.62 | 339.642 | 10450.9 | 0.661885 | 0.749605 | 0 | SCARH_Black
SCRIPT       : DATA_LOG | 385867 | 654399791 | 4627.62 | 339.642 | 10450.9 | 0.661885 | 0.749605 | 0 | SCARH_Black
SCRIPT       : DATA_LOG | 386868 | 654399791 | 4627.62 | 339.642 | 10450.9 | 0.661885 | 0.749605 | 0 | SCARH_Black
SCRIPT       : DATA_LOG | 387869 | 654399791 | 4627.62 | 339.642 | 10450.9 | 0.661885 | 0.749605 | 0 | SCARH_Black
SCRIPT       : DATA_LOG | 388870 | 654399791 | 4627.62 | 339.642 | 10450.9 | 0.661885 | 0.749605 | 0 | SCARH_Black
SCRIPT       : DATA_LOG | 389871 | 654399791 | 4627.62 | 339.642 | 10450.9 | 0.661885 | 0.749605 | 0 | SCARH_Black
SCRIPT       : DATA_LOG | 390872 | 654399791 | 4627.62 | 339.642 | 10450.9 | 0.661885 | 0.749605 | 0 | SCARH_Black
SCRIPT       : DATA_LOG | 391873 | 654399791 | 4627.62 | 339.642 | 10450.9 | 0.661885 | 0.749605 | 0 | SCARH_Black
SCRIPT       : DATA_LOG | 392874 | 654399791 | 4627.62 | 339.642 | 10450.9 | 0.661885 | 0.749605 | 0 | SCARH_Black
SCRIPT       : DATA_LOG | 393875 | 654399791 | 4627.62 | 339.642 | 10450.9 | 0.661885 | 0.749605 | 0 | SCARH_Black
SCRIPT       : DATA_LOG | 394876 | 654399791 | 4627.62 | 339.642 | 10450.9 | 0.661885 | 0.749605 | 0 | SCARH_Black
SCRIPT       : DATA_LOG | 395877 | 654399791 | 4627.62 | 339.642 | 10450.9 | 0.661885 | 0.749605 | 0 | SCARH_Black
SCRIPT       : DATA_LOG | 396878 | 654399791 | 4627.62 | 339.642 | 10450.9 | 0.661885 | 0.749605 | 0 | SCARH_Black
SCRIPT       : DATA_LOG | 397879 | 654399791 | 4627.62 | 339.642 | 10450.9 | 0.661885 | 0.749605 | 0 | SCARH_Black
SCRIPT       : DATA_LOG | 398880 | 654399791 | 4627.62 | 339.642 | 10450.9 | 0.661885 | 0.749605 | 0 | SCARH_Black
SCRIPT       : DATA_LOG | 399881 | 654399791 | 4627.62 | 339.642 | 10450.9 | 0.661885 | 0.749605 | 0 | SCARH_Black
SCRIPT       : DATA_LOG | 400882 | 654399791 | 4627.62 | 339.642 | 10450.9 | 0.661885 | 0.749605 | 0 | SCARH_Black
SCRIPT       : DATA_LOG | 401883 | 654399791 | 4627.62 | 339.642 | 10450.9 | 0.661885 | 0.749605 | 0 | SCARH_Black
SCRIPT       : DATA_LOG | 402884 | 654399791 | 4627.62 | 339.642 | 10450.9 | 0.661885 | 0.749605 | 0 | SCARH_Black
SCRIPT       : DATA_LOG | 403886 | 654399791 | 4627.62 | 339.642 | 10450.9 | 0.661885 | 0.749605 | 0 | SCARH_Black
SCRIPT       : DATA_LOG | 404886 | 654399791 | 4627.62 | 339.642 | 10450.9 | 0.661885 | 0.749605 | 0 | SCARH_Black
SCRIPT       : DATA_LOG | 405887 | 654399791 | 4627.62 | 339.642 | 10450.9 | 0.661885 | 0.749605 | 0 | SCARH_Black
SCRIPT       : DATA_LOG | 406888 | 654399791 | 4627.62 | 339.642 | 10450.9 | 0.661885 | 0.749605 | 0 | SCARH_Black
SCRIPT       : DATA_LOG | 407889 | 654399791 | 4627.62 | 339.642 | 10450.9 | 0.661885 | 0.749605 | 0 | SCARH_Black
SCRIPT       : DATA_LOG | 408890 | 654399791 | 4627.62 | 339.642 | 10450.9 | 0.661885 | 0.749605 | 0 | SCARH_Black
SCRIPT       : DATA_LOG | 409893 | 654399791 | 4627.62 | 339.642 | 10450.9 | 0.661885 | 0.749605 | 0 | SCARH_Black
SCRIPT       : DATA_LOG | 410894 | 654399791 | 4627.62 | 339.642 | 10450.9 | 0.661885 | 0.749605 | 0 | SCARH_Black
SCRIPT       : DATA_LOG | 411895 | 654399791 | 4627.62 | 339.642 | 10450.9 | 0.661885 | 0.749605 | 0 | SCARH_Black
SCRIPT       : DATA_LOG | 412896 | 654399791 | 4627.62 | 339.642 | 10450.9 | 0.661885 | 0.749605 | 0 | SCARH_Black
SCRIPT       : DATA_LOG | 413897 | 654399791 | 4627.62 | 339.642 | 10450.9 | 0.661885 | 0.749605 | 0 | SCARH_Black
SCRIPT       : DATA_LOG | 414898 | 654399791 | 4627.62 | 339.642 | 10450.9 | 0.661885 | 0.749605 | 0 | SCARH_Black
SCRIPT       : DATA_LOG | 415899 | 654399791 | 4627.62 | 339.642 | 10450.9 | 0.661885 | 0.749605 | 0 | SCARH_Black
SCRIPT       : DATA_LOG | 416900 | 654399791 | 4627.62 | 339.642 | 10450.9 | 0.661885 | 0.749605 | 0 | SCARH_Black
SCRIPT       : DATA_LOG | 417901 | 654399791 | 4627.62 | 339.642 | 10450.9 | 0.661885 | 0.749605 | 0 | SCARH_Black
SCRIPT       : DATA_LOG | 418902 | 654399791 | 4627.62 | 339.642 | 10450.9 | 0.661885 | 0.749605 | 0 | SCARH_Black
SCRIPT       : DATA_LOG | 419903 | 654399791 | 4627.62 | 339.642 | 10450.9 | 0.661885 | 0.749605 | 0 | SCARH_Black
SCRIPT       : DATA_LOG | 420904 | 654399791 | 4627.62 | 339.642 | 10450.9 | 0.661885 | 0.749605 | 0 | SCARH_Black
SCRIPT       : DATA_LOG | 421905 | 654399791 | 4627.62 | 339.642 | 10450.9 | 0.661885 | 0.749605 | 0 | SCARH_Black
SCRIPT       : DATA_LOG | 422906 | 654399791 | 4627.62 | 339.642 | 10450.9 | 0.661885 | 0.749605 | 0 | SCARH_Black
SCRIPT       : DATA_LOG | 423907 | 654399791 | 4627.62 | 339.642 | 10450.9 | 0.661885 | 0.749605 | 0 | SCARH_Black
SCRIPT       : DATA_LOG | 424908 | 654399791 | 4627.62 | 339.642 | 10450.9 | 0.661885 | 0.749605 | 0 | SCARH_Black
SCRIPT       : DATA_LOG | 425909 | 654399791 | 4627.62 | 339.642 | 10450.9 | 0.661885 | 0.749605 | 0 | SCARH_Black
SCRIPT       : DATA_LOG | 426910 | 654399791 | 4627.62 | 339.642 | 10450.9 | 0.661885 | 0.749605 | 0 | SCARH_Black
SCRIPT       : DATA_LOG | 427911 | 654399791 | 4627.62 | 339.642 | 10450.9 | 0.661885 | 0.749605 | 0 | SCARH_Black
SCRIPT       : DATA_LOG | 428912 | 654399791 | 4627.62 | 339.642 | 10450.9 | 0.661885 | 0.749605 | 0 | SCARH_Black
SCRIPT       : DATA_LOG | 429913 | 654399791 | 4627.62 | 339.642 | 10450.9 | 0.661885 | 0.749605 | 0 | SCARH_Black
SCRIPT       : DATA_LOG | 430914 | 654399791 | 4627.62 | 339.642 | 10450.9 | 0.661885 | 0.749605 | 0 | SCARH_Black
SCRIPT       : DATA_LOG | 431915 | 654399791 | 4627.62 | 339.642 | 10450.9 | 0.661885 | 0.749605 | 0 | SCARH_Black
SCRIPT       : DATA_LOG | 432916 | 654399791 | 4627.62 | 339.642 | 10450.9 | 0.661885 | 0.749605 | 0 | SCARH_Black
SCRIPT       : DATA_LOG | 433917 | 654399791 | 4627.62 | 339.642 | 10450.9 | 0.661885 | 0.749605 | 0 | SCARH_Black
SCRIPT       : DATA_LOG | 434919 | 654399791 | 4627.62 | 339.642 | 10450.9 | 0.661885 | 0.749605 | 0 | SCARH_Black
SCRIPT       : DATA_LOG | 435919 | 654399791 | 4627.62 | 339.642 | 10450.9 | 0.661885 | 0.749605 | 0 | SCARH_Black
SCRIPT       : DATA_LOG | 436920 | 654399791 | 4627.62 | 339.642 | 10450.9 | 0.661885 | 0.749605 | 0 | SCARH_Black
SCRIPT       : DATA_LOG | 437921 | 654399791 | 4627.62 | 339.642 | 10450.9 | 0.661885 | 0.749605 | 0 | SCARH_Black
SCRIPT       : DATA_LOG | 438922 | 654399791 | 4627.62 | 339.642 | 10450.9 | 0.661885 | 0.749605 | 0 | SCARH_Black
SCRIPT       : DATA_LOG | 439923 | 654399791 | 4627.62 | 339.642 | 10450.9 | 0.661885 | 0.749605 | 0 | SCARH_Black
SCRIPT       : DATA_LOG | 440924 | 654399791 | 4627.62 | 339.642 | 10450.9 | 0.661885 | 0.749605 | 0 | SCARH_Black
SCRIPT       : DATA_LOG | 441925 | 654399791 | 4627.62 | 339.642 | 10450.9 | 0.661885 | 0.749605 | 0 | SCARH_Black
SCRIPT       : DATA_LOG | 442926 | 654399791 | 4627.62 | 339.642 | 10450.9 | 0.661885 | 0.749605 | 0 | SCARH_Black
SCRIPT       : DATA_LOG | 443928 | 654399791 | 4627.62 | 339.642 | 10450.9 | 0.661885 | 0.749605 | 0 | SCARH_Black
SCRIPT       : DATA_LOG | 444928 | 654399791 | 4627.62 | 339.642 | 10450.9 | 0.661885 | 0.749605 | 0 | SCARH_Black
SCRIPT       : DATA_LOG | 445930 | 654399791 | 4627.62 | 339.642 | 10450.9 | 0.661885 | 0.749605 | 0 | SCARH_Black
SCRIPT       : DATA_LOG | 446930 | 654399791 | 4627.62 | 339.642 | 10450.9 | 0.661885 | 0.749605 | 0 | SCARH_Black
SCRIPT       : DATA_LOG | 447931 | 654399791 | 4627.62 | 339.642 | 10450.9 | 0.661885 | 0.749605 | 0 | SCARH_Black
SCRIPT       : DATA_LOG | 448932 | 654399791 | 4627.62 | 339.642 | 10450.9 | 0.661885 | 0.749605 | 0 | SCARH_Black
SCRIPT       : DATA_LOG | 449933 | 654399791 | 4627.62 | 339.642 | 10450.9 | 0.661885 | 0.749605 | 0 | SCARH_Black
SCRIPT       : DATA_LOG | 450934 | 654399791 | 4627.62 | 339.642 | 10450.9 | 0.661885 | 0.749605 | 0 | SCARH_Black
SCRIPT       : DATA_LOG | 451935 | 654399791 | 4627.62 | 339.642 | 10450.9 | 0.661885 | 0.749605 | 0 | SCARH_Black
SCRIPT       : DATA_LOG | 452936 | 654399791 | 4627.62 | 339.642 | 10450.9 | 0.661885 | 0.749605 | 0 | SCARH_Black
SCRIPT       : DATA_LOG | 453937 | 654399791 | 4627.62 | 339.642 | 10450.9 | 0.661885 | 0.749605 | 0 | SCARH_Black
SCRIPT       : DATA_LOG | 454938 | 654399791 | 4627.62 | 339.642 | 10450.9 | 0.661885 | 0.749605 | 0 | SCARH_Black
SCRIPT       : DATA_LOG | 455939 | 654399791 | 4627.62 | 339.642 | 10450.9 | 0.661885 | 0.749605 | 0 | SCARH_Black
SCRIPT       : DATA_LOG | 456940 | 654399791 | 4627.62 | 339.642 | 10450.9 | 0.661885 | 0.749605 | 0 | SCARH_Black
SCRIPT       : DATA_LOG | 457941 | 654399791 | 4627.62 | 339.642 | 10450.9 | 0.661885 | 0.749605 | 0 | SCARH_Black
SCRIPT       : DATA_LOG | 458942 | 654399791 | 4627.62 | 339.642 | 10450.9 | 0.661885 | 0.749605 | 0 | SCARH_Black
SCRIPT       : DATA_LOG | 459943 | 654399791 | 4627.62 | 339.642 | 10450.9 | 0.661885 | 0.749605 | 0 | SCARH_Black
SCRIPT       : DATA_LOG | 460944 | 654399791 | 4627.62 | 339.642 | 10450.9 | 0.661885 | 0.749605 | 0 | SCARH_Black
SCRIPT       : DATA_LOG | 461945 | 654399791 | 4627.62 | 339.642 | 10450.9 | 0.661885 | 0.749605 | 0 | SCARH_Black
SCRIPT       : DATA_LOG | 462946 | 654399791 | 4627.62 | 339.642 | 10450.9 | 0.661885 | 0.749605 | 0 | SCARH_Black
SCRIPT       : DATA_LOG | 463947 | 654399791 | 4627.62 | 339.642 | 10450.9 | 0.661885 | 0.749605 | 0 | SCARH_Black
SCRIPT       : DATA_LOG | 464948 | 654399791 | 4627.62 | 339.642 | 10450.9 | 0.661885 | 0.749605 | 0 | SCARH_Black
SCRIPT       : DATA_LOG | 465949 | 654399791 | 4627.62 | 339.642 | 10450.9 | 0.661885 | 0.749605 | 0 | SCARH_Black
SCRIPT       : DATA_LOG | 466950 | 654399791 | 4627.62 | 339.642 | 10450.9 | 0.661885 | 0.749605 | 0 | SCARH_Black
SCRIPT       : DATA_LOG | 467951 | 654399791 | 4627.62 | 339.642 | 10450.9 | 0.661885 | 0.749605 | 0 | SCARH_Black
SCRIPT       : DATA_LOG | 468952 | 654399791 | 4627.62 | 339.642 | 10450.9 | 0.661885 | 0.749605 | 0 | SCARH_Black
SCRIPT       : DATA_LOG | 469953 | 654399791 | 4627.62 | 339.642 | 10450.9 | 0.661885 | 0.749605 | 0 | SCARH_Black
SCRIPT       : DATA_LOG | 470954 | 654399791 | 4627.62 | 339.642 | 10450.9 | 0.661885 | 0.749605 | 0 | SCARH_Black
SCRIPT       : DATA_LOG | 471955 | 654399791 | 4627.62 | 339.642 | 10450.9 | 0.661885 | 0.749605 | 0 | SCARH_Black
SCRIPT       : DATA_LOG | 472956 | 654399791 | 4627.62 | 339.642 | 10450.9 | 0.661885 | 0.749605 | 0 | SCARH_Black
SCRIPT       : DATA_LOG | 473957 | 654399791 | 4627.62 | 339.642 | 10450.9 | 0.661885 | 0.749605 | 0 | SCARH_Black
SCRIPT       : DATA_LOG | 474958 | 654399791 | 4627.62 | 339.642 | 10450.9 | 0.661885 | 0.749605 | 0 | SCARH_Black
SCRIPT       : DATA_LOG | 475959 | 654399791 | 4627.62 | 339.642 | 10450.9 | 0.661885 | 0.749605 | 0 | SCARH_Black
SCRIPT       : DATA_LOG | 476960 | 654399791 | 4627.62 | 339.642 | 10450.9 | 0.661885 | 0.749605 | 0 | SCARH_Black
SCRIPT       : DATA_LOG | 477961 | 654399791 | 4627.62 | 339.642 | 10450.9 | 0.661885 | 0.749605 | 0 | SCARH_Black
SCRIPT       : DATA_LOG | 478962 | 654399791 | 4627.62 | 339.642 | 10450.9 | 0.661885 | 0.749605 | 0 | SCARH_Black
SCRIPT       : DATA_LOG | 479963 | 654399791 | 4627.62 | 339.642 | 10450.9 | 0.661885 | 0.749605 | 0 | SCARH_Black
SCRIPT       : DATA_LOG | 480964 | 654399791 | 4627.62 | 339.642 | 10450.9 | 0.661885 | 0.749605 | 0 | SCARH_Black
SCRIPT       : DATA_LOG | 481965 | 654399791 | 4627.62 | 339.642 | 10450.9 | 0.661885 | 0.749605 | 0 | SCARH_Black
SCRIPT       : DATA_LOG | 482966 | 654399791 | 4627.62 | 339.642 | 10450.9 | 0.661885 | 0.749605 | 0 | SCARH_Black
 SCRIPT       : [Permissions Manager] Admin (rafaelglima79) (76561199445097358) Successfully Logged in!
SCRIPT       : DATA_LOG | 483967 | 654399791 | 4627.62 | 339.642 | 10450.9 | 0.661885 | 0.749605 | 0 | SCARH_Black
SCRIPT       : DATA_LOG | 484968 | 654399791 | 4627.62 | 339.642 | 10450.9 | 0.661885 | 0.749605 | 0 | SCARH_Black
SCRIPT       : DATA_LOG | 485969 | 654399791 | 4627.62 | 339.642 | 10450.9 | 0.661885 | 0.749605 | 0 | SCARH_Black
SCRIPT       : DATA_LOG | 486970 | 654399791 | 4627.62 | 339.642 | 10450.9 | 0.661885 | 0.749605 | 0 | SCARH_Black
SCRIPT       : DATA_LOG | 487972 | 654399791 | 4627.62 | 339.642 | 10450.9 | 0.661885 | 0.749605 | 0 | SCARH_Black
SCRIPT       : DATA_LOG | 488972 | 654399791 | 4627.62 | 339.642 | 10450.9 | 0.661885 | 0.749605 | 0 | SCARH_Black
SCRIPT       : DATA_LOG | 489973 | 654399791 | 4627.62 | 339.642 | 10450.9 | 0.661885 | 0.749605 | 0 | SCARH_Black
SCRIPT       : DATA_LOG | 490974 | 654399791 | 4627.62 | 339.642 | 10450.9 | 0.661885 | 0.749605 | 0 | SCARH_Black
SCRIPT       : DATA_LOG | 491975 | 654399791 | 4627.62 | 339.642 | 10450.9 | 0.661885 | 0.749605 | 0 | SCARH_Black
SCRIPT       : DATA_LOG | 492976 | 654399791 | 4627.62 | 339.642 | 10450.9 | 0.661885 | 0.749605 | 0 | SCARH_Black
SCRIPT       : DATA_LOG | 493977 | 654399791 | 4627.62 | 339.642 | 10450.9 | 0.661885 | 0.749605 | 0 | SCARH_Black
SCRIPT       : DATA_LOG | 494978 | 654399791 | 4627.62 | 339.642 | 10450.9 | 0.661885 | 0.749605 | 0 | SCARH_Black
SCRIPT       : DATA_LOG | 495979 | 654399791 | 4627.62 | 339.642 | 10450.9 | 0.661885 | 0.749605 | 0 | SCARH_Black
SCRIPT       : DATA_LOG | 496980 | 654399791 | 4627.62 | 339.642 | 10450.9 | 0.661885 | 0.749605 | 0 | SCARH_Black
SCRIPT       : DATA_LOG | 497982 | 654399791 | 4627.62 | 339.642 | 10450.9 | 0.661885 | 0.749605 | 0 | SCARH_Black
SCRIPT       : DATA_LOG | 498983 | 654399791 | 4627.62 | 339.642 | 10450.9 | 0.661885 | 0.749605 | 0 | SCARH_Black
SCRIPT       : DATA_LOG | 499984 | 654399791 | 4627.62 | 339.642 | 10450.9 | 0.661885 | 0.749605 | 0 | SCARH_Black
SCRIPT       : DATA_LOG | 500985 | 654399791 | 4627.62 | 339.642 | 10450.9 | 0.661885 | 0.749605 | 0 | SCARH_Black
SCRIPT       : DATA_LOG | 501986 | 654399791 | 4627.62 | 339.642 | 10450.9 | 0.661885 | 0.749605 | 0 | SCARH_Black
SCRIPT       : DATA_LOG | 502987 | 654399791 | 4627.62 | 339.642 | 10450.9 | 0.661885 | 0.749605 | 0 | SCARH_Black
SCRIPT       : DATA_LOG | 503988 | 654399791 | 4627.62 | 339.642 | 10450.9 | 0.661885 | 0.749605 | 0 | SCARH_Black
SCRIPT       : DATA_LOG | 504990 | 654399791 | 4627.62 | 339.642 | 10450.9 | 0.661885 | 0.749605 | 0 | SCARH_Black
SCRIPT       : DATA_LOG | 505991 | 654399791 | 4627.62 | 339.642 | 10450.9 | 0.661885 | 0.749605 | 0 | SCARH_Black
SCRIPT       : DATA_LOG | 506992 | 654399791 | 4627.62 | 339.642 | 10450.9 | 0.661885 | 0.749605 | 0 | SCARH_Black
SCRIPT       : DATA_LOG | 507993 | 654399791 | 4627.62 | 339.642 | 10450.9 | 0.661885 | 0.749605 | 0 | SCARH_Black
SCRIPT       : DATA_LOG | 508994 | 654399791 | 4627.62 | 339.642 | 10450.9 | 0.661885 | 0.749605 | 0 | SCARH_Black
SCRIPT       : DATA_LOG | 509995 | 654399791 | 4627.62 | 339.642 | 10450.9 | 0.661885 | 0.749605 | 0 | SCARH_Black
SCRIPT       : DATA_LOG | 510996 | 654399791 | 4627.62 | 339.642 | 10450.9 | 0.661885 | 0.749605 | 0 | SCARH_Black
SCRIPT       : DATA_LOG | 511997 | 654399791 | 4627.62 | 339.642 | 10450.9 | 0.661885 | 0.749605 | 0 | SCARH_Black
SCRIPT       : DATA_LOG | 512998 | 654399791 | 4627.62 | 339.642 | 10450.9 | 0.661885 | 0.749605 | 0 | SCARH_Black
SCRIPT       : DATA_LOG | 513999 | 654399791 | 4627.62 | 339.642 | 10450.9 | 0.661885 | 0.749605 | 0 | SCARH_Black
SCRIPT       : DATA_LOG | 515000 | 654399791 | 4627.62 | 339.642 | 10450.9 | 0.992028 | 0.126018 | 0 | SCARH_Black
SCRIPT       : DATA_LOG | 516001 | 654399791 | 4627.62 | 339.642 | 10450.9 | 0.992028 | 0.126018 | 0 | SCARH_Black
SCRIPT       : DATA_LOG | 517002 | 654399791 | 4627.62 | 339.642 | 10450.9 | 0.992028 | 0.126018 | 0 | SCARH_Black
SCRIPT       : DATA_LOG | 518004 | 654399791 | 4627.62 | 339.642 | 10450.9 | 0.992028 | 0.126018 | 0 | SCARH_Black
SCRIPT       : DATA_LOG | 519004 | 654399791 | 4627.62 | 339.642 | 10450.9 | 0.992028 | 0.126018 | 0 | SCARH_Black
SCRIPT       : DATA_LOG | 520005 | 654399791 | 4627.62 | 339.642 | 10450.9 | 0.992028 | 0.126018 | 0 | SCARH_Black
SCRIPT       : DATA_LOG | 521006 | 654399791 | 4627.62 | 339.642 | 10450.9 | 0.992028 | 0.126018 | 0 | SCARH_Black
SCRIPT       : DATA_LOG | 522007 | 654399791 | 4627.62 | 339.642 | 10450.9 | 0.992028 | 0.126018 | 0 | SCARH_Black
SCRIPT       : DATA_LOG | 523008 | 654399791 | 4627.62 | 339.642 | 10450.9 | 0.992028 | 0.126018 | 0 | SCARH_Black
SCRIPT       : DATA_LOG | 524017 | 654399791 | 4627.62 | 339.642 | 10450.9 | 0.992028 | 0.126018 | 0 | SCARH_Black
SCRIPT       : DATA_LOG | 525017 | 654399791 | 4627.62 | 339.642 | 10450.9 | 0.992028 | 0.126018 | 0 | SCARH_Black
SCRIPT       : DATA_LOG | 526018 | 654399791 | 4627.62 | 339.642 | 10450.9 | 0.992028 | 0.126018 | 0 | SCARH_Black
SCRIPT       : DATA_LOG | 527019 | 654399791 | 4627.62 | 339.642 | 10450.9 | 0.992028 | 0.126018 | 0 | SCARH_Black
SCRIPT       : DATA_LOG | 528020 | 654399791 | 4627.62 | 339.642 | 10450.9 | 0.992028 | 0.126018 | 0 | SCARH_Black
SCRIPT       : DATA_LOG | 529021 | 654399791 | 4627.62 | 339.642 | 10450.9 | 0.992028 | 0.126018 | 0 | SCARH_Black
SCRIPT       : DATA_LOG | 530022 | 654399791 | 4627.62 | 339.642 | 10450.9 | 0.992028 | 0.126018 | 0 | SCARH_Black
SCRIPT       : DATA_LOG | 531023 | 654399791 | 4627.62 | 339.642 | 10450.9 | 0.992028 | 0.126018 | 0 | SCARH_Black
SCRIPT       : DATA_LOG | 532024 | 654399791 | 4627.62 | 339.642 | 10450.9 | 0.992028 | 0.126018 | 0 | SCARH_Black
SCRIPT       : DATA_LOG | 533026 | 654399791 | 4627.91 | 339.642 | 10450.8 | -0.115253 | 0.993336 | 0 | SCARH_Black
SCRIPT       : DATA_LOG | 534027 | 654399791 | 4628.05 | 339.642 | 10450.9 | -0.847406 | -0.530946 | 0 | SCARH_Black
SCRIPT       : DATA_LOG | 535028 | 654399791 | 4625.37 | 339.642 | 10448.9 | -0.179774 | -0.983708 | 0 | SCARH_Black
SCRIPT       : DATA_LOG | 536029 | 654399791 | 4625.94 | 339.642 | 10446.8 | 0.535314 | -0.844653 | 0 | SCARH_Black
SCRIPT       : DATA_LOG | 537030 | 654399791 | 4625.74 | 339.642 | 10446.6 | 0.577309 | -0.816526 | 0 | SCARH_Black
SCRIPT       : DATA_LOG | 538031 | 654399791 | 4627.76 | 339.642 | 10444 | -0.101452 | -0.994841 | 0 | SCARH_Black
SCRIPT       : DATA_LOG | 539032 | 654399791 | 4627.74 | 339.642 | 10440.4 | 0.191321 | -0.981528 | 0 | SCARH_Black
SCRIPT       : DATA_LOG | 540033 | 654399791 | 4629.58 | 339.642 | 10442 | 0.825251 | 0.564766 | 0 | SCARH_Black
SCRIPT       : DATA_LOG | 541034 | 654399791 | 4633.61 | 339.642 | 10441.9 | 0.981177 | -0.19311 | 0 | SCARH_Black
SCRIPT       : DATA_LOG | 542037 | 654399791 | 4636.78 | 339.642 | 10442 | 0.466801 | 0.884363 | 0 | SCARH_Black
SCRIPT       : DATA_LOG | 543037 | 654399791 | 4637.29 | 339.642 | 10445.5 | -0.38561 | 0.922662 | 0 | SCARH_Black
SCRIPT       : DATA_LOG | 544038 | 654399791 | 4635.93 | 339.025 | 10448.8 | -0.39552 | 0.918457 | 0 | SCARH_Black
SCRIPT       : DATA_LOG | 545039 | 654399791 | 4634.81 | 339.025 | 10454.9 | -0.269366 | 0.963038 | 0 | SCARH_Black
SCRIPT       : DATA_LOG | 546040 | 654399791 | 4634.79 | 339.025 | 10461.5 | -0.582793 | 0.812621 | 0 | SCARH_Black
SCRIPT       : DATA_LOG | 547042 | 654399791 | 4632.17 | 339.025 | 10467.7 | -0.725881 | 0.68782 | 0 | SCARH_Black
SCRIPT       : DATA_LOG | 548042 | 654399791 | 4627.14 | 339.025 | 10471.9 | -0.973302 | 0.229529 | 0 | SCARH_Black
SCRIPT       : DATA_LOG | 549043 | 654399791 | 4622.6 | 339.163 | 10472.7 | -0.999994 | -0.00348195 | 0 | SCARH_Black
SCRIPT       : DATA_LOG | 550044 | 654399791 | 4621.01 | 339.165 | 10472.8 | -0.995003 | 0.0998482 | 0 | SCARH_Black
SCRIPT       : DATA_LOG | 551046 | 654399791 | 4621.01 | 339.165 | 10472.8 | -0.995003 | 0.0998482 | 0 | SCARH_Black
SCRIPT       : DATA_LOG | 552046 | 654399791 | 4621.01 | 339.165 | 10472.8 | -0.995003 | 0.0998482 | 0 | SCARH_Black
SCRIPT       : DATA_LOG | 553047 | 654399791 | 4621.01 | 339.165 | 10472.8 | -0.995003 | 0.0998482 | 0 | SCARH_Black
SCRIPT       : DATA_LOG | 554048 | 654399791 | 4621.01 | 339.165 | 10472.8 | -0.995003 | 0.0998482 | 0 | SCARH_Black
SCRIPT       : DATA_LOG | 555049 | 654399791 | 4621.06 | 339.165 | 10472.6 | -0.782108 | 0.623143 | 0 | SCARH_Black
SCRIPT       : DATA_LOG | 556050 | 654399791 | 4624.58 | 339.025 | 10472.9 | 0.758143 | 0.652088 | 0 | SCARH_Black
SCRIPT       : DATA_LOG | 557052 | 654399791 | 4629.16 | 339.025 | 10477.6 | 0.506182 | 0.862427 | 0 | SCARH_Black
SCRIPT       : DATA_LOG | 558053 | 654399791 | 4633.08 | 339.025 | 10483 | 0.525296 | 0.850919 | 0 | SCARH_Black
SCRIPT       : DATA_LOG | 559055 | 654399791 | 4636.14 | 339.025 | 10488.9 | 0.437861 | 0.899042 | 0 | SCARH_Black
SCRIPT       : DATA_LOG | 560056 | 654399791 | 4639.65 | 339.025 | 10494.5 | 0.00564673 | 0.999984 | 0 | SCARH_Black
SCRIPT       : DATA_LOG | 561057 | 654399791 | 4641.57 | 339.025 | 10500.1 | -0.892101 | 0.451836 | 0 | SCARH_Black
SCRIPT       : DATA_LOG | 562058 | 654399791 | 4641.67 | 339.025 | 10505.2 | 0.409808 | 0.912172 | 0 | SCARH_Black
SCRIPT       : DATA_LOG | 563059 | 654399791 | 4643.91 | 339.025 | 10513.1 | 0.685491 | 0.728081 | 0 | SCARH_Black
SCRIPT       : DATA_LOG | 564060 | 654399791 | 4648.27 | 339.025 | 10518.2 | 0.62223 | 0.782835 | 0 | SCARH_Black
SCRIPT       : DATA_LOG | 565062 | 654399791 | 4651.55 | 339.025 | 10521.3 | -0.333131 | -0.942881 | 0 | SCARH_Black
SCRIPT       : DATA_LOG | 566062 | 654399791 | 4653.67 | 339.025 | 10523.3 | -0.380366 | -0.924836 | 0 | SCARH_Black
SCRIPT       : DATA_LOG | 567063 | 654399791 | 4656.38 | 339.025 | 10524.5 | 0.782201 | 0.623026 | 0 | SCARH_Black
SCRIPT       : DATA_LOG | 568064 | 654399791 | 4659.49 | 339.025 | 10529.1 | 0.405728 | 0.913994 | 0 | SCARH_Black
SCRIPT       : DATA_LOG | 569065 | 654399791 | 4663.6 | 339.039 | 10534.8 | 0.257671 | 0.966233 | 0 | SCARH_Black
SCRIPT       : DATA_LOG | 570066 | 654399791 | 4665.58 | 339.088 | 10540.4 | 0.499891 | 0.866088 | 0 | SCARH_Black
SCRIPT       : DATA_LOG | 571067 | 654399791 | 4667.12 | 339.126 | 10543.4 | 0.78004 | 0.625729 | 0 | SCARH_Black
SCRIPT       : DATA_LOG | 572068 | 654399791 | 4667.84 | 339.226 | 10543.8 | 0.915316 | 0.402737 | 0 | SCARH_Black
SCRIPT       : DATA_LOG | 573069 | 654399791 | 4669.61 | 339.273 | 10544.7 | 0.388802 | 0.921322 | 0 | SCARH_Black
SCRIPT       : DATA_LOG | 574070 | 654399791 | 4669.4 | 339.273 | 10544.1 | -0.818086 | -0.575096 | 0 | SCARH_Black
SCRIPT       : DATA_LOG | 575071 | 654399791 | 4670.56 | 339.273 | 10546.7 | -0.415524 | 0.909582 | 0 | SCARH_Black
SCRIPT       : DATA_LOG | 576073 | 654399791 | 4670.56 | 339.273 | 10547.1 | -0.451311 | 0.892367 | 0 | SCARH_Black
SCRIPT       : DATA_LOG | 577073 | 654399791 | 4670.56 | 339.273 | 10547.1 | -0.451311 | 0.892367 | 0 | SCARH_Black
SCRIPT       : DATA_LOG | 578074 | 654399791 | 4670.56 | 339.273 | 10547.1 | -0.451311 | 0.892367 | 0 | SCARH_Black
SCRIPT       : DATA_LOG | 579075 | 654399791 | 4670.56 | 339.273 | 10547.1 | -0.451311 | 0.892367 | 0 | SCARH_Black
SCRIPT       : DATA_LOG | 580076 | 654399791 | 4670.56 | 339.273 | 10547.1 | -0.451311 | 0.892367 | 0 | SCARH_Black
SCRIPT       : DATA_LOG | 581077 | 654399791 | 4670.56 | 339.273 | 10547.1 | -0.451311 | 0.892367 | 0 | SCARH_Black
SCRIPT       : DATA_LOG | 582078 | 654399791 | 4670.56 | 339.273 | 10547.1 | -0.451311 | 0.892367 | 0 | SCARH_Black
SCRIPT       : DATA_LOG | 583079 | 654399791 | 4670.56 | 339.273 | 10547.1 | -0.451311 | 0.892367 | 0 | SCARH_Black
SCRIPT       : DATA_LOG | 584080 | 654399791 | 4670.56 | 339.273 | 10547.1 | -0.451311 | 0.892367 | 0 | SCARH_Black
SCRIPT       : DATA_LOG | 585081 | 654399791 | 4670.56 | 339.273 | 10547.1 | -0.451311 | 0.892367 | 0 | SCARH_Black
SCRIPT       : DATA_LOG | 586082 | 654399791 | 4670.56 | 339.273 | 10547.1 | -0.451311 | 0.892367 | 0 | SCARH_Black
SCRIPT       : DATA_LOG | 587083 | 654399791 | 4670.56 | 339.273 | 10547.1 | -0.451311 | 0.892367 | 0 | SCARH_Black
SCRIPT       : DATA_LOG | 588084 | 654399791 | 4670.56 | 339.273 | 10547.1 | -0.451311 | 0.892367 | 0 | SCARH_Black
SCRIPT       : DATA_LOG | 589085 | 654399791 | 4670.56 | 339.273 | 10547.1 | -0.451311 | 0.892367 | 0 | SCARH_Black
SCRIPT       : DATA_LOG | 590086 | 654399791 | 4670.56 | 339.273 | 10547.1 | -0.451311 | 0.892367 | 0 | SCARH_Black
SCRIPT       : DATA_LOG | 591088 | 654399791 | 4670.56 | 339.273 | 10547.1 | -0.451311 | 0.892367 | 0 | SCARH_Black
SCRIPT       : DATA_LOG | 592089 | 654399791 | 4670.56 | 339.273 | 10547.1 | -0.451311 | 0.892367 | 0 | SCARH_Black
SCRIPT       : DATA_LOG | 593090 | 654399791 | 4670.56 | 339.273 | 10547.1 | -0.451311 | 0.892367 | 0 | SCARH_Black
SCRIPT       : DATA_LOG | 594091 | 654399791 | 4670.56 | 339.273 | 10547.1 | -0.451311 | 0.892367 | 0 | SCARH_Black
SCRIPT       : DATA_LOG | 595092 | 654399791 | 4670.56 | 339.273 | 10547.1 | -0.451311 | 0.892367 | 0 | SCARH_Black
SCRIPT       : DATA_LOG | 596094 | 654399791 | 4670.56 | 339.273 | 10547.1 | -0.451311 | 0.892367 | 0 | SCARH_Black
SCRIPT       : DATA_LOG | 597094 | 654399791 | 4670.56 | 339.273 | 10547.1 | -0.451311 | 0.892367 | 0 | SCARH_Black
SCRIPT       : DATA_LOG | 598095 | 654399791 | 4670.56 | 339.273 | 10547.1 | -0.451311 | 0.892367 | 0 | SCARH_Black
SCRIPT       : DATA_LOG | 599096 | 654399791 | 4670.56 | 339.273 | 10547.1 | -0.451311 | 0.892367 | 0 | SCARH_Black
SCRIPT       : DATA_LOG | 600097 | 654399791 | 4670.56 | 339.273 | 10547.1 | -0.451311 | 0.892367 | 0 | SCARH_Black
SCRIPT       : DATA_LOG | 601099 | 654399791 | 4670.56 | 339.273 | 10547.1 | -0.451311 | 0.892367 | 0 | SCARH_Black
SCRIPT       : DATA_LOG | 602099 | 654399791 | 4670.65 | 339.273 | 10548.7 | 0.963982 | 0.265968 | 0 | SCARH_Black
SCRIPT       : DATA_LOG | 603100 | 654399791 | 4670.85 | 339.273 | 10546.2 | -0.0959652 | -0.995385 | 0 | SCARH_Black
SCRIPT       : DATA_LOG | 604101 | 654399791 | 4669.93 | 339.273 | 10544 | -0.14787 | -0.989007 | 0 | SCARH_Black
SCRIPT       : DATA_LOG | 605102 | 654399791 | 4670.41 | 339.273 | 10541.5 | 0.661815 | -0.749667 | 0 | SCARH_Black
SCRIPT       : DATA_LOG | 606103 | 654399791 | 4671.48 | 339.273 | 10540.5 | 0.822255 | -0.569119 | 0 | SCARH_Black
SCRIPT       : DATA_LOG | 607105 | 654399791 | 4673.53 | 339.132 | 10538.9 | 0.999192 | -0.040204 | 0 | SCARH_Black
SCRIPT       : DATA_LOG | 608105 | 654399791 | 4676.39 | 339.14 | 10539.3 | 0.590752 | 0.806853 | 0 | SCARH_Black
SCRIPT       : DATA_LOG | 609106 | 654399791 | 4679.63 | 339.153 | 10543.8 | 0.581032 | 0.813881 | 0 | SCARH_Black
SCRIPT       : DATA_LOG | 610107 | 654399791 | 4682.97 | 339.159 | 10549.7 | 0.581029 | 0.813883 | 0 | SCARH_Black
SCRIPT       : DATA_LOG | 611108 | 654399791 | 4686.65 | 339.166 | 10555.3 | 0.549292 | 0.83563 | 0 | SCARH_Black
SCRIPT       : DATA_LOG | 612109 | 654399791 | 4691.67 | 339.175 | 10559 | 0.998226 | 0.0595433 | 0 | SCARH_Black
SCRIPT       : DATA_LOG | 613111 | 654399791 | 4698.32 | 339.175 | 10560.9 | 0.982122 | -0.188246 | 0 | SCARH_Black
SCRIPT       : DATA_LOG | 614111 | 654399791 | 4704.31 | 339.175 | 10558.1 | 0.875879 | -0.48253 | 0 | SCARH_Black
SCRIPT       : DATA_LOG | 615112 | 654399791 | 4710.18 | 339.175 | 10554.8 | 0.87584 | -0.482602 | 0 | SCARH_Black
SCRIPT       : DATA_LOG | 616113 | 654399791 | 4715.89 | 339.175 | 10551.3 | 0.87584 | -0.482602 | 0 | SCARH_Black
SCRIPT       : DATA_LOG | 617114 | 654399791 | 4721.53 | 339.175 | 10547.7 | 0.942549 | -0.334067 | 0 | SCARH_Black
SCRIPT       : DATA_LOG | 618115 | 654399791 | 4727.3 | 339.427 | 10545.5 | 0.995788 | 0.0916853 | 0 | SCARH_Black
SCRIPT       : DATA_LOG | 619116 | 654399791 | 4729.77 | 339.406 | 10545.6 | 0.655281 | 0.755385 | 0 | SCARH_Black
SCRIPT       : DATA_LOG | 620117 | 654399791 | 4730.85 | 339.405 | 10544 | 0.460572 | -0.887622 | 0 | SCARH_Black
SCRIPT       : DATA_LOG | 621118 | 654399791 | 4731.26 | 339.405 | 10541.7 | 0.796606 | -0.6045 | 0 | SCARH_Black
SCRIPT       : DATA_LOG | 622119 | 654399791 | 4733.16 | 339.406 | 10541 | 0.992022 | -0.126069 | 0 | SCARH_Black
SCRIPT       : DATA_LOG | 623120 | 654399791 | 4733.17 | 339.406 | 10541 | 0.992022 | -0.126069 | 0 | SCARH_Black
SCRIPT       : DATA_LOG | 624121 | 654399791 | 4733.17 | 339.406 | 10541 | 0.992022 | -0.126069 | 0 | SCARH_Black
SCRIPT       : DATA_LOG | 625122 | 654399791 | 4733.17 | 339.406 | 10541 | 0.992022 | -0.126069 | 0 | SCARH_Black
SCRIPT       : DATA_LOG | 626123 | 654399791 | 4733.17 | 339.406 | 10541 | 0.992022 | -0.126069 | 0 | SCARH_Black
SCRIPT       : DATA_LOG | 627125 | 654399791 | 4733.17 | 339.406 | 10541 | 0.992022 | -0.126069 | 0 | SCARH_Black
SCRIPT       : DATA_LOG | 628125 | 654399791 | 4733.17 | 339.406 | 10541 | 0.992022 | -0.126069 | 0 | SCARH_Black
SCRIPT       : DATA_LOG | 629126 | 654399791 | 4733.17 | 339.406 | 10541 | 0.992022 | -0.126069 | 0 | SCARH_Black
SCRIPT       : DATA_LOG | 630127 | 654399791 | 4733.17 | 339.406 | 10541 | 0.992022 | -0.126069 | 0 | SCARH_Black
SCRIPT       : DATA_LOG | 631128 | 654399791 | 4733.17 | 339.406 | 10541 | 0.992022 | -0.126069 | 0 | SCARH_Black
SCRIPT       : DATA_LOG | 632129 | 654399791 | 4733.17 | 339.406 | 10541 | 0.992022 | -0.126069 | 0 | SCARH_Black
SCRIPT       : DATA_LOG | 633130 | 654399791 | 4733.17 | 339.406 | 10541 | 0.992022 | -0.126069 | 0 | none
SCRIPT       : DATA_LOG | 634131 | 654399791 | 4733.17 | 339.406 | 10541 | 0.992022 | -0.126069 | 0 | none
SCRIPT       : DATA_LOG | 635132 | 654399791 | 4733.17 | 339.406 | 10541 | 0.999253 | -0.0386418 | 0 | none
SCRIPT       : DATA_LOG | 636133 | 654399791 | 4733.17 | 339.406 | 10541 | -0.162943 | 0.986635 | 0 | none
SCRIPT       : DATA_LOG | 637135 | 654399791 | 4733.17 | 339.406 | 10541 | -0.162943 | 0.986635 | 0 | none
SCRIPT       : DATA_LOG | 638136 | 654399791 | 4733.17 | 339.406 | 10541 | -0.162943 | 0.986635 | 0 | none
SCRIPT       : DATA_LOG | 639137 | 654399791 | 4733.17 | 339.406 | 10541 | -0.162943 | 0.986635 | 0 | none
SCRIPT       : DATA_LOG | 640138 | 654399791 | 4733.17 | 339.406 | 10541 | -0.162943 | 0.986635 | 0 | none
SCRIPT       : DATA_LOG | 641139 | 654399791 | 4733.17 | 339.406 | 10541 | -0.162943 | 0.986635 | 0 | none
SCRIPT       : DATA_LOG | 642140 | 654399791 | 4733.17 | 339.406 | 10541 | -0.162943 | 0.986635 | 0 | none
SCRIPT       : DATA_LOG | 643141 | 654399791 | 4733.17 | 339.406 | 10541 | -0.162943 | 0.986635 | 0 | none
SCRIPT       : DATA_LOG | 644142 | 654399791 | 4733.17 | 339.406 | 10541 | -0.162943 | 0.986635 | 0 | none
SCRIPT       : DATA_LOG | 645143 | 654399791 | 4733.17 | 339.406 | 10541 | -0.162943 | 0.986635 | 0 | none
SCRIPT       : DATA_LOG | 646144 | 654399791 | 4733.17 | 339.406 | 10541 | -0.162943 | 0.986635 | 0 | none
SCRIPT       : DATA_LOG | 647145 | 654399791 | 4733.17 | 339.406 | 10541 | -0.162943 | 0.986635 | 0 | SCARH_Black
SCRIPT       : DATA_LOG | 648146 | 654399791 | 4733.17 | 339.406 | 10541 | -0.162943 | 0.986635 | 0 | SCARH_Black
SCRIPT       : DATA_LOG | 649147 | 654399791 | 4731.63 | 339.405 | 10541.8 | -0.758713 | 0.651425 | 0 | SCARH_Black
SCRIPT       : DATA_LOG | 650148 | 654399791 | 4728.89 | 339.406 | 10544.3 | -0.678222 | 0.734857 | 0 | SCARH_Black
SCRIPT       : DATA_LOG | 651149 | 654399791 | 4726.57 | 339.19 | 10547.6 | 0.420924 | 0.907096 | 0 | SCARH_Black
SCRIPT       : DATA_LOG | 652150 | 654399791 | 4730.91 | 339.23 | 10551.9 | 0.999077 | -0.0429454 | 0 | SCARH_Black
SCRIPT       : DATA_LOG | 653151 | 654399791 | 4737.18 | 339.245 | 10550.8 | 0.826207 | -0.563367 | 0 | SCARH_Black
SCRIPT       : DATA_LOG | 654152 | 654399791 | 4741.81 | 339.245 | 10546.1 | 0.726464 | -0.687204 | 0 | SCARH_Black
SCRIPT       : DATA_LOG | 655153 | 654399791 | 4746.2 | 339.245 | 10541.6 | 0.599082 | -0.800688 | 0 | SCARH_Black
SCRIPT       : DATA_LOG | 656154 | 654399791 | 4750.76 | 339.245 | 10536.6 | 0.680802 | -0.732467 | 0 | SCARH_Black
SCRIPT       : DATA_LOG | 657155 | 654399791 | 4754.68 | 339.245 | 10532.9 | 0.685425 | 0.728143 | 0 | SCARH_Black
SCRIPT       : DATA_LOG | 658157 | 654399791 | 4757.6 | 339.245 | 10532.2 | -0.133137 | 0.991098 | 0 | SCARH_Black
SCRIPT       : DATA_LOG | 659157 | 654399791 | 4758.8 | 339.245 | 10531.5 | -0.650149 | 0.759807 | 1 | SCARH_Black
SCRIPT       : DATA_LOG | 660158 | 654399791 | 4759.67 | 339.245 | 10531.1 | -0.319592 | 0.947555 | 1 | SCARH_Black
SCRIPT       : DATA_LOG | 661160 | 654399791 | 4761.07 | 339.245 | 10529.8 | -0.922937 | 0.384952 | 1 | SCARH_Black
SCRIPT       : DATA_LOG | 662160 | 654399791 | 4760.23 | 339.245 | 10530.1 | -0.97761 | 0.210425 | 1 | SCARH_Black
SCRIPT       : DATA_LOG | 663161 | 654399791 | 4760.44 | 339.245 | 10530 | -0.98693 | 0.161147 | 1 | SCARH_Black
SCRIPT       : DATA_LOG | 664162 | 654399791 | 4760.46 | 339.245 | 10530 | -0.980619 | -0.195925 | 0 | SCARH_Black
SCRIPT       : DATA_LOG | 665164 | 654399791 | 4762.77 | 339.245 | 10525.8 | 0.748905 | -0.662677 | 0 | SCARH_Black
SCRIPT       : DATA_LOG | 666164 | 654399791 | 4766.86 | 339.4 | 10520.6 | 0.339927 | -0.940452 | 0 | SCARH_Black
SCRIPT       : DATA_LOG | 667165 | 654399791 | 4769.05 | 339.245 | 10514.8 | 0.385697 | -0.922626 | 0 | SCARH_Black
SCRIPT       : DATA_LOG | 668166 | 654399791 | 4771.42 | 339.245 | 10511.9 | 0.790166 | -0.612893 | 0 | SCARH_Black
SCRIPT       : DATA_LOG | 669167 | 654399791 | 4776.44 | 339.245 | 10507.9 | 0.763791 | -0.645463 | 0 | SCARH_Black
SCRIPT       : DATA_LOG | 670168 | 654399791 | 4781.56 | 339.245 | 10503.7 | 0.876531 | -0.481345 | 1 | SCARH_Black
SCRIPT       : DATA_LOG | 671169 | 654399791 | 4783.99 | 339.245 | 10502.7 | 0.954101 | -0.299485 | 1 | SCARH_Black
SCRIPT       : DATA_LOG | 672170 | 654399791 | 4786.66 | 339.252 | 10502.2 | -0.526571 | -0.850131 | 0 | SCARH_Black
SCRIPT       : DATA_LOG | 673171 | 654399791 | 4786.47 | 339.251 | 10501.4 | -0.866331 | -0.49947 | 1 | SCARH_Black
SCRIPT       : DATA_LOG | 674173 | 654399791 | 4786.18 | 339.246 | 10499.4 | 0.597354 | -0.801977 | 0 | SCARH_Black
SCRIPT       : DATA_LOG | 675173 | 654399791 | 4789.04 | 339.236 | 10493.6 | 0.787407 | -0.616434 | 0 | SCARH_Black
SCRIPT       : DATA_LOG | 676174 | 654399791 | 4790.46 | 339.232 | 10492.2 | 0.827387 | -0.561632 | 0 | SCARH_Black
SCRIPT       : DATA_LOG | 677177 | 654399791 | 4793.44 | 339.216 | 10490.5 | 0.898736 | -0.438489 | 0 | SCARH_Black
SCRIPT       : DATA_LOG | 678177 | 654399791 | 4796.18 | 339.199 | 10489.2 | 0.897009 | -0.442012 | 0 | SCARH_Black
SCRIPT       : DATA_LOG | 679178 | 654399791 | 4796.18 | 339.199 | 10489.2 | 0.897009 | -0.442012 | 0 | SCARH_Black
SCRIPT       : DATA_LOG | 680179 | 654399791 | 4796.23 | 339.198 | 10489.1 | 0.700446 | 0.713706 | 0 | SCARH_Black
SCRIPT       : DATA_LOG | 681180 | 654399791 | 4796.91 | 339.21 | 10490.5 | -0.755296 | -0.655384 | 1 | SCARH_Black
SCRIPT       : DATA_LOG | 682181 | 654399791 | 4796.72 | 339.209 | 10490.3 | -0.735369 | -0.677667 | 0 | SCARH_Black
SCRIPT       : DATA_LOG | 683183 | 654399791 | 4794.06 | 339.196 | 10488.2 | -0.792248 | -0.610199 | 0 | SCARH_Black
SCRIPT       : DATA_LOG | 684183 | 654399791 | 4791 | 339.213 | 10489.7 | -0.767091 | 0.641538 | 0 | SCARH_Black
SCRIPT       : DATA_LOG | 685184 | 654399791 | 4789.7 | 339.225 | 10491.2 | -0.466187 | 0.884686 | 1 | SCARH_Black
SCRIPT       : DATA_LOG | 686185 | 654399791 | 4789.59 | 339.227 | 10491.5 | -0.42863 | 0.90348 | 0 | SCARH_Black
SCRIPT       : DATA_LOG | 687186 | 654399791 | 4788.35 | 339.238 | 10494.8 | -0.0810365 | 0.996711 | 0 | SCARH_Black
SCRIPT       : DATA_LOG | 688187 | 654399791 | 4787.87 | 339.246 | 10498.1 | 0.301483 | 0.953471 | 0 | SCARH_Black
SCRIPT       : DATA_LOG | 689188 | 654399791 | 4785.22 | 339.244 | 10498.9 | 0.302676 | 0.953093 | 0 | SCARH_Black
SCRIPT       : DATA_LOG | 690189 | 654399791 | 4785.44 | 339.244 | 10499.3 | 0.462546 | 0.886595 | 0 | SCARH_Black
SCRIPT       : DATA_LOG | 691190 | 654399791 | 4784.42 | 339.245 | 10500.5 | -0.829072 | 0.559142 | 0 | SCARH_Black
SCRIPT       : DATA_LOG | 692191 | 654399791 | 4780.61 | 339.243 | 10502.9 | -0.83868 | 0.544625 | 0 | SCARH_Black
SCRIPT       : DATA_LOG | 693192 | 654399791 | 4775.09 | 339.244 | 10506.5 | -0.83868 | 0.544625 | 0 | SCARH_Black
SCRIPT       : DATA_LOG | 694193 | 654399791 | 4770.34 | 339.245 | 10509.6 | -0.879312 | 0.476246 | 1 | SCARH_Black
SCRIPT       : DATA_LOG | 695195 | 654399791 | 4769.98 | 339.245 | 10509.8 | -0.884647 | 0.466262 | 1 | SCARH_Black
SCRIPT       : DATA_LOG | 696195 | 654399791 | 4769.98 | 339.245 | 10509.8 | -0.884647 | 0.466262 | 0 | SCARH_Black
SCRIPT       : DATA_LOG | 697196 | 654399791 | 4769.15 | 339.245 | 10510.8 | 0.398403 | 0.917211 | 0 | SCARH_Black
SCRIPT       : DATA_LOG | 698197 | 654399791 | 4769.59 | 339.245 | 10512.9 | 0.273655 | 0.961828 | 1 | SCARH_Black
SCRIPT       : DATA_LOG | 699198 | 654399791 | 4769.59 | 339.245 | 10512.9 | 0.273655 | 0.961828 | 1 | SCARH_Black
SCRIPT       : DATA_LOG | 700199 | 654399791 | 4770 | 339.245 | 10513.7 | -0.863491 | 0.504364 | 0 | SCARH_Black
SCRIPT       : DATA_LOG | 701201 | 654399791 | 4770.19 | 339.245 | 10516.9 | 0.108747 | 0.994069 | 0 | SCARH_Black
SCRIPT       : DATA_LOG | 702201 | 654399791 | 4773.49 | 339.245 | 10521 | 0.745522 | 0.666481 | 0 | SCARH_Black
SCRIPT       : DATA_LOG | 703202 | 654399791 | 4778.85 | 339.192 | 10525 | 0.71256 | 0.701612 | 0 | SCARH_Black
SCRIPT       : DATA_LOG | 704203 | 654399791 | 4784.09 | 339.146 | 10529.2 | 0.669979 | 0.74238 | 0 | SCARH_Black
SCRIPT       : DATA_LOG | 705204 | 654399791 | 4789.13 | 339.145 | 10533.4 | 0.487656 | 0.873036 | 0 | SCARH_Black
SCRIPT       : DATA_LOG | 706205 | 654399791 | 4792.97 | 339.145 | 10538.9 | 0.336275 | 0.941764 | 0 | SCARH_Black
SCRIPT       : DATA_LOG | 707206 | 654399791 | 4795.75 | 339.145 | 10544.8 | 0.338167 | 0.941086 | 0 | SCARH_Black
SCRIPT       : DATA_LOG | 708207 | 654399791 | 4796.16 | 339.236 | 10551.1 | -0.413558 | 0.910478 | 0 | SCARH_Black
SCRIPT       : DATA_LOG | 709208 | 654399791 | 4793.15 | 339.236 | 10557.1 | -0.519639 | 0.854386 | 0 | SCARH_Black
SCRIPT       : DATA_LOG | 710209 | 654399791 | 4792.13 | 339.236 | 10558.5 | -0.627434 | 0.77867 | 0 | SCARH_Black
SCRIPT       : DATA_LOG | 711210 | 654399791 | 4791.95 | 339.236 | 10558.7 | -0.667654 | 0.744472 | 0 | SCARH_Black
SCRIPT       : DATA_LOG | 712211 | 654399791 | 4790.56 | 339.236 | 10562 | -0.322507 | 0.946567 | 0 | SCARH_Black
SCRIPT       : DATA_LOG | 713212 | 654399791 | 4788 | 339.245 | 10566.2 | -0.557603 | 0.830108 | 0 | SCARH_Black
SCRIPT       : DATA_LOG | 714213 | 654399791 | 4784.02 | 339.115 | 10571.5 | -0.498138 | 0.867097 | 0 | SCARH_Black
SCRIPT       : DATA_LOG | 715215 | 654399791 | 4780.61 | 339.115 | 10577.3 | -0.497813 | 0.867284 | 0 | SCARH_Black
SCRIPT       : DATA_LOG | 716216 | 654399791 | 4779.99 | 339.118 | 10582.6 | 0.610704 | 0.791859 | 0 | SCARH_Black
SCRIPT       : DATA_LOG | 717217 | 654399791 | 4785.51 | 339.125 | 10586 | 0.721172 | 0.692756 | 0 | SCARH_Black
SCRIPT       : DATA_LOG | 718218 | 654399791 | 4790.24 | 339.134 | 10590.7 | 0.655696 | 0.755025 | 0 | SCARH_Black
SCRIPT       : DATA_LOG | 719219 | 654399791 | 4794.71 | 339.163 | 10595.7 | 0.65177 | 0.758416 | 0 | SCARH_Black
SCRIPT       : DATA_LOG | 720220 | 654399791 | 4799.47 | 339.02 | 10600.4 | 0.651769 | 0.758417 | 0 | SCARH_Black
SCRIPT       : DATA_LOG | 721221 | 654399791 | 4803.51 | 338.927 | 10605.4 | 0.413311 | 0.91059 | 0 | SCARH_Black
SCRIPT       : DATA_LOG | 722222 | 654399791 | 4804.95 | 338.837 | 10611.9 | 0.196393 | 0.980525 | 0 | SCARH_Black
SCRIPT       : DATA_LOG | 723223 | 654399791 | 4806.72 | 338.843 | 10618.6 | 0.292762 | 0.956185 | 0 | SCARH_Black
SCRIPT       : DATA_LOG | 724224 | 654399791 | 4808.87 | 339.009 | 10624.5 | 0.432461 | 0.901653 | 0 | SCARH_Black
SCRIPT       : DATA_LOG | 725225 | 654399791 | 4810.62 | 338.835 | 10630.9 | 0.740113 | 0.672483 | 0 | SCARH_Black
SCRIPT       : DATA_LOG | 726226 | 654399791 | 4816.21 | 339.091 | 10634.3 | 0.912989 | 0.407985 | 0 | SCARH_Black
SCRIPT       : DATA_LOG | 727227 | 654399791 | 4818.95 | 340.197 | 10637.8 | -0.778156 | 0.62807 | 0 | SCARH_Black
SCRIPT       : DATA_LOG | 728228 | 654399791 | 4817.28 | 341.232 | 10636.7 | 0.654843 | -0.755765 | 0 | SCARH_Black
SCRIPT       : DATA_LOG | 729229 | 654399791 | 4819.05 | 342.408 | 10634.8 | 0.157353 | 0.987542 | 0 | SCARH_Black
SCRIPT       : DATA_LOG | 730230 | 654399791 | 4819.69 | 342.408 | 10636.2 | -0.859714 | 0.510776 | 0 | SCARH_Black
SCRIPT       : DATA_LOG | 731231 | 654399791 | 4819.91 | 342.408 | 10635.2 | 0.0329951 | -0.999456 | 0 | SCARH_Black
SCRIPT       : DATA_LOG | 732232 | 654399791 | 4818.7 | 342.394 | 10633.4 | -0.999975 | -0.00705072 | 0 | SCARH_Black
SCRIPT       : DATA_LOG | 733233 | 654399791 | 4818.12 | 342.394 | 10632.4 | -0.899552 | 0.436814 | 0 | SCARH_Black
SCRIPT       : DATA_LOG | 734234 | 654399791 | 4817.81 | 342.394 | 10632.5 | -0.776887 | 0.62964 | 0 | SCARH_Black
SCRIPT       : DATA_LOG | 735235 | 654399791 | 4815.92 | 342.409 | 10634.2 | -0.730118 | 0.683321 | 0 | SCARH_Black
SCRIPT       : DATA_LOG | 736237 | 654399791 | 4815.92 | 342.409 | 10634.2 | -0.730118 | 0.683321 | 0 | SCARH_Black
SCRIPT       : DATA_LOG | 737238 | 654399791 | 4815.92 | 342.409 | 10634.2 | -0.730118 | 0.683321 | 0 | SCARH_Black
SCRIPT       : DATA_LOG | 738239 | 654399791 | 4815.92 | 342.409 | 10634.2 | -0.730118 | 0.683321 | 0 | SCARH_Black
SCRIPT       : DATA_LOG | 739240 | 654399791 | 4815.92 | 342.409 | 10634.2 | -0.730118 | 0.683321 | 0 | SCARH_Black
SCRIPT       : DATA_LOG | 740241 | 654399791 | 4815.92 | 342.409 | 10634.2 | -0.730118 | 0.683321 | 0 | SCARH_Black
SCRIPT       : DATA_LOG | 741242 | 654399791 | 4815.92 | 342.409 | 10634.2 | -0.730118 | 0.683321 | 0 | SCARH_Black
SCRIPT       : DATA_LOG | 742243 | 654399791 | 4815.92 | 342.409 | 10634.2 | -0.730118 | 0.683321 | 0 | SCARH_Black
SCRIPT       : DATA_LOG | 743244 | 654399791 | 4815.92 | 342.409 | 10634.2 | -0.730118 | 0.683321 | 0 | SCARH_Black
SCRIPT       : DATA_LOG | 744245 | 654399791 | 4815.92 | 342.409 | 10634.2 | -0.730118 | 0.683321 | 0 | none
SCRIPT       : DATA_LOG | 745247 | 654399791 | 4815.92 | 342.409 | 10634.2 | -0.730118 | 0.683321 | 0 | none
SCRIPT       : DATA_LOG | 746248 | 654399791 | 4815.92 | 342.409 | 10634.2 | -0.730118 | 0.683321 | 0 | none
SCRIPT       : DATA_LOG | 747249 | 654399791 | 4815.92 | 342.409 | 10634.2 | -0.730118 | 0.683321 | 0 | none
SCRIPT       : DATA_LOG | 748250 | 654399791 | 4815.92 | 342.409 | 10634.2 | -0.730118 | 0.683321 | 0 | none
SCRIPT       : DATA_LOG | 749251 | 654399791 | 4815.92 | 342.409 | 10634.2 | -0.730118 | 0.683321 | 0 | none
SCRIPT       : DATA_LOG | 750253 | 654399791 | 4815.92 | 342.409 | 10634.2 | -0.730118 | 0.683321 | 0 | none
SCRIPT       : DATA_LOG | 751253 | 654399791 | 4815.92 | 342.409 | 10634.2 | -0.730118 | 0.683321 | 0 | none
SCRIPT       : DATA_LOG | 752254 | 654399791 | 4815.92 | 342.409 | 10634.2 | -0.730118 | 0.683321 | 0 | none
SCRIPT       : DATA_LOG | 753255 | 654399791 | 4815.92 | 342.409 | 10634.2 | -0.730118 | 0.683321 | 0 | none
SCRIPT       : DATA_LOG | 754257 | 654399791 | 4815.92 | 342.409 | 10634.2 | -0.730118 | 0.683321 | 0 | none
SCRIPT       : DATA_LOG | 755257 | 654399791 | 4815.92 | 342.409 | 10634.2 | -0.730118 | 0.683321 | 0 | none
SCRIPT       : DATA_LOG | 756259 | 654399791 | 4815.92 | 342.409 | 10634.2 | -0.730118 | 0.683321 | 0 | none
SCRIPT       : DATA_LOG | 757261 | 654399791 | 4815.92 | 342.409 | 10634.2 | -0.730118 | 0.683321 | 0 | SCARH_Black
SCRIPT       : DATA_LOG | 758262 | 654399791 | 4815.92 | 342.409 | 10634.2 | -0.730118 | 0.683321 | 0 | SCARH_Black
SCRIPT       : DATA_LOG | 759263 | 654399791 | 4817.04 | 342.409 | 10633.1 | 0.998431 | 0.055994 | 0 | SCARH_Black
SCRIPT       : DATA_LOG | 760264 | 654399791 | 4819.95 | 342.397 | 10632.7 | 0.155079 | 0.987902 | 0 | SCARH_Black
SCRIPT       : DATA_LOG | 761265 | 654399791 | 4817.48 | 341.457 | 10636.6 | -0.132108 | 0.991235 | 0 | SCARH_Black
SCRIPT       : DATA_LOG | 762266 | 654399791 | 4819.24 | 339.575 | 10637 | 0.152298 | -0.988335 | 0 | SCARH_Black
SCRIPT       : DATA_LOG | 763268 | 654399791 | 4816.27 | 339.091 | 10635.1 | -0.974241 | -0.22551 | 0 | SCARH_Black
SCRIPT       : DATA_LOG | 764268 | 654399791 | 4811.35 | 339.057 | 10632.2 | -0.970625 | 0.240599 | 0 | SCARH_Black
SCRIPT       : DATA_LOG | 765269 | 654399791 | 4807.48 | 338.835 | 10634.9 | -0.682801 | 0.730604 | 0 | SCARH_Black
SCRIPT       : DATA_LOG | 766271 | 654399791 | 4803.59 | 339.003 | 10640.3 | -0.76444 | 0.644695 | 0 | SCARH_Black
SCRIPT       : DATA_LOG | 767271 | 654399791 | 4799.06 | 338.835 | 10645.1 | -0.785955 | 0.618284 | 0 | SCARH_Black
SCRIPT       : DATA_LOG | 768272 | 654399791 | 4793.64 | 338.835 | 10648.8 | -0.999993 | -0.00380214 | 0 | SCARH_Black
SCRIPT       : DATA_LOG | 769274 | 654399791 | 4787.86 | 338.835 | 10652 | -0.911782 | 0.410674 | 0 | SCARH_Black
SCRIPT       : DATA_LOG | 770274 | 654399791 | 4781.78 | 338.843 | 10653.6 | -0.974975 | 0.222315 | 0 | SCARH_Black
SCRIPT       : DATA_LOG | 771275 | 654399791 | 4780.72 | 338.844 | 10653.5 | -0.445607 | 0.895228 | 0 | SCARH_Black
SCRIPT       : DATA_LOG | 772277 | 654399791 | 4781 | 338.937 | 10656.6 | 0.13689 | 0.990586 | 0 | SCARH_Black
SCRIPT       : DATA_LOG | 773277 | 654399791 | 4781.18 | 338.937 | 10656.8 | 0.13689 | 0.990586 | 0 | SCARH_Black
SCRIPT       : DATA_LOG | 774278 | 654399791 | 4781.18 | 338.937 | 10656.8 | 0.13689 | 0.990586 | 0 | SCARH_Black
SCRIPT       : DATA_LOG | 775279 | 654399791 | 4781.18 | 338.937 | 10656.8 | 0.13689 | 0.990586 | 0 | SCARH_Black
SCRIPT       : DATA_LOG | 776280 | 654399791 | 4781.15 | 338.937 | 10656.8 | -0.960214 | 0.279264 | 0 | SCARH_Black
SCRIPT       : DATA_LOG | 777281 | 654399791 | 4780.59 | 338.982 | 10653.7 | -0.0962704 | -0.995355 | 0 | SCARH_Black
SCRIPT       : DATA_LOG | 778282 | 654399791 | 4778.79 | 338.947 | 10652.4 | -0.900164 | 0.435551 | 0 | SCARH_Black
SCRIPT       : DATA_LOG | 779283 | 654399791 | 4776.19 | 338.989 | 10654.5 | -0.841318 | 0.540541 | 0 | SCARH_Black
SCRIPT       : DATA_LOG | 780284 | 654399791 | 4770.19 | 338.873 | 10656.9 | -0.920861 | 0.389891 | 0 | SCARH_Black
SCRIPT       : DATA_LOG | 781285 | 654399791 | 4763.54 | 338.922 | 10657.8 | -0.920865 | 0.389882 | 0 | SCARH_Black
SCRIPT       : DATA_LOG | 782286 | 654399791 | 4757.23 | 338.972 | 10660 | -0.920865 | 0.389882 | 0 | SCARH_Black
SCRIPT       : DATA_LOG | 783292 | 654399791 | 4751.84 | 339.018 | 10663.6 | -0.650828 | 0.759225 | 0 | SCARH_Black
SCRIPT       : DATA_LOG | 784293 | 654399791 | 4749.97 | 339.132 | 10666.5 | -0.206255 | 0.978498 | 0 | SCARH_Black
SCRIPT       : DATA_LOG | 785294 | 654399791 | 4750.17 | 340.089 | 10666.8 | 0.751396 | 0.659851 | 0 | SCARH_Black
SCRIPT       : DATA_LOG | 786295 | 654399791 | 4749.83 | 339.657 | 10667.8 | -0.387652 | 0.921806 | 0 | SCARH_Black
SCRIPT       : DATA_LOG | 787296 | 654399791 | 4749.45 | 339.026 | 10668.3 | -0.169125 | -0.985595 | 0 | SCARH_Black
SCRIPT       : DATA_LOG | 788298 | 654399791 | 4749.35 | 339.023 | 10669.7 | 0.218597 | -0.975815 | 1 | SCARH_Black
SCRIPT       : DATA_LOG | 789298 | 654399791 | 4749.47 | 339.022 | 10670.7 | -0.998824 | -0.0484871 | 0 | SCARH_Black
SCRIPT       : DATA_LOG | 790299 | 654399791 | 4744.89 | 339.015 | 10674.5 | -0.806569 | 0.59114 | 0 | SCARH_Black
SCRIPT       : DATA_LOG | 791300 | 654399791 | 4739.5 | 339.015 | 10678.5 | -0.803636 | 0.595121 | 0 | SCARH_Black
SCRIPT       : DATA_LOG | 792301 | 654399791 | 4734.08 | 339.012 | 10682.5 | -0.458102 | 0.8889 | 0 | SCARH_Black
SCRIPT       : DATA_LOG | 793302 | 654399791 | 4728.01 | 339.002 | 10685.2 | -0.951357 | 0.308092 | 0 | SCARH_Black
SCRIPT       : DATA_LOG | 794303 | 654399791 | 4721.59 | 338.996 | 10687.2 | -0.953515 | 0.301346 | 0 | SCARH_Black
SCRIPT       : DATA_LOG | 795304 | 654399791 | 4715.21 | 338.993 | 10689.2 | -0.953515 | 0.301346 | 0 | SCARH_Black
SCRIPT       : DATA_LOG | 796305 | 654399791 | 4708.96 | 338.989 | 10691.6 | -0.884145 | 0.467214 | 0 | SCARH_Black
SCRIPT       : DATA_LOG | 797306 | 654399791 | 4703.08 | 338.986 | 10693.8 | -0.994065 | 0.108792 | 0 | SCARH_Black
SCRIPT       : DATA_LOG | 798307 | 654399791 | 4696.1 | 338.985 | 10695.2 | -0.99439 | 0.105773 | 0 | SCARH_Black
SCRIPT       : DATA_LOG | 799308 | 654399791 | 4689.95 | 338.978 | 10696.8 | -0.999882 | 0.0153373 | 0 | SCARH_Black
SCRIPT       : DATA_LOG | 800309 | 654399791 | 4683.33 | 338.975 | 10696.1 | -0.997234 | 0.074321 | 0 | SCARH_Black
SCRIPT       : DATA_LOG | 801311 | 654399791 | 4676.66 | 338.97 | 10696.8 | -0.994061 | 0.108827 | 0 | SCARH_Black
SCRIPT       : DATA_LOG | 802312 | 654399791 | 4670.01 | 338.975 | 10697.6 | -0.989449 | 0.144883 | 0 | SCARH_Black
SCRIPT       : DATA_LOG | 803313 | 654399791 | 4663.4 | 339.471 | 10698.6 | -0.98854 | 0.150961 | 0 | SCARH_Black
SCRIPT       : DATA_LOG | 804314 | 654399791 | 4656.8 | 339.821 | 10699.7 | -0.986503 | 0.163744 | 0 | SCARH_Black
SCRIPT       : DATA_LOG | 805316 | 654399791 | 4650.18 | 339.715 | 10700.8 | -0.986638 | 0.162927 | 0 | SCARH_Black
SCRIPT       : DATA_LOG | 806316 | 654399791 | 4643.57 | 340.069 | 10701.9 | -0.986638 | 0.162927 | 0 | SCARH_Black
SCRIPT       : DATA_LOG | 807318 | 654399791 | 4637.02 | 339.349 | 10703 | -0.986638 | 0.162927 | 0 | SCARH_Black
SCRIPT       : DATA_LOG | 808318 | 654399791 | 4630.54 | 339.348 | 10704.5 | -0.986638 | 0.162927 | 0 | SCARH_Black
SCRIPT       : DATA_LOG | 809319 | 654399791 | 4624.04 | 339.927 | 10705.9 | -0.990556 | 0.137112 | 0 | SCARH_Black
SCRIPT       : DATA_LOG | 810320 | 654399791 | 4618.05 | 339.865 | 10707.4 | -0.995071 | 0.0991692 | 0 | SCARH_Black
SCRIPT       : DATA_LOG | 811321 | 654399791 | 4614.27 | 339.03 | 10708.2 | -0.997068 | 0.0765177 | 0 | SCARH_Black
SCRIPT       : DATA_LOG | 812322 | 654399791 | 4611.67 | 339.102 | 10706.7 | -0.55254 | -0.833486 | 0 | SCARH_Black
SCRIPT       : DATA_LOG | 813323 | 654399791 | 4609.44 | 339.102 | 10703.9 | -0.545439 | -0.83815 | 0 | SCARH_Black
SCRIPT       : DATA_LOG | 814324 | 654399791 | 4606.83 | 339.025 | 10701.7 | -0.164837 | -0.986321 | 0 | SCARH_Black
SCRIPT       : DATA_LOG | 815325 | 654399791 | 4607.21 | 339.102 | 10698 | 0.385761 | -0.922599 | 0 | SCARH_Black
SCRIPT       : DATA_LOG | 816326 | 654399791 | 4609.15 | 339.102 | 10695.1 | 0.620481 | -0.784222 | 0 | SCARH_Black
SCRIPT       : DATA_LOG | 817327 | 654399791 | 4610.85 | 339.102 | 10693 | 0.634359 | -0.773038 | 0 | SCARH_Black
SCRIPT       : DATA_LOG | 818328 | 654399791 | 4611.3 | 339.102 | 10692.7 | -0.942746 | 0.333512 | 0 | SCARH_Black
SCRIPT       : DATA_LOG | 819329 | 654399791 | 4612.91 | 339.102 | 10691.3 | -0.752708 | 0.658354 | 0 | SCARH_Black
SCRIPT       : DATA_LOG | 820330 | 654399791 | 4612.91 | 339.102 | 10691.3 | -0.749726 | 0.661748 | 0 | SCARH_Black
SCRIPT       : DATA_LOG | 821331 | 654399791 | 4611.89 | 339.102 | 10692.2 | -0.749538 | 0.661962 | 0 | SCARH_Black
SCRIPT       : DATA_LOG | 822332 | 654399791 | 4611.89 | 339.102 | 10692.2 | -0.749538 | 0.661962 | 0 | SCARH_Black
SCRIPT       : DATA_LOG | 823333 | 654399791 | 4611.89 | 339.102 | 10692.2 | -0.749538 | 0.661962 | 0 | SCARH_Black
SCRIPT       : DATA_LOG | 824335 | 654399791 | 4610.36 | 339.102 | 10693.3 | -0.94924 | 0.314554 | 0 | SCARH_Black
SCRIPT       : DATA_LOG | 825335 | 654399791 | 4608.84 | 339.102 | 10693.8 | -0.949581 | 0.313522 | 1 | SCARH_Black
SCRIPT       : DATA_LOG | 826336 | 654399791 | 4608.84 | 339.102 | 10693.8 | -0.949581 | 0.313522 | 1 | SCARH_Black
SCRIPT       : DATA_LOG | 827337 | 654399791 | 4607.98 | 339.102 | 10694.3 | -0.92986 | 0.367914 | 0 | SCARH_Black
SCRIPT       : DATA_LOG | 828338 | 654399791 | 4609.23 | 339.102 | 10695 | -0.752884 | -0.658154 | 0 | SCARH_Black
SCRIPT       : DATA_LOG | 829339 | 654399791 | 4607.07 | 339.102 | 10694.5 | -0.93683 | 0.349785 | 0 | SCARH_Black
SCRIPT       : DATA_LOG | 830340 | 654399791 | 4603.98 | 339.025 | 10693.8 | -0.0306366 | 0.999531 | 0 | SCARH_Black
SCRIPT       : DATA_LOG | 831342 | 654399791 | 4600.67 | 339.025 | 10693.5 | -0.99196 | -0.126553 | 0 | SCARH_Black
SCRIPT       : DATA_LOG | 832342 | 654399791 | 4597.04 | 339.025 | 10691.9 | -0.816977 | -0.576671 | 0 | SCARH_Black
SCRIPT       : DATA_LOG | 833343 | 654399791 | 4590.98 | 339.025 | 10689.3 | -0.926304 | -0.376777 | 0 | SCARH_Black
SCRIPT       : DATA_LOG | 834344 | 654399791 | 4584.77 | 339.025 | 10686.8 | -0.924039 | -0.382299 | 0 | SCARH_Black
SCRIPT       : DATA_LOG | 835345 | 654399791 | 4578.49 | 339.016 | 10684.6 | -0.993982 | -0.10954 | 0 | SCARH_Black
SCRIPT       : DATA_LOG | 836346 | 654399791 | 4572.15 | 339.037 | 10686.7 | -0.940006 | 0.341159 | 0 | SCARH_Black
SCRIPT       : DATA_LOG | 837347 | 654399791 | 4566.05 | 339.015 | 10689.4 | -0.939909 | 0.341426 | 0 | SCARH_Black
SCRIPT       : DATA_LOG | 838350 | 654399791 | 4559.74 | 339.019 | 10691.6 | -0.959488 | 0.281748 | 0 | SCARH_Black
SCRIPT       : DATA_LOG | 839351 | 654399791 | 4553.31 | 339.017 | 10693.5 | -0.959435 | 0.281929 | 0 | SCARH_Black
SCRIPT       : DATA_LOG | 840352 | 654399791 | 4546.88 | 339.022 | 10695.4 | -0.959435 | 0.281929 | 0 | SCARH_Black
SCRIPT       : DATA_LOG | 841353 | 654399791 | 4540.23 | 339.025 | 10697.4 | -0.959435 | 0.281929 | 0 | SCARH_Black
SCRIPT       : DATA_LOG | 842354 | 654399791 | 4533.8 | 339.032 | 10697.5 | -0.959435 | 0.281929 | 0 | SCARH_Black
SCRIPT       : DATA_LOG | 843356 | 654399791 | 4527.16 | 339.034 | 10698.4 | -0.959435 | 0.281929 | 0 | SCARH_Black
SCRIPT       : DATA_LOG | 844357 | 654399791 | 4520.52 | 339.045 | 10698 | -0.998939 | 0.046044 | 0 | SCARH_Black
SCRIPT       : DATA_LOG | 845358 | 654399791 | 4513.84 | 339.105 | 10697.4 | -0.993738 | 0.111735 | 0 | SCARH_Black
SCRIPT       : DATA_LOG | 846359 | 654399791 | 4507.12 | 339.045 | 10697.4 | -0.983746 | 0.179568 | 0 | SCARH_Black
SCRIPT       : DATA_LOG | 847361 | 654399791 | 4500.19 | 339.045 | 10697.9 | -0.957976 | 0.286847 | 0 | SCARH_Black
SCRIPT       : DATA_LOG | 848361 | 654399791 | 4493.8 | 339.144 | 10699.1 | -0.900651 | 0.434544 | 0 | SCARH_Black
SCRIPT       : DATA_LOG | 849364 | 654399791 | 4487.45 | 339.045 | 10701.8 | -0.841311 | 0.540552 | 0 | SCARH_Black
SCRIPT       : DATA_LOG | 850365 | 654399791 | 4481.74 | 339.355 | 10705.3 | -0.857833 | 0.513929 | 0 | SCARH_Black
SCRIPT       : DATA_LOG | 851365 | 654399791 | 4476.08 | 339.615 | 10708.8 | -0.839664 | 0.543107 | 0 | SCARH_Black
SCRIPT       : DATA_LOG | 852366 | 654399791 | 4470.46 | 339.335 | 10712.4 | -0.827822 | 0.560991 | 0 | SCARH_Black
SCRIPT       : DATA_LOG | 853367 | 654399791 | 4465.64 | 339.07 | 10714.6 | -0.582634 | 0.812735 | 0 | SCARH_Black
SCRIPT       : DATA_LOG | 854368 | 654399791 | 4462.32 | 339.038 | 10714.9 | 0.757161 | 0.653228 | 0 | SCARH_Black
SCRIPT       : DATA_LOG | 855369 | 654399791 | 4460.18 | 339.034 | 10715.6 | 0.971519 | -0.236962 | 0 | SCARH_Black
SCRIPT       : DATA_LOG | 856370 | 654399791 | 4457.83 | 339.031 | 10717.1 | -0.27923 | 0.960224 | 0 | SCARH_Black
SCRIPT       : DATA_LOG | 857371 | 654399791 | 4455.58 | 339.029 | 10719.7 | -0.704854 | 0.709353 | 0 | SCARH_Black
SCRIPT       : DATA_LOG | 858372 | 654399791 | 4453.25 | 339.066 | 10721.9 | 0.330723 | 0.943728 | 0 | SCARH_Black
SCRIPT       : DATA_LOG | 859373 | 654399791 | 4455.74 | 339.197 | 10723.5 | 0.978825 | 0.204698 | 0 | SCARH_Black
SCRIPT       : DATA_LOG | 860374 | 654399791 | 4457.17 | 339.197 | 10724.7 | 0.824156 | 0.566363 | 0 | SCARH_Black
SCRIPT       : DATA_LOG | 861375 | 654399791 | 4457.17 | 339.197 | 10724.7 | 0.824156 | 0.566363 | 0 | SCARH_Black
SCRIPT       : DATA_LOG | 862376 | 654399791 | 4457.24 | 339.197 | 10724.7 | 0.684775 | 0.728754 | 0 | SCARH_Black
SCRIPT       : DATA_LOG | 863377 | 654399791 | 4460.21 | 339.197 | 10724.9 | 0.345142 | 0.938551 | 0 | SCARH_Black
SCRIPT       : DATA_LOG | 864378 | 654399791 | 4459.68 | 340.023 | 10727.6 | -0.571027 | 0.820932 | 0 | SCARH_Black
SCRIPT       : DATA_LOG | 865379 | 654399791 | 4459.62 | 340.023 | 10727.7 | -0.774781 | 0.632229 | 0 | SCARH_Black
SCRIPT       : DATA_LOG | 866380 | 654399791 | 4459.57 | 339.891 | 10725.6 | -0.93388 | -0.357585 | 0 | SCARH_Black
SCRIPT       : DATA_LOG | 867381 | 654399791 | 4458.78 | 339.197 | 10725 | -0.982465 | -0.186448 | 0 | SCARH_Black
SCRIPT       : DATA_LOG | 868382 | 654399791 | 4458.78 | 339.197 | 10725 | -0.982465 | -0.186448 | 0 | SCARH_Black
SCRIPT       : DATA_LOG | 869383 | 654399791 | 4458.78 | 339.197 | 10725 | -0.982465 | -0.186448 | 0 | SCARH_Black
SCRIPT       : DATA_LOG | 870384 | 654399791 | 4458.78 | 339.197 | 10725 | -0.982465 | -0.186448 | 0 | SCARH_Black
SCRIPT       : DATA_LOG | 871385 | 654399791 | 4458.78 | 339.197 | 10725 | -0.982465 | -0.186448 | 0 | SCARH_Black
SCRIPT       : DATA_LOG | 872386 | 654399791 | 4458.78 | 339.197 | 10725 | -0.982465 | -0.186448 | 0 | SCARH_Black
SCRIPT       : DATA_LOG | 873387 | 654399791 | 4458.78 | 339.197 | 10725 | -0.982465 | -0.186448 | 0 | SCARH_Black
SCRIPT       : DATA_LOG | 874388 | 654399791 | 4458.78 | 339.197 | 10725 | -0.982465 | -0.186448 | 0 | SCARH_Black
SCRIPT       : DATA_LOG | 875389 | 654399791 | 4458.78 | 339.197 | 10725 | -0.982465 | -0.186448 | 0 | SCARH_Black
SCRIPT       : DATA_LOG | 876390 | 654399791 | 4458.78 | 339.197 | 10725 | -0.982465 | -0.186448 | 0 | SCARH_Black
SCRIPT       : DATA_LOG | 877391 | 654399791 | 4457.4 | 339.197 | 10724.4 | -0.924299 | 0.38167 | 0 | SCARH_Black
SCRIPT       : DATA_LOG | 878392 | 654399791 | 4457.7 | 339.197 | 10724.4 | 0.00707501 | 0.999975 | 0 | SCARH_Black
SCRIPT       : DATA_LOG | 879393 | 654399791 | 4458.45 | 339.197 | 10724.5 | 0.142961 | 0.989728 | 0 | SCARH_Black
SCRIPT       : DATA_LOG | 880394 | 654399791 | 4458.45 | 339.197 | 10724.5 | 0.142961 | 0.989728 | 0 | SCARH_Black
SCRIPT       : DATA_LOG | 881395 | 654399791 | 4458.45 | 339.197 | 10724.5 | 0.142961 | 0.989728 | 0 | SCARH_Black
SCRIPT       : DATA_LOG | 882396 | 654399791 | 4458.45 | 339.197 | 10724.5 | 0.142961 | 0.989728 | 0 | SCARH_Black
SCRIPT       : DATA_LOG | 883397 | 654399791 | 4458.45 | 339.197 | 10724.5 | 0.142961 | 0.989728 | 0 | SCARH_Black
SCRIPT       : DATA_LOG | 884398 | 654399791 | 4458.45 | 339.197 | 10724.5 | 0.142961 | 0.989728 | 0 | none
SCRIPT       : DATA_LOG | 885399 | 654399791 | 4458.45 | 339.197 | 10724.5 | 0.142961 | 0.989728 | 0 | none
SCRIPT       : DATA_LOG | 886400 | 654399791 | 4458.45 | 339.197 | 10724.5 | 0.142961 | 0.989728 | 0 | none
SCRIPT       : DATA_LOG | 887401 | 654399791 | 4458.45 | 339.197 | 10724.5 | 0.142961 | 0.989728 | 0 | none
SCRIPT       : DATA_LOG | 888402 | 654399791 | 4458.45 | 339.197 | 10724.5 | 0.142961 | 0.989728 | 0 | none
SCRIPT       : DATA_LOG | 889403 | 654399791 | 4458.45 | 339.197 | 10724.5 | 0.142961 | 0.989728 | 0 | none
SCRIPT       : DATA_LOG | 890405 | 654399791 | 4458.45 | 339.197 | 10724.5 | 0.142961 | 0.989728 | 0 | none
SCRIPT       : DATA_LOG | 891405 | 654399791 | 4458.45 | 339.197 | 10724.5 | 0.142961 | 0.989728 | 0 | none
SCRIPT       : DATA_LOG | 892406 | 654399791 | 4458.45 | 339.197 | 10724.5 | 0.142961 | 0.989728 | 0 | SCARH_Black
SCRIPT       : DATA_LOG | 893407 | 654399791 | 4458.45 | 339.197 | 10724.5 | 0.142961 | 0.989728 | 0 | SCARH_Black
SCRIPT       : DATA_LOG | 894408 | 654399791 | 4458.45 | 339.197 | 10724.5 | 0.142961 | 0.989728 | 0 | SCARH_Black
SCRIPT       : DATA_LOG | 895409 | 654399791 | 4460.79 | 339.743 | 10725.4 | -0.452105 | 0.891965 | 0 | SCARH_Black
SCRIPT       : DATA_LOG | 896410 | 654399791 | 4459.25 | 340.023 | 10728.3 | -0.587848 | 0.808971 | 0 | SCARH_Black
SCRIPT       : DATA_LOG | 897411 | 654399791 | 4459.68 | 340.023 | 10728.9 | -0.436845 | 0.899537 | 0 | SCARH_Black
SCRIPT       : DATA_LOG | 898413 | 654399791 | 4458.91 | 339.509 | 10731.4 | 0.237716 | 0.971335 | 0 | SCARH_Black
SCRIPT       : DATA_LOG | 899414 | 654399791 | 4459 | 339.139 | 10732.8 | 0.0331963 | 0.999449 | 0 | SCARH_Black
SCRIPT       : DATA_LOG | 900415 | 654399791 | 4459.22 | 339.046 | 10739.3 | 0.0620232 | 0.998075 | 0 | SCARH_Black
SCRIPT       : DATA_LOG | 901416 | 654399791 | 4459.42 | 339.045 | 10746 | -0.000732576 | 1 | 0 | SCARH_Black
SCRIPT       : DATA_LOG | 902417 | 654399791 | 4459.48 | 339.003 | 10752.7 | 0.0105336 | 0.999945 | 0 | SCARH_Black
SCRIPT       : DATA_LOG | 903418 | 654399791 | 4459.55 | 338.961 | 10759.5 | 0.0105359 | 0.999945 | 0 | SCARH_Black
SCRIPT       : DATA_LOG | 904420 | 654399791 | 4459.66 | 338.945 | 10766.2 | 0.0361843 | 0.999345 | 0 | SCARH_Black
SCRIPT       : DATA_LOG | 905420 | 654399791 | 4459.93 | 338.945 | 10773.1 | 0.0393014 | 0.999227 | 0 | SCARH_Black
SCRIPT       : DATA_LOG | 906422 | 654399791 | 4460.17 | 338.939 | 10779.6 | 0.0424065 | 0.999101 | 0 | SCARH_Black
SCRIPT       : DATA_LOG | 907422 | 654399791 | 4460.17 | 338.935 | 10786.3 | -0.014808 | 0.99989 | 0 | SCARH_Black
SCRIPT       : DATA_LOG | 908423 | 654399791 | 4460.24 | 338.932 | 10793 | 0.0150719 | 0.999886 | 0 | SCARH_Black
SCRIPT       : DATA_LOG | 909424 | 654399791 | 4460.34 | 338.907 | 10799.7 | 0.0160868 | 0.999871 | 0 | SCARH_Black
SCRIPT       : DATA_LOG | 910425 | 654399791 | 4460.47 | 338.898 | 10806.6 | 0.0199058 | 0.999802 | 0 | SCARH_Black
SCRIPT       : DATA_LOG | 911426 | 654399791 | 4460.6 | 338.892 | 10813.3 | 0.0199097 | 0.999802 | 0 | SCARH_Black
SCRIPT       : DATA_LOG | 912427 | 654399791 | 4460.74 | 338.886 | 10820 | 0.0190299 | 0.999819 | 0 | SCARH_Black
SCRIPT       : DATA_LOG | 913428 | 654399791 | 4460.85 | 338.881 | 10826.5 | 0.0175698 | 0.999846 | 0 | SCARH_Black
SCRIPT       : DATA_LOG | 914429 | 654399791 | 4460.38 | 338.875 | 10833.4 | 0.00624771 | 0.99998 | 0 | SCARH_Black
SCRIPT       : DATA_LOG | 915430 | 654399791 | 4459.65 | 338.867 | 10837.6 | 0.20767 | 0.978199 | 0 | SCARH_Black
SCRIPT       : DATA_LOG | 916431 | 654399791 | 4458.65 | 338.863 | 10838.4 | -0.569585 | 0.821932 | 0 | SCARH_Black
SCRIPT       : DATA_LOG | 917432 | 654399791 | 4457.48 | 338.855 | 10842.1 | 0.404864 | 0.914377 | 0 | SCARH_Black
SCRIPT       : DATA_LOG | 918434 | 654399791 | 4457.82 | 338.924 | 10842.8 | 0.88183 | 0.471568 | 0 | SCARH_Black
SCRIPT       : DATA_LOG | 919435 | 654399791 | 4460.35 | 338.924 | 10844.2 | 0.864633 | 0.502403 | 0 | SCARH_Black
SCRIPT       : DATA_LOG | 920436 | 654399791 | 4460.35 | 338.924 | 10844.2 | 0.709985 | 0.704217 | 0 | SCARH_Black
SCRIPT       : DATA_LOG | 921437 | 654399791 | 4460.35 | 338.924 | 10844.2 | -0.868855 | 0.495067 | 0 | SCARH_Black
SCRIPT       : DATA_LOG | 922438 | 654399791 | 4460.35 | 338.924 | 10844.2 | -0.868855 | 0.495067 | 0 | SCARH_Black
SCRIPT       : DATA_LOG | 923439 | 654399791 | 4460.35 | 338.924 | 10844.2 | -0.868855 | 0.495067 | 0 | SCARH_Black
SCRIPT       : DATA_LOG | 924440 | 654399791 | 4460.35 | 338.924 | 10844.2 | -0.868855 | 0.495067 | 0 | SCARH_Black
SCRIPT       : DATA_LOG | 925441 | 654399791 | 4460.35 | 338.924 | 10844.2 | -0.868855 | 0.495067 | 0 | SCARH_Black
SCRIPT       : DATA_LOG | 926442 | 654399791 | 4460.35 | 338.924 | 10844.2 | -0.868855 | 0.495067 | 0 | SCARH_Black
SCRIPT       : DATA_LOG | 927443 | 654399791 | 4460.35 | 338.924 | 10844.2 | -0.868855 | 0.495067 | 0 | SCARH_Black
SCRIPT       : DATA_LOG | 928444 | 654399791 | 4459.95 | 338.924 | 10843.3 | -0.76434 | 0.644814 | 0 | SCARH_Black
SCRIPT       : DATA_LOG | 929445 | 654399791 | 4457.42 | 338.855 | 10842.2 | -0.918413 | 0.395623 | 0 | SCARH_Black
SCRIPT       : DATA_LOG | 930446 | 654399791 | 4453.46 | 338.841 | 10844.8 | -0.703794 | 0.710404 | 0 | SCARH_Black
SCRIPT       : DATA_LOG | 931447 | 654399791 | 4448.88 | 338.829 | 10849.6 | -0.669365 | 0.742934 | 0 | SCARH_Black
SCRIPT       : DATA_LOG | 932448 | 654399791 | 4444.75 | 338.777 | 10854.9 | -0.624289 | 0.781193 | 0 | SCARH_Black
SCRIPT       : DATA_LOG | 933449 | 654399791 | 4441.6 | 338.721 | 10860.7 | -0.386421 | 0.922323 | 0 | SCARH_Black
SCRIPT       : DATA_LOG | 934450 | 654399791 | 4439.45 | 338.696 | 10867 | -0.556095 | 0.831119 | 0 | SCARH_Black
SCRIPT       : DATA_LOG | 935451 | 654399791 | 4437.17 | 339.056 | 10873.3 | -0.578325 | 0.815807 | 0 | SCARH_Black
SCRIPT       : DATA_LOG | 936452 | 654399791 | 4434.21 | 338.829 | 10879.2 | -0.647533 | 0.762038 | 0 | SCARH_Black
SCRIPT       : DATA_LOG | 937454 | 654399791 | 4429.97 | 338.699 | 10884.4 | -0.673724 | 0.738983 | 0 | SCARH_Black
SCRIPT       : DATA_LOG | 938454 | 654399791 | 4425.17 | 338.986 | 10889 | -0.731798 | 0.681521 | 0 | SCARH_Black
SCRIPT       : DATA_LOG | 939455 | 654399791 | 4420.29 | 339.462 | 10893.6 | -0.741603 | 0.670839 | 0 | SCARH_Black
SCRIPT       : DATA_LOG | 940456 | 654399791 | 4415.37 | 339.678 | 10898.1 | -0.733485 | 0.679705 | 0 | SCARH_Black
SCRIPT       : DATA_LOG | 941458 | 654399791 | 4410.45 | 339.523 | 10902.7 | -0.733405 | 0.679791 | 0 | SCARH_Black
SCRIPT       : DATA_LOG | 942458 | 654399791 | 4405.56 | 338.977 | 10907.3 | -0.733405 | 0.679791 | 0 | SCARH_Black
SCRIPT       : DATA_LOG | 943460 | 654399791 | 4402.42 | 338.712 | 10913.2 | -0.791417 | 0.611277 | 0 | SCARH_Black
SCRIPT       : DATA_LOG | 944461 | 654399791 | 4397.12 | 338.694 | 10917.6 | -0.812347 | 0.583174 | 0 | SCARH_Black
SCRIPT       : DATA_LOG | 945461 | 654399791 | 4391.58 | 338.668 | 10921.4 | -0.832793 | 0.553585 | 0 | SCARH_Black
SCRIPT       : DATA_LOG | 946462 | 654399791 | 4386.23 | 338.653 | 10925 | -0.810147 | 0.586227 | 0 | SCARH_Black
SCRIPT       : DATA_LOG | 947463 | 654399791 | 4380.69 | 338.695 | 10929.2 | -0.784025 | 0.620729 | 0 | SCARH_Black
SCRIPT       : DATA_LOG | 948464 | 654399791 | 4375.73 | 338.708 | 10933.7 | -0.645715 | 0.763578 | 0 | SCARH_Black
SCRIPT       : DATA_LOG | 949465 | 654399791 | 4370.27 | 338.722 | 10937.2 | -0.641756 | 0.766909 | 0 | SCARH_Black
SCRIPT       : DATA_LOG | 950466 | 654399791 | 4364.88 | 338.715 | 10941.6 | -0.46912 | 0.883134 | 0 | SCARH_Black
SCRIPT       : DATA_LOG | 951467 | 654399791 | 4361.58 | 338.792 | 10947.4 | -0.342152 | 0.939645 | 0 | SCARH_Black
SCRIPT       : DATA_LOG | 952468 | 654399791 | 4360.5 | 338.792 | 10951.5 | -0.403309 | 0.915064 | 0 | SCARH_Black
SCRIPT       : DATA_LOG | 953469 | 654399791 | 4360.55 | 338.792 | 10954.1 | 0.238569 | -0.971126 | 1 | SCARH_Black
SCRIPT       : DATA_LOG | 954470 | 654399791 | 4360.11 | 338.792 | 10955.8 | 0.382339 | -0.924022 | 1 | SCARH_Black
SCRIPT       : DATA_LOG | 955471 | 654399791 | 4359.97 | 338.792 | 10958 | -0.0281453 | -0.999604 | 1 | SCARH_Black
SCRIPT       : DATA_LOG | 956472 | 654399791 | 4359.84 | 338.792 | 10960 | 0.512062 | -0.858948 | 1 | SCARH_Black
SCRIPT       : DATA_LOG | 957473 | 654399791 | 4359.33 | 338.792 | 10961.7 | -0.0174644 | -0.999847 | 1 | SCARH_Black
SCRIPT       : DATA_LOG | 958474 | 654399791 | 4359.36 | 338.792 | 10963.2 | -0.0458958 | -0.998946 | 0 | SCARH_Black
SCRIPT       : DATA_LOG | 959475 | 654399791 | 4359.46 | 338.792 | 10960.9 | 3.25044e-06 | -1 | 0 | SCARH_Black
SCRIPT       : DATA_LOG | 960476 | 654399791 | 4359.46 | 338.792 | 10960.9 | 3.25044e-06 | -1 | 0 | SCARH_Black
SCRIPT       : DATA_LOG | 961477 | 654399791 | 4360.14 | 338.792 | 10958.6 | 0.000625284 | -1 | 0 | SCARH_Black
SCRIPT       : DATA_LOG | 962478 | 654399791 | 4360.17 | 338.792 | 10958.6 | 0.000625284 | -1 | 0 | SCARH_Black
SCRIPT       : DATA_LOG | 963479 | 654399791 | 4360.17 | 338.792 | 10956.1 | 0.000625284 | -1 | 0 | SCARH_Black
SCRIPT       : DATA_LOG | 964480 | 654399791 | 4360.17 | 338.792 | 10956.1 | 0.000625284 | -1 | 0 | SCARH_Black
SCRIPT       : DATA_LOG | 965481 | 654399791 | 4360.17 | 338.792 | 10956.1 | 0.000625284 | -1 | 0 | SCARH_Black
SCRIPT       : DATA_LOG | 966482 | 654399791 | 4360.17 | 338.792 | 10956.1 | 0.000625284 | -1 | 0 | SCARH_Black
SCRIPT       : DATA_LOG | 967486 | 654399791 | 4360.17 | 338.792 | 10956.1 | 0.000625284 | -1 | 0 | SCARH_Black
SCRIPT       : DATA_LOG | 968486 | 654399791 | 4360.17 | 338.792 | 10956.1 | 0.000625284 | -1 | 0 | SCARH_Black
SCRIPT       : DATA_LOG | 969487 | 654399791 | 4360.17 | 338.792 | 10956.1 | 0.000625284 | -1 | 0 | SCARH_Black
SCRIPT       : DATA_LOG | 970488 | 654399791 | 4360.17 | 338.792 | 10956.1 | 0.000625284 | -1 | 0 | SCARH_Black
SCRIPT       : DATA_LOG | 971489 | 654399791 | 4360.17 | 338.792 | 10956.1 | 0.000625284 | -1 | 0 | SCARH_Black
SCRIPT       : DATA_LOG | 972490 | 654399791 | 4360.17 | 338.792 | 10956.1 | 0.000625284 | -1 | 0 | none
SCRIPT       : DATA_LOG | 973491 | 654399791 | 4360.17 | 338.792 | 10956.1 | 0.000625284 | -1 | 0 | none
SCRIPT       : DATA_LOG | 974492 | 654399791 | 4360.17 | 338.792 | 10956.1 | 0.000625284 | -1 | 0 | none
SCRIPT       : DATA_LOG | 975493 | 654399791 | 4360.17 | 338.792 | 10956.1 | 0.000625284 | -1 | 0 | none
SCRIPT       : DATA_LOG | 976494 | 654399791 | 4360.17 | 338.792 | 10956.1 | 0.000625284 | -1 | 0 | none
SCRIPT       : DATA_LOG | 977495 | 654399791 | 4360.18 | 338.792 | 10955.5 | 0.00790603 | -0.999969 | 0 | none
SCRIPT       : DATA_LOG | 978496 | 654399791 | 4360.18 | 338.792 | 10955.3 | 0.00790603 | -0.999969 | 0 | none
SCRIPT       : DATA_LOG | 979497 | 654399791 | 4360.18 | 338.792 | 10955.3 | 0.00790603 | -0.999969 | 0 | none
SCRIPT       : DATA_LOG | 980498 | 654399791 | 4360.18 | 338.792 | 10955.3 | 0.00790603 | -0.999969 | 0 | none
SCRIPT       : DATA_LOG | 981499 | 654399791 | 4360.18 | 338.792 | 10955.3 | 0.00790603 | -0.999969 | 0 | none
SCRIPT       : DATA_LOG | 982500 | 654399791 | 4360.18 | 338.792 | 10955.3 | 0.00790603 | -0.999969 | 0 | none
SCRIPT       : DATA_LOG | 983501 | 654399791 | 4360.18 | 338.792 | 10955.3 | 0.00790603 | -0.999969 | 0 | SCARH_Black
SCRIPT       : DATA_LOG | 984502 | 654399791 | 4360.18 | 338.792 | 10955.3 | 0.00790603 | -0.999969 | 0 | SCARH_Black
SCRIPT       : DATA_LOG | 985503 | 654399791 | 4360.1 | 338.792 | 10955.3 | 0.00976634 | -0.999952 | 0 | SCARH_Black
SCRIPT       : DATA_LOG | 986505 | 654399791 | 4358.22 | 338.792 | 10952.9 | 0.454693 | -0.890648 | 0 | SCARH_Black
SCRIPT       : DATA_LOG | 987505 | 654399791 | 4357.17 | 338.792 | 10949.9 | 0.636044 | -0.771653 | 0 | SCARH_Black
SCRIPT       : DATA_LOG | 988506 | 654399791 | 4357.25 | 338.792 | 10948.7 | 0.858647 | -0.512567 | 1 | SCARH_Black
SCRIPT       : DATA_LOG | 989507 | 654399791 | 4357.4 | 338.792 | 10948.9 | 0.922333 | 0.386397 | 0 | SCARH_Black
SCRIPT       : DATA_LOG | 990508 | 654399791 | 4359.13 | 338.792 | 10951.6 | 0.484095 | 0.875015 | 0 | SCARH_Black
SCRIPT       : DATA_LOG | 991509 | 654399791 | 4359.95 | 338.792 | 10950.1 | 0.452567 | -0.89173 | 0 | SCARH_Black
SCRIPT       : DATA_LOG | 992510 | 654399791 | 4361.6 | 338.792 | 10947.1 | -0.814981 | -0.579487 | 0 | SCARH_Black
SCRIPT       : DATA_LOG | 993511 | 654399791 | 4358.62 | 338.792 | 10944.8 | -0.958689 | -0.284455 | 0 | SCARH_Black
SCRIPT       : DATA_LOG | 994512 | 654399791 | 4352.49 | 338.715 | 10942.8 | -0.980413 | -0.196952 | 0 | SCARH_Black
SCRIPT       : DATA_LOG | 995513 | 654399791 | 4351.78 | 338.715 | 10941.9 | 0.0867516 | 0.99623 | 0 | SCARH_Black
SCRIPT       : DATA_LOG | 996514 | 654399791 | 4357.21 | 338.715 | 10942 | 0.950274 | -0.311415 | 0 | SCARH_Black
SCRIPT       : DATA_LOG | 997515 | 654399791 | 4363.3 | 338.715 | 10939.3 | 0.773036 | -0.634362 | 0 | SCARH_Black
SCRIPT       : DATA_LOG | 998516 | 654399791 | 4367.92 | 338.72 | 10934.4 | 0.674259 | -0.738495 | 0 | SCARH_Black
SCRIPT       : DATA_LOG | 999517 | 654399791 | 4372.54 | 338.732 | 10929.6 | 0.703804 | -0.710394 | 0 | SCARH_Black
SCRIPT       : DATA_LOG | 1000518 | 654399791 | 4377.26 | 338.719 | 10924.8 | 0.703872 | -0.710327 | 0 | SCARH_Black
SCRIPT       : DATA_LOG | 1001519 | 654399791 | 4381.98 | 338.694 | 10920 | 0.703872 | -0.710327 | 0 | SCARH_Black
SCRIPT       : DATA_LOG | 1002520 | 654399791 | 4386.69 | 338.695 | 10915.3 | 0.703872 | -0.710327 | 0 | SCARH_Black
SCRIPT       : DATA_LOG | 1003521 | 654399791 | 4391.41 | 338.708 | 10910.5 | 0.703872 | -0.710327 | 0 | SCARH_Black
SCRIPT       : DATA_LOG | 1004522 | 654399791 | 4396.4 | 338.714 | 10906.1 | 0.703872 | -0.710327 | 0 | SCARH_Black
SCRIPT       : DATA_LOG | 1005523 | 654399791 | 4402.14 | 338.897 | 10902.7 | 0.686325 | -0.727295 | 0 | SCARH_Black
SCRIPT       : DATA_LOG | 1006524 | 654399791 | 4406.07 | 339.558 | 10900.3 | 0.568397 | 0.822754 | 0 | SCARH_Black
SCRIPT       : DATA_LOG | 1007525 | 654399791 | 4408.62 | 340.851 | 10896.7 | 0.724469 | -0.689307 | 0 | SCARH_Black
SCRIPT       : DATA_LOG | 1008526 | 654399791 | 4412.96 | 341.711 | 10892.7 | 0.688368 | -0.725362 | 0 | SCARH_Black
SCRIPT       : DATA_LOG | 1009527 | 654399791 | 4416.97 | 341.927 | 10888.5 | 0.686371 | -0.727252 | 0 | SCARH_Black
SCRIPT       : DATA_LOG | 1010528 | 654399791 | 4420.94 | 342.085 | 10884.3 | 0.68637 | -0.727252 | 0 | SCARH_Black
SCRIPT       : DATA_LOG | 1011529 | 654399791 | 4424.83 | 342.124 | 10880 | 0.68637 | -0.727252 | 0 | SCARH_Black
SCRIPT       : DATA_LOG | 1012530 | 654399791 | 4428.17 | 340.501 | 10874.6 | 0.68637 | -0.727252 | 0 | SCARH_Black
SCRIPT       : DATA_LOG | 1013531 | 654399791 | 4431.93 | 338.939 | 10869.9 | 0.68637 | -0.727252 | 0 | SCARH_Black
SCRIPT       : DATA_LOG | 1014532 | 654399791 | 4436.53 | 338.7 | 10865 | 0.68637 | -0.727252 | 0 | SCARH_Black
SCRIPT       : DATA_LOG | 1015533 | 654399791 | 4441.28 | 338.715 | 10860 | 0.68637 | -0.727252 | 0 | SCARH_Black
SCRIPT       : DATA_LOG | 1016534 | 654399791 | 4445.88 | 338.796 | 10855.1 | 0.68637 | -0.727252 | 0 | SCARH_Black
SCRIPT       : DATA_LOG | 1017535 | 654399791 | 4450.1 | 338.831 | 10850.2 | 0.709245 | -0.704962 | 0 | SCARH_Black
SCRIPT       : DATA_LOG | 1018536 | 654399791 | 4452.73 | 338.84 | 10844.2 | 0.929281 | -0.369373 | 0 | SCARH_Black
SCRIPT       : DATA_LOG | 1019538 | 654399791 | 4457.55 | 338.855 | 10842.5 | 0.914146 | 0.405384 | 0 | SCARH_Black
SCRIPT       : DATA_LOG | 1020538 | 654399791 | 4460.05 | 338.924 | 10844.2 | 0.890988 | 0.454028 | 0 | SCARH_Black
SCRIPT       : DATA_LOG | 1021539 | 654399791 | 4460.05 | 338.924 | 10844.2 | 0.890988 | 0.454028 | 0 | SCARH_Black
SCRIPT       : DATA_LOG | 1022540 | 654399791 | 4460.05 | 338.924 | 10844.2 | 0.890988 | 0.454028 | 0 | SCARH_Black
SCRIPT       : DATA_LOG | 1023542 | 654399791 | 4460.05 | 338.924 | 10844.2 | 0.890988 | 0.454028 | 0 | SCARH_Black
SCRIPT       : DATA_LOG | 1024542 | 654399791 | 4460.05 | 338.924 | 10844.2 | 0.890988 | 0.454028 | 0 | SCARH_Black
SCRIPT       : DATA_LOG | 1025543 | 654399791 | 4460.05 | 338.924 | 10844.2 | 0.890988 | 0.454028 | 0 | SCARH_Black
SCRIPT       : DATA_LOG | 1026544 | 654399791 | 4460.05 | 338.924 | 10844.2 | 0.890988 | 0.454028 | 0 | SCARH_Black
SCRIPT       : DATA_LOG | 1027545 | 654399791 | 4460.05 | 338.924 | 10844.2 | 0.890988 | 0.454028 | 0 | SCARH_Black
SCRIPT       : DATA_LOG | 1028546 | 654399791 | 4458.69 | 338.924 | 10844.3 | -0.739983 | -0.672625 | 0 | SCARH_Black
SCRIPT       : DATA_LOG | 1029547 | 654399791 | 4456.8 | 338.854 | 10842 | -0.127683 | -0.991815 | 0 | SCARH_Black
SCRIPT       : DATA_LOG | 1030548 | 654399791 | 4457.11 | 338.859 | 10838.8 | 0.933057 | -0.359729 | 0 | SCARH_Black
SCRIPT       : DATA_LOG | 1031549 | 654399791 | 4458.77 | 338.867 | 10835.7 | 0.64312 | -0.765765 | 0 | SCARH_Black
SCRIPT       : DATA_LOG | 1032550 | 654399791 | 4461.25 | 338.881 | 10830.7 | 0.379162 | -0.92533 | 0 | SCARH_Black
SCRIPT       : DATA_LOG | 1033551 | 654399791 | 4461.95 | 338.883 | 10824.1 | 0.216615 | -0.976257 | 0 | SCARH_Black
SCRIPT       : DATA_LOG | 1034552 | 654399791 | 4463.85 | 338.895 | 10817.7 | 0.608632 | -0.793452 | 0 | SCARH_Black
SCRIPT       : DATA_LOG | 1035553 | 654399791 | 4467.16 | 338.912 | 10811.9 | 0.73658 | -0.676351 | 0 | SCARH_Black
SCRIPT       : DATA_LOG | 1036554 | 654399791 | 4471.15 | 338.928 | 10807.8 | 0.738803 | -0.673922 | 0 | SCARH_Black
SCRIPT       : DATA_LOG | 1037555 | 654399791 | 4473.88 | 338.935 | 10805.3 | 0.738803 | -0.673922 | 0 | SCARH_Black
SCRIPT       : DATA_LOG | 1038556 | 654399791 | 4476.57 | 338.943 | 10802.9 | 0.738803 | -0.673922 | 0 | SCARH_Black
SCRIPT       : DATA_LOG | 1039557 | 654399791 | 4481.1 | 338.945 | 10798.8 | 0.748602 | -0.66302 | 0 | SCARH_Black
SCRIPT       : DATA_LOG | 1040558 | 654399791 | 4486.07 | 338.945 | 10794.6 | 0.770446 | -0.637505 | 0 | SCARH_Black
SCRIPT       : DATA_LOG | 1041559 | 654399791 | 4491.34 | 338.945 | 10790.5 | 0.79048 | -0.612488 | 0 | SCARH_Black
SCRIPT       : DATA_LOG | 1042560 | 654399791 | 4496.81 | 338.945 | 10786.2 | 0.788586 | -0.614924 | 0 | SCARH_Black
SCRIPT       : DATA_LOG | 1043561 | 654399791 | 4501.92 | 338.945 | 10782.2 | 0.788586 | -0.614924 | 0 | SCARH_Black
SCRIPT       : DATA_LOG | 1044562 | 654399791 | 4507.21 | 338.945 | 10778.1 | 0.788586 | -0.614924 | 0 | SCARH_Black
SCRIPT       : DATA_LOG | 1045563 | 654399791 | 4512.67 | 338.945 | 10773.8 | 0.788586 | -0.614924 | 0 | SCARH_Black
SCRIPT       : DATA_LOG | 1046564 | 654399791 | 4517.96 | 338.945 | 10769.7 | 0.788586 | -0.614924 | 0 | SCARH_Black
SCRIPT       : DATA_LOG | 1047565 | 654399791 | 4523.08 | 338.945 | 10765.7 | 0.792577 | -0.609772 | 0 | SCARH_Black
SCRIPT       : DATA_LOG | 1048566 | 654399791 | 4528.56 | 338.945 | 10761.4 | 0.790109 | -0.612967 | 0 | SCARH_Black
SCRIPT       : DATA_LOG | 1049567 | 654399791 | 4533.86 | 338.945 | 10757.3 | 0.790105 | -0.612971 | 0 | SCARH_Black
SCRIPT       : DATA_LOG | 1050568 | 654399791 | 4537.73 | 338.945 | 10752.4 | 0.111086 | -0.993811 | 0 | SCARH_Black
SCRIPT       : DATA_LOG | 1051569 | 654399791 | 4537.79 | 338.948 | 10745.7 | 0.145366 | -0.989378 | 0 | SCARH_Black
SCRIPT       : DATA_LOG | 1052570 | 654399791 | 4538.53 | 338.963 | 10739.3 | 0.125963 | -0.992035 | 0 | SCARH_Black
SCRIPT       : DATA_LOG | 1053571 | 654399791 | 4538.71 | 339.016 | 10732.3 | 0.369903 | -0.92907 | 0 | SCARH_Black
SCRIPT       : DATA_LOG | 1054572 | 654399791 | 4541.45 | 339.061 | 10726.7 | 0.981033 | -0.19384 | 0 | SCARH_Black
SCRIPT       : DATA_LOG | 1055573 | 654399791 | 4547.89 | 339.025 | 10725 | 0.919983 | 0.391959 | 0 | SCARH_Black
SCRIPT       : DATA_LOG | 1056574 | 654399791 | 4554.27 | 339.117 | 10726.2 | 0.341111 | 0.940023 | 0 | SCARH_Black
SCRIPT       : DATA_LOG | 1057575 | 654399791 | 4554.86 | 339.117 | 10732.7 | -0.152032 | 0.988376 | 0 | SCARH_Black
SCRIPT       : DATA_LOG | 1058576 | 654399791 | 4554.01 | 339.117 | 10738.8 | -0.143093 | 0.989709 | 0 | SCARH_Black
SCRIPT       : DATA_LOG | 1059577 | 654399791 | 4553.61 | 339.117 | 10741.7 | -0.129941 | 0.991522 | 0 | SCARH_Black
SCRIPT       : DATA_LOG | 1060578 | 654399791 | 4553.61 | 339.117 | 10741.7 | -0.129941 | 0.991522 | 0 | SCARH_Black
SCRIPT       : DATA_LOG | 1061579 | 654399791 | 4553.61 | 339.117 | 10741.7 | -0.129941 | 0.991522 | 0 | SCARH_Black
SCRIPT       : DATA_LOG | 1062580 | 654399791 | 4553.61 | 339.117 | 10741.7 | -0.129941 | 0.991522 | 0 | SCARH_Black
SCRIPT       : DATA_LOG | 1063581 | 654399791 | 4553.61 | 339.117 | 10741.7 | -0.129941 | 0.991522 | 0 | SCARH_Black
SCRIPT       : DATA_LOG | 1064582 | 654399791 | 4553.61 | 339.117 | 10741.7 | -0.129941 | 0.991522 | 0 | SCARH_Black
SCRIPT       : DATA_LOG | 1065583 | 654399791 | 4553.61 | 339.117 | 10741.7 | 0.995948 | 0.0899257 | 0 | SCARH_Black
SCRIPT       : DATA_LOG | 1066584 | 654399791 | 4553.61 | 339.117 | 10741.7 | 0.259341 | -0.965786 | 0 | SCARH_Black
SCRIPT       : DATA_LOG | 1067585 | 654399791 | 4554.02 | 339.117 | 10741.8 | 0.113395 | -0.99355 | 0 | SCARH_Black
SCRIPT       : DATA_LOG | 1068586 | 654399791 | 4554.25 | 339.117 | 10741.8 | 0.113395 | -0.99355 | 0 | SCARH_Black
SCRIPT       : DATA_LOG | 1069587 | 654399791 | 4554.25 | 339.117 | 10741.8 | 0.113395 | -0.99355 | 0 | SCARH_Black
SCRIPT       : DATA_LOG | 1070588 | 654399791 | 4554.36 | 339.117 | 10740.3 | 0.0645871 | -0.997912 | 0 | SCARH_Black
SCRIPT       : DATA_LOG | 1071589 | 654399791 | 4554.67 | 339.117 | 10733.9 | 0.0638019 | -0.997963 | 0 | SCARH_Black
SCRIPT       : DATA_LOG | 1072590 | 654399791 | 4554.51 | 339.117 | 10727 | 0.0676046 | -0.997712 | 0 | SCARH_Black
SCRIPT       : DATA_LOG | 1073591 | 654399791 | 4554.28 | 339.025 | 10720.6 | 0.0686086 | -0.997644 | 0 | SCARH_Black
SCRIPT       : DATA_LOG | 1074592 | 654399791 | 4554.66 | 339.023 | 10713.7 | 0.0518965 | -0.998652 | 0 | SCARH_Black
SCRIPT       : DATA_LOG | 1075593 | 654399791 | 4555 | 339.015 | 10707.2 | 0.051843 | -0.998655 | 0 | SCARH_Black
SCRIPT       : DATA_LOG | 1076594 | 654399791 | 4555.35 | 339.015 | 10700.5 | 0.051843 | -0.998655 | 0 | SCARH_Black
SCRIPT       : DATA_LOG | 1077595 | 654399791 | 4555.61 | 339.017 | 10693.6 | 0.0502603 | -0.998736 | 0 | SCARH_Black
SCRIPT       : DATA_LOG | 1078596 | 654399791 | 4555.19 | 339.025 | 10687.1 | 0.0423545 | -0.999103 | 0 | SCARH_Black
SCRIPT       : DATA_LOG | 1079597 | 654399791 | 4555.22 | 339.025 | 10680.4 | 0.0423485 | -0.999103 | 0 | SCARH_Black
SCRIPT       : DATA_LOG | 1080598 | 654399791 | 4555.12 | 339.025 | 10673.7 | 0.0423485 | -0.999103 | 0 | SCARH_Black
SCRIPT       : DATA_LOG | 1081599 | 654399791 | 4555.09 | 339.025 | 10667 | 0.0423485 | -0.999103 | 0 | SCARH_Black
SCRIPT       : DATA_LOG | 1082600 | 654399791 | 4555.09 | 339.025 | 10660.5 | 0.0423485 | -0.999103 | 0 | SCARH_Black
SCRIPT       : DATA_LOG | 1083601 | 654399791 | 4554.42 | 339.102 | 10653.4 | 0.0638062 | -0.997962 | 0 | SCARH_Black
SCRIPT       : DATA_LOG | 1084602 | 654399791 | 4555.1 | 339.025 | 10646.7 | 0.12596 | -0.992035 | 0 | SCARH_Black
SCRIPT       : DATA_LOG | 1085603 | 654399791 | 4555.96 | 339.025 | 10640.3 | 0.144146 | -0.989556 | 0 | SCARH_Black
SCRIPT       : DATA_LOG | 1086604 | 654399791 | 4557.18 | 339.025 | 10633.7 | 0.194605 | -0.980882 | 0 | SCARH_Black
SCRIPT       : DATA_LOG | 1087605 | 654399791 | 4558.83 | 339.025 | 10627 | 0.311403 | -0.950278 | 0 | SCARH_Black
SCRIPT       : DATA_LOG | 1088606 | 654399791 | 4560.6 | 339.025 | 10621.7 | 0.317802 | -0.948157 | 0 | SCARH_Black
SCRIPT       : DATA_LOG | 1089607 | 654399791 | 4562.37 | 339.025 | 10618.7 | 0.0831089 | -0.996541 | 0 | SCARH_Black
SCRIPT       : DATA_LOG | 1090608 | 654399791 | 4562.67 | 339.025 | 10615.1 | 0.0805576 | -0.99675 | 0 | SCARH_Black
SCRIPT       : DATA_LOG | 1091609 | 654399791 | 4564.64 | 339.025 | 10612.1 | 0.6596 | -0.751617 | 0 | SCARH_Black
SCRIPT       : DATA_LOG | 1092610 | 654399791 | 4567.4 | 339.025 | 10610 | 0.674451 | -0.73832 | 0 | SCARH_Black
SCRIPT       : DATA_LOG | 1093611 | 654399791 | 4569.83 | 339.025 | 10607.5 | 0.233348 | -0.972393 | 1 | SCARH_Black
SCRIPT       : DATA_LOG | 1094613 | 654399791 | 4571.08 | 339.025 | 10605.8 | 0.683398 | -0.730046 | 1 | SCARH_Black
SCRIPT       : DATA_LOG | 1095613 | 654399791 | 4571.09 | 339.025 | 10605.8 | 0.683398 | -0.730046 | 1 | SCARH_Black
SCRIPT       : DATA_LOG | 1096614 | 654399791 | 4572.97 | 339.025 | 10604.8 | -0.307715 | -0.951479 | 0 | SCARH_Black
SCRIPT       : DATA_LOG | 1097615 | 654399791 | 4576.3 | 339.025 | 10602.4 | 0.89439 | -0.447288 | 0 | SCARH_Black
SCRIPT       : DATA_LOG | 1098616 | 654399791 | 4582.46 | 339.025 | 10600 | 0.873064 | -0.487605 | 0 | SCARH_Black
SCRIPT       : DATA_LOG | 1099620 | 654399791 | 4588.51 | 339.025 | 10597.1 | 0.882682 | -0.469972 | 0 | SCARH_Black
SCRIPT       : DATA_LOG | 1100621 | 654399791 | 4594.63 | 339.243 | 10594.8 | 0.780339 | -0.625357 | 0 | SCARH_Black
SCRIPT       : DATA_LOG | 1101622 | 654399791 | 4596.56 | 339.025 | 10590.3 | -0.684375 | -0.72913 | 0 | SCARH_Black
SCRIPT       : DATA_LOG | 1102623 | 654399791 | 4592.49 | 339.024 | 10586.8 | -0.989771 | -0.142663 | 0 | SCARH_Black
SCRIPT       : DATA_LOG | 1103624 | 654399791 | 4586.64 | 339.019 | 10583.9 | -0.396926 | -0.917851 | 0 | SCARH_Black
SCRIPT       : DATA_LOG | 1104625 | 654399791 | 4582.89 | 339.025 | 10579.2 | -0.940636 | -0.339417 | 0 | SCARH_Black
SCRIPT       : DATA_LOG | 1105626 | 654399791 | 4577.18 | 339.025 | 10574.8 | -0.928818 | 0.370537 | 0 | SCARH_Black
SCRIPT       : DATA_LOG | 1106628 | 654399791 | 4574.5 | 339.172 | 10577.6 | -0.2084 | 0.978044 | 0 | SCARH_Black
SCRIPT       : DATA_LOG | 1107628 | 654399791 | 4569.95 | 339.285 | 10580 | -0.990868 | -0.134838 | 0 | SCARH_Black
SCRIPT       : DATA_LOG | 1108629 | 654399791 | 4563.5 | 339.285 | 10579.8 | -0.999742 | -0.0227097 | 0 | SCARH_Black
SCRIPT       : DATA_LOG | 1109630 | 654399791 | 4558.08 | 339.285 | 10579.4 | -0.927591 | -0.373597 | 0 | SCARH_Black
SCRIPT       : DATA_LOG | 1110631 | 654399791 | 4555.42 | 339.539 | 10577.7 | -0.999936 | -0.0113164 | 0 | SCARH_Black
SCRIPT       : DATA_LOG | 1111632 | 654399791 | 4553.05 | 340.77 | 10578.5 | 0.958048 | 0.286609 | 0 | SCARH_Black
SCRIPT       : DATA_LOG | 1112633 | 654399791 | 4554.08 | 342.407 | 10580.8 | 0.995693 | -0.092711 | 0 | SCARH_Black
SCRIPT       : DATA_LOG | 1113634 | 654399791 | 4556.36 | 344.384 | 10579.7 | 0.929287 | -0.369359 | 0 | SCARH_Black
SCRIPT       : DATA_LOG | 1114635 | 654399791 | 4559.57 | 344.248 | 10580.2 | 0.218888 | 0.97575 | 0 | SCARH_Black
SCRIPT       : DATA_LOG | 1115636 | 654399791 | 4562.52 | 344.247 | 10580.6 | 0.218737 | 0.975784 | 0 | SCARH_Black
SCRIPT       : DATA_LOG | 1116637 | 654399791 | 4565.41 | 344.247 | 10582.1 | -0.0926001 | 0.995703 | 0 | SCARH_Black
SCRIPT       : DATA_LOG | 1117638 | 654399791 | 4566.56 | 344.247 | 10584.4 | -0.669438 | 0.742867 | 0 | SCARH_Black
SCRIPT       : DATA_LOG | 1118640 | 654399791 | 4564.92 | 344.247 | 10582.7 | -0.838551 | -0.544824 | 0 | SCARH_Black
SCRIPT       : DATA_LOG | 1119640 | 654399791 | 4559.32 | 344.248 | 10582.4 | -0.993792 | 0.111251 | 0 | SCARH_Black
SCRIPT       : DATA_LOG | 1120641 | 654399791 | 4557.79 | 345.005 | 10582.6 | -1 | 0.000176104 | 0 | SCARH_Black
SCRIPT       : DATA_LOG | 1121642 | 654399791 | 4557.79 | 345.753 | 10582.6 | -1 | -8.02679e-07 | 0 | SCARH_Black
SCRIPT       : DATA_LOG | 1122643 | 654399791 | 4557.79 | 346.894 | 10582.6 | -1 | -8.02679e-07 | 0 | SCARH_Black
SCRIPT       : DATA_LOG | 1123644 | 654399791 | 4557.79 | 347.805 | 10582.6 | -1 | -8.02679e-07 | 0 | SCARH_Black
SCRIPT       : DATA_LOG | 1124646 | 654399791 | 4557.08 | 348.285 | 10582.6 | -1 | -8.02679e-07 | 0 | SCARH_Black
SCRIPT       : DATA_LOG | 1125647 | 654399791 | 4555.34 | 348.551 | 10583.5 | 0.217069 | 0.976156 | 0 | SCARH_Black
SCRIPT       : DATA_LOG | 1126648 | 654399791 | 4557.6 | 348.247 | 10585.9 | 0.851276 | 0.524717 | 0 | SCARH_Black
SCRIPT       : DATA_LOG | 1127649 | 654399791 | 4561.57 | 348.247 | 10587.8 | 0.88585 | 0.463972 | 0 | SCARH_Black
SCRIPT       : DATA_LOG | 1128650 | 654399791 | 4562.66 | 348.247 | 10588.3 | 0.893122 | 0.449815 | 0 | SCARH_Black
SCRIPT       : DATA_LOG | 1129651 | 654399791 | 4562.66 | 348.247 | 10588.3 | 0.893122 | 0.449815 | 1 | SCARH_Black
SCRIPT       : DATA_LOG | 1130652 | 654399791 | 4562.66 | 348.247 | 10588.3 | 0.893122 | 0.449815 | 1 | SCARH_Black
SCRIPT       : DATA_LOG | 1131653 | 654399791 | 4562.66 | 348.247 | 10588.3 | 0.893122 | 0.449815 | 0 | SCARH_Black
SCRIPT       : DATA_LOG | 1132655 | 654399791 | 4562.66 | 348.247 | 10588.3 | 0.893122 | 0.449815 | 0 | SCARH_Black
SCRIPT       : DATA_LOG | 1133656 | 654399791 | 4562.66 | 348.247 | 10588.3 | 0.893122 | 0.449815 | 1 | SCARH_Black
SCRIPT       : DATA_LOG | 1134657 | 654399791 | 4562.66 | 348.247 | 10588.3 | 0.893122 | 0.449815 | 0 | SCARH_Black
SCRIPT       : DATA_LOG | 1135658 | 654399791 | 4562.66 | 348.247 | 10588.3 | 0.893122 | 0.449815 | 0 | SCARH_Black
SCRIPT       : DATA_LOG | 1136659 | 654399791 | 4562.66 | 348.247 | 10588.3 | 0.893122 | 0.449815 | 1 | SCARH_Black
SCRIPT       : DATA_LOG | 1137661 | 654399791 | 4562.27 | 348.248 | 10588.1 | 0.856908 | 0.51547 | 1 | SCARH_Black
SCRIPT       : DATA_LOG | 1138662 | 654399791 | 4562.27 | 348.248 | 10588.1 | 0.856908 | 0.51547 | 1 | SCARH_Black
SCRIPT       : DATA_LOG | 1139663 | 654399791 | 4562.78 | 348.247 | 10588.4 | 0.852041 | 0.523475 | 0 | SCARH_Black
SCRIPT       : DATA_LOG | 1140664 | 654399791 | 4562.78 | 348.247 | 10588.4 | 0.852041 | 0.523475 | 0 | SCARH_Black
SCRIPT       : DATA_LOG | 1141665 | 654399791 | 4563.51 | 348.247 | 10588.8 | 0.22605 | 0.974116 | 0 | SCARH_Black
SCRIPT       : DATA_LOG | 1142666 | 654399791 | 4562.46 | 348.247 | 10589.6 | -0.39897 | 0.916964 | 0 | SCARH_Black
SCRIPT       : DATA_LOG | 1143667 | 654399791 | 4558.7 | 348.248 | 10589.7 | -0.997245 | 0.0741772 | 0 | SCARH_Black
SCRIPT       : DATA_LOG | 1144668 | 654399791 | 4552.1 | 348.248 | 10589.5 | -0.979818 | -0.199894 | 0 | SCARH_Black
SCRIPT       : DATA_LOG | 1145669 | 654399791 | 4545.55 | 348.247 | 10588 | -0.977304 | -0.211843 | 0 | SCARH_Black
SCRIPT       : DATA_LOG | 1146670 | 654399791 | 4542.32 | 348.247 | 10587.2 | -0.963603 | -0.267336 | 0 | SCARH_Black
SCRIPT       : DATA_LOG | 1147671 | 654399791 | 4542.32 | 348.247 | 10587.2 | -0.963603 | -0.267336 | 1 | SCARH_Black
SCRIPT       : DATA_LOG | 1148672 | 654399791 | 4542.32 | 348.247 | 10587.2 | -0.963603 | -0.267336 | 1 | SCARH_Black
SCRIPT       : DATA_LOG | 1149673 | 654399791 | 4542.32 | 348.247 | 10587.2 | -0.963603 | -0.267336 | 1 | SCARH_Black
SCRIPT       : DATA_LOG | 1150674 | 654399791 | 4542.32 | 348.247 | 10587.2 | -0.963603 | -0.267336 | 0 | SCARH_Black
SCRIPT       : DATA_LOG | 1151675 | 654399791 | 4542.15 | 348.248 | 10584.4 | -0.504474 | -0.863427 | 0 | SCARH_Black
SCRIPT       : DATA_LOG | 1152676 | 654399791 | 4541.35 | 348.248 | 10581.6 | -0.389165 | -0.921168 | 0 | SCARH_Black
SCRIPT       : DATA_LOG | 1153678 | 654399791 | 4541.12 | 348.248 | 10580.8 | -0.198293 | -0.980143 | 0 | SCARH_Black
SCRIPT       : DATA_LOG | 1154678 | 654399791 | 4540.73 | 348.248 | 10578.7 | -0.241511 | -0.970398 | 0 | SCARH_Black
SCRIPT       : DATA_LOG | 1155679 | 654399791 | 4541.68 | 348.248 | 10581.3 | 0.681275 | 0.732028 | 0 | SCARH_Black
SCRIPT       : DATA_LOG | 1156680 | 654399791 | 4547.45 | 348.248 | 10584 | 1 | -0.000433771 | 0 | SCARH_Black
SCRIPT       : DATA_LOG | 1157681 | 654399791 | 4554.06 | 348.248 | 10583 | 0.991278 | -0.131784 | 0 | SCARH_Black
SCRIPT       : DATA_LOG | 1158682 | 654399791 | 4560.67 | 346.469 | 10582.3 | 0.995141 | -0.0984647 | 0 | SCARH_Black
SCRIPT       : DATA_LOG | 1159683 | 654399791 | 4562.65 | 344.247 | 10582 | 0.949353 | 0.31421 | 0 | SCARH_Black
SCRIPT       : DATA_LOG | 1160684 | 654399791 | 4565.51 | 344.247 | 10582.2 | 0.307469 | 0.951558 | 0 | SCARH_Black
SCRIPT       : DATA_LOG | 1161686 | 654399791 | 4565.23 | 344.247 | 10584 | -0.996742 | 0.0806603 | 0 | SCARH_Black
SCRIPT       : DATA_LOG | 1162687 | 654399791 | 4563.55 | 344.247 | 10584.6 | -0.971645 | 0.236445 | 0 | SCARH_Black
SCRIPT       : DATA_LOG | 1163688 | 654399791 | 4560.9 | 344.247 | 10586.2 | -0.861436 | -0.507866 | 0 | SCARH_Black
 SCRIPT       : [Logout]: New player aRapBi1cCZPZAGLIDny3dk3hQ8vTmNTLHRl8zxmKgQ0= with logout time 15
 SCRIPT       : Player "rafaelglima79" (steamid=76561199445097358) initiated disconnect process...
SCRIPT       : DATA_LOG | 1164704 | 654399791 | 4560.88 | 344.247 | 10586.3 | -0.861436 | -0.507866 | 0 | SCARH_Black
SCRIPT       : DATA_LOG | 1165705 | 654399791 | 4560.91 | 344.247 | 10586.3 | -0.861436 | -0.507866 | 0 | SCARH_Black
SCRIPT       : DATA_LOG | 1166706 | 654399791 | 4561.05 | 344.247 | 10586.4 | -0.861436 | -0.507866 | 0 | SCARH_Black
SCRIPT       : DATA_LOG | 1167707 | 654399791 | 4561.08 | 344.248 | 10586.4 | -0.861436 | -0.507866 | 0 | SCARH_Black
 SCRIPT       : Player "rafaelglima79" (steamid=76561199445097358) disconnected early from server (EXIT NOW).
SCRIPT       : DATA_LOG | 1168708 | 654399791 | 4561.08 | 344.248 | 10586.4 | -0.861436 | -0.507866 | 0 | SCARH_Black
SCRIPT       : DATA_LOG | 1169709 | 654399791 | 4561.08 | 344.248 | 10586.4 | -0.861436 | -0.507866 | 0 | SCARH_Black
SCRIPT       : DATA_LOG | 1170710 | 654399791 | 4561.08 | 344.248 | 10586.4 | -0.861436 | -0.507866 | 0 | SCARH_Black
SCRIPT       : DATA_LOG | 1171711 | 654399791 | 4561.08 | 344.248 | 10586.4 | -0.861436 | -0.507866 | 0 | SCARH_Black
SCRIPT       : DATA_LOG | 1172712 | 654399791 | 4561.08 | 344.248 | 10586.4 | -0.861436 | -0.507866 | 0 | SCARH_Black
SCRIPT       : DATA_LOG | 1173713 | 654399791 | 4561.08 | 344.248 | 10586.4 | -0.861436 | -0.507866 | 0 | SCARH_Black
SCRIPT       : DATA_LOG | 1174714 | 654399791 | 4561.08 | 344.248 | 10586.4 | -0.861436 | -0.507866 | 0 | SCARH_Black
SCRIPT       : DATA_LOG | 1175715 | 654399791 | 4561.08 | 344.248 | 10586.4 | -0.861436 | -0.507866 | 0 | SCARH_Black
SCRIPT       : DATA_LOG | 1176716 | 654399791 | 4561.08 | 344.248 | 10586.4 | -0.861436 | -0.507866 | 0 | SCARH_Black
SCRIPT       : DATA_LOG | 1177717 | 654399791 | 4561.08 | 344.248 | 10586.4 | -0.861436 | -0.507866 | 0 | SCARH_Black
SCRIPT       : DATA_LOG | 1178718 | 654399791 | 4561.08 | 344.248 | 10586.4 | -0.861436 | -0.507866 | 0 | SCARH_Black
SCRIPT       : [Logout]: Player aRapBi1cCZPZAGLIDny3dk3hQ8vTmNTLHRl8zxmKgQ0= finished
SCRIPT       : [PlayerListManager] SyncEntryToReceivers ► uid: aRapBi1cCZPZAGLIDny3dk3hQ8vTmNTLHRl8zxmKgQ0= isn't in the players list! sending a remove.
SCRIPT       : PlayerDisconnected -> PlayerListManager.RemoveEntry ► aRapBi1cCZPZAGLIDny3dk3hQ8vTmNTLHRl8zxmKgQ0=
 SCRIPT       : [MissionServer] OnMissionFinish - Server
 SCRIPT       : ~DayZGame()
