---------------------------------------------
Log D:\ModelAnti-Cheat\log_profiles\script_2026-09-23_21-47-58.log started at 23.09. 21:48:00

SCRIPT       : Module: GameLib; loaded 18x files; 26x classes; used 39/2097 kB (1%) of static memory; defines: "DAYZ_1_29,SERVER_FOR_WINDOWS,SERVER,PLATFORM_WINDOWS,RELEASE,NO_GUI,NO_GUI_INGAME,sakhal,JM_CommunityFramework,CF_MODULE_CONFIG,CF_EXPRESSION,C
SCRIPT       : Registered 349 temporary action enum(s), UAN==349
SCRIPT       : Module: Game; loaded 521x files; 1604x classes; used 4275/33554 kB (12%) of static memory; defines: "DAYZ_1_29,SERVER_FOR_WINDOWS,SERVER,PLATFORM_WINDOWS,RELEASE,NO_GUI,NO_GUI_INGAME,sakhal,JM_CommunityFramework,CF_MODULE_CONFIG,CF_EXPRESSI
SCRIPT       : ... Backlit Effects Enabled
SCRIPT       : VPPNotificationManager()
SCRIPT       : [VPPAT] Internal VPPNotifications module loaded!
SCRIPT       : [DayZ Game]:: DayZGame(): Initializing V++ Admin Tools.
SCRIPT       : Module: World; loaded 2247x files; 5867x classes; used 9519/33554 kB (28%) of static memory; defines: "DAYZ_1_29,SERVER_FOR_WINDOWS,SERVER,PLATFORM_WINDOWS,RELEASE,NO_GUI,NO_GUI_INGAME,sakhal,JM_CommunityFramework,CF_MODULE_CONFIG,CF_EXPRES
 SCRIPT       : Module: Mission; loaded 293x files; 593x classes; used 3996/33554 kB (11%) of static memory; defines: "DAYZ_1_29,SERVER_FOR_WINDOWS,SERVER,PLATFORM_WINDOWS,RELEASE,NO_GUI,NO_GUI_INGAME,sakhal,JM_CommunityFramework,CF_MODULE_CONFIG,CF_EXPRE
 SCRIPT    (W): @"$CurrentDir:mpmissions\dayzOffline.chernarusplus\init.c,54": Possible variable name conflict 'm_player'
 SCRIPT       : Module: $CurrentDir:mpmissions\dayzOffline.chernarusplus\init.c; loaded 1x files; 1x classes; used 16/1048 kB (1%) of static memory; defines: "DAYZ_1_29,SERVER_FOR_WINDOWS,SERVER,PLATFORM_WINDOWS,RELEASE,NO_GUI,NO_GUI_INGAME,sakhal,JM_Comm
 SCRIPT       : [SERVER :: Vanilla++ AdminTools Plugins Registering]
 SCRIPT       : [MissionServer] OnInit - Server
 SCRIPT       : [MissionServer] OnMissionStart - Server
 SCRIPT       : string dirtyName = 'TESTINGSERVER'
SCRIPT       : m_LoginTimeMs: 16200
 SCRIPT       : ---- PlayerBase OnStoreLoad SUCCESS ----
 SCRIPT       : [VPPAT] Player "rafaelglima79" (steamId=76561199445097358) connected to server!
 SCRIPT       : [PlayerListManager] AddReceiver ► added: PlayerIdentity<0x000001EDE6824450>
SCRIPT       : [DUMMY_DEBUG] SUCESSO: Dummy criado na posicao: <7438.832520, 6.034669, 3396.877441>
SCRIPT       : DATA_LOG | 547202 | aRapBi1cCZPZAGLIDny3dk3hQ8vTmNTLHRl8zxmKgQ0= | 7441.83 | 6.05488 | 3397.04 | -0.998456 | -0.0555552 | 0 | SCARH_Black | 1 | 0.386137 | 3.00031 | 0 | 1 | 1 | 1 | 0 | 0 | 0 | 1 | camera | none | -0.998456 | 0 | -0.0555552 
SCRIPT       : DATA_LOG | 549326 | aRapBi1cCZPZAGLIDny3dk3hQ8vTmNTLHRl8zxmKgQ0= | 7441.83 | 6.05488 | 3397.04 | -0.998456 | -0.0555552 | 0 | SCARH_Black | 1 | 28.4791 | 3.38867 | 0 | 1 | 1 | 0 | 0 | 0 | 0 | 1 | camera | target | -0.998456 | 0 | -0.0555552
SCRIPT       : DATA_LOG | 550323 | aRapBi1cCZPZAGLIDny3dk3hQ8vTmNTLHRl8zxmKgQ0= | 7441.83 | 6.05488 | 3397.04 | -0.998456 | -0.0555552 | 0 | SCARH_Black | 1 | 28.4664 | 3.38708 | 0 | 1 | 1 | 0 | 0 | 0 | 0 | 1 | camera | target | -0.998456 | 0 | -0.0555552
SCRIPT       : DATA_LOG | 551327 | aRapBi1cCZPZAGLIDny3dk3hQ8vTmNTLHRl8zxmKgQ0= | 7441.83 | 6.05488 | 3397.04 | -0.998456 | -0.0555552 | 0 | SCARH_Black | 1 | 28.4357 | 3.39512 | 0 | 1 | 1 | 0 | 0 | 0 | 0 | 1 | camera | target | -0.998456 | 0 | -0.0555552
SCRIPT       : DATA_LOG | 552334 | aRapBi1cCZPZAGLIDny3dk3hQ8vTmNTLHRl8zxmKgQ0= | 7441.83 | 6.05488 | 3397.04 | -0.998456 | -0.0555552 | 0 | SCARH_Black | 1 | 28.4425 | 3.39435 | 0 | 1 | 1 | 0 | 0 | 0 | 0 | 1 | camera | target | -0.998456 | 0 | -0.0555552
SCRIPT       : DATA_LOG | 553438 | aRapBi1cCZPZAGLIDny3dk3hQ8vTmNTLHRl8zxmKgQ0= | 7441.83 | 6.05488 | 3397.04 | -0.998456 | -0.0555552 | 0 | SCARH_Black | 1 | 28.4615 | 3.38869 | 0 | 1 | 1 | 0 | 0 | 0 | 0 | 1 | camera | target | -0.998456 | 0 | -0.0555552
SCRIPT       : DATA_LOG | 554438 | aRapBi1cCZPZAGLIDny3dk3hQ8vTmNTLHRl8zxmKgQ0= | 7441.83 | 6.05488 | 3397.04 | -0.998456 | -0.0555552 | 0 | SCARH_Black | 1 | 28.4531 | 3.39154 | 0 | 1 | 1 | 0 | 0 | 0 | 0 | 1 | camera | target | -0.998456 | 0 | -0.0555552
SCRIPT       : DATA_LOG | 555441 | aRapBi1cCZPZAGLIDny3dk3hQ8vTmNTLHRl8zxmKgQ0= | 7441.83 | 6.05488 | 3397.04 | -0.998456 | -0.0555552 | 0 | SCARH_Black | 1 | 28.4958 | 3.38647 | 0 | 1 | 1 | 0 | 0 | 0 | 0 | 1 | camera | target | -0.998456 | 0 | -0.0555552
SCRIPT       : DATA_LOG | 556441 | aRapBi1cCZPZAGLIDny3dk3hQ8vTmNTLHRl8zxmKgQ0= | 7441.83 | 6.05488 | 3397.04 | -0.998456 | -0.0555552 | 0 | SCARH_Black | 1 | 28.4784 | 3.38863 | 0 | 1 | 1 | 0 | 0 | 0 | 0 | 1 | camera | target | -0.998456 | 0 | -0.0555552
SCRIPT       : DATA_LOG | 557462 | aRapBi1cCZPZAGLIDny3dk3hQ8vTmNTLHRl8zxmKgQ0= | 7441.83 | 6.05488 | 3397.04 | -0.998456 | -0.0555552 | 0 | SCARH_Black | 1 | 28.4671 | 3.38718 | 0 | 1 | 1 | 0 | 0 | 0 | 0 | 1 | camera | target | -0.998456 | 0 | -0.0555552
SCRIPT       : DATA_LOG | 558455 | aRapBi1cCZPZAGLIDny3dk3hQ8vTmNTLHRl8zxmKgQ0= | 7441.83 | 6.05488 | 3397.04 | -0.998456 | -0.0555552 | 0 | SCARH_Black | 1 | 28.439 | 3.39461 | 0 | 1 | 1 | 0 | 0 | 0 | 0 | 1 | camera | target | -0.998456 | 0 | -0.0555552 
SCRIPT       : DATA_LOG | 559459 | aRapBi1cCZPZAGLIDny3dk3hQ8vTmNTLHRl8zxmKgQ0= | 7441.83 | 6.05488 | 3397.04 | -0.998456 | -0.0555552 | 0 | SCARH_Black | 1 | 28.443 | 3.39438 | 0 | 1 | 1 | 0 | 0 | 0 | 0 | 1 | camera | target | -0.998456 | 0 | -0.0555552 
SCRIPT       : DATA_LOG | 560455 | aRapBi1cCZPZAGLIDny3dk3hQ8vTmNTLHRl8zxmKgQ0= | 7441.83 | 6.05488 | 3397.04 | -0.998456 | -0.0555552 | 0 | SCARH_Black | 1 | 28.4615 | 3.38869 | 0 | 1 | 1 | 0 | 0 | 0 | 0 | 1 | camera | target | -0.998456 | 0 | -0.0555552
SCRIPT       : DATA_LOG | 561459 | aRapBi1cCZPZAGLIDny3dk3hQ8vTmNTLHRl8zxmKgQ0= | 7441.83 | 6.05488 | 3397.04 | -0.998456 | -0.0555552 | 0 | SCARH_Black | 1 | 28.4455 | 3.39246 | 0 | 1 | 1 | 0 | 0 | 0 | 0 | 1 | camera | target | -0.998456 | 0 | -0.0555552
SCRIPT       : DATA_LOG | 562458 | aRapBi1cCZPZAGLIDny3dk3hQ8vTmNTLHRl8zxmKgQ0= | 7441.83 | 6.05488 | 3397.04 | -0.998456 | -0.0555553 | 0 | SCARH_Black | 1 | 28.497 | 3.38651 | 0 | 1 | 1 | 0 | 0 | 0 | 0 | 1 | camera | target | -0.998456 | 0 | -0.0555553 
SCRIPT       : DATA_LOG | 563468 | aRapBi1cCZPZAGLIDny3dk3hQ8vTmNTLHRl8zxmKgQ0= | 7441.83 | 6.05488 | 3397.04 | -0.998456 | -0.0555553 | 0 | SCARH_Black | 1 | 28.4839 | 3.38756 | 0 | 1 | 1 | 0 | 0 | 0 | 0 | 1 | camera | target | -0.998456 | 0 | -0.0555553
SCRIPT       : DATA_LOG | 564467 | aRapBi1cCZPZAGLIDny3dk3hQ8vTmNTLHRl8zxmKgQ0= | 7441.83 | 6.05488 | 3397.04 | -0.998456 | -0.0555553 | 0 | SCARH_Black | 1 | 28.4731 | 3.38695 | 0 | 1 | 1 | 0 | 0 | 0 | 0 | 1 | camera | target | -0.998456 | 0 | -0.0555553
SCRIPT       : DATA_LOG | 565461 | aRapBi1cCZPZAGLIDny3dk3hQ8vTmNTLHRl8zxmKgQ0= | 7441.83 | 6.05488 | 3397.04 | -0.998456 | -0.0555553 | 0 | SCARH_Black | 1 | 28.4492 | 3.39244 | 0 | 1 | 1 | 0 | 0 | 0 | 0 | 1 | camera | target | -0.998456 | 0 | -0.0555553
SCRIPT       : DATA_LOG | 566462 | aRapBi1cCZPZAGLIDny3dk3hQ8vTmNTLHRl8zxmKgQ0= | 7441.83 | 6.05488 | 3397.04 | -0.998456 | -0.0555553 | 0 | SCARH_Black | 1 | 28.4381 | 3.39552 | 0 | 1 | 1 | 0 | 0 | 0 | 0 | 1 | camera | target | -0.998456 | 0 | -0.0555553
SCRIPT       : DATA_LOG | 567464 | aRapBi1cCZPZAGLIDny3dk3hQ8vTmNTLHRl8zxmKgQ0= | 7441.83 | 6.05488 | 3397.04 | -0.998456 | -0.0555553 | 0 | SCARH_Black | 1 | 28.4608 | 3.38864 | 0 | 1 | 1 | 0 | 0 | 0 | 0 | 1 | camera | target | -0.998456 | 0 | -0.0555553
SCRIPT       : DATA_LOG | 568470 | aRapBi1cCZPZAGLIDny3dk3hQ8vTmNTLHRl8zxmKgQ0= | 7441.83 | 6.05488 | 3397.04 | -0.998456 | -0.0555553 | 0 | SCARH_Black | 1 | 28.4429 | 3.39301 | 0 | 1 | 1 | 0 | 0 | 0 | 0 | 1 | camera | target | -0.998456 | 0 | -0.0555553
SCRIPT       : DATA_LOG | 569480 | aRapBi1cCZPZAGLIDny3dk3hQ8vTmNTLHRl8zxmKgQ0= | 7441.83 | 6.05488 | 3397.04 | -0.998456 | -0.0555553 | 0 | SCARH_Black | 1 | 28.4951 | 3.38706 | 0 | 1 | 1 | 0 | 0 | 0 | 0 | 1 | camera | target | -0.998456 | 0 | -0.0555553
SCRIPT       : DATA_LOG | 570480 | aRapBi1cCZPZAGLIDny3dk3hQ8vTmNTLHRl8zxmKgQ0= | 7441.83 | 6.05488 | 3397.04 | -0.998456 | -0.0555553 | 0 | SCARH_Black | 1 | 28.4914 | 3.38659 | 0 | 1 | 1 | 0 | 0 | 0 | 0 | 1 | camera | target | -0.998456 | 0 | -0.0555553
SCRIPT       : DATA_LOG | 571473 | aRapBi1cCZPZAGLIDny3dk3hQ8vTmNTLHRl8zxmKgQ0= | 7441.83 | 6.05488 | 3397.04 | -0.998456 | -0.0555553 | 0 | SCARH_Black | 1 | 28.4831 | 3.38758 | 0 | 1 | 1 | 0 | 0 | 0 | 0 | 1 | camera | target | -0.998456 | 0 | -0.0555553
SCRIPT       : DATA_LOG | 572478 | aRapBi1cCZPZAGLIDny3dk3hQ8vTmNTLHRl8zxmKgQ0= | 7441.83 | 6.05488 | 3397.04 | -0.998456 | -0.0555553 | 0 | SCARH_Black | 1 | 28.4554 | 3.39078 | 0 | 1 | 1 | 0 | 0 | 0 | 0 | 1 | camera | target | -0.998456 | 0 | -0.0555553
SCRIPT       : DATA_LOG | 573470 | aRapBi1cCZPZAGLIDny3dk3hQ8vTmNTLHRl8zxmKgQ0= | 7441.83 | 6.05488 | 3397.04 | -0.998456 | -0.0555553 | 0 | SCARH_Black | 1 | 28.4328 | 3.3966 | 0 | 1 | 1 | 0 | 0 | 0 | 0 | 1 | camera | target | -0.998456 | 0 | -0.0555553 
SCRIPT       : DATA_LOG | 574479 | aRapBi1cCZPZAGLIDny3dk3hQ8vTmNTLHRl8zxmKgQ0= | 7441.83 | 6.05488 | 3397.04 | -0.933025 | 0.359813 | 0 | SCARH_Black | 1 | 36.4071 | 3.38915 | 0 | 1 | 1 | 0 | 0 | 0 | 0 | 1 | camera | target | -0.933025 | -0 | 0.359813 | 
SCRIPT       : DATA_LOG | 575489 | aRapBi1cCZPZAGLIDny3dk3hQ8vTmNTLHRl8zxmKgQ0= | 7441.83 | 6.05488 | 3397.04 | -0.610866 | 0.791734 | 0 | SCARH_Black | 1 | 59.8316 | 3.39307 | 0 | 1 | 1 | 0 | 0 | 0 | 0 | 1 | camera | target | -0.610866 | -0 | 0.791734 | 
SCRIPT       : DATA_LOG | 576482 | aRapBi1cCZPZAGLIDny3dk3hQ8vTmNTLHRl8zxmKgQ0= | 7441.83 | 6.05488 | 3397.04 | -0.610866 | 0.791734 | 0 | SCARH_Black | 1 | 59.7565 | 3.38755 | 0 | 1 | 1 | 0 | 0 | 0 | 0 | 1 | camera | target | -0.610866 | -0 | 0.791734 | 
SCRIPT       : DATA_LOG | 577481 | aRapBi1cCZPZAGLIDny3dk3hQ8vTmNTLHRl8zxmKgQ0= | 7441.83 | 6.05488 | 3397.04 | -0.610866 | 0.791734 | 0 | SCARH_Black | 1 | 59.7794 | 3.38617 | 0 | 1 | 1 | 0 | 0 | 0 | 0 | 1 | camera | target | -0.610866 | -0 | 0.791734 | 
SCRIPT       : DATA_LOG | 578479 | aRapBi1cCZPZAGLIDny3dk3hQ8vTmNTLHRl8zxmKgQ0= | 7441.83 | 6.05488 | 3397.04 | -0.610866 | 0.791734 | 0 | SCARH_Black | 1 | 59.8748 | 3.38884 | 0 | 1 | 1 | 0 | 0 | 0 | 0 | 1 | camera | target | -0.610866 | -0 | 0.791734 | 
SCRIPT       : DATA_LOG | 579487 | aRapBi1cCZPZAGLIDny3dk3hQ8vTmNTLHRl8zxmKgQ0= | 7441.83 | 6.05488 | 3397.04 | -0.610866 | 0.791734 | 0 | SCARH_Black | 1 | 59.6888 | 3.3896 | 0 | 1 | 1 | 0 | 0 | 0 | 0 | 1 | camera | target | -0.610866 | -0 | 0.791734 | -
SCRIPT       : DATA_LOG | 580486 | aRapBi1cCZPZAGLIDny3dk3hQ8vTmNTLHRl8zxmKgQ0= | 7441.83 | 6.05488 | 3397.04 | -0.610866 | 0.791734 | 0 | SCARH_Black | 1 | 59.979 | 3.39668 | 0 | 1 | 1 | 0 | 0 | 0 | 0 | 1 | camera | target | -0.610866 | -0 | 0.791734 | -
SCRIPT       : DATA_LOG | 581492 | aRapBi1cCZPZAGLIDny3dk3hQ8vTmNTLHRl8zxmKgQ0= | 7441.83 | 6.05488 | 3397.04 | -0.610866 | 0.791734 | 0 | SCARH_Black | 1 | 59.7343 | 3.39021 | 0 | 1 | 1 | 0 | 0 | 0 | 0 | 1 | camera | target | -0.610866 | -0 | 0.791734 | 
SCRIPT       : DATA_LOG | 582489 | aRapBi1cCZPZAGLIDny3dk3hQ8vTmNTLHRl8zxmKgQ0= | 7441.83 | 6.05488 | 3397.04 | -0.610866 | 0.791734 | 0 | SCARH_Black | 1 | 59.8171 | 3.39254 | 0 | 1 | 1 | 0 | 0 | 0 | 0 | 1 | camera | target | -0.610866 | -0 | 0.791734 | 
SCRIPT       : DATA_LOG | 583488 | aRapBi1cCZPZAGLIDny3dk3hQ8vTmNTLHRl8zxmKgQ0= | 7442.19 | 6.057 | 3398.01 | -0.950858 | 0.309628 | 0 | SCARH_Black | 1 | 42.9865 | 3.86502 | 0 | 1 | 1 | 0 | 0 | 0 | 0 | 1 | camera | target | -0.950858 | -0 | 0.309628 | -0
SCRIPT       : DATA_LOG | 584494 | aRapBi1cCZPZAGLIDny3dk3hQ8vTmNTLHRl8zxmKgQ0= | 7442.19 | 6.057 | 3398.01 | -0.950858 | 0.309628 | 0 | SCARH_Black | 1 | 42.9928 | 3.86309 | 0 | 1 | 1 | 0 | 0 | 0 | 0 | 1 | camera | target | -0.950858 | -0 | 0.309628 | -0
SCRIPT       : DATA_LOG | 585491 | aRapBi1cCZPZAGLIDny3dk3hQ8vTmNTLHRl8zxmKgQ0= | 7442.21 | 6.0601 | 3398.78 | -0.99999 | -0.00444481 | 0 | SCARH_Black | 1 | 36.3089 | 4.1719 | 0 | 1 | 1 | 0 | 0 | 0 | 0 | 1 | camera | target | -0.99999 | 0 | -0.00444481 |
SCRIPT       : DATA_LOG | 586484 | aRapBi1cCZPZAGLIDny3dk3hQ8vTmNTLHRl8zxmKgQ0= | 7442.21 | 6.0607 | 3398.93 | -0.91852 | -0.395375 | 0 | SCARH_Black | 1 | 23.5893 | 4.23399 | 0 | 1 | 1 | 0 | 0 | 0 | 0 | 1 | camera | target | -0.91852 | 0 | -0.395375 | -0
SCRIPT       : DATA_LOG | 587490 | aRapBi1cCZPZAGLIDny3dk3hQ8vTmNTLHRl8zxmKgQ0= | 7442.21 | 6.0607 | 3398.93 | -0.0447902 | -0.998996 | 0 | SCARH_Black | 1 | 58.9574 | 4.25062 | 0 | 1 | 1 | 0 | 0 | 0 | 0 | 1 | camera | target | -0.0447902 | 0 | -0.998996 
SCRIPT       : DATA_LOG | 588494 | aRapBi1cCZPZAGLIDny3dk3hQ8vTmNTLHRl8zxmKgQ0= | 7442.21 | 6.0607 | 3398.93 | 0.524897 | -0.851166 | 0 | SCARH_Black | 1 | 90.4405 | 4.24026 | 0 | 1 | 1 | 0 | 0 | 0 | 0 | 1 | camera | target | 0.524897 | 0 | -0.851166 | 0.
SCRIPT       : DATA_LOG | 589490 | aRapBi1cCZPZAGLIDny3dk3hQ8vTmNTLHRl8zxmKgQ0= | 7442.21 | 6.0607 | 3398.93 | 0.524897 | -0.851166 | 0 | SCARH_Black | 1 | 90.4343 | 4.23998 | 0 | 1 | 1 | 0 | 0 | 0 | 0 | 1 | camera | target | 0.524897 | 0 | -0.851166 | 0.
SCRIPT       : DATA_LOG | 590494 | aRapBi1cCZPZAGLIDny3dk3hQ8vTmNTLHRl8zxmKgQ0= | 7442.21 | 6.0607 | 3398.93 | 0.524897 | -0.851166 | 0 | SCARH_Black | 1 | 90.4228 | 4.2379 | 0 | 1 | 1 | 0 | 0 | 0 | 0 | 1 | camera | target | 0.524897 | 0 | -0.851166 | 0.5
SCRIPT       : DATA_LOG | 591489 | aRapBi1cCZPZAGLIDny3dk3hQ8vTmNTLHRl8zxmKgQ0= | 7442.21 | 6.0607 | 3398.93 | 0.524897 | -0.851166 | 0 | SCARH_Black | 1 | 90.4383 | 4.23341 | 0 | 1 | 1 | 0 | 0 | 0 | 0 | 1 | camera | target | 0.524897 | 0 | -0.851166 | 0.
SCRIPT       : DATA_LOG | 592495 | aRapBi1cCZPZAGLIDny3dk3hQ8vTmNTLHRl8zxmKgQ0= | 7442.21 | 6.0607 | 3398.93 | 0.977414 | -0.211334 | 0 | SCARH_Black | 1 | 132.167 | 4.24081 | 0 | 1 | 1 | 0 | 0 | 0 | 0 | 1 | camera | target | 0.977414 | 0 | -0.211334 | 0.
SCRIPT       : DATA_LOG | 593498 | aRapBi1cCZPZAGLIDny3dk3hQ8vTmNTLHRl8zxmKgQ0= | 7442.21 | 6.0607 | 3398.93 | 0.977414 | -0.211334 | 0 | SCARH_Black | 1 | 132.306 | 4.23312 | 0 | 1 | 1 | 0 | 0 | 0 | 0 | 1 | camera | target | 0.977414 | 0 | -0.211334 | 0.
SCRIPT       : DATA_LOG | 594509 | aRapBi1cCZPZAGLIDny3dk3hQ8vTmNTLHRl8zxmKgQ0= | 7442.21 | 6.0607 | 3398.93 | 0.977414 | -0.211334 | 0 | SCARH_Black | 1 | 132.189 | 4.24861 | 0 | 1 | 1 | 0 | 0 | 0 | 0 | 1 | camera | target | 0.977414 | 0 | -0.211334 | 0.
SCRIPT       : DATA_LOG | 595610 | aRapBi1cCZPZAGLIDny3dk3hQ8vTmNTLHRl8zxmKgQ0= | 7442.21 | 6.0607 | 3398.93 | 0.977414 | -0.211334 | 0 | SCARH_Black | 1 | 132.224 | 4.24327 | 0 | 1 | 1 | 0 | 0 | 0 | 0 | 1 | camera | target | 0.977414 | 0 | -0.211334 | 0.
SCRIPT       : DATA_LOG | 596609 | aRapBi1cCZPZAGLIDny3dk3hQ8vTmNTLHRl8zxmKgQ0= | 7442.21 | 6.0607 | 3398.93 | 0.977414 | -0.211334 | 0 | SCARH_Black | 1 | 132.255 | 4.23748 | 0 | 1 | 1 | 0 | 0 | 0 | 0 | 1 | camera | target | 0.977414 | 0 | -0.211334 | 0.
SCRIPT       : DATA_LOG | 597616 | aRapBi1cCZPZAGLIDny3dk3hQ8vTmNTLHRl8zxmKgQ0= | 7443.62 | 6.05917 | 3398.57 | 0.967854 | -0.251512 | 0 | SCARH_Black | 1 | 142.292 | 5.29891 | 0 | 1 | 1 | 0 | 0 | 0 | 0 | 1 | camera | target | 0.967854 | 0 | -0.251512 | 0
SCRIPT       : DATA_LOG | 598615 | aRapBi1cCZPZAGLIDny3dk3hQ8vTmNTLHRl8zxmKgQ0= | 7447.19 | 6.05617 | 3398.97 | 0.965312 | 0.2611 | 0 | SCARH_Black | 1 | 169.286 | 8.73622 | 0 | 1 | 1 | 0 | 0 | 0 | 0 | 1 | camera | target | 0.965312 | 0 | 0.2611 | 0.96531
SCRIPT       : DATA_LOG | 599620 | aRapBi1cCZPZAGLIDny3dk3hQ8vTmNTLHRl8zxmKgQ0= | 7450.38 | 6.05496 | 3400.66 | 0.8462 | 0.532865 | 0 | SCARH_Black | 1 | 164.014 | 12.2333 | 0 | 1 | 1 | 0 | 0 | 0 | 0 | 1 | camera | target | 0.8462 | 0 | 0.532865 | 0.8462 
SCRIPT       : DATA_LOG | 600612 | aRapBi1cCZPZAGLIDny3dk3hQ8vTmNTLHRl8zxmKgQ0= | 7453.38 | 6.05498 | 3402.52 | 0.892664 | 0.450722 | 0 | SCARH_Black | 1 | 171.809 | 15.6585 | 0 | 1 | 1 | 0 | 0 | 0 | 0 | 1 | camera | target | 0.892664 | 0 | 0.450722 | 0.8
SCRIPT       : DATA_LOG | 601620 | aRapBi1cCZPZAGLIDny3dk3hQ8vTmNTLHRl8zxmKgQ0= | 7456.48 | 6.055 | 3403.95 | 0.908936 | 0.416935 | 0 | SCARH_Black | 1 | 174.376 | 19.0606 | 0 | 1 | 1 | 0 | 0 | 0 | 0 | 1 | camera | target | 0.908936 | 0 | 0.416935 | 0.908
SCRIPT       : DATA_LOG | 602629 | aRapBi1cCZPZAGLIDny3dk3hQ8vTmNTLHRl8zxmKgQ0= | 7459.63 | 6.05495 | 3404.7 | 0.975362 | 0.220609 | 0 | SCARH_Black | 1 | 171.126 | 22.263 | 0 | 1 | 1 | 0 | 0 | 0 | 0 | 1 | camera | target | 0.975362 | 0 | 0.220609 | 0.975
SCRIPT       : DATA_LOG | 603612 | aRapBi1cCZPZAGLIDny3dk3hQ8vTmNTLHRl8zxmKgQ0= | 7463.34 | 6.05498 | 3405.79 | 0.902109 | 0.431508 | 0 | SCARH_Black | 1 | 173.353 | 26.0946 | 0 | 1 | 1 | 0 | 0 | 0 | 0 | 1 | camera | target | 0.902109 | 0 | 0.431508 | 0.9
SCRIPT       : DATA_LOG | 604622 | aRapBi1cCZPZAGLIDny3dk3hQ8vTmNTLHRl8zxmKgQ0= | 7470.14 | 6.05059 | 3408.27 | 0.898791 | 0.438376 | 0 | SCARH_Black | 1 | 173.355 | 33.3296 | 0 | 1 | 1 | 0 | 0 | 0 | 0 | 1 | camera | target | 0.898791 | 0 | 0.438376 | 0.8
SCRIPT       : DATA_LOG | 605628 | aRapBi1cCZPZAGLIDny3dk3hQ8vTmNTLHRl8zxmKgQ0= | 7474.56 | 6.05105 | 3410.42 | 0.893631 | 0.448803 | 0 | SCARH_Black | 1 | 173.591 | 38.21 | 0 | 1 | 1 | 0 | 0 | 0 | 0 | 1 | camera | target | 0.893631 | 0 | 0.448803 | 0.893
SCRIPT       : DATA_LOG | 606631 | aRapBi1cCZPZAGLIDny3dk3hQ8vTmNTLHRl8zxmKgQ0= | 7481.15 | 6.05171 | 3413.73 | 0.894267 | 0.447534 | 0 | SCARH_Black | 1 | 174.708 | 45.5495 | 0 | 1 | 1 | 0 | 0 | 0 | 0 | 1 | camera | target | 0.894267 | 0 | 0.447534 | 0.8
SCRIPT       : DATA_LOG | 607803 | aRapBi1cCZPZAGLIDny3dk3hQ8vTmNTLHRl8zxmKgQ0= | 7487.16 | 6.04379 | 3416.7 | 0.91114 | 0.412097 | 0 | SCARH_Black | 1 | 177.277 | 52.2266 | 0 | 1 | 1 | 0 | 0 | 0 | 0 | 1 | camera | target | 0.91114 | 0 | 0.412097 | 0.9111
SCRIPT       : DATA_LOG | 608660 | aRapBi1cCZPZAGLIDny3dk3hQ8vTmNTLHRl8zxmKgQ0= | 7493.54 | 6.03651 | 3419.39 | 0.923464 | 0.383686 | 0 | SCARH_Black | 1 | 178.403 | 59.1604 | 0 | 1 | 1 | 0 | 0 | 0 | 0 | 1 | camera | target | 0.923464 | 0 | 0.383686 | 0.9
SCRIPT       : DATA_LOG | 609765 | aRapBi1cCZPZAGLIDny3dk3hQ8vTmNTLHRl8zxmKgQ0= | 7495.19 | 6.03473 | 3420.08 | 0.912661 | 0.408717 | 0 | SCARH_Black | 1 | 177.668 | 60.9521 | 0 | 1 | 1 | 0 | 0 | 0 | 0 | 1 | camera | target | 0.912661 | 0 | 0.408717 | 0.9
SCRIPT       : DATA_LOG | 610664 | aRapBi1cCZPZAGLIDny3dk3hQ8vTmNTLHRl8zxmKgQ0= | 7495.19 | 6.03473 | 3420.08 | 0.912661 | 0.408717 | 0 | SCARH_Black | 1 | 177.662 | 60.9417 | 0 | 1 | 1 | 0 | 0 | 0 | 0 | 1 | camera | target | 0.912661 | 0 | 0.408717 | 0.9
SCRIPT       : DATA_LOG | 611655 | aRapBi1cCZPZAGLIDny3dk3hQ8vTmNTLHRl8zxmKgQ0= | 7495.79 | 6.03398 | 3420.36 | 0.84942 | 0.527717 | 0 | SCARH_Black | 1 | 170.42 | 61.6042 | 0 | 1 | 1 | 0 | 0 | 0 | 0 | 1 | camera | target | 0.84942 | 0 | 0.527717 | 0.8494
SCRIPT       : DATA_LOG | 613265 | aRapBi1cCZPZAGLIDny3dk3hQ8vTmNTLHRl8zxmKgQ0= | 7500.14 | 6.02761 | 3422.68 | 0.428277 | 0.903648 | 0 | SCARH_Black | 1 | 138.151 | 66.5096 | 0 | 1 | 1 | 0 | 0 | 0 | 0 | 1 | camera | none | 0.428277 | 0 | 0.903648 | 0.428
SCRIPT       : DATA_LOG | 614015 | aRapBi1cCZPZAGLIDny3dk3hQ8vTmNTLHRl8zxmKgQ0= | 7503.66 | 6.01795 | 3425.24 | -0.975776 | -0.21877 | 0 | SCARH_Black | 1 | 11.0664 | 70.7501 | 0 | 1 | 1 | 0 | 0 | 0 | 0 | 1 | camera | target | -0.975776 | 0 | -0.21877 | -
SCRIPT       : DATA_LOG | 615000 | aRapBi1cCZPZAGLIDny3dk3hQ8vTmNTLHRl8zxmKgQ0= | 7503.96 | 6.01507 | 3427.41 | -0.997122 | -0.0758204 | 0 | SCARH_Black | 1 | 20.7922 | 71.9199 | 0 | 1 | 1 | 0 | 0 | 0 | 0 | 1 | camera | target | -0.997122 | 0 | -0.0758204
SCRIPT       : DATA_LOG | 616005 | aRapBi1cCZPZAGLIDny3dk3hQ8vTmNTLHRl8zxmKgQ0= | 7504.97 | 6.0149 | 3428.01 | -0.996314 | 0.0857804 | 0 | SCARH_Black | 1 | 30.1462 | 73.0914 | 0 | 1 | 1 | 0 | 0 | 0 | 0 | 1 | camera | target | -0.996314 | 0 | 0.0857804 | 
SCRIPT       : DATA_LOG | 617008 | aRapBi1cCZPZAGLIDny3dk3hQ8vTmNTLHRl8zxmKgQ0= | 7505.68 | 6.01532 | 3427.24 | -0.938922 | 0.34413 | 0 | SCARH_Black | 1 | 44.5644 | 73.4169 | 0 | 1 | 1 | 0 | 0 | 0 | 0 | 1 | camera | target | -0.938922 | 0 | 0.34413 | -0.
SCRIPT       : DATA_LOG | 618019 | aRapBi1cCZPZAGLIDny3dk3hQ8vTmNTLHRl8zxmKgQ0= | 7505.76 | 6.01607 | 3426.68 | -0.301032 | 0.953614 | 0 | SCARH_Black | 1 | 96.4643 | 73.2495 | 0 | 1 | 1 | 0 | 0 | 0 | 0 | 1 | camera | target | -0.301032 | 0 | 0.953614 | -
SCRIPT       : DATA_LOG | 619014 | aRapBi1cCZPZAGLIDny3dk3hQ8vTmNTLHRl8zxmKgQ0= | 7509.01 | 6.017 | 3426.65 | 0.477371 | 0.878702 | 0 | SCARH_Black | 1 | 141.474 | 76.2216 | 0 | 1 | 1 | 0 | 0 | 0 | 0 | 1 | camera | target | 0.477371 | 0 | 0.878702 | 0.477
SCRIPT       : DATA_LOG | 620011 | aRapBi1cCZPZAGLIDny3dk3hQ8vTmNTLHRl8zxmKgQ0= | 7512.95 | 6.02029 | 3431 | 0.165713 | 0.986174 | 0 | SCARH_Black | 1 | 124.244 | 81.5782 | 0 | 1 | 1 | 0 | 0 | 0 | 0 | 1 | camera | target | 0.165713 | 0 | 0.986174 | 0.1657
SCRIPT       : DATA_LOG | 622046 | aRapBi1cCZPZAGLIDny3dk3hQ8vTmNTLHRl8zxmKgQ0= | 7513.48 | 6.01596 | 3434.26 | 0.107714 | 0.994182 | 0 | SCARH_Black | 1 | 122.769 | 83.4756 | 0 | 1 | 1 | 0 | 0 | 0 | 0 | 1 | camera | target | 0.107714 | 0 | 0.994182 | 0.1
SCRIPT       : DATA_LOG | 623017 | aRapBi1cCZPZAGLIDny3dk3hQ8vTmNTLHRl8zxmKgQ0= | 7512.92 | 6.01499 | 3436.29 | 0.0984318 | 0.995144 | 0 | SCARH_Black | 1 | 123.643 | 83.9076 | 0 | 1 | 1 | 0 | 0 | 0 | 0 | 1 | camera | target | 0.0984318 | 0 | 0.995144 | 0
SCRIPT       : DATA_LOG | 624017 | aRapBi1cCZPZAGLIDny3dk3hQ8vTmNTLHRl8zxmKgQ0= | 7511.9 | 6.01495 | 3438.4 | 0.0909804 | 0.995853 | 0 | SCARH_Black | 0 | 124.811 | 84.0244 | 0 | 1 | 1 | 0 | 0 | 0 | 0 | 1 | camera |  | 0.0909804 | 0 | 0.995853 | 0.0909804
SCRIPT       : DATA_LOG | 625017 | aRapBi1cCZPZAGLIDny3dk3hQ8vTmNTLHRl8zxmKgQ0= | 7511.9 | 6.01495 | 3438.4 | 0.0909804 | 0.995853 | 0 | SCARH_Black | 0 | 124.819 | 84.0352 | 0 | 1 | 1 | 0 | 0 | 0 | 0 | 1 | camera |  | 0.0909804 | 0 | 0.995853 | 0.0909804
SCRIPT       : DATA_LOG | 632280 | aRapBi1cCZPZAGLIDny3dk3hQ8vTmNTLHRl8zxmKgQ0= | 7512.57 | 6.01497 | 3439.02 | 0.0908182 | 0.995867 | 0 | SCARH_Black | 0 | 124.938 | 84.9164 | 0 | 1 | 1 | 0 | 0 | 0 | 0 | 1 | camera |  | 0.0908182 | 0 | 0.995867 | 0.09081
SCRIPT       : DATA_LOG | 633606 | aRapBi1cCZPZAGLIDny3dk3hQ8vTmNTLHRl8zxmKgQ0= | 7512.57 | 6.01497 | 3439.02 | 0.0908182 | 0.995867 | 0 | SCARH_Black | 0 | 124.942 | 84.9234 | 0 | 1 | 1 | 0 | 0 | 0 | 0 | 1 | camera |  | 0.0908182 | 0 | 0.995867 | 0.09081
SCRIPT       : DATA_LOG | 634602 | aRapBi1cCZPZAGLIDny3dk3hQ8vTmNTLHRl8zxmKgQ0= | 7512.57 | 6.01497 | 3439.02 | 0.0908182 | 0.995867 | 0 | SCARH_Black | 0 | 124.94 | 84.9154 | 0 | 1 | 1 | 0 | 0 | 0 | 0 | 1 | camera |  | 0.0908182 | 0 | 0.995867 | 0.090818
SCRIPT       : DATA_LOG | 636330 | aRapBi1cCZPZAGLIDny3dk3hQ8vTmNTLHRl8zxmKgQ0= | 7512.57 | 6.01497 | 3439.02 | 0.0908182 | 0.995867 | 0 | SCARH_Black | 0 | 124.942 | 84.9154 | 0 | 1 | 1 | 0 | 0 | 0 | 0 | 1 | camera |  | 0.0908182 | 0 | 0.995867 | 0.09081
SCRIPT       : DATA_LOG | 637803 | aRapBi1cCZPZAGLIDny3dk3hQ8vTmNTLHRl8zxmKgQ0= | 7512.57 | 6.01497 | 3439.02 | 0.0908182 | 0.995867 | 0 | SCARH_Black | 0 | 124.944 | 84.92 | 0 | 1 | 1 | 0 | 0 | 0 | 0 | 1 | camera |  | 0.0908182 | 0 | 0.995867 | 0.0908182
SCRIPT       : DATA_LOG | 638801 | aRapBi1cCZPZAGLIDny3dk3hQ8vTmNTLHRl8zxmKgQ0= | 7512.57 | 6.01497 | 3439.02 | 0.0908182 | 0.995867 | 0 | SCARH_Black | 0 | 124.937 | 84.9162 | 0 | 1 | 1 | 0 | 0 | 0 | 0 | 1 | camera |  | 0.0908182 | 0 | 0.995867 | 0.09081
SCRIPT       : DATA_LOG | 639802 | aRapBi1cCZPZAGLIDny3dk3hQ8vTmNTLHRl8zxmKgQ0= | 7512.57 | 6.01497 | 3439.02 | 0.0908182 | 0.995867 | 0 | SCARH_Black | 0 | 124.946 | 84.9307 | 0 | 1 | 1 | 0 | 0 | 0 | 0 | 1 | camera |  | 0.0908182 | 0 | 0.995867 | 0.09081
SCRIPT       : DATA_LOG | 640988 | aRapBi1cCZPZAGLIDny3dk3hQ8vTmNTLHRl8zxmKgQ0= | 7512.57 | 6.01497 | 3439.02 | 0.0908182 | 0.995867 | 0 | SCARH_Black | 0 | 124.939 | 84.9185 | 0 | 1 | 1 | 0 | 0 | 0 | 0 | 1 | camera |  | 0.0908182 | 0 | 0.995867 | 0.09081
SCRIPT       : DATA_LOG | 641986 | aRapBi1cCZPZAGLIDny3dk3hQ8vTmNTLHRl8zxmKgQ0= | 7512.91 | 6.01497 | 3439 | 0.0908182 | 0.995867 | 0 | SCARH_Black | 0 | 124.819 | 85.2059 | 0 | 1 | 1 | 0 | 0 | 0 | 0 | 1 | camera |  | 0.0908182 | 0 | 0.995867 | 0.0908182 
SCRIPT       : DATA_LOG | 642995 | aRapBi1cCZPZAGLIDny3dk3hQ8vTmNTLHRl8zxmKgQ0= | 7512.91 | 6.01497 | 3439 | 0.0908182 | 0.995867 | 0 | SCARH_Black | 0 | 124.818 | 85.1975 | 0 | 1 | 1 | 0 | 0 | 0 | 0 | 1 | camera |  | 0.0908182 | 0 | 0.995867 | 0.0908182 
SCRIPT       : DATA_LOG | 643995 | aRapBi1cCZPZAGLIDny3dk3hQ8vTmNTLHRl8zxmKgQ0= | 7512.91 | 6.01497 | 3439 | 0.0908182 | 0.995867 | 0 | SCARH_Black | 0 | 124.819 | 85.1981 | 0 | 1 | 1 | 0 | 0 | 0 | 0 | 1 | camera |  | 0.0908182 | 0 | 0.995867 | 0.0908182 
SCRIPT       : DATA_LOG | 644991 | aRapBi1cCZPZAGLIDny3dk3hQ8vTmNTLHRl8zxmKgQ0= | 7512.91 | 6.01497 | 3439 | 0.0908182 | 0.995867 | 0 | SCARH_Black | 0 | 124.822 | 85.2019 | 0 | 1 | 1 | 0 | 0 | 0 | 0 | 1 | camera |  | 0.0908182 | 0 | 0.995867 | 0.0908182 
SCRIPT       : DATA_LOG | 647042 | aRapBi1cCZPZAGLIDny3dk3hQ8vTmNTLHRl8zxmKgQ0= | 7512.91 | 6.01497 | 3439 | 0.0908182 | 0.995867 | 0 | SCARH_Black | 0 | 124.815 | 85.1992 | 0 | 1 | 1 | 0 | 0 | 0 | 0 | 1 | camera |  | 0.0908182 | 0 | 0.995867 | 0.0908182 
SCRIPT       : DATA_LOG | 648499 | aRapBi1cCZPZAGLIDny3dk3hQ8vTmNTLHRl8zxmKgQ0= | 7512.91 | 6.01497 | 3439 | 0.0908182 | 0.995867 | 0 | SCARH_Black | 0 | 124.824 | 85.2133 | 0 | 1 | 1 | 0 | 0 | 0 | 0 | 1 | camera |  | 0.0908182 | 0 | 0.995867 | 0.0908182 
SCRIPT       : DATA_LOG | 650475 | aRapBi1cCZPZAGLIDny3dk3hQ8vTmNTLHRl8zxmKgQ0= | 7512.91 | 6.01497 | 3439 | 0.0908182 | 0.995867 | 0 | SCARH_Black | 0 | 124.816 | 85.2002 | 0 | 1 | 1 | 0 | 0 | 0 | 0 | 1 | camera |  | 0.0908182 | 0 | 0.995867 | 0.0908182 
SCRIPT       : DATA_LOG | 651465 | aRapBi1cCZPZAGLIDny3dk3hQ8vTmNTLHRl8zxmKgQ0= | 7512.91 | 6.01497 | 3439 | 0.0908182 | 0.995867 | 0 | SCARH_Black | 0 | 124.819 | 85.2052 | 0 | 1 | 1 | 0 | 0 | 0 | 0 | 1 | camera |  | 0.0908182 | 0 | 0.995867 | 0.0908182 
SCRIPT       : DATA_LOG | 653893 | aRapBi1cCZPZAGLIDny3dk3hQ8vTmNTLHRl8zxmKgQ0= | 7512.91 | 6.01497 | 3439 | 0.0908182 | 0.995867 | 0 | SCARH_Black | 0 | 124.818 | 85.1982 | 0 | 1 | 1 | 0 | 0 | 0 | 0 | 1 | camera |  | 0.0908182 | 0 | 0.995867 | 0.0908182 
SCRIPT       : DATA_LOG | 654897 | aRapBi1cCZPZAGLIDny3dk3hQ8vTmNTLHRl8zxmKgQ0= | 7512.91 | 6.01497 | 3439 | 0.0908182 | 0.995867 | 0 | SCARH_Black | 0 | 124.818 | 85.197 | 0 | 1 | 1 | 0 | 0 | 0 | 0 | 1 | camera |  | 0.0908182 | 0 | 0.995867 | 0.0908182 |
SCRIPT       : DATA_LOG | 655966 | aRapBi1cCZPZAGLIDny3dk3hQ8vTmNTLHRl8zxmKgQ0= | 7512.91 | 6.01497 | 3439 | 0.0908182 | 0.995867 | 0 | SCARH_Black | 0 | 124.822 | 85.2039 | 0 | 1 | 1 | 0 | 0 | 0 | 0 | 1 | camera |  | 0.0908182 | 0 | 0.995867 | 0.0908182 
SCRIPT       : DATA_LOG | 657691 | aRapBi1cCZPZAGLIDny3dk3hQ8vTmNTLHRl8zxmKgQ0= | 7512.91 | 6.01497 | 3439 | 0.0908182 | 0.995867 | 0 | SCARH_Black | 0 | 124.814 | 85.1979 | 0 | 1 | 1 | 0 | 0 | 0 | 0 | 1 | camera |  | 0.0908182 | 0 | 0.995867 | 0.0908182 
SCRIPT       : DATA_LOG | 658693 | aRapBi1cCZPZAGLIDny3dk3hQ8vTmNTLHRl8zxmKgQ0= | 7512.91 | 6.01497 | 3439 | 0.0908182 | 0.995867 | 0 | SCARH_Black | 0 | 124.823 | 85.2137 | 0 | 1 | 1 | 0 | 0 | 0 | 0 | 1 | camera |  | 0.0908182 | 0 | 0.995867 | 0.0908182 
SCRIPT       : DATA_LOG | 659690 | aRapBi1cCZPZAGLIDny3dk3hQ8vTmNTLHRl8zxmKgQ0= | 7513.27 | 6.01498 | 3440.41 | 0.267002 | 0.963696 | 0 | SCARH_Black | 1 | 135.786 | 86.219 | 0 | 1 | 1 | 0 | 0 | 0 | 0 | 1 | camera | target | 0.267002 | 0 | 0.963696 | 0.26
SCRIPT       : DATA_LOG | 660691 | aRapBi1cCZPZAGLIDny3dk3hQ8vTmNTLHRl8zxmKgQ0= | 7513.44 | 6.01498 | 3441.01 | 0.267922 | 0.963441 | 0 | SCARH_Black | 1 | 136.131 | 86.6733 | 0 | 1 | 1 | 0 | 0 | 0 | 0 | 1 | camera | target | 0.267922 | 0 | 0.963441 | 0.2
SCRIPT       : DATA_LOG | 661693 | aRapBi1cCZPZAGLIDny3dk3hQ8vTmNTLHRl8zxmKgQ0= | 7513.44 | 6.01498 | 3441.01 | 0.267922 | 0.963441 | 0 | SCARH_Black | 1 | 136.131 | 86.6682 | 0 | 1 | 1 | 0 | 0 | 0 | 0 | 1 | camera | target | 0.267922 | 0 | 0.963441 | 0.2
SCRIPT       : DATA_LOG | 662692 | aRapBi1cCZPZAGLIDny3dk3hQ8vTmNTLHRl8zxmKgQ0= | 7513.44 | 6.01498 | 3441.01 | 0.267922 | 0.963441 | 0 | SCARH_Black | 1 | 136.131 | 86.6652 | 0 | 1 | 1 | 0 | 0 | 0 | 0 | 1 | camera | target | 0.267922 | 0 | 0.963441 | 0.2
SCRIPT       : DATA_LOG | 663695 | aRapBi1cCZPZAGLIDny3dk3hQ8vTmNTLHRl8zxmKgQ0= | 7513.44 | 6.01498 | 3441.01 | 0.267922 | 0.963441 | 0 | SCARH_Black | 1 | 136.135 | 86.673 | 0 | 1 | 1 | 0 | 0 | 0 | 0 | 1 | camera | none | 0.267922 | 0 | 0.963441 | 0.2679
SCRIPT       : DATA_LOG | 664895 | aRapBi1cCZPZAGLIDny3dk3hQ8vTmNTLHRl8zxmKgQ0= | 7513.44 | 6.01498 | 3441.01 | 0.267922 | 0.963441 | 0 | SCARH_Black | 1 | 136.128 | 86.6655 | 0 | 1 | 1 | 0 | 0 | 0 | 0 | 1 | camera | none | 0.267922 | 0 | 0.963441 | 0.267
SCRIPT       : DATA_LOG | 665895 | aRapBi1cCZPZAGLIDny3dk3hQ8vTmNTLHRl8zxmKgQ0= | 7513.44 | 6.01498 | 3441.01 | 0.267922 | 0.963441 | 0 | SCARH_Black | 1 | 136.135 | 86.6824 | 0 | 1 | 1 | 0 | 0 | 0 | 0 | 1 | camera | target | 0.267922 | 0 | 0.963441 | 0.2
SCRIPT       : DATA_LOG | 666898 | aRapBi1cCZPZAGLIDny3dk3hQ8vTmNTLHRl8zxmKgQ0= | 7513.44 | 6.01498 | 3441.01 | 0.267922 | 0.963441 | 0 | SCARH_Black | 1 | 136.13 | 86.6728 | 0 | 1 | 1 | 0 | 0 | 0 | 0 | 1 | camera | target | 0.267922 | 0 | 0.963441 | 0.26
SCRIPT       : DATA_LOG | 667900 | aRapBi1cCZPZAGLIDny3dk3hQ8vTmNTLHRl8zxmKgQ0= | 7513.44 | 6.01498 | 3441.01 | 0.267922 | 0.963441 | 0 | SCARH_Black | 1 | 136.13 | 86.6712 | 0 | 1 | 1 | 0 | 0 | 0 | 0 | 1 | camera | target | 0.267922 | 0 | 0.963441 | 0.26
SCRIPT       : DATA_LOG | 668905 | aRapBi1cCZPZAGLIDny3dk3hQ8vTmNTLHRl8zxmKgQ0= | 7513.44 | 6.01498 | 3441.01 | 0.267922 | 0.963441 | 0 | SCARH_Black | 1 | 136.131 | 86.6701 | 0 | 1 | 1 | 0 | 0 | 0 | 0 | 1 | camera | target | 0.267922 | 0 | 0.963441 | 0.2
SCRIPT       : DATA_LOG | 669906 | aRapBi1cCZPZAGLIDny3dk3hQ8vTmNTLHRl8zxmKgQ0= | 7513.44 | 6.01498 | 3441.01 | 0.267922 | 0.963441 | 0 | SCARH_Black | 1 | 136.13 | 86.6651 | 0 | 1 | 1 | 0 | 0 | 0 | 0 | 1 | camera | none | 0.267922 | 0 | 0.963441 | 0.2679
SCRIPT       : DATA_LOG | 670909 | aRapBi1cCZPZAGLIDny3dk3hQ8vTmNTLHRl8zxmKgQ0= | 7513.44 | 6.01498 | 3441.01 | 0.267922 | 0.963441 | 0 | SCARH_Black | 1 | 136.134 | 86.6724 | 0 | 1 | 1 | 0 | 0 | 0 | 0 | 1 | camera | none | 0.267922 | 0 | 0.963441 | 0.267
SCRIPT       : DATA_LOG | 672558 | aRapBi1cCZPZAGLIDny3dk3hQ8vTmNTLHRl8zxmKgQ0= | 7513.44 | 6.01498 | 3441.01 | 0.267922 | 0.963441 | 0 | SCARH_Black | 1 | 136.13 | 86.667 | 0 | 1 | 1 | 0 | 0 | 0 | 0 | 1 | camera | target | 0.267922 | 0 | 0.963441 | 0.267
SCRIPT       : DATA_LOG | 673556 | aRapBi1cCZPZAGLIDny3dk3hQ8vTmNTLHRl8zxmKgQ0= | 7513.44 | 6.01498 | 3441.01 | 0.267922 | 0.963441 | 0 | SCARH_Black | 1 | 136.133 | 86.6802 | 0 | 1 | 1 | 0 | 0 | 0 | 0 | 1 | camera | target | 0.267922 | 0 | 0.963441 | 0.2
SCRIPT       : DATA_LOG | 675299 | aRapBi1cCZPZAGLIDny3dk3hQ8vTmNTLHRl8zxmKgQ0= | 7513.44 | 6.01498 | 3441.01 | 0.267922 | 0.963441 | 0 | SCARH_Black | 1 | 136.132 | 86.6755 | 0 | 1 | 1 | 0 | 0 | 0 | 0 | 1 | camera | target | 0.267922 | 0 | 0.963441 | 0.2
SCRIPT       : DATA_LOG | 676432 | aRapBi1cCZPZAGLIDny3dk3hQ8vTmNTLHRl8zxmKgQ0= | 7513.44 | 6.01498 | 3441.01 | 0.267922 | 0.963441 | 0 | SCARH_Black | 1 | 136.128 | 86.6677 | 0 | 1 | 1 | 0 | 0 | 0 | 0 | 1 | camera | target | 0.267922 | 0 | 0.963441 | 0.2
SCRIPT       : DATA_LOG | 677433 | aRapBi1cCZPZAGLIDny3dk3hQ8vTmNTLHRl8zxmKgQ0= | 7513.44 | 6.01498 | 3441.01 | 0.267922 | 0.963441 | 0 | SCARH_Black | 1 | 136.131 | 86.671 | 0 | 1 | 1 | 0 | 0 | 0 | 0 | 1 | camera | target | 0.267922 | 0 | 0.963441 | 0.26
SCRIPT       : DATA_LOG | 678432 | aRapBi1cCZPZAGLIDny3dk3hQ8vTmNTLHRl8zxmKgQ0= | 7513.44 | 6.01498 | 3441.01 | 0.267922 | 0.963441 | 0 | SCARH_Black | 1 | 136.13 | 86.665 | 0 | 1 | 1 | 0 | 0 | 0 | 0 | 1 | camera | none | 0.267922 | 0 | 0.963441 | 0.26792
SCRIPT       : DATA_LOG | 680427 | aRapBi1cCZPZAGLIDny3dk3hQ8vTmNTLHRl8zxmKgQ0= | 7513.44 | 6.01498 | 3441.01 | 0.267922 | 0.963441 | 0 | SCARH_Black | 1 | 136.134 | 86.6719 | 0 | 1 | 1 | 0 | 0 | 0 | 0 | 1 | camera | target | 0.267922 | 0 | 0.963441 | 0.2
SCRIPT       : DATA_LOG | 681497 | aRapBi1cCZPZAGLIDny3dk3hQ8vTmNTLHRl8zxmKgQ0= | 7513.44 | 6.01498 | 3441.01 | 0.267922 | 0.963441 | 0 | SCARH_Black | 1 | 136.128 | 86.6652 | 0 | 1 | 1 | 0 | 0 | 0 | 0 | 1 | camera | none | 0.267922 | 0 | 0.963441 | 0.267
SCRIPT       : DATA_LOG | 682501 | aRapBi1cCZPZAGLIDny3dk3hQ8vTmNTLHRl8zxmKgQ0= | 7513.44 | 6.01498 | 3441.01 | 0.267922 | 0.963441 | 0 | SCARH_Black | 1 | 136.133 | 86.6789 | 0 | 1 | 1 | 0 | 0 | 0 | 0 | 1 | camera | target | 0.267922 | 0 | 0.963441 | 0.2
SCRIPT       : DATA_LOG | 683499 | aRapBi1cCZPZAGLIDny3dk3hQ8vTmNTLHRl8zxmKgQ0= | 7513.44 | 6.01498 | 3441.01 | 0.267922 | 0.963441 | 0 | SCARH_Black | 1 | 136.133 | 86.6766 | 0 | 1 | 1 | 0 | 0 | 0 | 0 | 1 | camera | target | 0.267922 | 0 | 0.963441 | 0.2
SCRIPT       : DATA_LOG | 684667 | aRapBi1cCZPZAGLIDny3dk3hQ8vTmNTLHRl8zxmKgQ0= | 7513.44 | 6.01498 | 3441.01 | 0.267922 | 0.963441 | 0 | SCARH_Black | 1 | 136.129 | 86.6683 | 0 | 1 | 1 | 0 | 0 | 0 | 0 | 1 | camera | target | 0.267922 | 0 | 0.963441 | 0.2
SCRIPT       : DATA_LOG | 685765 | aRapBi1cCZPZAGLIDny3dk3hQ8vTmNTLHRl8zxmKgQ0= | 7513.44 | 6.01498 | 3441.01 | 0.267922 | 0.963441 | 0 | SCARH_Black | 1 | 136.131 | 86.671 | 0 | 1 | 1 | 0 | 0 | 0 | 0 | 1 | camera | target | 0.267922 | 0 | 0.963441 | 0.26
SCRIPT       : DATA_LOG | 686760 | aRapBi1cCZPZAGLIDny3dk3hQ8vTmNTLHRl8zxmKgQ0= | 7513.44 | 6.01498 | 3441.01 | 0.267922 | 0.963441 | 0 | SCARH_Black | 1 | 136.13 | 86.665 | 0 | 1 | 1 | 0 | 0 | 0 | 0 | 1 | camera | none | 0.267922 | 0 | 0.963441 | 0.26792
SCRIPT       : DATA_LOG | 687762 | aRapBi1cCZPZAGLIDny3dk3hQ8vTmNTLHRl8zxmKgQ0= | 7513.44 | 6.01498 | 3441.01 | 0.267922 | 0.963441 | 0 | SCARH_Black | 1 | 136.134 | 86.6719 | 0 | 1 | 1 | 0 | 0 | 0 | 0 | 1 | camera | target | 0.267922 | 0 | 0.963441 | 0.2
SCRIPT       : DATA_LOG | 688770 | aRapBi1cCZPZAGLIDny3dk3hQ8vTmNTLHRl8zxmKgQ0= | 7513.44 | 6.01498 | 3441.01 | 0.267922 | 0.963441 | 0 | SCARH_Black | 1 | 136.128 | 86.6652 | 0 | 1 | 1 | 0 | 0 | 0 | 0 | 1 | camera | none | 0.267922 | 0 | 0.963441 | 0.267
SCRIPT       : DATA_LOG | 689764 | aRapBi1cCZPZAGLIDny3dk3hQ8vTmNTLHRl8zxmKgQ0= | 7513.44 | 6.01498 | 3441.01 | 0.267922 | 0.963441 | 0 | SCARH_Black | 1 | 136.133 | 86.6789 | 0 | 1 | 1 | 0 | 0 | 0 | 0 | 1 | camera | target | 0.267922 | 0 | 0.963441 | 0.2
SCRIPT       : DATA_LOG | 690768 | aRapBi1cCZPZAGLIDny3dk3hQ8vTmNTLHRl8zxmKgQ0= | 7513.44 | 6.01498 | 3441.01 | 0.267922 | 0.963441 | 0 | SCARH_Black | 1 | 136.133 | 86.6766 | 0 | 1 | 1 | 0 | 0 | 0 | 0 | 1 | camera | target | 0.267922 | 0 | 0.963441 | 0.2
SCRIPT       : DATA_LOG | 691766 | aRapBi1cCZPZAGLIDny3dk3hQ8vTmNTLHRl8zxmKgQ0= | 7513.44 | 6.01498 | 3441.01 | 0.267922 | 0.963441 | 0 | SCARH_Black | 1 | 136.129 | 86.6683 | 0 | 1 | 1 | 0 | 0 | 0 | 0 | 1 | camera | target | 0.267922 | 0 | 0.963441 | 0.2
SCRIPT       : DATA_LOG | 692773 | aRapBi1cCZPZAGLIDny3dk3hQ8vTmNTLHRl8zxmKgQ0= | 7513.44 | 6.01498 | 3441.01 | 0.267922 | 0.963441 | 0 | SCARH_Black | 1 | 136.131 | 86.6727 | 0 | 1 | 1 | 0 | 0 | 0 | 0 | 1 | camera | target | 0.267922 | 0 | 0.963441 | 0.2
SCRIPT       : DATA_LOG | 695071 | aRapBi1cCZPZAGLIDny3dk3hQ8vTmNTLHRl8zxmKgQ0= | 7513.44 | 6.01498 | 3441.01 | 0.267922 | 0.963441 | 0 | SCARH_Black | 1 | 136.129 | 86.6652 | 0 | 1 | 1 | 0 | 0 | 0 | 0 | 1 | camera | target | 0.267922 | 0 | 0.963441 | 0.2
SCRIPT       : DATA_LOG | 696074 | aRapBi1cCZPZAGLIDny3dk3hQ8vTmNTLHRl8zxmKgQ0= | 7513.44 | 6.01498 | 3441.01 | 0.267922 | 0.963441 | 0 | SCARH_Black | 1 | 136.133 | 86.67 | 0 | 1 | 1 | 0 | 0 | 0 | 0 | 1 | camera | none | 0.267922 | 0 | 0.963441 | 0.26792
SCRIPT       : DATA_LOG | 697070 | aRapBi1cCZPZAGLIDny3dk3hQ8vTmNTLHRl8zxmKgQ0= | 7513.44 | 6.01498 | 3441.01 | 0.267922 | 0.963441 | 0 | SCARH_Black | 1 | 136.129 | 86.6664 | 0 | 1 | 1 | 0 | 0 | 0 | 0 | 1 | camera | target | 0.267922 | 0 | 0.963441 | 0.2
SCRIPT       : DATA_LOG | 698282 | aRapBi1cCZPZAGLIDny3dk3hQ8vTmNTLHRl8zxmKgQ0= | 7513.44 | 6.01498 | 3441.01 | 0.267922 | 0.963441 | 0 | SCARH_Black | 1 | 136.129 | 86.6716 | 0 | 1 | 1 | 0 | 0 | 0 | 0 | 1 | camera | none | 0.267922 | 0 | 0.963441 | 0.267
SCRIPT       : DATA_LOG | 699275 | aRapBi1cCZPZAGLIDny3dk3hQ8vTmNTLHRl8zxmKgQ0= | 7513.44 | 6.01498 | 3441.01 | 0.267922 | 0.963441 | 0 | SCARH_Black | 1 | 136.133 | 86.677 | 0 | 1 | 1 | 0 | 0 | 0 | 0 | 1 | camera | target | 0.267922 | 0 | 0.963441 | 0.26
SCRIPT       : DATA_LOG | 700279 | aRapBi1cCZPZAGLIDny3dk3hQ8vTmNTLHRl8zxmKgQ0= | 7513.44 | 6.01498 | 3441.01 | 0.267922 | 0.963441 | 0 | SCARH_Black | 1 | 136.129 | 86.668 | 0 | 1 | 1 | 0 | 0 | 0 | 0 | 1 | camera | none | 0.267922 | 0 | 0.963441 | 0.2679
SCRIPT       : DATA_LOG | 701279 | aRapBi1cCZPZAGLIDny3dk3hQ8vTmNTLHRl8zxmKgQ0= | 7513.44 | 6.01498 | 3441.01 | 0.267922 | 0.963441 | 0 | SCARH_Black | 1 | 136.131 | 86.6732 | 0 | 1 | 1 | 0 | 0 | 0 | 0 | 1 | camera | none | 0.267922 | 0 | 0.963441 | 0.267
SCRIPT       : DATA_LOG | 702278 | aRapBi1cCZPZAGLIDny3dk3hQ8vTmNTLHRl8zxmKgQ0= | 7513.44 | 6.01498 | 3441.01 | 0.267922 | 0.963441 | 0 | SCARH_Black | 1 | 136.129 | 86.665 | 0 | 1 | 1 | 0 | 0 | 0 | 0 | 1 | camera | none | 0.267922 | 0 | 0.963441 | 0.2679
SCRIPT       : DATA_LOG | 703303 | aRapBi1cCZPZAGLIDny3dk3hQ8vTmNTLHRl8zxmKgQ0= | 7513.44 | 6.01498 | 3441.01 | 0.267922 | 0.963441 | 0 | SCARH_Black | 1 | 136.132 | 86.6682 | 0 | 1 | 1 | 0 | 0 | 0 | 0 | 1 | camera | none | 0.267922 | 0 | 0.963441 | 0.267
SCRIPT       : DATA_LOG | 704700 | aRapBi1cCZPZAGLIDny3dk3hQ8vTmNTLHRl8zxmKgQ0= | 7513.44 | 6.01498 | 3441.01 | 0.267922 | 0.963441 | 0 | SCARH_Black | 1 | 136.129 | 86.6664 | 0 | 1 | 1 | 0 | 0 | 0 | 0 | 1 | camera | target | 0.267922 | 0 | 0.963441 | 0.2
SCRIPT       : DATA_LOG | 705706 | aRapBi1cCZPZAGLIDny3dk3hQ8vTmNTLHRl8zxmKgQ0= | 7513.44 | 6.01498 | 3441.01 | 0.267922 | 0.963441 | 0 | SCARH_Black | 1 | 136.131 | 86.6754 | 0 | 1 | 1 | 0 | 0 | 0 | 0 | 1 | camera | target | 0.267922 | 0 | 0.963441 | 0.2
SCRIPT       : DATA_LOG | 706706 | aRapBi1cCZPZAGLIDny3dk3hQ8vTmNTLHRl8zxmKgQ0= | 7513.44 | 6.01498 | 3441.01 | 0.267922 | 0.963441 | 0 | SCARH_Black | 1 | 136.134 | 86.679 | 0 | 1 | 1 | 0 | 0 | 0 | 0 | 1 | camera | target | 0.267922 | 0 | 0.963441 | 0.26
SCRIPT       : DATA_LOG | 708585 | aRapBi1cCZPZAGLIDny3dk3hQ8vTmNTLHRl8zxmKgQ0= | 7513.44 | 6.01498 | 3441.01 | 0.267922 | 0.963441 | 0 | SCARH_Black | 1 | 136.128 | 86.6676 | 0 | 1 | 1 | 0 | 0 | 0 | 0 | 1 | camera | target | 0.267922 | 0 | 0.963441 | 0.2
SCRIPT       : DATA_LOG | 709583 | aRapBi1cCZPZAGLIDny3dk3hQ8vTmNTLHRl8zxmKgQ0= | 7513.44 | 6.01498 | 3441.01 | 0.267922 | 0.963441 | 0 | SCARH_Black | 1 | 136.131 | 86.6745 | 0 | 1 | 1 | 0 | 0 | 0 | 0 | 1 | camera | target | 0.267922 | 0 | 0.963441 | 0.2
SCRIPT       : DATA_LOG | 710587 | aRapBi1cCZPZAGLIDny3dk3hQ8vTmNTLHRl8zxmKgQ0= | 7513.44 | 6.01498 | 3441.01 | 0.267922 | 0.963441 | 0 | SCARH_Black | 1 | 136.13 | 86.6653 | 0 | 1 | 1 | 0 | 0 | 0 | 0 | 1 | camera | none | 0.267922 | 0 | 0.963441 | 0.2679
SCRIPT       : DATA_LOG | 711588 | aRapBi1cCZPZAGLIDny3dk3hQ8vTmNTLHRl8zxmKgQ0= | 7513.44 | 6.01498 | 3441.01 | 0.267922 | 0.963441 | 0 | SCARH_Black | 1 | 136.132 | 86.6682 | 0 | 1 | 1 | 0 | 0 | 0 | 0 | 1 | camera | none | 0.267922 | 0 | 0.963441 | 0.267
SCRIPT       : DATA_LOG | 712587 | aRapBi1cCZPZAGLIDny3dk3hQ8vTmNTLHRl8zxmKgQ0= | 7513.44 | 6.01498 | 3441.01 | 0.267922 | 0.963441 | 0 | SCARH_Black | 1 | 136.131 | 86.6676 | 0 | 1 | 1 | 0 | 0 | 0 | 0 | 1 | camera | target | 0.267922 | 0 | 0.963441 | 0.2
SCRIPT       : DATA_LOG | 713590 | aRapBi1cCZPZAGLIDny3dk3hQ8vTmNTLHRl8zxmKgQ0= | 7513.44 | 6.01498 | 3441.01 | 0.267922 | 0.963441 | 0 | SCARH_Black | 1 | 136.129 | 86.6717 | 0 | 1 | 1 | 0 | 0 | 0 | 0 | 1 | camera | target | 0.267922 | 0 | 0.963441 | 0.2
SCRIPT       : DATA_LOG | 714664 | aRapBi1cCZPZAGLIDny3dk3hQ8vTmNTLHRl8zxmKgQ0= | 7513.44 | 6.01498 | 3441.01 | 0.267922 | 0.963441 | 0 | SCARH_Black | 1 | 136.135 | 86.6811 | 0 | 1 | 1 | 0 | 0 | 0 | 0 | 1 | camera | target | 0.267922 | 0 | 0.963441 | 0.2
SCRIPT       : DATA_LOG | 715661 | aRapBi1cCZPZAGLIDny3dk3hQ8vTmNTLHRl8zxmKgQ0= | 7513.44 | 6.01498 | 3441.01 | 0.267922 | 0.963441 | 0 | SCARH_Black | 1 | 136.128 | 86.6674 | 0 | 1 | 1 | 0 | 0 | 0 | 0 | 1 | camera | target | 0.267922 | 0 | 0.963441 | 0.2
SCRIPT       : DATA_LOG | 716665 | aRapBi1cCZPZAGLIDny3dk3hQ8vTmNTLHRl8zxmKgQ0= | 7513.44 | 6.01498 | 3441.01 | 0.267922 | 0.963441 | 0 | SCARH_Black | 1 | 136.131 | 86.6749 | 0 | 1 | 1 | 0 | 0 | 0 | 0 | 1 | camera | target | 0.267922 | 0 | 0.963441 | 0.2
SCRIPT       : DATA_LOG | 717721 | aRapBi1cCZPZAGLIDny3dk3hQ8vTmNTLHRl8zxmKgQ0= | 7513.44 | 6.01498 | 3441.01 | 0.267922 | 0.963441 | 0 | SCARH_Black | 1 | 136.13 | 86.6661 | 0 | 1 | 1 | 0 | 0 | 0 | 0 | 1 | camera | none | 0.267922 | 0 | 0.963441 | 0.2679
SCRIPT       : DATA_LOG | 718715 | aRapBi1cCZPZAGLIDny3dk3hQ8vTmNTLHRl8zxmKgQ0= | 7513.44 | 6.01498 | 3441.01 | 0.267922 | 0.963441 | 0 | SCARH_Black | 1 | 136.132 | 86.6673 | 0 | 1 | 1 | 0 | 0 | 0 | 0 | 1 | camera | none | 0.267922 | 0 | 0.963441 | 0.267
SCRIPT       : DATA_LOG | 720058 | aRapBi1cCZPZAGLIDny3dk3hQ8vTmNTLHRl8zxmKgQ0= | 7513.44 | 6.01498 | 3441.01 | 0.267922 | 0.963441 | 0 | SCARH_Black | 1 | 136.134 | 86.6717 | 0 | 1 | 1 | 0 | 0 | 0 | 0 | 1 | camera | target | 0.267922 | 0 | 0.963441 | 0.2
 SCRIPT       : [Logout]: New player aRapBi1cCZPZAGLIDny3dk3hQ8vTmNTLHRl8zxmKgQ0= with logout time 15
 SCRIPT       : Player "rafaelglima79" (steamid=76561199445097358) initiated disconnect process...
 SCRIPT       : [MissionServer] OnMissionFinish - Server
 SCRIPT       : ~DayZGame()
