---------------------------------------------
Log D:\ModelAnti-Cheat\log_profiles\script_2026-08-25_22-10-07.log started at 25.08. 22:10:09

SCRIPT       : Module: GameLib; loaded 18x files; 26x classes; used 39/2097 kB (1%) of static memory; defines: "DAYZ_1_29,SERVER_FOR_WINDOWS,SERVER,PLATFORM_WINDOWS,RELEASE,NO_GUI,NO_GUI_INGAME,sakhal,JM_CommunityFramework,CF_MODULE_CONFIG,CF_EXPRESSION,C
SCRIPT       : Registered 349 temporary action enum(s), UAN==349
SCRIPT       : Module: Game; loaded 521x files; 1604x classes; used 4275/33554 kB (12%) of static memory; defines: "DAYZ_1_29,SERVER_FOR_WINDOWS,SERVER,PLATFORM_WINDOWS,RELEASE,NO_GUI,NO_GUI_INGAME,sakhal,JM_CommunityFramework,CF_MODULE_CONFIG,CF_EXPRESSI
SCRIPT       : ... Backlit Effects Enabled
SCRIPT       : VPPNotificationManager()
SCRIPT       : [VPPAT] Internal VPPNotifications module loaded!
SCRIPT       : [DayZ Game]:: DayZGame(): Initializing V++ Admin Tools.
SCRIPT       : Module: World; loaded 2247x files; 5867x classes; used 9518/33554 kB (28%) of static memory; defines: "DAYZ_1_29,SERVER_FOR_WINDOWS,SERVER,PLATFORM_WINDOWS,RELEASE,NO_GUI,NO_GUI_INGAME,sakhal,JM_CommunityFramework,CF_MODULE_CONFIG,CF_EXPRES
 SCRIPT       : Module: Mission; loaded 293x files; 593x classes; used 3996/33554 kB (11%) of static memory; defines: "DAYZ_1_29,SERVER_FOR_WINDOWS,SERVER,PLATFORM_WINDOWS,RELEASE,NO_GUI,NO_GUI_INGAME,sakhal,JM_CommunityFramework,CF_MODULE_CONFIG,CF_EXPRE
 SCRIPT    (W): @"$CurrentDir:mpmissions\dayzOffline.chernarusplus\init.c,54": Possible variable name conflict 'm_player'
 SCRIPT       : Module: $CurrentDir:mpmissions\dayzOffline.chernarusplus\init.c; loaded 1x files; 1x classes; used 16/1048 kB (1%) of static memory; defines: "DAYZ_1_29,SERVER_FOR_WINDOWS,SERVER,PLATFORM_WINDOWS,RELEASE,NO_GUI,NO_GUI_INGAME,sakhal,JM_Comm
 SCRIPT       : [SERVER :: Vanilla++ AdminTools Plugins Registering]
 SCRIPT       : [MissionServer] OnInit - Server
 SCRIPT       : [MissionServer] OnMissionStart - Server
 SCRIPT       : string dirtyName = 'TESTINGSERVER'
SCRIPT       : m_LoginTimeMs: 16200
 SCRIPT       : ---- PlayerBase OnStoreLoad SUCCESS ----
 SCRIPT       : [VPPAT] Player "rafaelglima79" (steamId=76561199445097358) connected to server!
 SCRIPT       : [PlayerListManager] AddReceiver ► added: PlayerIdentity<0x00000215C104F8F0>
SCRIPT       : [DUMMY_DEBUG] SUCESSO: Dummy criado na posicao: <13584.937500, 13.867927, 14032.615234>
SCRIPT       : DATA_LOG | 376231 | aRapBi1cCZPZAGLIDny3dk3hQ8vTmNTLHRl8zxmKgQ0= | 13587.8 | 13.8841 | 14033.4 | -0.961708 | -0.274078 | 0 | SKS | 1 | 0.308377 | 2.99971 | 0 | 1 | 1 | 1 | 0 | 0 | 0 | 1 | camera | none | -0.961708 | 0 | -0.274078 | -0.96170
SCRIPT       : DATA_LOG | 377001 | aRapBi1cCZPZAGLIDny3dk3hQ8vTmNTLHRl8zxmKgQ0= | 13587.8 | 13.8841 | 14033.4 | -0.961708 | -0.274078 | 0 | SKS | 1 | 28.8296 | 3.37301 | 0 | 1 | 1 | 0 | 0 | 0 | 0 | 1 | camera | target | -0.961708 | 0 | -0.274078 | -0.9617
SCRIPT       : DATA_LOG | 378010 | aRapBi1cCZPZAGLIDny3dk3hQ8vTmNTLHRl8zxmKgQ0= | 13587.8 | 13.8841 | 14033.4 | -0.961708 | -0.274078 | 0 | SKS | 1 | 28.8402 | 3.3703 | 0 | 1 | 1 | 0 | 0 | 0 | 0 | 1 | camera | target | -0.961708 | 0 | -0.274078 | -0.96170
SCRIPT       : DATA_LOG | 379003 | aRapBi1cCZPZAGLIDny3dk3hQ8vTmNTLHRl8zxmKgQ0= | 13587.8 | 13.8841 | 14033.4 | -0.961708 | -0.274078 | 0 | SKS | 1 | 28.787 | 3.37944 | 0 | 1 | 1 | 0 | 0 | 0 | 0 | 1 | camera | target | -0.961708 | 0 | -0.274078 | -0.96170
SCRIPT       : DATA_LOG | 380003 | aRapBi1cCZPZAGLIDny3dk3hQ8vTmNTLHRl8zxmKgQ0= | 13587.8 | 13.8841 | 14033.4 | -0.961708 | -0.274078 | 0 | SKS | 1 | 28.7878 | 3.37901 | 0 | 1 | 1 | 0 | 0 | 0 | 0 | 1 | camera | target | -0.961708 | 0 | -0.274078 | -0.9617
SCRIPT       : DATA_LOG | 381004 | aRapBi1cCZPZAGLIDny3dk3hQ8vTmNTLHRl8zxmKgQ0= | 13587.8 | 13.8841 | 14033.4 | -0.961708 | -0.274078 | 0 | SKS | 1 | 28.835 | 3.37181 | 0 | 1 | 1 | 0 | 0 | 0 | 0 | 1 | camera | target | -0.961708 | 0 | -0.274078 | -0.96170
SCRIPT       : DATA_LOG | 382006 | aRapBi1cCZPZAGLIDny3dk3hQ8vTmNTLHRl8zxmKgQ0= | 13587.8 | 13.8841 | 14033.4 | -0.961708 | -0.274078 | 0 | SKS | 1 | 28.81 | 3.37575 | 0 | 1 | 1 | 0 | 0 | 0 | 0 | 1 | camera | target | -0.961708 | 0 | -0.274078 | -0.961708
SCRIPT       : DATA_LOG | 383012 | aRapBi1cCZPZAGLIDny3dk3hQ8vTmNTLHRl8zxmKgQ0= | 13587.8 | 13.8841 | 14033.4 | -0.961708 | -0.274078 | 0 | SKS | 1 | 28.8711 | 3.36946 | 0 | 1 | 1 | 0 | 0 | 0 | 0 | 1 | camera | target | -0.961708 | 0 | -0.274078 | -0.9617
SCRIPT       : DATA_LOG | 384012 | aRapBi1cCZPZAGLIDny3dk3hQ8vTmNTLHRl8zxmKgQ0= | 13587.8 | 13.8841 | 14033.4 | -0.961708 | -0.274078 | 0 | SKS | 1 | 28.8394 | 3.37165 | 0 | 1 | 1 | 0 | 0 | 0 | 0 | 1 | camera | target | -0.961708 | 0 | -0.274078 | -0.9617
SCRIPT       : DATA_LOG | 385009 | aRapBi1cCZPZAGLIDny3dk3hQ8vTmNTLHRl8zxmKgQ0= | 13587.8 | 13.8841 | 14033.4 | -0.961708 | -0.274078 | 0 | SKS | 1 | 28.8447 | 3.36998 | 0 | 1 | 1 | 0 | 0 | 0 | 0 | 1 | camera | target | -0.961708 | 0 | -0.274078 | -0.9617
SCRIPT       : DATA_LOG | 386010 | aRapBi1cCZPZAGLIDny3dk3hQ8vTmNTLHRl8zxmKgQ0= | 13587.8 | 13.8841 | 14033.4 | -0.961708 | -0.274078 | 0 | SKS | 1 | 28.8104 | 3.37653 | 0 | 1 | 1 | 0 | 0 | 0 | 0 | 1 | camera | target | -0.961708 | 0 | -0.274078 | -0.9617
SCRIPT       : DATA_LOG | 387017 | aRapBi1cCZPZAGLIDny3dk3hQ8vTmNTLHRl8zxmKgQ0= | 13587.8 | 13.8841 | 14033.4 | -0.961708 | -0.274078 | 0 | SKS | 1 | 28.7749 | 3.38057 | 0 | 1 | 1 | 0 | 0 | 0 | 0 | 1 | camera | target | -0.961708 | 0 | -0.274078 | -0.9617
SCRIPT       : DATA_LOG | 388016 | aRapBi1cCZPZAGLIDny3dk3hQ8vTmNTLHRl8zxmKgQ0= | 13587.8 | 13.8841 | 14033.4 | -0.961708 | -0.274078 | 0 | SKS | 1 | 28.8361 | 3.37154 | 0 | 1 | 1 | 0 | 0 | 0 | 0 | 1 | camera | target | -0.961708 | 0 | -0.274078 | -0.9617
SCRIPT       : DATA_LOG | 389010 | aRapBi1cCZPZAGLIDny3dk3hQ8vTmNTLHRl8zxmKgQ0= | 13587.8 | 13.8841 | 14033.4 | -0.961708 | -0.274078 | 0 | SKS | 1 | 28.7983 | 3.37705 | 0 | 1 | 1 | 0 | 0 | 0 | 0 | 1 | camera | target | -0.961708 | 0 | -0.274078 | -0.9617
SCRIPT       : DATA_LOG | 390016 | aRapBi1cCZPZAGLIDny3dk3hQ8vTmNTLHRl8zxmKgQ0= | 13587.8 | 13.8841 | 14033.4 | -0.961708 | -0.274078 | 0 | SKS | 1 | 28.8703 | 3.36974 | 0 | 1 | 1 | 0 | 0 | 0 | 0 | 1 | camera | target | -0.961708 | 0 | -0.274078 | -0.9617
SCRIPT       : DATA_LOG | 391102 | aRapBi1cCZPZAGLIDny3dk3hQ8vTmNTLHRl8zxmKgQ0= | 13587.8 | 13.8841 | 14033.4 | -0.961708 | -0.274078 | 0 | SKS | 1 | 28.8517 | 3.37036 | 0 | 1 | 1 | 0 | 0 | 0 | 0 | 1 | camera | target | -0.961708 | 0 | -0.274078 | -0.9617
SCRIPT       : DATA_LOG | 392109 | aRapBi1cCZPZAGLIDny3dk3hQ8vTmNTLHRl8zxmKgQ0= | 13587.8 | 13.8841 | 14033.4 | -0.961708 | -0.274078 | 0 | SKS | 1 | 28.841 | 3.37047 | 0 | 1 | 1 | 0 | 0 | 0 | 0 | 1 | camera | target | -0.961708 | 0 | -0.274078 | -0.96170
SCRIPT       : DATA_LOG | 393118 | aRapBi1cCZPZAGLIDny3dk3hQ8vTmNTLHRl8zxmKgQ0= | 13587.8 | 13.8841 | 14033.4 | -0.961708 | -0.274078 | 0 | SKS | 1 | 28.8183 | 3.37541 | 0 | 1 | 1 | 0 | 0 | 0 | 0 | 1 | camera | target | -0.961708 | 0 | -0.274078 | -0.9617
SCRIPT       : DATA_LOG | 394120 | aRapBi1cCZPZAGLIDny3dk3hQ8vTmNTLHRl8zxmKgQ0= | 13587.8 | 13.8841 | 14033.4 | -0.961708 | -0.274078 | 0 | SKS | 1 | 28.7731 | 3.38082 | 0 | 1 | 1 | 0 | 0 | 0 | 0 | 1 | camera | target | -0.961708 | 0 | -0.274078 | -0.9617
SCRIPT       : DATA_LOG | 395115 | aRapBi1cCZPZAGLIDny3dk3hQ8vTmNTLHRl8zxmKgQ0= | 13587.8 | 13.8841 | 14033.4 | -0.961708 | -0.274078 | 0 | SKS | 1 | 28.8369 | 3.37157 | 0 | 1 | 1 | 0 | 0 | 0 | 0 | 1 | camera | target | -0.961708 | 0 | -0.274078 | -0.9617
SCRIPT       : DATA_LOG | 396125 | aRapBi1cCZPZAGLIDny3dk3hQ8vTmNTLHRl8zxmKgQ0= | 13587.8 | 13.8841 | 14033.4 | -0.961708 | -0.274078 | 0 | SKS | 1 | 28.7992 | 3.37708 | 0 | 1 | 1 | 0 | 0 | 0 | 0 | 1 | camera | target | -0.961708 | 0 | -0.274078 | -0.9617
SCRIPT       : DATA_LOG | 397130 | aRapBi1cCZPZAGLIDny3dk3hQ8vTmNTLHRl8zxmKgQ0= | 13587.8 | 13.8841 | 14033.4 | -0.961708 | -0.274078 | 0 | SKS | 1 | 28.868 | 3.36997 | 0 | 1 | 1 | 0 | 0 | 0 | 0 | 1 | camera | target | -0.961708 | 0 | -0.274078 | -0.96170
SCRIPT       : DATA_LOG | 398121 | aRapBi1cCZPZAGLIDny3dk3hQ8vTmNTLHRl8zxmKgQ0= | 13587.8 | 13.8841 | 14033.4 | -0.961708 | -0.274078 | 0 | SKS | 1 | 28.8556 | 3.37018 | 0 | 1 | 1 | 0 | 0 | 0 | 0 | 1 | camera | target | -0.961708 | 0 | -0.274078 | -0.9617
SCRIPT       : DATA_LOG | 399125 | aRapBi1cCZPZAGLIDny3dk3hQ8vTmNTLHRl8zxmKgQ0= | 13587.8 | 13.8841 | 14033.4 | -0.961708 | -0.274078 | 0 | SKS | 1 | 28.8378 | 3.3719 | 0 | 1 | 1 | 0 | 0 | 0 | 0 | 1 | camera | target | -0.961708 | 0 | -0.274078 | -0.96170
SCRIPT       : DATA_LOG | 400132 | aRapBi1cCZPZAGLIDny3dk3hQ8vTmNTLHRl8zxmKgQ0= | 13587.8 | 13.8841 | 14033.4 | -0.961708 | -0.274078 | 0 | SKS | 1 | 28.8314 | 3.37354 | 0 | 1 | 1 | 0 | 0 | 0 | 0 | 1 | camera | target | -0.961708 | 0 | -0.274078 | -0.9617
SCRIPT       : DATA_LOG | 401130 | aRapBi1cCZPZAGLIDny3dk3hQ8vTmNTLHRl8zxmKgQ0= | 13587.8 | 13.8841 | 14033.4 | -0.961708 | -0.274078 | 0 | SKS | 1 | 28.7628 | 3.38217 | 0 | 1 | 1 | 0 | 0 | 0 | 0 | 1 | camera | target | -0.961708 | 0 | -0.274078 | -0.9617
SCRIPT       : DATA_LOG | 402129 | aRapBi1cCZPZAGLIDny3dk3hQ8vTmNTLHRl8zxmKgQ0= | 13587.8 | 13.8841 | 14033.4 | -0.961708 | -0.274078 | 0 | SKS | 1 | 28.8287 | 3.37268 | 0 | 1 | 1 | 0 | 0 | 0 | 0 | 1 | camera | target | -0.961708 | 0 | -0.274078 | -0.9617
SCRIPT       : DATA_LOG | 403126 | aRapBi1cCZPZAGLIDny3dk3hQ8vTmNTLHRl8zxmKgQ0= | 13587.8 | 13.8841 | 14033.4 | -0.961708 | -0.274078 | 0 | SKS | 1 | 28.8 | 3.3771 | 0 | 1 | 1 | 0 | 0 | 0 | 0 | 1 | camera | target | -0.961708 | 0 | -0.274078 | -0.961708 |
SCRIPT       : DATA_LOG | 404142 | aRapBi1cCZPZAGLIDny3dk3hQ8vTmNTLHRl8zxmKgQ0= | 13587.8 | 13.8841 | 14033.4 | -0.961708 | -0.274078 | 0 | SKS | 1 | 28.8601 | 3.37079 | 0 | 1 | 1 | 0 | 0 | 0 | 0 | 1 | camera | target | -0.961708 | 0 | -0.274078 | -0.9617
SCRIPT       : DATA_LOG | 405134 | aRapBi1cCZPZAGLIDny3dk3hQ8vTmNTLHRl8zxmKgQ0= | 13587.8 | 13.8841 | 14033.4 | -0.961708 | -0.274078 | 0 | SKS | 1 | 28.8568 | 3.37022 | 0 | 1 | 1 | 0 | 0 | 0 | 0 | 1 | camera | target | -0.961708 | 0 | -0.274078 | -0.9617
SCRIPT       : DATA_LOG | 406144 | aRapBi1cCZPZAGLIDny3dk3hQ8vTmNTLHRl8zxmKgQ0= | 13587.8 | 13.8841 | 14033.4 | -0.961708 | -0.274078 | 0 | SKS | 1 | 28.8309 | 3.37336 | 0 | 1 | 1 | 0 | 0 | 0 | 0 | 1 | camera | target | -0.961708 | 0 | -0.274078 | -0.9617
SCRIPT       : DATA_LOG | 407135 | aRapBi1cCZPZAGLIDny3dk3hQ8vTmNTLHRl8zxmKgQ0= | 13587.8 | 13.8841 | 14033.4 | -0.961708 | -0.274078 | 0 | SKS | 1 | 28.8388 | 3.37209 | 0 | 1 | 1 | 0 | 0 | 0 | 0 | 1 | camera | target | -0.961708 | 0 | -0.274078 | -0.9617
SCRIPT       : DATA_LOG | 408140 | aRapBi1cCZPZAGLIDny3dk3hQ8vTmNTLHRl8zxmKgQ0= | 13586.7 | 13.8893 | 14033.4 | -0.999317 | -0.0369554 | 0 | SKS | 1 | 43.1843 | 2.49664 | 0 | 1 | 1 | 0 | 0 | 0 | 0 | 1 | camera | target | -0.999317 | 0 | -0.0369554 | -0.99
SCRIPT       : DATA_LOG | 409135 | aRapBi1cCZPZAGLIDny3dk3hQ8vTmNTLHRl8zxmKgQ0= | 13583.4 | 13.9051 | 14033.1 | -0.378131 | -0.925752 | 0 | SKS | 1 | 95.6767 | 2.22659 | 0 | 1 | 1 | 0 | 0 | 0 | 0 | 1 | camera | target | -0.378131 | 0 | -0.925752 | -0.3781
SCRIPT       : DATA_LOG | 410183 | aRapBi1cCZPZAGLIDny3dk3hQ8vTmNTLHRl8zxmKgQ0= | 13580.6 | 13.9146 | 14033.4 | 0.290258 | -0.956948 | 0 | SKS | 1 | 66.2513 | 4.62398 | 0 | 1 | 1 | 0 | 0 | 0 | 0 | 1 | camera | target | 0.290258 | 0 | -0.956948 | 0.290258 
SCRIPT       : DATA_LOG | 411297 | aRapBi1cCZPZAGLIDny3dk3hQ8vTmNTLHRl8zxmKgQ0= | 13578.4 | 13.9032 | 14032.3 | 0.461317 | -0.887235 | 0 | SKS | 1 | 67.3431 | 6.78686 | 0 | 1 | 1 | 0 | 0 | 0 | 0 | 1 | camera | target | 0.461317 | 0 | -0.887235 | 0.461317 
SCRIPT       : DATA_LOG | 412306 | aRapBi1cCZPZAGLIDny3dk3hQ8vTmNTLHRl8zxmKgQ0= | 13576.6 | 13.9018 | 14032.1 | 0.99999 | 0.00459327 | 0 | SKS | 1 | 11.6575 | 8.49653 | 0 | 1 | 1 | 0 | 0 | 0 | 0 | 1 | camera | target | 0.99999 | 0 | 0.00459327 | 0.99999 |
SCRIPT       : DATA_LOG | 413294 | aRapBi1cCZPZAGLIDny3dk3hQ8vTmNTLHRl8zxmKgQ0= | 13576.6 | 13.9034 | 14032.3 | 0.956592 | 0.291429 | 0 | SKS | 1 | 17.5715 | 8.47336 | 0 | 1 | 1 | 0 | 0 | 0 | 0 | 1 | camera | target | 0.956592 | 0 | 0.291429 | 0.956592 | 
SCRIPT       : DATA_LOG | 414298 | aRapBi1cCZPZAGLIDny3dk3hQ8vTmNTLHRl8zxmKgQ0= | 13576.8 | 13.9001 | 14031.9 | 0.955928 | 0.293601 | 0 | SKS | 1 | 15.5425 | 8.38054 | 0 | 1 | 1 | 0 | 0 | 0 | 0 | 1 | camera | target | 0.955928 | 0 | 0.293601 | 0.955928 | 
SCRIPT       : DATA_LOG | 415304 | aRapBi1cCZPZAGLIDny3dk3hQ8vTmNTLHRl8zxmKgQ0= | 13576.8 | 13.9001 | 14031.9 | 0.878117 | -0.478446 | 0 | SKS | 1 | 36.0301 | 8.3733 | 0 | 1 | 1 | 0 | 0 | 0 | 0 | 1 | camera | target | 0.878117 | 0 | -0.478446 | 0.878117 |
SCRIPT       : DATA_LOG | 416328 | aRapBi1cCZPZAGLIDny3dk3hQ8vTmNTLHRl8zxmKgQ0= | 13575.6 | 13.8904 | 14030.1 | -0.688678 | -0.725068 | 0 | SKS | 1 | 148.33 | 9.85618 | 0 | 1 | 1 | 0 | 0 | 0 | 0 | 1 | camera | target | -0.688678 | 0 | -0.725068 | -0.68867
SCRIPT       : DATA_LOG | 417338 | aRapBi1cCZPZAGLIDny3dk3hQ8vTmNTLHRl8zxmKgQ0= | 13573.2 | 13.8818 | 14028.1 | -0.810892 | -0.585196 | 0 | SKS | 0 | 163.935 | 12.6974 | 0 | 1 | 1 | 0 | 0 | 0 | 0 | 1 | camera |  | -0.810892 | 0 | -0.585196 | -0.810892 | 0
SCRIPT       : DATA_LOG | 418333 | aRapBi1cCZPZAGLIDny3dk3hQ8vTmNTLHRl8zxmKgQ0= | 13573.2 | 13.8818 | 14028.1 | -0.810892 | -0.585196 | 0 | SKS | 0 | 163.944 | 12.7033 | 0 | 1 | 1 | 0 | 0 | 0 | 0 | 1 | camera |  | -0.810892 | 0 | -0.585196 | -0.810892 | 0
 SCRIPT       : [Permissions Manager] Admin (rafaelglima79) (76561199445097358) Successfully Logged in!
SCRIPT       : DATA_LOG | 419341 | aRapBi1cCZPZAGLIDny3dk3hQ8vTmNTLHRl8zxmKgQ0= | 13573.2 | 13.8818 | 14028.1 | -0.810892 | -0.585196 | 0 | SKS | 0 | 163.942 | 12.7051 | 0 | 1 | 1 | 0 | 0 | 0 | 0 | 1 | camera |  | -0.810892 | 0 | -0.585196 | -0.810892 | 0
SCRIPT       : DATA_LOG | 420348 | aRapBi1cCZPZAGLIDny3dk3hQ8vTmNTLHRl8zxmKgQ0= | 13573.2 | 13.8818 | 14028.1 | -0.810892 | -0.585196 | 0 | SKS | 0 | 163.912 | 12.6984 | 0 | 1 | 1 | 0 | 0 | 0 | 0 | 1 | camera |  | -0.810892 | 0 | -0.585196 | -0.810892 | 0
SCRIPT       : DATA_LOG | 421342 | aRapBi1cCZPZAGLIDny3dk3hQ8vTmNTLHRl8zxmKgQ0= | 13573.2 | 13.8818 | 14028.1 | -0.810892 | -0.585196 | 0 | SKS | 0 | 163.972 | 12.7034 | 0 | 1 | 1 | 0 | 0 | 0 | 0 | 1 | camera |  | -0.810892 | 0 | -0.585196 | -0.810892 | 0
SCRIPT       : DATA_LOG | 422339 | aRapBi1cCZPZAGLIDny3dk3hQ8vTmNTLHRl8zxmKgQ0= | 13573.2 | 13.8818 | 14028.1 | -0.810892 | -0.585196 | 0 | SKS | 0 | 163.9 | 12.6895 | 0 | 1 | 1 | 0 | 0 | 0 | 0 | 1 | camera |  | -0.810892 | 0 | -0.585196 | -0.810892 | 0 |
SCRIPT       : DATA_LOG | 423339 | aRapBi1cCZPZAGLIDny3dk3hQ8vTmNTLHRl8zxmKgQ0= | 13573.2 | 13.8818 | 14028.1 | -0.810892 | -0.585196 | 0 | SKS | 0 | 163.943 | 12.6981 | 0 | 1 | 1 | 0 | 0 | 0 | 0 | 1 | camera |  | -0.810892 | 0 | -0.585196 | -0.810892 | 0
SCRIPT       : DATA_LOG | 424353 | aRapBi1cCZPZAGLIDny3dk3hQ8vTmNTLHRl8zxmKgQ0= | 13573.2 | 13.8818 | 14028.1 | -0.810892 | -0.585196 | 0 | SKS | 0 | 163.942 | 12.699 | 0 | 1 | 1 | 0 | 0 | 0 | 0 | 1 | camera |  | -0.810892 | 0 | -0.585196 | -0.810892 | 0 
SCRIPT       : DATA_LOG | 425339 | aRapBi1cCZPZAGLIDny3dk3hQ8vTmNTLHRl8zxmKgQ0= | 13573.2 | 13.8818 | 14028.1 | -0.810892 | -0.585196 | 0 | SKS | 0 | 163.938 | 12.7017 | 0 | 1 | 1 | 0 | 0 | 0 | 0 | 1 | camera |  | -0.810892 | 0 | -0.585196 | -0.810892 | 0
SCRIPT       : DATA_LOG | 426338 | aRapBi1cCZPZAGLIDny3dk3hQ8vTmNTLHRl8zxmKgQ0= | 13573.2 | 13.8818 | 14028.1 | -0.810892 | -0.585196 | 0 | SKS | 0 | 163.95 | 12.7058 | 0 | 1 | 1 | 0 | 0 | 0 | 0 | 1 | camera |  | -0.810892 | 0 | -0.585196 | -0.810892 | 0 
SCRIPT       : DATA_LOG | 427353 | aRapBi1cCZPZAGLIDny3dk3hQ8vTmNTLHRl8zxmKgQ0= | 13572.2 | 13.8776 | 14027.4 | -0.80542 | -0.592704 | 0 | SKS | 0 | 164.924 | 13.9506 | 0 | 1 | 1 | 0 | 0 | 0 | 0 | 1 | camera |  | -0.80542 | 0 | -0.592704 | -0.80542 | 0 | 
SCRIPT       : DATA_LOG | 428347 | aRapBi1cCZPZAGLIDny3dk3hQ8vTmNTLHRl8zxmKgQ0= | 13566.5 | 13.9208 | 14024.6 | -0.822471 | -0.568807 | 0 | SKS | 0 | 168.291 | 20.2081 | 0 | 1 | 1 | 0 | 0 | 0 | 0 | 1 | camera |  | -0.822471 | 0 | -0.568807 | -0.822471 | 0
SCRIPT       : DATA_LOG | 429348 | aRapBi1cCZPZAGLIDny3dk3hQ8vTmNTLHRl8zxmKgQ0= | 13561.2 | 14.0616 | 14020.9 | -0.521896 | -0.853009 | 0 | SKS | 0 | 147.856 | 26.5359 | 0 | 1 | 1 | 0 | 0 | 0 | 0 | 1 | camera |  | -0.521896 | 0 | -0.853009 | -0.521896 | 0
SCRIPT       : DATA_LOG | 430347 | aRapBi1cCZPZAGLIDny3dk3hQ8vTmNTLHRl8zxmKgQ0= | 13557.5 | 14.1767 | 14018.4 | 0.89614 | 0.443772 | 0 | SKS | 0 | 2.77439 | 30.9449 | 0 | 1 | 1 | 1 | 0 | 0 | 0 | 1 | camera |  | 0.89614 | 0 | 0.443772 | 0.89614 | 0 | 0.443
SCRIPT       : DATA_LOG | 431347 | aRapBi1cCZPZAGLIDny3dk3hQ8vTmNTLHRl8zxmKgQ0= | 13556 | 14.2564 | 14015.9 | 0.991024 | 0.133686 | 0 | SKS | 0 | 22.6333 | 33.5403 | 0 | 1 | 1 | 0 | 0 | 0 | 0 | 1 | camera |  | 0.991024 | 0 | 0.133686 | 0.991024 | 0 | 0.13
SCRIPT       : DATA_LOG | 432342 | aRapBi1cCZPZAGLIDny3dk3hQ8vTmNTLHRl8zxmKgQ0= | 13556.3 | 14.1198 | 14014 | 0.950008 | 0.312225 | 0 | SKS | 0 | 15.1306 | 34.2525 | 0 | 1 | 1 | 0 | 0 | 0 | 0 | 1 | camera |  | 0.950008 | 0 | 0.312225 | 0.950008 | 0 | 0.31
SCRIPT       : DATA_LOG | 433342 | aRapBi1cCZPZAGLIDny3dk3hQ8vTmNTLHRl8zxmKgQ0= | 13555.3 | 14.1012 | 14012.8 | 0.548784 | -0.835964 | 0 | SKS | 0 | 90.6671 | 35.8071 | 0 | 1 | 1 | 0 | 0 | 0 | 0 | 1 | camera |  | 0.548784 | 0 | -0.835964 | 0.548784 | 0 | 
SCRIPT       : DATA_LOG | 434344 | aRapBi1cCZPZAGLIDny3dk3hQ8vTmNTLHRl8zxmKgQ0= | 13552.5 | 13.8531 | 14008.9 | -0.559634 | -0.82874 | 0 | SKS | 0 | 160.178 | 40.3385 | 0 | 1 | 1 | 0 | 0 | 0 | 0 | 1 | camera |  | -0.559634 | 0 | -0.82874 | -0.559634 | 0 |
SCRIPT       : DATA_LOG | 435354 | aRapBi1cCZPZAGLIDny3dk3hQ8vTmNTLHRl8zxmKgQ0= | 13547.6 | 13.385 | 14006.3 | -0.998357 | -0.0572967 | 1 | SKS | 0 | 147.869 | 45.7547 | 0 | 1 | 1 | 0 | 0 | 0 | 1 | 1 | camera |  | -0.998357 | 0 | -0.0572967 | -0.998357 | 
SCRIPT       : DATA_LOG | 436352 | aRapBi1cCZPZAGLIDny3dk3hQ8vTmNTLHRl8zxmKgQ0= | 13547.5 | 13.011 | 14004.5 | -0.999931 | 0.0117644 | 0 | SKS | 0 | 142.196 | 46.9095 | 0 | 1 | 1 | 0 | 0 | 0 | 0 | 1 | camera |  | -0.999931 | 0 | 0.0117644 | -0.999931 | 0 
SCRIPT       : DATA_LOG | 437350 | aRapBi1cCZPZAGLIDny3dk3hQ8vTmNTLHRl8zxmKgQ0= | 13543.8 | 12.8693 | 14002.7 | -0.747019 | -0.664802 | 0 | SKS | 0 | 173.715 | 51.0529 | 0 | 1 | 1 | 0 | 0 | 0 | 0 | 1 | camera |  | -0.747019 | 0 | -0.664802 | -0.747019 | 0
SCRIPT       : DATA_LOG | 438348 | aRapBi1cCZPZAGLIDny3dk3hQ8vTmNTLHRl8zxmKgQ0= | 13539.5 | 13.1219 | 13997.7 | -0.622917 | -0.782288 | 0 | SKS | 0 | 166.008 | 57.482 | 0 | 1 | 1 | 0 | 0 | 0 | 0 | 1 | camera |  | -0.622917 | 0 | -0.782288 | -0.622917 | 0 
SCRIPT       : DATA_LOG | 439347 | aRapBi1cCZPZAGLIDny3dk3hQ8vTmNTLHRl8zxmKgQ0= | 13535.5 | 13.6942 | 13992.9 | -0.622556 | -0.782575 | 0 | MakarovIJ70 | 0 | 167.268 | 63.5482 | 0 | 1 | 1 | 0 | 0 | 0 | 0 | 1 | camera | TreeSoft_t_FagusSylvatica_1fc | -0.6
SCRIPT       : DATA_LOG | 440350 | aRapBi1cCZPZAGLIDny3dk3hQ8vTmNTLHRl8zxmKgQ0= | 13533.2 | 14.1592 | 13989.4 | -0.672146 | -0.740419 | 0 | MakarovIJ70 | 0 | 172.121 | 67.4939 | 0 | 1 | 1 | 0 | 0 | 0 | 0 | 1 | camera | TreeSoft_t_FagusSylvatica_1fc | -0.6
SCRIPT       : DATA_LOG | 441350 | aRapBi1cCZPZAGLIDny3dk3hQ8vTmNTLHRl8zxmKgQ0= | 13530.6 | 14.8437 | 13986.6 | -0.815985 | -0.578074 | 0 | MakarovIJ70 | 0 | 174.921 | 71.3135 | 0 | 1 | 1 | 0 | 0 | 0 | 0 | 1 | camera |  | -0.815985 | 0 | -0.578074 | -0.81
SCRIPT       : DATA_LOG | 442387 | aRapBi1cCZPZAGLIDny3dk3hQ8vTmNTLHRl8zxmKgQ0= | 13528 | 14.9958 | 13984.7 | -0.817932 | -0.575315 | 1 | MakarovIJ70 | 0 | 174.959 | 74.5164 | 0 | 1 | 1 | 0 | 0 | 0 | 0 | 1 | camera |  | -0.817932 | 0 | -0.575315 | -0.8179
SCRIPT       : DATA_LOG | 443363 | aRapBi1cCZPZAGLIDny3dk3hQ8vTmNTLHRl8zxmKgQ0= | 13528 | 14.9958 | 13984.7 | -0.817932 | -0.575315 | 1 | MakarovIJ70 | 0 | 174.958 | 74.5094 | 0 | 1 | 1 | 0 | 0 | 0 | 1 | 1 | camera |  | -0.817932 | 0 | -0.575315 | -0.8179
SCRIPT       : DATA_LOG | 444363 | aRapBi1cCZPZAGLIDny3dk3hQ8vTmNTLHRl8zxmKgQ0= | 13528 | 14.9958 | 13984.7 | -0.817932 | -0.575315 | 0 | MakarovIJ70 | 0 | 174.963 | 74.5016 | 0 | 1 | 1 | 0 | 0 | 0 | 0 | 1 | camera |  | -0.817932 | 0 | -0.575315 | -0.8179
SCRIPT       : DATA_LOG | 445362 | aRapBi1cCZPZAGLIDny3dk3hQ8vTmNTLHRl8zxmKgQ0= | 13525.6 | 15.2232 | 13983 | -0.823239 | -0.567695 | 0 | MakarovIJ70 | 0 | 174.642 | 77.4498 | 0 | 1 | 1 | 0 | 0 | 0 | 0 | 1 | camera | TreeSoft_t_FagusSylvatica_1fc | -0.823
SCRIPT       : DATA_LOG | 446357 | aRapBi1cCZPZAGLIDny3dk3hQ8vTmNTLHRl8zxmKgQ0= | 13524.4 | 15.497 | 13982.2 | -0.999364 | 0.0356464 | 0 | MakarovIJ70 | 0 | 138.123 | 78.8997 | 0 | 1 | 1 | 0 | 0 | 0 | 0 | 1 | camera | TreeSoft_t_FagusSylvatica_1fc | -0.99
SCRIPT       : DATA_LOG | 447360 | aRapBi1cCZPZAGLIDny3dk3hQ8vTmNTLHRl8zxmKgQ0= | 13524.4 | 15.497 | 13982.2 | -0.581188 | 0.81377 | 0 | MakarovIJ70 | 0 | 85.6995 | 78.9087 | 0 | 1 | 1 | 0 | 0 | 0 | 0 | 1 | camera | TreeSoft_t_FagusSylvatica_1fc | -0.5811
SCRIPT       : DATA_LOG | 448360 | aRapBi1cCZPZAGLIDny3dk3hQ8vTmNTLHRl8zxmKgQ0= | 13524.4 | 15.497 | 13982.2 | -0.483083 | 0.875574 | 0 | MakarovIJ70 | 0 | 79.0545 | 78.9062 | 0 | 1 | 1 | 0 | 0 | 0 | 0 | 1 | camera | TreeSoft_t_FagusSylvatica_1fc | -0.483
SCRIPT       : DATA_LOG | 449359 | aRapBi1cCZPZAGLIDny3dk3hQ8vTmNTLHRl8zxmKgQ0= | 13524.4 | 15.497 | 13982.2 | -0.929779 | 0.368117 | 1 | MakarovIJ70 | 0 | 118.568 | 78.9055 | 0 | 1 | 1 | 0 | 0 | 0 | 1 | 1 | camera | TreeSoft_t_FagusSylvatica_1fc | -0.929
SCRIPT       : DATA_LOG | 450361 | aRapBi1cCZPZAGLIDny3dk3hQ8vTmNTLHRl8zxmKgQ0= | 13524.4 | 15.497 | 13982.2 | -0.929779 | 0.368117 | 1 | MakarovIJ70 | 0 | 118.564 | 78.903 | 0 | 1 | 1 | 0 | 0 | 0 | 1 | 1 | camera | TreeSoft_t_FagusSylvatica_1fc | -0.9297
SCRIPT       : DATA_LOG | 451363 | aRapBi1cCZPZAGLIDny3dk3hQ8vTmNTLHRl8zxmKgQ0= | 13524.4 | 15.497 | 13982.2 | -0.929779 | 0.368117 | 1 | MakarovIJ70 | 0 | 118.57 | 78.8912 | 0 | 1 | 1 | 0 | 0 | 0 | 1 | 1 | camera | TreeSoft_t_FagusSylvatica_1fc | -0.9297
SCRIPT       : DATA_LOG | 452364 | aRapBi1cCZPZAGLIDny3dk3hQ8vTmNTLHRl8zxmKgQ0= | 13524.2 | 15.468 | 13981 | -0.895661 | -0.444738 | 0 | MakarovIJ70 | 0 | 165.955 | 79.8556 | 0 | 1 | 1 | 0 | 0 | 0 | 0 | 1 | camera |  | -0.895661 | 0 | -0.444738 | -0.89566
SCRIPT       : DATA_LOG | 453371 | aRapBi1cCZPZAGLIDny3dk3hQ8vTmNTLHRl8zxmKgQ0= | 13520.3 | 15.5494 | 13978.1 | -0.792546 | -0.609812 | 0 | MakarovIJ70 | 0 | 177.392 | 84.658 | 0 | 1 | 1 | 0 | 0 | 0 | 0 | 1 | camera |  | -0.792546 | 0 | -0.609812 | -0.792
SCRIPT       : DATA_LOG | 454372 | aRapBi1cCZPZAGLIDny3dk3hQ8vTmNTLHRl8zxmKgQ0= | 13514.7 | 15.9044 | 13974.8 | -0.642132 | -0.766594 | 0 | MakarovIJ70 | 0 | 169.475 | 91.0437 | 0 | 1 | 1 | 0 | 0 | 0 | 0 | 1 | camera |  | -0.642132 | 0 | -0.766594 | -0.64
SCRIPT       : DATA_LOG | 455365 | aRapBi1cCZPZAGLIDny3dk3hQ8vTmNTLHRl8zxmKgQ0= | 13513.7 | 15.8463 | 13973.7 | -0.617422 | -0.786632 | 1 | MakarovIJ70 | 0 | 167.758 | 92.5376 | 0 | 1 | 1 | 0 | 0 | 0 | 1 | 1 | camera |  | -0.617422 | 0 | -0.786632 | -0.61
SCRIPT       : DATA_LOG | 456378 | aRapBi1cCZPZAGLIDny3dk3hQ8vTmNTLHRl8zxmKgQ0= | 13513.7 | 15.8463 | 13973.7 | -0.617422 | -0.786632 | 1 | MakarovIJ70 | 0 | 167.756 | 92.5323 | 0 | 1 | 1 | 0 | 0 | 0 | 1 | 1 | camera |  | -0.617422 | 0 | -0.786632 | -0.61
SCRIPT       : DATA_LOG | 457367 | aRapBi1cCZPZAGLIDny3dk3hQ8vTmNTLHRl8zxmKgQ0= | 13512.5 | 15.7795 | 13972.3 | -0.634346 | -0.773049 | 0 | MakarovIJ70 | 0 | 169.227 | 94.3952 | 0 | 1 | 1 | 0 | 0 | 0 | 0 | 1 | camera |  | -0.634346 | 0 | -0.773049 | -0.63
SCRIPT       : DATA_LOG | 458372 | aRapBi1cCZPZAGLIDny3dk3hQ8vTmNTLHRl8zxmKgQ0= | 13508.4 | 15.0534 | 13967.4 | -0.635128 | -0.772407 | 0 | MakarovIJ70 | 0 | 169.924 | 100.609 | 0 | 1 | 1 | 0 | 0 | 0 | 0 | 1 | camera |  | -0.635128 | 0 | -0.772407 | -0.63
SCRIPT       : DATA_LOG | 459368 | aRapBi1cCZPZAGLIDny3dk3hQ8vTmNTLHRl8zxmKgQ0= | 13505.1 | 14.6535 | 13963.4 | -0.635128 | -0.772407 | 0 | MakarovIJ70 | 0 | 170.407 | 105.818 | 0 | 1 | 1 | 0 | 0 | 0 | 0 | 1 | camera |  | -0.635128 | 0 | -0.772407 | -0.63
SCRIPT       : DATA_LOG | 460427 | aRapBi1cCZPZAGLIDny3dk3hQ8vTmNTLHRl8zxmKgQ0= | 13502.8 | 14.1917 | 13959.7 | -0.36097 | -0.932577 | 0 | MakarovIJ70 | 0 | 152.79 | 109.917 | 0 | 1 | 1 | 0 | 0 | 0 | 0 | 1 | camera |  | -0.36097 | 0 | -0.932577 | -0.36097
SCRIPT       : DATA_LOG | 461373 | aRapBi1cCZPZAGLIDny3dk3hQ8vTmNTLHRl8zxmKgQ0= | 13499.8 | 13.9338 | 13954.9 | -0.847587 | -0.530657 | 0 | MakarovIJ70 | 0 | 169.57 | 115.354 | 0 | 1 | 1 | 0 | 0 | 0 | 0 | 1 | camera |  | -0.847587 | 0 | -0.530657 | -0.847
SCRIPT       : DATA_LOG | 462377 | aRapBi1cCZPZAGLIDny3dk3hQ8vTmNTLHRl8zxmKgQ0= | 13495.1 | 13.9033 | 13951.5 | -0.897123 | -0.441781 | 0 | MakarovIJ70 | 0 | 164.053 | 121.167 | 0 | 1 | 1 | 0 | 0 | 0 | 0 | 1 | camera |  | -0.897123 | 0 | -0.441781 | -0.89
SCRIPT       : DATA_LOG | 463377 | aRapBi1cCZPZAGLIDny3dk3hQ8vTmNTLHRl8zxmKgQ0= | 13489.6 | 13.8407 | 13948.4 | -0.567699 | 0.823236 | 0 | MakarovIJ70 | 0 | 83.0944 | 127.359 | 0 | 1 | 1 | 0 | 0 | 0 | 0 | 1 | camera |  | -0.567699 | 0 | 0.823236 | -0.5676
SCRIPT       : DATA_LOG | 464376 | aRapBi1cCZPZAGLIDny3dk3hQ8vTmNTLHRl8zxmKgQ0= | 13486.3 | 13.8989 | 13947.7 | 0.655585 | 0.755122 | 0 | MakarovIJ70 | 0 | 8.29328 | 130.286 | 0 | 1 | 1 | 0 | 0 | 0 | 0 | 1 | camera |  | 0.655585 | 0 | 0.755122 | 0.655585 
SCRIPT       : DATA_LOG | 465379 | aRapBi1cCZPZAGLIDny3dk3hQ8vTmNTLHRl8zxmKgQ0= | 13484.6 | 13.9573 | 13945.8 | 0.65567 | 0.755047 | 0 | MakarovIJ70 | 0 | 8.13726 | 132.737 | 0 | 1 | 1 | 0 | 0 | 0 | 0 | 1 | camera |  | 0.65567 | 0 | 0.755047 | 0.65567 | 0
SCRIPT       : DATA_LOG | 466376 | aRapBi1cCZPZAGLIDny3dk3hQ8vTmNTLHRl8zxmKgQ0= | 13482.7 | 13.9704 | 13945.3 | 0.65132 | 0.758803 | 0 | MakarovIJ70 | 0 | 8.83418 | 134.587 | 0 | 1 | 1 | 0 | 0 | 0 | 0 | 1 | camera |  | 0.65132 | 0 | 0.758803 | 0.65132 | 0
SCRIPT       : DATA_LOG | 467390 | aRapBi1cCZPZAGLIDny3dk3hQ8vTmNTLHRl8zxmKgQ0= | 13478 | 14.0117 | 13945.6 | -0.997455 | -0.0712923 | 0 | MakarovIJ70 | 0 | 144.898 | 137.935 | 0 | 1 | 1 | 0 | 0 | 0 | 0 | 1 | camera | TreeSoft_t_FagusSylvatica_2sb | -0.99
SCRIPT       : DATA_LOG | 468377 | aRapBi1cCZPZAGLIDny3dk3hQ8vTmNTLHRl8zxmKgQ0= | 13471.9 | 14.1549 | 13946.4 | -0.849552 | 0.527505 | 0 | MakarovIJ70 | 0 | 110.756 | 142.256 | 0 | 1 | 1 | 0 | 0 | 0 | 0 | 1 | camera |  | -0.849552 | 0 | 0.527505 | -0.8495
SCRIPT       : DATA_LOG | 469384 | aRapBi1cCZPZAGLIDny3dk3hQ8vTmNTLHRl8zxmKgQ0= | 13467.9 | 14.5807 | 13946.8 | 0.174648 | 0.984631 | 0 | MakarovIJ70 | 0 | 43.6369 | 145.232 | 0 | 1 | 1 | 0 | 0 | 0 | 0 | 1 | camera |  | 0.174648 | 0 | 0.984631 | 0.174648 
SCRIPT       : DATA_LOG | 470384 | aRapBi1cCZPZAGLIDny3dk3hQ8vTmNTLHRl8zxmKgQ0= | 13465 | 15.034 | 13946.3 | 0.997037 | 0.0769188 | 0 | SKS | 0 | 31.3709 | 147.843 | 0 | 1 | 1 | 0 | 0 | 0 | 0 | 1 | camera |  | 0.997037 | 0 | 0.0769188 | 0.997037 | 0 | 0.0
SCRIPT       : DATA_LOG | 471388 | aRapBi1cCZPZAGLIDny3dk3hQ8vTmNTLHRl8zxmKgQ0= | 13463.6 | 15.0981 | 13944.9 | 0.997721 | 0.0674791 | 0 | SKS | 0 | 32.039 | 149.756 | 0 | 1 | 1 | 0 | 0 | 0 | 0 | 1 | camera |  | 0.997721 | 0 | 0.0674791 | 0.997721 | 0 | 0
SCRIPT       : DATA_LOG | 472390 | aRapBi1cCZPZAGLIDny3dk3hQ8vTmNTLHRl8zxmKgQ0= | 13463.6 | 15.0981 | 13944.9 | 0.997721 | 0.0674791 | 0 | SKS | 0 | 32.0353 | 149.739 | 0 | 1 | 1 | 0 | 0 | 0 | 0 | 1 | camera |  | 0.997721 | 0 | 0.0674791 | 0.997721 | 0 | 
SCRIPT       : DATA_LOG | 473383 | aRapBi1cCZPZAGLIDny3dk3hQ8vTmNTLHRl8zxmKgQ0= | 13463.6 | 15.0981 | 13944.9 | 0.997721 | 0.0674791 | 0 | SKS | 0 | 32.0368 | 149.746 | 0 | 1 | 1 | 0 | 0 | 0 | 0 | 1 | camera |  | 0.997721 | 0 | 0.0674791 | 0.997721 | 0 | 
SCRIPT       : DATA_LOG | 474388 | aRapBi1cCZPZAGLIDny3dk3hQ8vTmNTLHRl8zxmKgQ0= | 13463.6 | 15.0981 | 13944.9 | 0.997721 | 0.0674791 | 0 | SKS | 0 | 32.0377 | 149.751 | 0 | 1 | 1 | 0 | 0 | 0 | 0 | 1 | camera |  | 0.997721 | 0 | 0.0674791 | 0.997721 | 0 | 
SCRIPT       : DATA_LOG | 475396 | aRapBi1cCZPZAGLIDny3dk3hQ8vTmNTLHRl8zxmKgQ0= | 13461.7 | 15.5487 | 13943.8 | 0.854836 | 0.518899 | 0 | SKS | 0 | 4.56883 | 151.949 | 0 | 1 | 1 | 1 | 0 | 0 | 0 | 1 | camera |  | 0.854836 | 0 | 0.518899 | 0.854836 | 0 | 0.
SCRIPT       : DATA_LOG | 476396 | aRapBi1cCZPZAGLIDny3dk3hQ8vTmNTLHRl8zxmKgQ0= | 13459.6 | 15.6048 | 13942 | 0.693451 | 0.720504 | 0 | SKS | 0 | 10.1909 | 154.807 | 0 | 1 | 1 | 0 | 0 | 0 | 0 | 1 | camera |  | 0.693451 | 0 | 0.720504 | 0.693451 | 0 | 0.72
SCRIPT       : DATA_LOG | 477398 | aRapBi1cCZPZAGLIDny3dk3hQ8vTmNTLHRl8zxmKgQ0= | 13457.8 | 15.905 | 13941.1 | 0.513149 | 0.8583 | 0 | SKS | 0 | 23.341 | 156.772 | 0 | 1 | 1 | 0 | 0 | 0 | 0 | 1 | camera |  | 0.513149 | 0 | 0.8583 | 0.513149 | 0 | 0.8583 |
SCRIPT       : DATA_LOG | 478393 | aRapBi1cCZPZAGLIDny3dk3hQ8vTmNTLHRl8zxmKgQ0= | 13458.8 | 15.6685 | 13940.4 | 0.560585 | 0.828097 | 0 | SKS | 0 | 19.687 | 156.34 | 0 | 1 | 1 | 0 | 0 | 0 | 0 | 1 | camera |  | 0.560585 | 0 | 0.828097 | 0.560585 | 0 | 0.82
SCRIPT       : DATA_LOG | 479389 | aRapBi1cCZPZAGLIDny3dk3hQ8vTmNTLHRl8zxmKgQ0= | 13461.3 | 15.135 | 13939.5 | 0.287833 | 0.957681 | 0 | SKS | 0 | 36.2381 | 154.835 | 0 | 1 | 1 | 0 | 0 | 0 | 0 | 1 | camera |  | 0.287833 | 0 | 0.957681 | 0.287833 | 0 | 0.9
SCRIPT       : DATA_LOG | 480401 | aRapBi1cCZPZAGLIDny3dk3hQ8vTmNTLHRl8zxmKgQ0= | 13458.9 | 15.6532 | 13940.5 | 0.392689 | 0.919671 | 0 | SKS | 0 | 30.662 | 156.214 | 0 | 1 | 1 | 0 | 0 | 0 | 0 | 1 | camera |  | 0.392689 | 0 | 0.919671 | 0.392689 | 0 | 0.9
SCRIPT       : DATA_LOG | 481402 | aRapBi1cCZPZAGLIDny3dk3hQ8vTmNTLHRl8zxmKgQ0= | 13458.3 | 15.8094 | 13941.1 | 0.994616 | -0.10363 | 0 | SKS | 0 | 41.8364 | 156.356 | 0 | 1 | 1 | 0 | 0 | 0 | 0 | 1 | camera |  | 0.994616 | 0 | -0.10363 | 0.994616 | 0 | -0
SCRIPT       : DATA_LOG | 482394 | aRapBi1cCZPZAGLIDny3dk3hQ8vTmNTLHRl8zxmKgQ0= | 13456.8 | 15.9686 | 13940.1 | 0.895481 | 0.4451 | 0 | SKS | 0 | 9.45654 | 158.141 | 0 | 1 | 1 | 0 | 0 | 0 | 0 | 1 | camera |  | 0.895481 | 0 | 0.4451 | 0.895481 | 0 | 0.4451
SCRIPT       : DATA_LOG | 483400 | aRapBi1cCZPZAGLIDny3dk3hQ8vTmNTLHRl8zxmKgQ0= | 13457 | 15.8817 | 13939.6 | 0.795742 | 0.605635 | 1 | SKS | 0 | 1.22717 | 158.265 | 0 | 1 | 1 | 1 | 1 | 1 | 1 | 1 | camera |  | 0.795742 | 0 | 0.605635 | 0.795742 | 0 | 0.60
SCRIPT       : DATA_LOG | 484392 | aRapBi1cCZPZAGLIDny3dk3hQ8vTmNTLHRl8zxmKgQ0= | 13457 | 15.8817 | 13939.6 | 0.795742 | 0.605635 | 1 | SKS | 0 | 1.22876 | 158.259 | 0 | 1 | 1 | 1 | 1 | 1 | 1 | 1 | camera |  | 0.795742 | 0 | 0.605635 | 0.795742 | 0 | 0.60
SCRIPT       : DATA_LOG | 485396 | aRapBi1cCZPZAGLIDny3dk3hQ8vTmNTLHRl8zxmKgQ0= | 13457 | 15.8817 | 13939.6 | 0.795742 | 0.605635 | 0 | SKS | 0 | 1.22685 | 158.264 | 0 | 1 | 1 | 1 | 0 | 0 | 0 | 1 | camera |  | 0.795742 | 0 | 0.605635 | 0.795742 | 0 | 0.60
SCRIPT       : DATA_LOG | 486401 | aRapBi1cCZPZAGLIDny3dk3hQ8vTmNTLHRl8zxmKgQ0= | 13457 | 15.8817 | 13939.6 | 0.795742 | 0.605635 | 1 | SKS | 0 | 1.22717 | 158.255 | 0 | 1 | 1 | 1 | 1 | 1 | 1 | 1 | camera |  | 0.795742 | 0 | 0.605635 | 0.795742 | 0 | 0.60
SCRIPT       : DATA_LOG | 487396 | aRapBi1cCZPZAGLIDny3dk3hQ8vTmNTLHRl8zxmKgQ0= | 13457 | 15.8817 | 13939.6 | 0.795742 | 0.605635 | 1 | SKS | 0 | 1.2294 | 158.251 | 0 | 1 | 1 | 1 | 1 | 1 | 1 | 1 | camera |  | 0.795742 | 0 | 0.605635 | 0.795742 | 0 | 0.605
SCRIPT       : DATA_LOG | 488405 | aRapBi1cCZPZAGLIDny3dk3hQ8vTmNTLHRl8zxmKgQ0= | 13457 | 15.8817 | 13939.6 | 0.795742 | 0.605635 | 1 | SKS | 0 | 1.22653 | 158.263 | 0 | 1 | 1 | 1 | 1 | 1 | 1 | 1 | camera |  | 0.795742 | 0 | 0.605635 | 0.795742 | 0 | 0.60
SCRIPT       : DATA_LOG | 489405 | aRapBi1cCZPZAGLIDny3dk3hQ8vTmNTLHRl8zxmKgQ0= | 13457 | 15.8817 | 13939.6 | 0.795742 | 0.605635 | 1 | SKS | 0 | 1.22733 | 158.256 | 0 | 1 | 1 | 1 | 1 | 1 | 1 | 1 | camera |  | 0.795742 | 0 | 0.605635 | 0.795742 | 0 | 0.60
SCRIPT       : DATA_LOG | 490411 | aRapBi1cCZPZAGLIDny3dk3hQ8vTmNTLHRl8zxmKgQ0= | 13457.6 | 15.7111 | 13938.9 | 0.802477 | 0.596682 | 1 | SKS | 0 | 0.241474 | 158.249 | 0 | 1 | 1 | 1 | 1 | 1 | 1 | 1 | camera | TreeSoft_t_FagusSylvatica_1fc | 0.802477 | 0 
SCRIPT       : DATA_LOG | 491412 | aRapBi1cCZPZAGLIDny3dk3hQ8vTmNTLHRl8zxmKgQ0= | 13457.8 | 15.6583 | 13938.6 | 0.802985 | 0.595999 | 1 | SKS | 0 | 0.0927874 | 158.243 | 0 | 1 | 1 | 1 | 1 | 1 | 1 | 1 | camera |  | 0.802985 | 0 | 0.595999 | 0.802985 | 0 | 
SCRIPT       : DATA_LOG | 492412 | aRapBi1cCZPZAGLIDny3dk3hQ8vTmNTLHRl8zxmKgQ0= | 13457.8 | 15.6583 | 13938.6 | 0.802985 | 0.595999 | 1 | SKS | 0 | 0.0969133 | 158.244 | 0 | 1 | 1 | 1 | 1 | 1 | 1 | 1 | camera |  | 0.802985 | 0 | 0.595999 | 0.802985 | 0 | 
SCRIPT       : DATA_LOG | 493403 | aRapBi1cCZPZAGLIDny3dk3hQ8vTmNTLHRl8zxmKgQ0= | 13457.8 | 15.6583 | 13938.6 | 0.802985 | 0.595999 | 1 | SKS | 0 | 0.0927874 | 158.241 | 0 | 1 | 1 | 1 | 1 | 1 | 1 | 1 | camera |  | 0.802985 | 0 | 0.595999 | 0.802985 | 0 | 
SCRIPT       : DATA_LOG | 494408 | aRapBi1cCZPZAGLIDny3dk3hQ8vTmNTLHRl8zxmKgQ0= | 13457.8 | 15.6583 | 13938.6 | 0.802985 | 0.595999 | 1 | SKS | 0 | 0.0948728 | 158.231 | 0 | 1 | 1 | 1 | 1 | 1 | 1 | 1 | camera |  | 0.802985 | 0 | 0.595999 | 0.802985 | 0 | 
SCRIPT       : DATA_LOG | 495411 | aRapBi1cCZPZAGLIDny3dk3hQ8vTmNTLHRl8zxmKgQ0= | 13457 | 15.9031 | 13939.7 | 0.820619 | 0.571476 | 0 | SKS | 0 | 1.17036 | 158.227 | 0 | 1 | 1 | 1 | 0 | 0 | 0 | 1 | camera |  | 0.820619 | 0 | 0.571476 | 0.820619 | 0 | 0.57
SCRIPT       : DATA_LOG | 496411 | aRapBi1cCZPZAGLIDny3dk3hQ8vTmNTLHRl8zxmKgQ0= | 13455.2 | 16.4381 | 13942.2 | 0.147333 | 0.989087 | 0 | SKS | 0 | 46.5968 | 158.206 | 0 | 1 | 1 | 0 | 0 | 0 | 0 | 1 | camera |  | 0.147333 | 0 | 0.989087 | 0.147333 | 0 | 0.
SCRIPT       : DATA_LOG | 497419 | aRapBi1cCZPZAGLIDny3dk3hQ8vTmNTLHRl8zxmKgQ0= | 13453.6 | 17.6228 | 13944.4 | 0.873604 | 0.486637 | 1 | SKS | 0 | 4.86136 | 158.339 | 0 | 1 | 1 | 1 | 1 | 1 | 1 | 1 | camera |  | 0.873604 | 0 | 0.486637 | 0.873604 | 0 | 0.
SCRIPT       : DATA_LOG | 498415 | aRapBi1cCZPZAGLIDny3dk3hQ8vTmNTLHRl8zxmKgQ0= | 13452.8 | 18.229 | 13945.5 | 0.842264 | 0.539065 | 1 | SKS | 0 | 1.2784 | 158.324 | 0 | 1 | 1 | 1 | 1 | 1 | 1 | 1 | camera | Land_Shed_W6 | 0.842264 | 0 | 0.539065 | 0.84226
SCRIPT       : DATA_LOG | 499413 | aRapBi1cCZPZAGLIDny3dk3hQ8vTmNTLHRl8zxmKgQ0= | 13452.6 | 18.3953 | 13945.9 | 0.842675 | 0.538423 | 1 | SKS | 0 | 1.27165 | 158.321 | 0 | 1 | 1 | 1 | 1 | 1 | 1 | 1 | camera | Land_Shed_W6 | 0.842675 | 0 | 0.538423 | 0.842
SCRIPT       : DATA_LOG | 500409 | aRapBi1cCZPZAGLIDny3dk3hQ8vTmNTLHRl8zxmKgQ0= | 13452.9 | 18.1767 | 13945.5 | 0.822899 | 0.568188 | 1 | SKS | 0 | 1.50011 | 158.306 | 0 | 1 | 1 | 1 | 1 | 1 | 1 | 1 | camera |  | 0.822899 | 0 | 0.568188 | 0.822899 | 0 | 0.
SCRIPT       : DATA_LOG | 501419 | aRapBi1cCZPZAGLIDny3dk3hQ8vTmNTLHRl8zxmKgQ0= | 13453.9 | 17.4403 | 13944.1 | 0.825469 | 0.564447 | 1 | SKS | 0 | 0.762589 | 158.24 | 0 | 1 | 1 | 1 | 1 | 1 | 1 | 1 | camera |  | 0.825469 | 0 | 0.564447 | 0.825469 | 0 | 0.
SCRIPT       : DATA_LOG | 502417 | aRapBi1cCZPZAGLIDny3dk3hQ8vTmNTLHRl8zxmKgQ0= | 13454.6 | 16.8847 | 13943.1 | 0.823176 | 0.567786 | 1 | SKS | 0 | 0.507063 | 158.236 | 0 | 1 | 1 | 1 | 1 | 1 | 1 | 1 | camera |  | 0.823176 | 0 | 0.567786 | 0.823176 | 0 | 0
SCRIPT       : DATA_LOG | 503416 | aRapBi1cCZPZAGLIDny3dk3hQ8vTmNTLHRl8zxmKgQ0= | 13454.6 | 16.8847 | 13943.1 | 0.823176 | 0.567786 | 1 | SKS | 0 | 0.507063 | 158.229 | 0 | 1 | 1 | 1 | 1 | 1 | 1 | 1 | camera |  | 0.823176 | 0 | 0.567786 | 0.823176 | 0 | 0
SCRIPT       : DATA_LOG | 504416 | aRapBi1cCZPZAGLIDny3dk3hQ8vTmNTLHRl8zxmKgQ0= | 13454.6 | 16.8847 | 13943.1 | 0.823176 | 0.567786 | 1 | SKS | 0 | 0.507063 | 158.237 | 0 | 1 | 1 | 1 | 1 | 1 | 1 | 1 | camera |  | 0.823176 | 0 | 0.567786 | 0.823176 | 0 | 0
SCRIPT       : DATA_LOG | 505424 | aRapBi1cCZPZAGLIDny3dk3hQ8vTmNTLHRl8zxmKgQ0= | 13454.6 | 16.8847 | 13943.1 | 0.823176 | 0.567786 | 1 | SKS | 0 | 0.507063 | 158.238 | 0 | 1 | 1 | 1 | 1 | 1 | 1 | 1 | camera |  | 0.823176 | 0 | 0.567786 | 0.823176 | 0 | 0
SCRIPT       : DATA_LOG | 506414 | aRapBi1cCZPZAGLIDny3dk3hQ8vTmNTLHRl8zxmKgQ0= | 13454.6 | 16.8847 | 13943.1 | 0.823176 | 0.567786 | 1 | SKS | 0 | 0.507449 | 158.232 | 0 | 1 | 1 | 1 | 1 | 1 | 1 | 1 | camera |  | 0.823176 | 0 | 0.567786 | 0.823176 | 0 | 0
SCRIPT       : DATA_LOG | 507422 | aRapBi1cCZPZAGLIDny3dk3hQ8vTmNTLHRl8zxmKgQ0= | 13454.6 | 16.8847 | 13943.1 | 0.823176 | 0.567786 | 0 | SKS | 0 | 0.507449 | 158.239 | 0 | 1 | 1 | 1 | 0 | 0 | 0 | 1 | camera |  | 0.823176 | 0 | 0.567786 | 0.823176 | 0 | 0
SCRIPT       : DATA_LOG | 508425 | aRapBi1cCZPZAGLIDny3dk3hQ8vTmNTLHRl8zxmKgQ0= | 13454.6 | 16.8847 | 13943.1 | 0.823176 | 0.567786 | 0 | SKS | 0 | 0.506677 | 158.221 | 0 | 1 | 1 | 1 | 0 | 0 | 0 | 1 | camera |  | 0.823176 | 0 | 0.567786 | 0.823176 | 0 | 0
SCRIPT       : DATA_LOG | 509428 | aRapBi1cCZPZAGLIDny3dk3hQ8vTmNTLHRl8zxmKgQ0= | 13454.2 | 17.1567 | 13943.6 | 0.814575 | 0.580059 | 1 | Colt1911 | 0 | 1.30746 | 158.255 | 0 | 1 | 1 | 1 | 1 | 1 | 1 | 1 | camera |  | 0.814575 | 0 | 0.580059 | 0.814575 | 0
SCRIPT       : DATA_LOG | 510433 | aRapBi1cCZPZAGLIDny3dk3hQ8vTmNTLHRl8zxmKgQ0= | 13454.2 | 17.1595 | 13943.6 | 0.814575 | 0.580059 | 1 | Colt1911 | 0 | 1.31075 | 158.253 | 0 | 1 | 1 | 1 | 1 | 1 | 1 | 1 | camera |  | 0.814575 | 0 | 0.580059 | 0.814575 | 0
SCRIPT       : DATA_LOG | 511438 | aRapBi1cCZPZAGLIDny3dk3hQ8vTmNTLHRl8zxmKgQ0= | 13454.2 | 17.1595 | 13943.6 | 0.814575 | 0.580059 | 1 | Colt1911 | 0 | 1.31075 | 158.257 | 0 | 1 | 1 | 1 | 1 | 1 | 1 | 1 | camera |  | 0.814575 | 0 | 0.580059 | 0.814575 | 0
SCRIPT       : DATA_LOG | 512432 | aRapBi1cCZPZAGLIDny3dk3hQ8vTmNTLHRl8zxmKgQ0= | 13454.3 | 17.0798 | 13943.5 | 0.824887 | 0.565297 | 1 | Colt1911 | 0 | 0.574713 | 158.259 | 0 | 1 | 1 | 1 | 1 | 1 | 1 | 1 | camera |  | 0.824887 | 0 | 0.565297 | 0.824887 | 
SCRIPT       : DATA_LOG | 513429 | aRapBi1cCZPZAGLIDny3dk3hQ8vTmNTLHRl8zxmKgQ0= | 13454.3 | 17.0639 | 13943.4 | 0.824887 | 0.565297 | 1 | Colt1911 | 0 | 0.567862 | 158.251 | 0 | 1 | 1 | 1 | 1 | 1 | 1 | 1 | camera |  | 0.824887 | 0 | 0.565297 | 0.824887 | 
SCRIPT       : DATA_LOG | 514427 | aRapBi1cCZPZAGLIDny3dk3hQ8vTmNTLHRl8zxmKgQ0= | 13454.3 | 17.0639 | 13943.4 | 0.824887 | 0.565297 | 1 | Colt1911 | 0 | 0.567862 | 158.259 | 0 | 1 | 1 | 1 | 1 | 1 | 1 | 1 | camera |  | 0.824887 | 0 | 0.565297 | 0.824887 | 
SCRIPT       : DATA_LOG | 515427 | aRapBi1cCZPZAGLIDny3dk3hQ8vTmNTLHRl8zxmKgQ0= | 13454.3 | 17.0639 | 13943.4 | 0.824887 | 0.565297 | 0 | Colt1911 | 0 | 0.567173 | 158.241 | 0 | 1 | 1 | 1 | 0 | 0 | 0 | 1 | camera |  | 0.824887 | 0 | 0.565297 | 0.824887 | 
SCRIPT       : DATA_LOG | 516430 | aRapBi1cCZPZAGLIDny3dk3hQ8vTmNTLHRl8zxmKgQ0= | 13454.3 | 17.0639 | 13943.4 | 0.824887 | 0.565297 | 0 | Colt1911 | 0 | 0.567862 | 158.251 | 0 | 1 | 1 | 1 | 0 | 0 | 0 | 1 | camera |  | 0.824887 | 0 | 0.565297 | 0.824887 | 
SCRIPT       : DATA_LOG | 517428 | aRapBi1cCZPZAGLIDny3dk3hQ8vTmNTLHRl8zxmKgQ0= | 13454.3 | 17.0639 | 13943.4 | 0.824887 | 0.565297 | 0 | MakarovIJ70 | 0 | 0.567173 | 158.254 | 0 | 1 | 1 | 1 | 0 | 0 | 0 | 1 | camera |  | 0.824887 | 0 | 0.565297 | 0.824887
SCRIPT       : DATA_LOG | 518439 | aRapBi1cCZPZAGLIDny3dk3hQ8vTmNTLHRl8zxmKgQ0= | 13454.3 | 17.0639 | 13943.4 | 0.824887 | 0.565297 | 1 | MakarovIJ70 | 0 | 0.567518 | 158.254 | 0 | 1 | 1 | 1 | 1 | 1 | 1 | 1 | camera |  | 0.824887 | 0 | 0.565297 | 0.824887
SCRIPT       : DATA_LOG | 519430 | aRapBi1cCZPZAGLIDny3dk3hQ8vTmNTLHRl8zxmKgQ0= | 13454.3 | 17.0639 | 13943.4 | 0.824887 | 0.565297 | 1 | MakarovIJ70 | 0 | 0.567862 | 158.259 | 0 | 1 | 1 | 1 | 1 | 1 | 1 | 1 | camera |  | 0.824887 | 0 | 0.565297 | 0.824887
SCRIPT       : DATA_LOG | 520436 | aRapBi1cCZPZAGLIDny3dk3hQ8vTmNTLHRl8zxmKgQ0= | 13454.3 | 17.0639 | 13943.4 | 0.824887 | 0.565297 | 1 | MakarovIJ70 | 0 | 0.567862 | 158.251 | 0 | 1 | 1 | 1 | 1 | 1 | 1 | 1 | camera |  | 0.824887 | 0 | 0.565297 | 0.824887
SCRIPT       : DATA_LOG | 521439 | aRapBi1cCZPZAGLIDny3dk3hQ8vTmNTLHRl8zxmKgQ0= | 13454.3 | 17.0639 | 13943.4 | 0.824887 | 0.565297 | 1 | MakarovIJ70 | 0 | 0.568551 | 158.259 | 0 | 1 | 1 | 1 | 1 | 1 | 1 | 1 | camera |  | 0.824887 | 0 | 0.565297 | 0.824887
SCRIPT       : DATA_LOG | 522450 | aRapBi1cCZPZAGLIDny3dk3hQ8vTmNTLHRl8zxmKgQ0= | 13454.2 | 17.1543 | 13943.6 | 0.832761 | 0.553633 | 0 | MakarovIJ70 | 0 | 0.901355 | 158.243 | 0 | 1 | 1 | 1 | 0 | 0 | 0 | 1 | camera |  | 0.832761 | 0 | 0.553633 | 0.832761
SCRIPT       : DATA_LOG | 523441 | aRapBi1cCZPZAGLIDny3dk3hQ8vTmNTLHRl8zxmKgQ0= | 13452.1 | 18.8888 | 13946.8 | 0.850423 | 0.526099 | 0 | MakarovIJ70 | 0 | 1.68656 | 158.253 | 0 | 1 | 1 | 1 | 0 | 0 | 0 | 1 | camera | Land_Shed_W6 | 0.850423 | 0 | 0.526099
SCRIPT       : DATA_LOG | 524436 | aRapBi1cCZPZAGLIDny3dk3hQ8vTmNTLHRl8zxmKgQ0= | 13449.4 | 19.8964 | 13947.3 | 0.854968 | 0.518681 | 0 | MakarovIJ70 | 0 | 1.85846 | 160.338 | 0 | 1 | 1 | 1 | 0 | 0 | 0 | 1 | camera | Land_Shed_W6 | 0.854968 | 0 | 0.518681
SCRIPT       : DATA_LOG | 525445 | aRapBi1cCZPZAGLIDny3dk3hQ8vTmNTLHRl8zxmKgQ0= | 13447.2 | 20.6753 | 13947.5 | 0.850369 | 0.526187 | 1 | MakarovIJ70 | 0 | 1.82874 | 162.025 | 0 | 1 | 1 | 1 | 1 | 1 | 1 | 1 | camera | Land_Shed_W6 | 0.850369 | 0 | 0.526187
SCRIPT       : DATA_LOG | 526444 | aRapBi1cCZPZAGLIDny3dk3hQ8vTmNTLHRl8zxmKgQ0= | 13447 | 20.7525 | 13947.7 | 0.848819 | 0.528684 | 1 | MakarovIJ70 | 0 | 1.87169 | 162.198 | 0 | 1 | 1 | 1 | 1 | 1 | 1 | 1 | camera |  | 0.848819 | 0 | 0.528684 | 0.848819 | 
SCRIPT       : DATA_LOG | 527445 | aRapBi1cCZPZAGLIDny3dk3hQ8vTmNTLHRl8zxmKgQ0= | 13446.3 | 21.7131 | 13951.1 | -0.00107155 | 0.999999 | 0 | MakarovIJ70 | 0 | 59.5951 | 161.059 | 0 | 1 | 1 | 0 | 0 | 0 | 0 | 1 | camera |  | -0.00107155 | 0 | 0.999999 | -0.
SCRIPT       : DATA_LOG | 528447 | aRapBi1cCZPZAGLIDny3dk3hQ8vTmNTLHRl8zxmKgQ0= | 13445.6 | 22.9863 | 13955.1 | 0.811229 | 0.584728 | 1 | MakarovIJ70 | 0 | 7.186 | 159.705 | 0 | 1 | 1 | 0 | 0 | 0 | 1 | 1 | camera |  | 0.811229 | 0 | 0.584728 | 0.811229 | 
SCRIPT       : DATA_LOG | 529451 | aRapBi1cCZPZAGLIDny3dk3hQ8vTmNTLHRl8zxmKgQ0= | 13445.2 | 23.1548 | 13955.6 | 0.873639 | 0.486575 | 1 | MakarovIJ70 | 0 | 2.75243 | 159.775 | 0 | 1 | 1 | 1 | 1 | 1 | 1 | 1 | camera |  | 0.873639 | 0 | 0.486575 | 0.873639 
SCRIPT       : DATA_LOG | 530484 | aRapBi1cCZPZAGLIDny3dk3hQ8vTmNTLHRl8zxmKgQ0= | 13443.6 | 23.1188 | 13955.2 | 0.877398 | 0.479764 | 1 | MakarovIJ70 | 0 | 2.70523 | 161.371 | 0 | 1 | 1 | 1 | 1 | 1 | 1 | 1 | camera |  | 0.877398 | 0 | 0.479764 | 0.877398 
SCRIPT       : DATA_LOG | 531454 | aRapBi1cCZPZAGLIDny3dk3hQ8vTmNTLHRl8zxmKgQ0= | 13443.4 | 22.8343 | 13954.2 | 0.873332 | 0.487126 | 1 | MakarovIJ70 | 0 | 2.59631 | 162.058 | 0 | 1 | 1 | 1 | 1 | 1 | 1 | 1 | camera |  | 0.873332 | 0 | 0.487126 | 0.873332 
SCRIPT       : DATA_LOG | 532457 | aRapBi1cCZPZAGLIDny3dk3hQ8vTmNTLHRl8zxmKgQ0= | 13442.8 | 22.906 | 13954.3 | 0.873307 | 0.487169 | 0 | MakarovIJ70 | 0 | 2.62301 | 162.486 | 0 | 1 | 1 | 1 | 0 | 0 | 0 | 1 | camera |  | 0.873307 | 0 | 0.487169 | 0.873307 |
SCRIPT       : DATA_LOG | 533450 | aRapBi1cCZPZAGLIDny3dk3hQ8vTmNTLHRl8zxmKgQ0= | 13442.9 | 22.8966 | 13954.3 | 0.888452 | 0.458969 | 0 | MakarovIJ70 | 0 | 3.05537 | 162.494 | 0 | 1 | 1 | 1 | 0 | 0 | 0 | 1 | camera |  | 0.888452 | 0 | 0.458969 | 0.888452 
SCRIPT       : DATA_LOG | 534449 | aRapBi1cCZPZAGLIDny3dk3hQ8vTmNTLHRl8zxmKgQ0= | 13443 | 21.9805 | 13950.5 | 0.688508 | -0.725229 | 0 | MakarovIJ70 | 0 | 76.6052 | 164.156 | 0 | 1 | 1 | 0 | 0 | 0 | 0 | 1 | camera |  | 0.688508 | 0 | -0.725229 | 0.688508 
SCRIPT       : DATA_LOG | 535449 | aRapBi1cCZPZAGLIDny3dk3hQ8vTmNTLHRl8zxmKgQ0= | 13443.5 | 20.9827 | 13946.9 | 0.960215 | 0.279263 | 0 | MakarovIJ70 | 0 | 15.1686 | 165.522 | 0 | 1 | 1 | 0 | 0 | 0 | 0 | 1 | camera |  | 0.960215 | 0 | 0.279263 | 0.960215 
SCRIPT       : DATA_LOG | 536450 | aRapBi1cCZPZAGLIDny3dk3hQ8vTmNTLHRl8zxmKgQ0= | 13443.3 | 21.8131 | 13949.9 | 0.880188 | 0.474625 | 0 | MakarovIJ70 | 0 | 2.96887 | 164.171 | 0 | 1 | 1 | 1 | 0 | 0 | 0 | 1 | camera |  | 0.880188 | 0 | 0.474625 | 0.880188 
SCRIPT       : DATA_LOG | 537456 | aRapBi1cCZPZAGLIDny3dk3hQ8vTmNTLHRl8zxmKgQ0= | 13443.1 | 22.2979 | 13951.9 | 0.867558 | 0.497336 | 1 | MakarovIJ70 | 0 | 2.38524 | 163.44 | 0 | 1 | 1 | 1 | 1 | 1 | 1 | 1 | camera |  | 0.867558 | 0 | 0.497336 | 0.867558 |
SCRIPT       : DATA_LOG | 538465 | aRapBi1cCZPZAGLIDny3dk3hQ8vTmNTLHRl8zxmKgQ0= | 13442.8 | 22.4334 | 13952.3 | 0.874294 | 0.485398 | 0 | MakarovIJ70 | 0 | 2.47694 | 163.466 | 0 | 1 | 1 | 1 | 0 | 0 | 0 | 1 | camera |  | 0.874294 | 0 | 0.485398 | 0.874294 
SCRIPT       : DATA_LOG | 539463 | aRapBi1cCZPZAGLIDny3dk3hQ8vTmNTLHRl8zxmKgQ0= | 13443.6 | 22.0046 | 13950.9 | 0.87444 | 0.485133 | 0 | MakarovIJ70 | 0 | 2.5138 | 163.445 | 0 | 1 | 1 | 1 | 0 | 0 | 0 | 1 | camera |  | 0.87444 | 0 | 0.485133 | 0.87444 | 0 
SCRIPT       : DATA_LOG | 540457 | aRapBi1cCZPZAGLIDny3dk3hQ8vTmNTLHRl8zxmKgQ0= | 13443.6 | 22.0046 | 13950.9 | 0.87444 | 0.485133 | 0 | MakarovIJ70 | 0 | 2.51412 | 163.454 | 0 | 1 | 1 | 1 | 0 | 0 | 0 | 1 | camera |  | 0.87444 | 0 | 0.485133 | 0.87444 | 0
 SCRIPT       : [Logout]: New player aRapBi1cCZPZAGLIDny3dk3hQ8vTmNTLHRl8zxmKgQ0= with logout time 15
 SCRIPT       : Player "rafaelglima79" (steamid=76561199445097358) initiated disconnect process...
SCRIPT       : DATA_LOG | 541468 | aRapBi1cCZPZAGLIDny3dk3hQ8vTmNTLHRl8zxmKgQ0= | 13443.6 | 22.0044 | 13950.9 | 0.87444 | 0.485133 | 0 | MakarovIJ70 | 0 | 2.51357 | 163.459 | 0 | 1 | 1 | 1 | 0 | 0 | 0 | 1 | camera |  | 0.87444 | 0 | 0.485133 | 0.87444 | 0
SCRIPT       : DATA_LOG | 542457 | aRapBi1cCZPZAGLIDny3dk3hQ8vTmNTLHRl8zxmKgQ0= | 13443.5 | 22.0043 | 13950.8 | 0.87444 | 0.485133 | 0 | MakarovIJ70 | 0 | 2.51131 | 163.593 | 0 | 1 | 1 | 1 | 0 | 0 | 0 | 1 | camera |  | 0.87444 | 0 | 0.485133 | 0.87444 | 0
SCRIPT       : DATA_LOG | 543470 | aRapBi1cCZPZAGLIDny3dk3hQ8vTmNTLHRl8zxmKgQ0= | 13443.4 | 22.0045 | 13950.8 | 0.87444 | 0.485133 | 0 | MakarovIJ70 | 0 | 2.51108 | 163.661 | 0 | 1 | 1 | 1 | 0 | 0 | 0 | 1 | camera |  | 0.87444 | 0 | 0.485133 | 0.87444 | 0
 SCRIPT       : Player "rafaelglima79" (steamid=76561199445097358) disconnected early from server (EXIT NOW).
SCRIPT       : DATA_LOG | 544453 | aRapBi1cCZPZAGLIDny3dk3hQ8vTmNTLHRl8zxmKgQ0= | 13443.4 | 22.0045 | 13950.8 | 0.87444 | 0.485133 | 0 | MakarovIJ70 | 0 | 2.50921 | 163.649 | 0 | 1 | 1 | 1 | 0 | 0 | 0 | 1 | camera |  | 0.87444 | 0 | 0.485133 | 0.87444 | 0
SCRIPT       : DATA_LOG | 545467 | aRapBi1cCZPZAGLIDny3dk3hQ8vTmNTLHRl8zxmKgQ0= | 13443.4 | 22.0045 | 13950.8 | 0.87444 | 0.485133 | 0 | MakarovIJ70 | 0 | 2.51155 | 163.663 | 0 | 1 | 1 | 1 | 0 | 0 | 0 | 1 | camera |  | 0.87444 | 0 | 0.485133 | 0.87444 | 0
SCRIPT       : DATA_LOG | 546470 | aRapBi1cCZPZAGLIDny3dk3hQ8vTmNTLHRl8zxmKgQ0= | 13443.4 | 22.0045 | 13950.8 | 0.87444 | 0.485133 | 0 | MakarovIJ70 | 0 | 2.5103 | 163.656 | 0 | 1 | 1 | 1 | 0 | 0 | 0 | 1 | camera |  | 0.87444 | 0 | 0.485133 | 0.87444 | 0 
SCRIPT       : DATA_LOG | 547459 | aRapBi1cCZPZAGLIDny3dk3hQ8vTmNTLHRl8zxmKgQ0= | 13443.4 | 22.0045 | 13950.8 | 0.87444 | 0.485133 | 0 | MakarovIJ70 | 0 | 2.51061 | 163.664 | 0 | 1 | 1 | 1 | 0 | 0 | 0 | 1 | camera |  | 0.87444 | 0 | 0.485133 | 0.87444 | 0
SCRIPT       : DATA_LOG | 548462 | aRapBi1cCZPZAGLIDny3dk3hQ8vTmNTLHRl8zxmKgQ0= | 13443.4 | 22.0045 | 13950.8 | 0.87444 | 0.485133 | 0 | MakarovIJ70 | 0 | 2.51045 | 163.664 | 0 | 1 | 1 | 1 | 0 | 0 | 0 | 1 | camera |  | 0.87444 | 0 | 0.485133 | 0.87444 | 0
SCRIPT       : DATA_LOG | 549463 | aRapBi1cCZPZAGLIDny3dk3hQ8vTmNTLHRl8zxmKgQ0= | 13443.4 | 22.0045 | 13950.8 | 0.87444 | 0.485133 | 0 | MakarovIJ70 | 0 | 2.50967 | 163.659 | 0 | 1 | 1 | 1 | 0 | 0 | 0 | 1 | camera |  | 0.87444 | 0 | 0.485133 | 0.87444 | 0
SCRIPT       : DATA_LOG | 550470 | aRapBi1cCZPZAGLIDny3dk3hQ8vTmNTLHRl8zxmKgQ0= | 13443.4 | 22.0045 | 13950.8 | 0.87444 | 0.485133 | 0 | MakarovIJ70 | 0 | 2.5117 | 163.664 | 0 | 1 | 1 | 1 | 0 | 0 | 0 | 1 | camera |  | 0.87444 | 0 | 0.485133 | 0.87444 | 0 
SCRIPT       : DATA_LOG | 551464 | aRapBi1cCZPZAGLIDny3dk3hQ8vTmNTLHRl8zxmKgQ0= | 13443.4 | 22.0045 | 13950.8 | 0.87444 | 0.485133 | 0 | MakarovIJ70 | 0 | 2.50905 | 163.649 | 0 | 1 | 1 | 1 | 0 | 0 | 0 | 1 | camera |  | 0.87444 | 0 | 0.485133 | 0.87444 | 0
SCRIPT       : DATA_LOG | 552467 | aRapBi1cCZPZAGLIDny3dk3hQ8vTmNTLHRl8zxmKgQ0= | 13443.4 | 22.0045 | 13950.8 | 0.87444 | 0.485133 | 0 | MakarovIJ70 | 0 | 2.51116 | 163.661 | 0 | 1 | 1 | 1 | 0 | 0 | 0 | 1 | camera |  | 0.87444 | 0 | 0.485133 | 0.87444 | 0
SCRIPT       : DATA_LOG | 553477 | aRapBi1cCZPZAGLIDny3dk3hQ8vTmNTLHRl8zxmKgQ0= | 13443.4 | 22.0045 | 13950.8 | 0.87444 | 0.485133 | 0 | MakarovIJ70 | 0 | 2.51038 | 163.658 | 0 | 1 | 1 | 1 | 0 | 0 | 0 | 1 | camera |  | 0.87444 | 0 | 0.485133 | 0.87444 | 0
SCRIPT       : DATA_LOG | 554468 | aRapBi1cCZPZAGLIDny3dk3hQ8vTmNTLHRl8zxmKgQ0= | 13443.4 | 22.0045 | 13950.8 | 0.87444 | 0.485133 | 0 | MakarovIJ70 | 0 | 2.51053 | 163.664 | 0 | 1 | 1 | 1 | 0 | 0 | 0 | 1 | camera |  | 0.87444 | 0 | 0.485133 | 0.87444 | 0
SCRIPT       : DATA_LOG | 555469 | aRapBi1cCZPZAGLIDny3dk3hQ8vTmNTLHRl8zxmKgQ0= | 13443.4 | 22.0045 | 13950.8 | 0.87444 | 0.485133 | 0 | MakarovIJ70 | 0 | 2.51061 | 163.666 | 0 | 1 | 1 | 1 | 0 | 0 | 0 | 1 | camera |  | 0.87444 | 0 | 0.485133 | 0.87444 | 0
SCRIPT       : [Logout]: Player aRapBi1cCZPZAGLIDny3dk3hQ8vTmNTLHRl8zxmKgQ0= finished
SCRIPT       : [PlayerListManager] SyncEntryToReceivers ► uid: aRapBi1cCZPZAGLIDny3dk3hQ8vTmNTLHRl8zxmKgQ0= isn't in the players list! sending a remove.
SCRIPT       : PlayerDisconnected -> PlayerListManager.RemoveEntry ► aRapBi1cCZPZAGLIDny3dk3hQ8vTmNTLHRl8zxmKgQ0=
 SCRIPT       : [MissionServer] OnMissionFinish - Server
 SCRIPT       : ~DayZGame()
