---------------------------------------------
Log D:\ModelAnti-Cheat\log_profiles\script_2026-08-24_00-32-42.log started at 24.08. 00:32:44

SCRIPT       : Module: GameLib; loaded 18x files; 26x classes; used 39/2097 kB (1%) of static memory; defines: "DAYZ_1_29,SERVER_FOR_WINDOWS,SERVER,PLATFORM_WINDOWS,RELEASE,NO_GUI,NO_GUI_INGAME,sakhal,JM_CommunityFramework,CF_MODULE_CONFIG,CF_EXPRESSION,C
SCRIPT       : Registered 349 temporary action enum(s), UAN==349
SCRIPT       : Module: Game; loaded 521x files; 1604x classes; used 4275/33554 kB (12%) of static memory; defines: "DAYZ_1_29,SERVER_FOR_WINDOWS,SERVER,PLATFORM_WINDOWS,RELEASE,NO_GUI,NO_GUI_INGAME,sakhal,JM_CommunityFramework,CF_MODULE_CONFIG,CF_EXPRESSI
SCRIPT       : ... Backlit Effects Enabled
SCRIPT       : VPPNotificationManager()
SCRIPT       : [VPPAT] Internal VPPNotifications module loaded!
SCRIPT       : [DayZ Game]:: DayZGame(): Initializing V++ Admin Tools.
SCRIPT       : Module: World; loaded 2247x files; 5867x classes; used 9520/33554 kB (28%) of static memory; defines: "DAYZ_1_29,SERVER_FOR_WINDOWS,SERVER,PLATFORM_WINDOWS,RELEASE,NO_GUI,NO_GUI_INGAME,sakhal,JM_CommunityFramework,CF_MODULE_CONFIG,CF_EXPRES
 SCRIPT       : Module: Mission; loaded 293x files; 593x classes; used 3996/33554 kB (11%) of static memory; defines: "DAYZ_1_29,SERVER_FOR_WINDOWS,SERVER,PLATFORM_WINDOWS,RELEASE,NO_GUI,NO_GUI_INGAME,sakhal,JM_CommunityFramework,CF_MODULE_CONFIG,CF_EXPRE
 SCRIPT    (W): @"$CurrentDir:mpmissions\dayzOffline.chernarusplus\init.c,54": Possible variable name conflict 'm_player'
 SCRIPT       : Module: $CurrentDir:mpmissions\dayzOffline.chernarusplus\init.c; loaded 1x files; 1x classes; used 16/1048 kB (1%) of static memory; defines: "DAYZ_1_29,SERVER_FOR_WINDOWS,SERVER,PLATFORM_WINDOWS,RELEASE,NO_GUI,NO_GUI_INGAME,sakhal,JM_Comm
 SCRIPT       : [SERVER :: Vanilla++ AdminTools Plugins Registering]
 SCRIPT       : [MissionServer] OnInit - Server
 SCRIPT       : [MissionServer] OnMissionStart - Server
 SCRIPT       : string dirtyName = 'TESTINGSERVER'
SCRIPT       : m_LoginTimeMs: 16200
 SCRIPT       : ---- PlayerBase OnStoreLoad SUCCESS ----
 SCRIPT       : [VPPAT] Player "rafaelglima79" (steamId=76561199445097358) connected to server!
 SCRIPT       : [PlayerListManager] AddReceiver ► added: PlayerIdentity<0x000002333F762720>
SCRIPT       : [DUMMY_DEBUG] SUCESSO: Dummy criado na posicao: <13496.510742, 10.560483, 13892.852539>
SCRIPT       : DATA_LOG | 333760 | aRapBi1cCZPZAGLIDny3dk3hQ8vTmNTLHRl8zxmKgQ0= | 13493.5 | 10.3498 | 13892.7 | 0.999314 | 0.0370233 | 0 | SKS | 1 | 4.01713 | 3.0075 | 0 | 1 | 1 | 1 | 0 | 0 | 0 | 1 | camera | none | 0.999314 | 0 | 0.0370233 | 0.999314 | 0
SCRIPT       : DATA_LOG | 334531 | aRapBi1cCZPZAGLIDny3dk3hQ8vTmNTLHRl8zxmKgQ0= | 13493.5 | 10.3498 | 13892.7 | 0.999314 | 0.0370233 | 0 | SKS | 1 | 31.0985 | 3.52729 | 0 | 1 | 1 | 0 | 0 | 0 | 0 | 1 | camera | target | 0.999314 | 0 | 0.0370233 | 0.999314 
SCRIPT       : DATA_LOG | 335525 | aRapBi1cCZPZAGLIDny3dk3hQ8vTmNTLHRl8zxmKgQ0= | 13493.5 | 10.3498 | 13892.7 | 0.999314 | 0.0370233 | 0 | SKS | 1 | 31.0644 | 3.52767 | 0 | 1 | 1 | 0 | 0 | 0 | 0 | 1 | camera | target | 0.999314 | 0 | 0.0370233 | 0.999314 
SCRIPT       : DATA_LOG | 336590 | aRapBi1cCZPZAGLIDny3dk3hQ8vTmNTLHRl8zxmKgQ0= | 13493.5 | 10.3498 | 13892.7 | 0.999314 | 0.0370233 | 0 | SKS | 1 | 31.1559 | 3.52263 | 0 | 1 | 1 | 0 | 0 | 0 | 0 | 1 | camera | target | 0.999314 | 0 | 0.0370233 | 0.999314 
SCRIPT       : DATA_LOG | 337595 | aRapBi1cCZPZAGLIDny3dk3hQ8vTmNTLHRl8zxmKgQ0= | 13493.5 | 10.3498 | 13892.7 | 0.999314 | 0.0370233 | 0 | SKS | 1 | 31.1362 | 3.52418 | 0 | 1 | 1 | 0 | 0 | 0 | 0 | 1 | camera | target | 0.999314 | 0 | 0.0370233 | 0.999314 
SCRIPT       : DATA_LOG | 338590 | aRapBi1cCZPZAGLIDny3dk3hQ8vTmNTLHRl8zxmKgQ0= | 13493.5 | 10.3498 | 13892.7 | 0.999314 | 0.0370233 | 0 | SKS | 1 | 31.0857 | 3.52716 | 0 | 1 | 1 | 0 | 0 | 0 | 0 | 1 | camera | target | 0.999314 | 0 | 0.0370233 | 0.999314 
SCRIPT       : DATA_LOG | 339596 | aRapBi1cCZPZAGLIDny3dk3hQ8vTmNTLHRl8zxmKgQ0= | 13493.5 | 10.3498 | 13892.7 | 0.999314 | 0.0370233 | 0 | SKS | 1 | 31.1119 | 3.52568 | 0 | 1 | 1 | 0 | 0 | 0 | 0 | 1 | camera | target | 0.999314 | 0 | 0.0370233 | 0.999314 
SCRIPT       : DATA_LOG | 340601 | aRapBi1cCZPZAGLIDny3dk3hQ8vTmNTLHRl8zxmKgQ0= | 13493.5 | 10.3498 | 13892.7 | 0.999314 | 0.0370233 | 0 | SKS | 1 | 31.0664 | 3.52994 | 0 | 1 | 1 | 0 | 0 | 0 | 0 | 1 | camera | target | 0.999314 | 0 | 0.0370233 | 0.999314 
SCRIPT       : DATA_LOG | 341594 | aRapBi1cCZPZAGLIDny3dk3hQ8vTmNTLHRl8zxmKgQ0= | 13493.5 | 10.3498 | 13892.7 | 0.999314 | 0.0370233 | 0 | SKS | 1 | 31.0871 | 3.5281 | 0 | 1 | 1 | 0 | 0 | 0 | 0 | 1 | camera | target | 0.999314 | 0 | 0.0370233 | 0.999314 |
SCRIPT       : DATA_LOG | 342600 | aRapBi1cCZPZAGLIDny3dk3hQ8vTmNTLHRl8zxmKgQ0= | 13493.5 | 10.3498 | 13892.7 | 0.999314 | 0.0370233 | 0 | SKS | 1 | 31.0599 | 3.52852 | 0 | 1 | 1 | 0 | 0 | 0 | 0 | 1 | camera | target | 0.999314 | 0 | 0.0370233 | 0.999314 
SCRIPT       : DATA_LOG | 343611 | aRapBi1cCZPZAGLIDny3dk3hQ8vTmNTLHRl8zxmKgQ0= | 13493.5 | 10.3498 | 13892.7 | 0.999314 | 0.0370233 | 0 | SKS | 1 | 31.1559 | 3.52263 | 0 | 1 | 1 | 0 | 0 | 0 | 0 | 1 | camera | target | 0.999314 | 0 | 0.0370233 | 0.999314 
SCRIPT       : DATA_LOG | 344602 | aRapBi1cCZPZAGLIDny3dk3hQ8vTmNTLHRl8zxmKgQ0= | 13494.9 | 10.2223 | 13891.1 | 0.981725 | 0.190307 | 0 | SKS | 1 | 50.9321 | 3.07817 | 0 | 1 | 1 | 0 | 0 | 0 | 0 | 1 | camera | target | 0.981725 | 0 | 0.190307 | 0.981725 | 
SCRIPT       : DATA_LOG | 345615 | aRapBi1cCZPZAGLIDny3dk3hQ8vTmNTLHRl8zxmKgQ0= | 13494.9 | 10.2188 | 13891.1 | 0.981725 | 0.190307 | 0 | SKS | 1 | 51.0965 | 3.10065 | 0 | 1 | 1 | 0 | 0 | 0 | 0 | 1 | camera | target | 0.981725 | 0 | 0.190307 | 0.981725 | 
SCRIPT       : DATA_LOG | 346614 | aRapBi1cCZPZAGLIDny3dk3hQ8vTmNTLHRl8zxmKgQ0= | 13493.6 | 10.0481 | 13890.6 | 0.689731 | 0.724066 | 0 | SKS | 1 | 30.8792 | 4.25967 | 0 | 1 | 1 | 0 | 0 | 0 | 0 | 1 | camera | target | 0.689731 | 0 | 0.724066 | 0.689731 | 
SCRIPT       : DATA_LOG | 347609 | aRapBi1cCZPZAGLIDny3dk3hQ8vTmNTLHRl8zxmKgQ0= | 13492.7 | 9.87924 | 13889.8 | 0.688883 | 0.724872 | 0 | SKS | 1 | 26.3067 | 5.38727 | 0 | 1 | 1 | 0 | 0 | 0 | 0 | 1 | camera | target | 0.688883 | 0 | 0.724872 | 0.688883 | 
SCRIPT       : DATA_LOG | 348612 | aRapBi1cCZPZAGLIDny3dk3hQ8vTmNTLHRl8zxmKgQ0= | 13492.7 | 9.87924 | 13889.8 | 0.688883 | 0.724872 | 1 | SKS | 1 | 26.338 | 5.38323 | 0 | 1 | 1 | 0 | 0 | 0 | 0 | 1 | camera | target | 0.688883 | 0 | 0.724872 | 0.688883 | 0
SCRIPT       : DATA_LOG | 349618 | aRapBi1cCZPZAGLIDny3dk3hQ8vTmNTLHRl8zxmKgQ0= | 13492.9 | 9.87634 | 13889.6 | 0.735542 | 0.677479 | 1 | SKS | 1 | 25.3609 | 5.35696 | 0 | 1 | 1 | 0 | 0 | 0 | 1 | 1 | camera | target | 0.735542 | 0 | 0.677479 | 0.735542 | 
SCRIPT       : DATA_LOG | 350614 | aRapBi1cCZPZAGLIDny3dk3hQ8vTmNTLHRl8zxmKgQ0= | 13494.3 | 10.0014 | 13889.9 | 0.735673 | 0.677337 | 0 | SKS | 1 | 32.1403 | 4.31399 | 0 | 1 | 1 | 0 | 0 | 0 | 0 | 1 | camera | target | 0.735673 | 0 | 0.677337 | 0.735673 | 
SCRIPT       : DATA_LOG | 351663 | aRapBi1cCZPZAGLIDny3dk3hQ8vTmNTLHRl8zxmKgQ0= | 13497.5 | 10.3529 | 13890.7 | 0.810091 | 0.586304 | 0 | SKS | 1 | 81.209 | 3.02582 | 0 | 1 | 1 | 0 | 0 | 0 | 0 | 1 | camera | target | 0.810091 | 0 | 0.586304 | 0.810091 | 0
SCRIPT       : DATA_LOG | 352616 | aRapBi1cCZPZAGLIDny3dk3hQ8vTmNTLHRl8zxmKgQ0= | 13499.9 | 10.6024 | 13892.3 | 0.810093 | 0.586301 | 0 | SKS | 1 | 129.713 | 3.771 | 0 | 1 | 1 | 0 | 0 | 0 | 0 | 1 | camera | target | 0.810093 | 0 | 0.586301 | 0.810093 | 0 
 SCRIPT       : [Permissions Manager] Admin (rafaelglima79) (76561199445097358) Successfully Logged in!
SCRIPT       : DATA_LOG | 353619 | aRapBi1cCZPZAGLIDny3dk3hQ8vTmNTLHRl8zxmKgQ0= | 13499.9 | 10.6026 | 13892.3 | 0.810093 | 0.586301 | 0 | SKS | 1 | 129.866 | 3.77526 | 0 | 1 | 1 | 0 | 0 | 0 | 0 | 1 | camera | target | 0.810093 | 0 | 0.586301 | 0.810093 | 
SCRIPT       : DATA_LOG | 354620 | aRapBi1cCZPZAGLIDny3dk3hQ8vTmNTLHRl8zxmKgQ0= | 13499.9 | 10.6026 | 13892.3 | 0.810093 | 0.586301 | 0 | SKS | 1 | 129.743 | 3.77005 | 0 | 1 | 1 | 0 | 0 | 0 | 0 | 1 | camera | target | 0.810093 | 0 | 0.586301 | 0.810093 | 
SCRIPT       : DATA_LOG | 355625 | aRapBi1cCZPZAGLIDny3dk3hQ8vTmNTLHRl8zxmKgQ0= | 13499.9 | 10.6026 | 13892.3 | 0.810093 | 0.586301 | 0 | SKS | 1 | 129.798 | 3.76933 | 0 | 1 | 1 | 0 | 0 | 0 | 0 | 1 | camera | target | 0.810093 | 0 | 0.586301 | 0.810093 | 
SCRIPT       : DATA_LOG | 356625 | aRapBi1cCZPZAGLIDny3dk3hQ8vTmNTLHRl8zxmKgQ0= | 13499.9 | 10.6026 | 13892.3 | 0.810093 | 0.586301 | 0 | SKS | 1 | 129.816 | 3.77 | 0 | 1 | 1 | 0 | 0 | 0 | 0 | 1 | camera | target | 0.810093 | 0 | 0.586301 | 0.810093 | 0 |
SCRIPT       : DATA_LOG | 357629 | aRapBi1cCZPZAGLIDny3dk3hQ8vTmNTLHRl8zxmKgQ0= | 13499.9 | 10.6026 | 13892.3 | 0.810093 | 0.586301 | 0 | SKS | 1 | 129.78 | 3.77422 | 0 | 1 | 1 | 0 | 0 | 0 | 0 | 1 | camera | target | 0.810093 | 0 | 0.586301 | 0.810093 | 0
SCRIPT       : DATA_LOG | 358628 | aRapBi1cCZPZAGLIDny3dk3hQ8vTmNTLHRl8zxmKgQ0= | 13499.9 | 10.6026 | 13892.3 | 0.810093 | 0.586301 | 0 | SKS | 1 | 129.991 | 3.77713 | 0 | 1 | 1 | 0 | 0 | 0 | 0 | 1 | camera | target | 0.810093 | 0 | 0.586301 | 0.810093 | 
SCRIPT       : DATA_LOG | 359629 | aRapBi1cCZPZAGLIDny3dk3hQ8vTmNTLHRl8zxmKgQ0= | 13499.9 | 10.6026 | 13892.3 | 0.810093 | 0.586301 | 0 | SKS | 1 | 129.749 | 3.77243 | 0 | 1 | 1 | 0 | 0 | 0 | 0 | 1 | camera | target | 0.810093 | 0 | 0.586301 | 0.810093 | 
SCRIPT       : DATA_LOG | 360632 | aRapBi1cCZPZAGLIDny3dk3hQ8vTmNTLHRl8zxmKgQ0= | 13499.9 | 10.6026 | 13892.3 | 0.810093 | 0.586301 | 0 | SKS | 1 | 129.866 | 3.77531 | 0 | 1 | 1 | 0 | 0 | 0 | 0 | 1 | camera | target | 0.810093 | 0 | 0.586301 | 0.810093 | 
SCRIPT       : DATA_LOG | 361633 | aRapBi1cCZPZAGLIDny3dk3hQ8vTmNTLHRl8zxmKgQ0= | 13499.9 | 10.6026 | 13892.3 | 0.810093 | 0.586301 | 0 | SKS | 1 | 129.76 | 3.77083 | 0 | 1 | 1 | 0 | 0 | 0 | 0 | 1 | camera | target | 0.810093 | 0 | 0.586301 | 0.810093 | 0
SCRIPT       : DATA_LOG | 362627 | aRapBi1cCZPZAGLIDny3dk3hQ8vTmNTLHRl8zxmKgQ0= | 13501.5 | 10.6996 | 13893.5 | 0.807342 | 0.590084 | 0 | SKS | 0 | 146.723 | 5.20368 | 0 | 1 | 1 | 0 | 0 | 0 | 0 | 1 | camera |  | 0.807342 | 0 | 0.590084 | 0.807342 | 0 | 0.
SCRIPT       : DATA_LOG | 363634 | aRapBi1cCZPZAGLIDny3dk3hQ8vTmNTLHRl8zxmKgQ0= | 13505.7 | 10.7737 | 13897.4 | 0.537556 | 0.843228 | 0 | SKS | 0 | 147.777 | 10.325 | 0 | 1 | 1 | 0 | 0 | 0 | 0 | 1 | camera | Land_Barn_Wood2 | 0.537556 | 0 | 0.843228 | 0.5
SCRIPT       : DATA_LOG | 364630 | aRapBi1cCZPZAGLIDny3dk3hQ8vTmNTLHRl8zxmKgQ0= | 13510.3 | 10.6813 | 13902.3 | 0.538504 | 0.842623 | 0 | SKS | 0 | 156.367 | 16.6893 | 0 | 1 | 1 | 0 | 0 | 0 | 0 | 1 | camera | Land_Barn_Wood2 | 0.538504 | 0 | 0.842623 | 0.
SCRIPT       : DATA_LOG | 365634 | aRapBi1cCZPZAGLIDny3dk3hQ8vTmNTLHRl8zxmKgQ0= | 13514.1 | 10.3802 | 13906.6 | 0.487349 | 0.873207 | 0 | SKS | 0 | 156.807 | 22.3613 | 0 | 1 | 1 | 0 | 0 | 0 | 0 | 1 | camera | Land_Barn_Wood2 | 0.487349 | 0 | 0.873207 | 0.
SCRIPT       : DATA_LOG | 366628 | aRapBi1cCZPZAGLIDny3dk3hQ8vTmNTLHRl8zxmKgQ0= | 13517.7 | 9.97066 | 13913.3 | 0.461424 | 0.88718 | 0 | SKS | 0 | 161.025 | 29.4653 | 0 | 1 | 1 | 0 | 0 | 0 | 0 | 1 | camera |  | 0.461424 | 0 | 0.88718 | 0.461424 | 0 | 0.88
SCRIPT       : DATA_LOG | 367642 | aRapBi1cCZPZAGLIDny3dk3hQ8vTmNTLHRl8zxmKgQ0= | 13521.3 | 9.61327 | 13918.3 | -0.0505299 | 0.998723 | 0 | MakarovIJ70 | 0 | 132.675 | 35.6364 | 0 | 1 | 1 | 0 | 0 | 0 | 0 | 1 | camera |  | -0.0505299 | 0 | 0.998723 | -0.05
SCRIPT       : DATA_LOG | 368633 | aRapBi1cCZPZAGLIDny3dk3hQ8vTmNTLHRl8zxmKgQ0= | 13522.6 | 9.76084 | 13921.9 | -0.997786 | 0.0665141 | 0 | MakarovIJ70 | 0 | 51.9784 | 39.0182 | 0 | 1 | 1 | 0 | 0 | 0 | 0 | 1 | camera | Land_Barn_Wood2 | -0.997786 | 0 | 0.
SCRIPT       : DATA_LOG | 369640 | aRapBi1cCZPZAGLIDny3dk3hQ8vTmNTLHRl8zxmKgQ0= | 13524.7 | 10.0198 | 13925.1 | 0.27377 | 0.961795 | 0 | MakarovIJ70 | 0 | 154.524 | 42.8239 | 0 | 1 | 1 | 0 | 0 | 0 | 0 | 1 | camera | Land_Barn_Wood2 | 0.27377 | 0 | 0.96179
SCRIPT       : DATA_LOG | 370633 | aRapBi1cCZPZAGLIDny3dk3hQ8vTmNTLHRl8zxmKgQ0= | 13526 | 9.99856 | 13928.9 | 0.380633 | 0.924726 | 0 | MakarovIJ70 | 0 | 162.895 | 46.6116 | 0 | 1 | 1 | 0 | 0 | 0 | 0 | 1 | camera |  | 0.380633 | 0 | 0.924726 | 0.380633 | 
SCRIPT       : DATA_LOG | 371636 | aRapBi1cCZPZAGLIDny3dk3hQ8vTmNTLHRl8zxmKgQ0= | 13527.5 | 10.0212 | 13932.7 | 0.353314 | 0.935505 | 0 | MakarovIJ70 | 0 | 162.628 | 50.4941 | 0 | 1 | 1 | 0 | 0 | 0 | 0 | 1 | camera |  | 0.353314 | 0 | 0.935505 | 0.353314 
SCRIPT       : DATA_LOG | 372640 | aRapBi1cCZPZAGLIDny3dk3hQ8vTmNTLHRl8zxmKgQ0= | 13529.3 | 10.0582 | 13937.4 | 0.353064 | 0.935599 | 0 | MakarovIJ70 | 0 | 164.182 | 55.3273 | 0 | 1 | 1 | 0 | 0 | 0 | 0 | 1 | camera |  | 0.353064 | 0 | 0.935599 | 0.353064 
SCRIPT       : DATA_LOG | 373637 | aRapBi1cCZPZAGLIDny3dk3hQ8vTmNTLHRl8zxmKgQ0= | 13531.1 | 9.63527 | 13942.2 | 0.337522 | 0.941318 | 1 | MakarovIJ70 | 0 | 164.57 | 60.2913 | 0 | 1 | 1 | 0 | 0 | 0 | 1 | 1 | camera |  | 0.337522 | 0 | 0.941318 | 0.337522 |
SCRIPT       : DATA_LOG | 374641 | aRapBi1cCZPZAGLIDny3dk3hQ8vTmNTLHRl8zxmKgQ0= | 13531.6 | 9.58664 | 13943.7 | 0.314567 | 0.949235 | 0 | MakarovIJ70 | 0 | 163.583 | 61.7887 | 0 | 1 | 1 | 0 | 0 | 0 | 0 | 1 | camera |  | 0.314567 | 0 | 0.949235 | 0.314567 
SCRIPT       : DATA_LOG | 375640 | aRapBi1cCZPZAGLIDny3dk3hQ8vTmNTLHRl8zxmKgQ0= | 13532.5 | 9.48692 | 13946.5 | 0.3279 | 0.944713 | 1 | MakarovIJ70 | 0 | 165.085 | 64.6445 | 0 | 1 | 1 | 0 | 0 | 0 | 1 | 1 | camera |  | 0.3279 | 0 | 0.944713 | 0.3279 | 0 | 
SCRIPT       : DATA_LOG | 376642 | aRapBi1cCZPZAGLIDny3dk3hQ8vTmNTLHRl8zxmKgQ0= | 13532.9 | 9.47656 | 13947.5 | 0.271486 | 0.962443 | 1 | MakarovIJ70 | 0 | 161.977 | 65.6508 | 0 | 1 | 1 | 0 | 0 | 0 | 1 | 1 | camera |  | 0.271486 | 0 | 0.962443 | 0.271486 
SCRIPT       : DATA_LOG | 377636 | aRapBi1cCZPZAGLIDny3dk3hQ8vTmNTLHRl8zxmKgQ0= | 13533 | 9.51487 | 13948.1 | 0.244943 | 0.969537 | 1 | MakarovIJ70 | 0 | 160.591 | 66.2368 | 0 | 1 | 1 | 0 | 0 | 0 | 1 | 1 | camera |  | 0.244943 | 0 | 0.969537 | 0.244943 | 
SCRIPT       : DATA_LOG | 378645 | aRapBi1cCZPZAGLIDny3dk3hQ8vTmNTLHRl8zxmKgQ0= | 13533.2 | 9.5569 | 13948.7 | 0.271496 | 0.96244 | 1 | MakarovIJ70 | 0 | 162.34 | 66.8376 | 0 | 1 | 1 | 0 | 0 | 0 | 1 | 1 | camera |  | 0.271496 | 0 | 0.96244 | 0.271496 | 0 
SCRIPT       : DATA_LOG | 379640 | aRapBi1cCZPZAGLIDny3dk3hQ8vTmNTLHRl8zxmKgQ0= | 13533.3 | 9.59616 | 13949.3 | 0.283261 | 0.959043 | 1 | MakarovIJ70 | 0 | 163.206 | 67.4653 | 0 | 1 | 1 | 0 | 0 | 0 | 1 | 1 | camera |  | 0.283261 | 0 | 0.959043 | 0.283261 
SCRIPT       : DATA_LOG | 380652 | aRapBi1cCZPZAGLIDny3dk3hQ8vTmNTLHRl8zxmKgQ0= | 13534.3 | 9.60773 | 13952.4 | 0.321131 | 0.947035 | 0 | MakarovIJ70 | 0 | 166.207 | 70.5301 | 0 | 1 | 1 | 0 | 0 | 0 | 0 | 1 | camera |  | 0.321131 | 0 | 0.947035 | 0.321131 
SCRIPT       : DATA_LOG | 381654 | aRapBi1cCZPZAGLIDny3dk3hQ8vTmNTLHRl8zxmKgQ0= | 13536 | 9.6878 | 13956.2 | 0.290042 | 0.957014 | 0 | MakarovIJ70 | 0 | 164.837 | 74.6827 | 0 | 1 | 1 | 0 | 0 | 0 | 0 | 1 | camera |  | 0.290042 | 0 | 0.957014 | 0.290042 | 0
SCRIPT       : DATA_LOG | 382654 | aRapBi1cCZPZAGLIDny3dk3hQ8vTmNTLHRl8zxmKgQ0= | 13537.1 | 9.8934 | 13960 | 0.28788 | 0.957667 | 0 | MakarovIJ70 | 0 | 165.494 | 78.5026 | 0 | 1 | 1 | 0 | 0 | 0 | 0 | 1 | camera |  | 0.28788 | 0 | 0.957667 | 0.28788 | 0 | 
SCRIPT       : DATA_LOG | 383647 | aRapBi1cCZPZAGLIDny3dk3hQ8vTmNTLHRl8zxmKgQ0= | 13538.3 | 10.0961 | 13964 | 0.28788 | 0.957667 | 0 | MakarovIJ70 | 0 | 166.229 | 82.4623 | 0 | 1 | 1 | 0 | 0 | 0 | 0 | 1 | camera | Land_Barn_Wood2 | 0.28788 | 0 | 0.957667 
SCRIPT       : DATA_LOG | 384649 | aRapBi1cCZPZAGLIDny3dk3hQ8vTmNTLHRl8zxmKgQ0= | 13539.5 | 10.5418 | 13968 | 0.331872 | 0.943324 | 0 | MakarovIJ70 | 0 | 169.533 | 86.5685 | 0 | 1 | 1 | 0 | 0 | 0 | 0 | 1 | camera | Land_Barn_Wood2 | 0.331872 | 0 | 0.94332
SCRIPT       : DATA_LOG | 385644 | aRapBi1cCZPZAGLIDny3dk3hQ8vTmNTLHRl8zxmKgQ0= | 13540.9 | 10.8773 | 13971.7 | 0.344567 | 0.938762 | 0 | MakarovIJ70 | 0 | 170.743 | 90.4408 | 0 | 1 | 1 | 0 | 0 | 0 | 0 | 1 | camera | Land_Barn_Wood2 | 0.344567 | 0 | 0.938
SCRIPT       : DATA_LOG | 386652 | aRapBi1cCZPZAGLIDny3dk3hQ8vTmNTLHRl8zxmKgQ0= | 13542.3 | 11.2788 | 13975.5 | 0.348505 | 0.937307 | 0 | MakarovIJ70 | 0 | 171.402 | 94.4867 | 0 | 1 | 1 | 0 | 0 | 0 | 0 | 1 | camera | Land_Barn_Wood2 | 0.348505 | 0 | 0.937
SCRIPT       : DATA_LOG | 387657 | aRapBi1cCZPZAGLIDny3dk3hQ8vTmNTLHRl8zxmKgQ0= | 13543.8 | 11.2683 | 13979.5 | 0.353353 | 0.93549 | 0 | MakarovIJ70 | 0 | 172.058 | 98.6675 | 0 | 1 | 1 | 0 | 0 | 0 | 0 | 1 | camera | Land_Barn_Wood2 | 0.353353 | 0 | 0.9354
SCRIPT       : DATA_LOG | 388656 | aRapBi1cCZPZAGLIDny3dk3hQ8vTmNTLHRl8zxmKgQ0= | 13545.2 | 11.3044 | 13983.2 | 0.353353 | 0.93549 | 0 | MakarovIJ70 | 0 | 172.367 | 102.564 | 0 | 1 | 1 | 0 | 0 | 0 | 0 | 1 | camera |  | 0.353353 | 0 | 0.93549 | 0.353353 | 
SCRIPT       : DATA_LOG | 389650 | aRapBi1cCZPZAGLIDny3dk3hQ8vTmNTLHRl8zxmKgQ0= | 13546.6 | 11.3833 | 13987 | 0.37621 | 0.926534 | 0 | MakarovIJ70 | 0 | 174.074 | 106.613 | 0 | 1 | 1 | 0 | 0 | 0 | 0 | 1 | camera |  | 0.37621 | 0 | 0.926534 | 0.37621 | 0 |
SCRIPT       : DATA_LOG | 390653 | aRapBi1cCZPZAGLIDny3dk3hQ8vTmNTLHRl8zxmKgQ0= | 13547.4 | 11.523 | 13989.4 | 0.918666 | -0.395034 | 0 | MakarovIJ70 | 0 | 94.5318 | 109.123 | 0 | 1 | 1 | 0 | 0 | 0 | 0 | 1 | camera | TreeHard_t_quercusRobur_2s | 0.918666 
SCRIPT       : DATA_LOG | 391655 | aRapBi1cCZPZAGLIDny3dk3hQ8vTmNTLHRl8zxmKgQ0= | 13547.8 | 11.5536 | 13989.8 | 0.980555 | -0.196245 | 0 | MakarovIJ70 | 0 | 106.545 | 109.654 | 0 | 1 | 1 | 0 | 0 | 0 | 0 | 1 | camera | Land_Barn_Wood2 | 0.980555 | 0 | -0.1
SCRIPT       : DATA_LOG | 392659 | aRapBi1cCZPZAGLIDny3dk3hQ8vTmNTLHRl8zxmKgQ0= | 13549.1 | 11.6917 | 13992.8 | 0.999663 | -0.0259454 | 0 | MakarovIJ70 | 0 | 116.266 | 112.873 | 0 | 1 | 1 | 0 | 0 | 0 | 0 | 1 | camera | TreeHard_t_quercusRobur_2s | 0.99966
SCRIPT       : DATA_LOG | 393659 | aRapBi1cCZPZAGLIDny3dk3hQ8vTmNTLHRl8zxmKgQ0= | 13549.1 | 11.6917 | 13992.8 | 0.999663 | -0.0259454 | 0 | MakarovIJ70 | 0 | 116.267 | 112.88 | 0 | 1 | 1 | 0 | 0 | 0 | 0 | 1 | camera | TreeHard_t_quercusRobur_2s | 0.999663
SCRIPT       : DATA_LOG | 394655 | aRapBi1cCZPZAGLIDny3dk3hQ8vTmNTLHRl8zxmKgQ0= | 13550 | 11.7426 | 13995.2 | 0.931622 | -0.36343 | 0 | MakarovIJ70 | 0 | 96.2696 | 115.447 | 0 | 1 | 1 | 0 | 0 | 0 | 0 | 1 | camera | TreeHard_t_quercusRobur_2s | 0.931622 | 
SCRIPT       : DATA_LOG | 395657 | aRapBi1cCZPZAGLIDny3dk3hQ8vTmNTLHRl8zxmKgQ0= | 13550.8 | 11.7724 | 13995.9 | 0.573826 | -0.818977 | 0 | MakarovIJ70 | 0 | 62.8182 | 116.425 | 0 | 1 | 1 | 0 | 0 | 0 | 0 | 1 | camera | Land_Barn_Wood2 | 0.573826 | 0 | -0.8
SCRIPT       : DATA_LOG | 396655 | aRapBi1cCZPZAGLIDny3dk3hQ8vTmNTLHRl8zxmKgQ0= | 13553.9 | 12.1279 | 13998.5 | 0.60319 | 0.797597 | 0 | MakarovIJ70 | 0 | 171.419 | 120.22 | 0 | 1 | 1 | 0 | 0 | 0 | 0 | 1 | camera |  | 0.60319 | 0 | 0.797597 | 0.60319 | 0 
SCRIPT       : DATA_LOG | 397674 | aRapBi1cCZPZAGLIDny3dk3hQ8vTmNTLHRl8zxmKgQ0= | 13555.6 | 12.6239 | 14002.1 | 0.459809 | 0.888018 | 0 | MakarovIJ70 | 0 | 178.964 | 124.193 | 0 | 1 | 1 | 0 | 0 | 0 | 0 | 1 | camera |  | 0.459809 | 0 | 0.888018 | 0.459809 
SCRIPT       : DATA_LOG | 398666 | aRapBi1cCZPZAGLIDny3dk3hQ8vTmNTLHRl8zxmKgQ0= | 13557.2 | 13.3261 | 14005.2 | 0.475578 | 0.879673 | 0 | MakarovIJ70 | 0 | 179.481 | 127.683 | 0 | 1 | 1 | 0 | 0 | 0 | 0 | 1 | camera | Land_Barn_Wood2 | 0.475578 | 0 | 0.879
SCRIPT       : DATA_LOG | 399661 | aRapBi1cCZPZAGLIDny3dk3hQ8vTmNTLHRl8zxmKgQ0= | 13559.1 | 13.4873 | 14009.3 | 0.548704 | 0.836017 | 0 | MakarovIJ70 | 0 | 174.946 | 132.205 | 0 | 1 | 1 | 0 | 0 | 0 | 0 | 1 | camera | Land_Barn_Wood2 | 0.548704 | 0 | 0.836
SCRIPT       : DATA_LOG | 400668 | aRapBi1cCZPZAGLIDny3dk3hQ8vTmNTLHRl8zxmKgQ0= | 13560.7 | 13.6489 | 14013 | 0.552885 | 0.833257 | 0 | MakarovIJ70 | 0 | 174.509 | 136.19 | 0 | 1 | 1 | 0 | 0 | 0 | 0 | 1 | camera | Land_Barn_Wood2 | 0.552885 | 0 | 0.833257
SCRIPT       : DATA_LOG | 401664 | aRapBi1cCZPZAGLIDny3dk3hQ8vTmNTLHRl8zxmKgQ0= | 13562.2 | 13.842 | 14016.7 | 0.630132 | 0.776488 | 0 | MakarovIJ70 | 0 | 168.859 | 140.145 | 0 | 1 | 1 | 0 | 0 | 0 | 0 | 1 | camera | Land_Barn_Wood2 | 0.630132 | 0 | 0.7764
SCRIPT       : DATA_LOG | 402674 | aRapBi1cCZPZAGLIDny3dk3hQ8vTmNTLHRl8zxmKgQ0= | 13564.1 | 14.2341 | 14020.1 | 0.641805 | 0.766868 | 0 | MakarovIJ70 | 0 | 168.005 | 144.061 | 0 | 1 | 1 | 0 | 0 | 0 | 0 | 1 | camera |  | 0.641805 | 0 | 0.766868 | 0.641805 
SCRIPT       : DATA_LOG | 403673 | aRapBi1cCZPZAGLIDny3dk3hQ8vTmNTLHRl8zxmKgQ0= | 13566.9 | 13.881 | 14022.4 | 0.816769 | 0.576965 | 0 | MakarovIJ70 | 0 | 153.766 | 147.395 | 0 | 1 | 1 | 0 | 0 | 0 | 0 | 1 | camera |  | 0.816769 | 0 | 0.576965 | 0.816769 |
SCRIPT       : DATA_LOG | 404673 | aRapBi1cCZPZAGLIDny3dk3hQ8vTmNTLHRl8zxmKgQ0= | 13570.8 | 13.8622 | 14024.6 | 0.327058 | 0.945004 | 0 | MakarovIJ70 | 0 | 169.651 | 151.225 | 0 | 1 | 1 | 0 | 0 | 0 | 0 | 1 | camera |  | 0.327058 | 0 | 0.945004 | 0.327058 
SCRIPT       : DATA_LOG | 405673 | aRapBi1cCZPZAGLIDny3dk3hQ8vTmNTLHRl8zxmKgQ0= | 13574.1 | 13.8756 | 14027 | 0.845645 | 0.533746 | 0 | MakarovIJ70 | 0 | 152.297 | 154.94 | 0 | 1 | 1 | 0 | 0 | 0 | 0 | 1 | camera |  | 0.845645 | 0 | 0.533746 | 0.845645 | 0
SCRIPT       : DATA_LOG | 406676 | aRapBi1cCZPZAGLIDny3dk3hQ8vTmNTLHRl8zxmKgQ0= | 13577.7 | 13.8804 | 14029.2 | 0.847444 | 0.530885 | 0 | MakarovIJ70 | 0 | 152.814 | 158.685 | 0 | 1 | 1 | 0 | 0 | 0 | 0 | 1 | camera |  | 0.847444 | 0 | 0.530885 | 0.847444 
SCRIPT       : DATA_LOG | 407671 | aRapBi1cCZPZAGLIDny3dk3hQ8vTmNTLHRl8zxmKgQ0= | 13580.2 | 13.8978 | 14031.6 | 0.951055 | 0.309021 | 0 | SKS | 0 | 139.092 | 162.01 | 0 | 1 | 1 | 0 | 0 | 0 | 0 | 1 | camera |  | 0.951055 | 0 | 0.309021 | 0.951055 | 0 | 0.3
SCRIPT       : DATA_LOG | 408679 | aRapBi1cCZPZAGLIDny3dk3hQ8vTmNTLHRl8zxmKgQ0= | 13581.6 | 13.9159 | 14033.6 | 0.999929 | -0.0119114 | 0 | SKS | 0 | 120.482 | 164.479 | 0 | 1 | 1 | 0 | 0 | 0 | 0 | 1 | camera |  | 0.999929 | 0 | -0.0119114 | 0.999929 | 0 
SCRIPT       : DATA_LOG | 409675 | aRapBi1cCZPZAGLIDny3dk3hQ8vTmNTLHRl8zxmKgQ0= | 13584.8 | 13.9021 | 14033.7 | -0.414956 | -0.909841 | 0 | SKS | 0 | 7.58695 | 166.159 | 0 | 1 | 1 | 0 | 0 | 0 | 0 | 1 | camera |  | -0.414956 | 0 | -0.909841 | -0.414956 | 0
SCRIPT       : DATA_LOG | 410682 | aRapBi1cCZPZAGLIDny3dk3hQ8vTmNTLHRl8zxmKgQ0= | 13586 | 13.8891 | 14032.9 | -0.583941 | -0.811796 | 0 | SKS | 0 | 3.19316 | 166.169 | 0 | 1 | 1 | 1 | 0 | 0 | 0 | 1 | camera |  | -0.583941 | 0 | -0.811796 | -0.583941 | 0 |
SCRIPT       : DATA_LOG | 411675 | aRapBi1cCZPZAGLIDny3dk3hQ8vTmNTLHRl8zxmKgQ0= | 13586.4 | 13.8914 | 14033.4 | -0.585204 | -0.810886 | 1 | SKS | 0 | 3.26818 | 166.844 | 0 | 1 | 1 | 1 | 1 | 1 | 1 | 1 | camera |  | -0.585204 | 0 | -0.810886 | -0.585204 | 0
SCRIPT       : DATA_LOG | 412678 | aRapBi1cCZPZAGLIDny3dk3hQ8vTmNTLHRl8zxmKgQ0= | 13586.4 | 13.8914 | 14033.4 | -0.585204 | -0.810886 | 1 | SKS | 0 | 3.2689 | 166.844 | 0 | 1 | 1 | 1 | 1 | 1 | 1 | 1 | camera |  | -0.585204 | 0 | -0.810886 | -0.585204 | 0 
SCRIPT       : DATA_LOG | 413677 | aRapBi1cCZPZAGLIDny3dk3hQ8vTmNTLHRl8zxmKgQ0= | 13586.4 | 13.8914 | 14033.4 | -0.585204 | -0.810886 | 1 | SKS | 0 | 3.26944 | 166.852 | 0 | 1 | 1 | 1 | 1 | 1 | 1 | 1 | camera |  | -0.585204 | 0 | -0.810886 | -0.585204 | 0
SCRIPT       : DATA_LOG | 414678 | aRapBi1cCZPZAGLIDny3dk3hQ8vTmNTLHRl8zxmKgQ0= | 13586.4 | 13.8914 | 14033.4 | -0.585204 | -0.810886 | 1 | SKS | 0 | 3.26675 | 166.841 | 0 | 1 | 1 | 1 | 1 | 1 | 1 | 1 | camera |  | -0.585204 | 0 | -0.810886 | -0.585204 | 0
SCRIPT       : DATA_LOG | 415688 | aRapBi1cCZPZAGLIDny3dk3hQ8vTmNTLHRl8zxmKgQ0= | 13586.4 | 13.8914 | 14033.4 | -0.585204 | -0.810886 | 1 | SKS | 0 | 3.2683 | 166.862 | 0 | 1 | 1 | 1 | 1 | 1 | 1 | 1 | camera |  | -0.585204 | 0 | -0.810886 | -0.585204 | 0 
SCRIPT       : DATA_LOG | 416689 | aRapBi1cCZPZAGLIDny3dk3hQ8vTmNTLHRl8zxmKgQ0= | 13586.4 | 13.8914 | 14033.4 | -0.585204 | -0.810886 | 1 | SKS | 0 | 3.26723 | 166.847 | 0 | 1 | 1 | 1 | 1 | 1 | 1 | 1 | camera |  | -0.585204 | 0 | -0.810886 | -0.585204 | 0
SCRIPT       : DATA_LOG | 417679 | aRapBi1cCZPZAGLIDny3dk3hQ8vTmNTLHRl8zxmKgQ0= | 13586.4 | 13.8914 | 14033.4 | -0.585204 | -0.810886 | 1 | SKS | 0 | 3.26746 | 166.85 | 0 | 1 | 1 | 1 | 1 | 1 | 1 | 1 | camera |  | -0.585204 | 0 | -0.810886 | -0.585204 | 0 
SCRIPT       : DATA_LOG | 418687 | aRapBi1cCZPZAGLIDny3dk3hQ8vTmNTLHRl8zxmKgQ0= | 13586.4 | 13.8914 | 14033.4 | -0.585204 | -0.810886 | 1 | SKS | 0 | 3.26818 | 166.846 | 0 | 1 | 1 | 1 | 1 | 1 | 1 | 1 | camera |  | -0.585204 | 0 | -0.810886 | -0.585204 | 0
SCRIPT       : DATA_LOG | 419682 | aRapBi1cCZPZAGLIDny3dk3hQ8vTmNTLHRl8zxmKgQ0= | 13586.4 | 13.8914 | 14033.4 | -0.585204 | -0.810886 | 1 | SKS | 0 | 3.26866 | 166.843 | 0 | 1 | 1 | 1 | 1 | 1 | 1 | 1 | camera |  | -0.585204 | 0 | -0.810886 | -0.585204 | 0
SCRIPT       : DATA_LOG | 420693 | aRapBi1cCZPZAGLIDny3dk3hQ8vTmNTLHRl8zxmKgQ0= | 13586.6 | 13.89 | 14033.3 | -0.539939 | -0.841704 | 1 | SKS | 0 | 0.590167 | 166.859 | 0 | 1 | 1 | 1 | 1 | 1 | 1 | 1 | camera |  | -0.539939 | 0 | -0.841704 | -0.539939 | 0 
SCRIPT       : DATA_LOG | 421696 | aRapBi1cCZPZAGLIDny3dk3hQ8vTmNTLHRl8zxmKgQ0= | 13586.6 | 13.8898 | 14033.3 | -0.539939 | -0.841704 | 1 | SKS | 0 | 0.590829 | 166.846 | 0 | 1 | 1 | 1 | 1 | 1 | 1 | 1 | camera |  | -0.539939 | 0 | -0.841704 | -0.539939 | 
SCRIPT       : DATA_LOG | 422696 | aRapBi1cCZPZAGLIDny3dk3hQ8vTmNTLHRl8zxmKgQ0= | 13586.6 | 13.8898 | 14033.3 | -0.539939 | -0.841704 | 1 | SKS | 0 | 0.589503 | 166.867 | 0 | 1 | 1 | 1 | 1 | 1 | 1 | 1 | camera |  | -0.539939 | 0 | -0.841704 | -0.539939 | 
SCRIPT       : DATA_LOG | 423686 | aRapBi1cCZPZAGLIDny3dk3hQ8vTmNTLHRl8zxmKgQ0= | 13586.1 | 13.8946 | 14033.6 | -0.522898 | -0.852396 | 1 | SKS | 0 | 1.11803 | 166.846 | 0 | 1 | 1 | 1 | 1 | 1 | 1 | 1 | camera |  | -0.522898 | 0 | -0.852396 | -0.522898 | 0
SCRIPT       : DATA_LOG | 424693 | aRapBi1cCZPZAGLIDny3dk3hQ8vTmNTLHRl8zxmKgQ0= | 13586 | 13.8955 | 14033.7 | -0.522898 | -0.852395 | 1 | SKS | 0 | 1.08858 | 166.84 | 0 | 1 | 1 | 1 | 1 | 1 | 1 | 1 | camera |  | -0.522898 | 0 | -0.852395 | -0.522898 | 0 | 
SCRIPT       : DATA_LOG | 425696 | aRapBi1cCZPZAGLIDny3dk3hQ8vTmNTLHRl8zxmKgQ0= | 13586 | 13.8955 | 14033.7 | -0.522898 | -0.852395 | 1 | SKS | 0 | 1.08822 | 166.841 | 0 | 1 | 1 | 1 | 1 | 1 | 1 | 1 | camera |  | -0.522898 | 0 | -0.852395 | -0.522898 | 0 |
SCRIPT       : DATA_LOG | 426688 | aRapBi1cCZPZAGLIDny3dk3hQ8vTmNTLHRl8zxmKgQ0= | 13586 | 13.8955 | 14033.7 | -0.522898 | -0.852395 | 1 | SKS | 0 | 1.08787 | 166.835 | 0 | 1 | 1 | 1 | 1 | 1 | 1 | 1 | camera |  | -0.522898 | 0 | -0.852395 | -0.522898 | 0 |
SCRIPT       : DATA_LOG | 427698 | aRapBi1cCZPZAGLIDny3dk3hQ8vTmNTLHRl8zxmKgQ0= | 13586 | 13.8955 | 14033.7 | -0.522898 | -0.852395 | 1 | SKS | 0 | 1.08751 | 166.845 | 0 | 1 | 1 | 1 | 1 | 1 | 1 | 1 | camera |  | -0.522898 | 0 | -0.852395 | -0.522898 | 0 |
SCRIPT       : DATA_LOG | 428700 | aRapBi1cCZPZAGLIDny3dk3hQ8vTmNTLHRl8zxmKgQ0= | 13586 | 13.8955 | 14033.7 | -0.522898 | -0.852395 | 0 | SKS | 0 | 1.0893 | 166.834 | 0 | 1 | 1 | 1 | 0 | 0 | 0 | 1 | camera |  | -0.522898 | 0 | -0.852395 | -0.522898 | 0 | 
SCRIPT       : DATA_LOG | 429708 | aRapBi1cCZPZAGLIDny3dk3hQ8vTmNTLHRl8zxmKgQ0= | 13586 | 13.8955 | 14033.7 | -0.522898 | -0.852395 | 1 | SKS | 0 | 1.08822 | 166.849 | 0 | 1 | 1 | 1 | 1 | 1 | 1 | 1 | camera |  | -0.522898 | 0 | -0.852395 | -0.522898 | 0 |
SCRIPT       : DATA_LOG | 430700 | aRapBi1cCZPZAGLIDny3dk3hQ8vTmNTLHRl8zxmKgQ0= | 13586 | 13.8955 | 14033.7 | -0.522898 | -0.852395 | 1 | SKS | 0 | 1.08787 | 166.848 | 0 | 1 | 1 | 1 | 1 | 1 | 1 | 1 | camera |  | -0.522898 | 0 | -0.852395 | -0.522898 | 0 |
SCRIPT       : DATA_LOG | 431700 | aRapBi1cCZPZAGLIDny3dk3hQ8vTmNTLHRl8zxmKgQ0= | 13586 | 13.8955 | 14033.7 | -0.522898 | -0.852395 | 1 | SKS | 0 | 1.08894 | 166.838 | 0 | 1 | 1 | 1 | 1 | 1 | 1 | 1 | camera |  | -0.522898 | 0 | -0.852395 | -0.522898 | 0 |
SCRIPT       : DATA_LOG | 432698 | aRapBi1cCZPZAGLIDny3dk3hQ8vTmNTLHRl8zxmKgQ0= | 13586 | 13.8955 | 14033.7 | -0.522898 | -0.852395 | 1 | SKS | 0 | 1.08876 | 166.843 | 0 | 1 | 1 | 1 | 1 | 1 | 1 | 1 | camera |  | -0.522898 | 0 | -0.852395 | -0.522898 | 0 |
SCRIPT       : DATA_LOG | 433700 | aRapBi1cCZPZAGLIDny3dk3hQ8vTmNTLHRl8zxmKgQ0= | 13586 | 13.8955 | 14033.7 | -0.522898 | -0.852395 | 1 | SKS | 0 | 1.08822 | 166.835 | 0 | 1 | 1 | 1 | 1 | 1 | 1 | 1 | camera |  | -0.522898 | 0 | -0.852395 | -0.522898 | 0 |
SCRIPT       : DATA_LOG | 434705 | aRapBi1cCZPZAGLIDny3dk3hQ8vTmNTLHRl8zxmKgQ0= | 13586 | 13.8955 | 14033.7 | -0.522898 | -0.852395 | 1 | SKS | 0 | 1.08751 | 166.843 | 0 | 1 | 1 | 1 | 1 | 1 | 1 | 1 | camera |  | -0.522898 | 0 | -0.852395 | -0.522898 | 0 |
SCRIPT       : DATA_LOG | 435708 | aRapBi1cCZPZAGLIDny3dk3hQ8vTmNTLHRl8zxmKgQ0= | 13586 | 13.8955 | 14033.7 | -0.522898 | -0.852395 | 1 | SKS | 0 | 1.08858 | 166.836 | 0 | 1 | 1 | 1 | 1 | 1 | 1 | 1 | camera |  | -0.522898 | 0 | -0.852395 | -0.522898 | 0 |
SCRIPT       : DATA_LOG | 436705 | aRapBi1cCZPZAGLIDny3dk3hQ8vTmNTLHRl8zxmKgQ0= | 13586 | 13.8955 | 14033.7 | -0.522898 | -0.852395 | 1 | SKS | 0 | 1.08858 | 166.845 | 0 | 1 | 1 | 1 | 1 | 1 | 1 | 1 | camera |  | -0.522898 | 0 | -0.852395 | -0.522898 | 0 |
SCRIPT       : DATA_LOG | 437701 | aRapBi1cCZPZAGLIDny3dk3hQ8vTmNTLHRl8zxmKgQ0= | 13586 | 13.8955 | 14033.7 | -0.522898 | -0.852395 | 1 | SKS | 0 | 1.08751 | 166.851 | 0 | 1 | 1 | 1 | 1 | 1 | 1 | 1 | camera |  | -0.522898 | 0 | -0.852395 | -0.522898 | 0 |
SCRIPT       : DATA_LOG | 438712 | aRapBi1cCZPZAGLIDny3dk3hQ8vTmNTLHRl8zxmKgQ0= | 13586 | 13.8955 | 14033.7 | -0.522898 | -0.852395 | 1 | SKS | 0 | 1.08894 | 166.836 | 0 | 1 | 1 | 1 | 1 | 1 | 1 | 1 | camera |  | -0.522898 | 0 | -0.852395 | -0.522898 | 0 |
SCRIPT       : DATA_LOG | 439703 | aRapBi1cCZPZAGLIDny3dk3hQ8vTmNTLHRl8zxmKgQ0= | 13586 | 13.8955 | 14033.7 | -0.522898 | -0.852395 | 1 | SKS | 0 | 1.08858 | 166.844 | 0 | 1 | 1 | 1 | 1 | 1 | 1 | 1 | camera |  | -0.522898 | 0 | -0.852395 | -0.522898 | 0 |
SCRIPT       : DATA_LOG | 440706 | aRapBi1cCZPZAGLIDny3dk3hQ8vTmNTLHRl8zxmKgQ0= | 13586 | 13.8955 | 14033.7 | -0.522898 | -0.852395 | 1 | SKS | 0 | 1.08822 | 166.836 | 0 | 1 | 1 | 1 | 1 | 1 | 1 | 1 | camera |  | -0.522898 | 0 | -0.852395 | -0.522898 | 0 |
SCRIPT       : DATA_LOG | 441705 | aRapBi1cCZPZAGLIDny3dk3hQ8vTmNTLHRl8zxmKgQ0= | 13586 | 13.8955 | 14033.7 | -0.522898 | -0.852395 | 1 | SKS | 0 | 1.08769 | 166.84 | 0 | 1 | 1 | 1 | 1 | 1 | 1 | 1 | camera |  | -0.522898 | 0 | -0.852395 | -0.522898 | 0 | 
SCRIPT       : DATA_LOG | 442707 | aRapBi1cCZPZAGLIDny3dk3hQ8vTmNTLHRl8zxmKgQ0= | 13586 | 13.8955 | 14033.7 | -0.522898 | -0.852395 | 1 | SKS | 0 | 1.08822 | 166.839 | 0 | 1 | 1 | 1 | 1 | 1 | 1 | 1 | camera |  | -0.522898 | 0 | -0.852395 | -0.522898 | 0 |
SCRIPT       : DATA_LOG | 443707 | aRapBi1cCZPZAGLIDny3dk3hQ8vTmNTLHRl8zxmKgQ0= | 13586 | 13.8955 | 14033.7 | -0.522898 | -0.852395 | 1 | SKS | 0 | 1.08894 | 166.841 | 0 | 1 | 1 | 1 | 1 | 1 | 1 | 1 | camera |  | -0.522898 | 0 | -0.852395 | -0.522898 | 0 |
SCRIPT       : DATA_LOG | 444713 | aRapBi1cCZPZAGLIDny3dk3hQ8vTmNTLHRl8zxmKgQ0= | 13586 | 13.8955 | 14033.7 | -0.522898 | -0.852395 | 1 | SKS | 0 | 1.08787 | 166.853 | 0 | 1 | 1 | 1 | 1 | 1 | 1 | 1 | camera |  | -0.522898 | 0 | -0.852395 | -0.522898 | 0 |
SCRIPT       : DATA_LOG | 445718 | aRapBi1cCZPZAGLIDny3dk3hQ8vTmNTLHRl8zxmKgQ0= | 13586 | 13.8955 | 14033.7 | -0.522898 | -0.852395 | 1 | SKS | 0 | 1.08894 | 166.836 | 0 | 1 | 1 | 1 | 1 | 1 | 1 | 1 | camera |  | -0.522898 | 0 | -0.852395 | -0.522898 | 0 |
SCRIPT       : DATA_LOG | 446715 | aRapBi1cCZPZAGLIDny3dk3hQ8vTmNTLHRl8zxmKgQ0= | 13586 | 13.8955 | 14033.7 | -0.522898 | -0.852395 | 1 | SKS | 0 | 1.08876 | 166.845 | 0 | 1 | 1 | 1 | 1 | 1 | 1 | 1 | camera |  | -0.522898 | 0 | -0.852395 | -0.522898 | 0 |
SCRIPT       : DATA_LOG | 447723 | aRapBi1cCZPZAGLIDny3dk3hQ8vTmNTLHRl8zxmKgQ0= | 13586 | 13.8955 | 14033.7 | -0.522898 | -0.852395 | 0 | SKS | 0 | 1.08787 | 166.837 | 0 | 1 | 1 | 1 | 0 | 0 | 0 | 1 | camera |  | -0.522898 | 0 | -0.852395 | -0.522898 | 0 |
SCRIPT       : DATA_LOG | 448720 | aRapBi1cCZPZAGLIDny3dk3hQ8vTmNTLHRl8zxmKgQ0= | 13586 | 13.8955 | 14033.7 | -0.522898 | -0.852395 | 1 | SKS | 0 | 1.08769 | 166.838 | 0 | 1 | 1 | 1 | 1 | 1 | 1 | 1 | camera |  | -0.522898 | 0 | -0.852395 | -0.522898 | 0 |
SCRIPT       : DATA_LOG | 449712 | aRapBi1cCZPZAGLIDny3dk3hQ8vTmNTLHRl8zxmKgQ0= | 13586 | 13.8955 | 14033.7 | -0.522898 | -0.852395 | 1 | SKS | 0 | 1.08715 | 166.842 | 0 | 1 | 1 | 1 | 1 | 1 | 1 | 1 | camera |  | -0.522898 | 0 | -0.852395 | -0.522898 | 0 |
SCRIPT       : DATA_LOG | 450722 | aRapBi1cCZPZAGLIDny3dk3hQ8vTmNTLHRl8zxmKgQ0= | 13586 | 13.8955 | 14033.7 | -0.522898 | -0.852395 | 1 | SKS | 0 | 1.08966 | 166.838 | 0 | 1 | 1 | 1 | 1 | 1 | 1 | 1 | camera |  | -0.522898 | 0 | -0.852395 | -0.522898 | 0 |
SCRIPT       : DATA_LOG | 451725 | aRapBi1cCZPZAGLIDny3dk3hQ8vTmNTLHRl8zxmKgQ0= | 13586 | 13.8955 | 14033.7 | -0.522898 | -0.852395 | 1 | SKS | 0 | 1.08751 | 166.855 | 0 | 1 | 1 | 1 | 1 | 1 | 1 | 1 | camera |  | -0.522898 | 0 | -0.852395 | -0.522898 | 0 |
SCRIPT       : DATA_LOG | 452721 | aRapBi1cCZPZAGLIDny3dk3hQ8vTmNTLHRl8zxmKgQ0= | 13586 | 13.8955 | 14033.7 | -0.522898 | -0.852395 | 0 | SKS | 0 | 1.08912 | 166.838 | 0 | 1 | 1 | 1 | 0 | 0 | 0 | 1 | camera |  | -0.522898 | 0 | -0.852395 | -0.522898 | 0 |
SCRIPT       : DATA_LOG | 453722 | aRapBi1cCZPZAGLIDny3dk3hQ8vTmNTLHRl8zxmKgQ0= | 13586 | 13.8955 | 14033.7 | -0.522898 | -0.852395 | 0 | SKS | 0 | 1.08876 | 166.845 | 0 | 1 | 1 | 1 | 0 | 0 | 0 | 1 | camera |  | -0.522898 | 0 | -0.852395 | -0.522898 | 0 |
SCRIPT       : DATA_LOG | 454724 | aRapBi1cCZPZAGLIDny3dk3hQ8vTmNTLHRl8zxmKgQ0= | 13587.5 | 13.888 | 14033.7 | -0.942435 | -0.334391 | 0 | SKS | 0 | 37.6089 | 167.661 | 0 | 1 | 1 | 0 | 0 | 0 | 0 | 1 | camera |  | -0.942435 | 0 | -0.334391 | -0.942435 | 0 
SCRIPT       : DATA_LOG | 455719 | aRapBi1cCZPZAGLIDny3dk3hQ8vTmNTLHRl8zxmKgQ0= | 13587.6 | 13.8847 | 14033.4 | -0.961715 | -0.274051 | 0 | SKS | 0 | 41.1478 | 167.42 | 0 | 1 | 1 | 0 | 0 | 0 | 0 | 1 | camera |  | -0.961715 | 0 | -0.274051 | -0.961715 | 0 
SCRIPT       : DATA_LOG | 456725 | aRapBi1cCZPZAGLIDny3dk3hQ8vTmNTLHRl8zxmKgQ0= | 13587.6 | 13.8847 | 14033.4 | -0.961715 | -0.274051 | 0 | SKS | 0 | 41.1487 | 167.428 | 0 | 1 | 1 | 0 | 0 | 0 | 0 | 1 | camera |  | -0.961715 | 0 | -0.274051 | -0.961715 | 0
SCRIPT       : DATA_LOG | 457722 | aRapBi1cCZPZAGLIDny3dk3hQ8vTmNTLHRl8zxmKgQ0= | 13587.6 | 13.8847 | 14033.4 | -0.961715 | -0.274051 | 0 | SKS | 0 | 41.1461 | 167.418 | 0 | 1 | 1 | 0 | 0 | 0 | 0 | 1 | camera |  | -0.961715 | 0 | -0.274051 | -0.961715 | 0
 SCRIPT       : [Logout]: New player aRapBi1cCZPZAGLIDny3dk3hQ8vTmNTLHRl8zxmKgQ0= with logout time 15
 SCRIPT       : Player "rafaelglima79" (steamid=76561199445097358) initiated disconnect process...
SCRIPT       : DATA_LOG | 458728 | aRapBi1cCZPZAGLIDny3dk3hQ8vTmNTLHRl8zxmKgQ0= | 13587.6 | 13.8847 | 14033.4 | -0.961715 | -0.274051 | 0 | SKS | 0 | 41.1467 | 167.442 | 0 | 1 | 1 | 0 | 0 | 0 | 0 | 1 | camera |  | -0.961715 | 0 | -0.274051 | -0.961715 | 0
 SCRIPT       : Player "rafaelglima79" (steamid=76561199445097358) disconnected early from server (EXIT NOW).
SCRIPT       : DATA_LOG | 459722 | aRapBi1cCZPZAGLIDny3dk3hQ8vTmNTLHRl8zxmKgQ0= | 13587.6 | 13.8846 | 14033.4 | -0.961715 | -0.274051 | 0 | SKS | 0 | 41.1402 | 167.445 | 0 | 1 | 1 | 0 | 0 | 0 | 0 | 1 | camera |  | -0.961715 | 0 | -0.274051 | -0.961715 | 0
SCRIPT       : DATA_LOG | 460723 | aRapBi1cCZPZAGLIDny3dk3hQ8vTmNTLHRl8zxmKgQ0= | 13587.6 | 13.8846 | 14033.4 | -0.961715 | -0.274051 | 0 | SKS | 0 | 41.1407 | 167.449 | 0 | 1 | 1 | 0 | 0 | 0 | 0 | 1 | camera |  | -0.961715 | 0 | -0.274051 | -0.961715 | 0
SCRIPT       : DATA_LOG | 461724 | aRapBi1cCZPZAGLIDny3dk3hQ8vTmNTLHRl8zxmKgQ0= | 13587.6 | 13.8846 | 14033.4 | -0.961715 | -0.274051 | 0 | SKS | 0 | 41.1413 | 167.444 | 0 | 1 | 1 | 0 | 0 | 0 | 0 | 1 | camera |  | -0.961715 | 0 | -0.274051 | -0.961715 | 0
SCRIPT       : DATA_LOG | 462732 | aRapBi1cCZPZAGLIDny3dk3hQ8vTmNTLHRl8zxmKgQ0= | 13587.6 | 13.8846 | 14033.4 | -0.961715 | -0.274051 | 0 | SKS | 0 | 41.1417 | 167.441 | 0 | 1 | 1 | 0 | 0 | 0 | 0 | 1 | camera |  | -0.961715 | 0 | -0.274051 | -0.961715 | 0
SCRIPT       : DATA_LOG | 463736 | aRapBi1cCZPZAGLIDny3dk3hQ8vTmNTLHRl8zxmKgQ0= | 13587.6 | 13.8846 | 14033.4 | -0.961715 | -0.274051 | 0 | SKS | 0 | 41.1423 | 167.451 | 0 | 1 | 1 | 0 | 0 | 0 | 0 | 1 | camera |  | -0.961715 | 0 | -0.274051 | -0.961715 | 0
SCRIPT       : DATA_LOG | 464730 | aRapBi1cCZPZAGLIDny3dk3hQ8vTmNTLHRl8zxmKgQ0= | 13587.6 | 13.8846 | 14033.4 | -0.961715 | -0.274051 | 0 | SKS | 0 | 41.1395 | 167.438 | 0 | 1 | 1 | 0 | 0 | 0 | 0 | 1 | camera |  | -0.961715 | 0 | -0.274051 | -0.961715 | 0
SCRIPT       : DATA_LOG | 465732 | aRapBi1cCZPZAGLIDny3dk3hQ8vTmNTLHRl8zxmKgQ0= | 13587.6 | 13.8846 | 14033.4 | -0.961715 | -0.274051 | 0 | SKS | 0 | 41.1409 | 167.459 | 0 | 1 | 1 | 0 | 0 | 0 | 0 | 1 | camera |  | -0.961715 | 0 | -0.274051 | -0.961715 | 0
SCRIPT       : DATA_LOG | 466733 | aRapBi1cCZPZAGLIDny3dk3hQ8vTmNTLHRl8zxmKgQ0= | 13587.6 | 13.8846 | 14033.4 | -0.961715 | -0.274051 | 0 | SKS | 0 | 41.1405 | 167.448 | 0 | 1 | 1 | 0 | 0 | 0 | 0 | 1 | camera |  | -0.961715 | 0 | -0.274051 | -0.961715 | 0
SCRIPT       : DATA_LOG | 467730 | aRapBi1cCZPZAGLIDny3dk3hQ8vTmNTLHRl8zxmKgQ0= | 13587.6 | 13.8846 | 14033.4 | -0.961715 | -0.274051 | 0 | SKS | 0 | 41.1407 | 167.445 | 0 | 1 | 1 | 0 | 0 | 0 | 0 | 1 | camera |  | -0.961715 | 0 | -0.274051 | -0.961715 | 0
SCRIPT       : DATA_LOG | 468736 | aRapBi1cCZPZAGLIDny3dk3hQ8vTmNTLHRl8zxmKgQ0= | 13587.6 | 13.8846 | 14033.4 | -0.961715 | -0.274051 | 0 | SKS | 0 | 41.1412 | 167.446 | 0 | 1 | 1 | 0 | 0 | 0 | 0 | 1 | camera |  | -0.961715 | 0 | -0.274051 | -0.961715 | 0
SCRIPT       : DATA_LOG | 469733 | aRapBi1cCZPZAGLIDny3dk3hQ8vTmNTLHRl8zxmKgQ0= | 13587.6 | 13.8846 | 14033.4 | -0.961715 | -0.274051 | 0 | SKS | 0 | 41.1416 | 167.44 | 0 | 1 | 1 | 0 | 0 | 0 | 0 | 1 | camera |  | -0.961715 | 0 | -0.274051 | -0.961715 | 0 
SCRIPT       : DATA_LOG | 470743 | aRapBi1cCZPZAGLIDny3dk3hQ8vTmNTLHRl8zxmKgQ0= | 13587.6 | 13.8846 | 14033.4 | -0.961715 | -0.274051 | 0 | SKS | 0 | 41.1421 | 167.45 | 0 | 1 | 1 | 0 | 0 | 0 | 0 | 1 | camera |  | -0.961715 | 0 | -0.274051 | -0.961715 | 0 
SCRIPT       : [Logout]: Player aRapBi1cCZPZAGLIDny3dk3hQ8vTmNTLHRl8zxmKgQ0= finished
SCRIPT       : [PlayerListManager] SyncEntryToReceivers ► uid: aRapBi1cCZPZAGLIDny3dk3hQ8vTmNTLHRl8zxmKgQ0= isn't in the players list! sending a remove.
SCRIPT       : PlayerDisconnected -> PlayerListManager.RemoveEntry ► aRapBi1cCZPZAGLIDny3dk3hQ8vTmNTLHRl8zxmKgQ0=
 SCRIPT       : [MissionServer] OnMissionFinish - Server
 SCRIPT       : ~DayZGame()
