---------------------------------------------
Log D:\ModelAnti-Cheat\log_profiles\script_2026-08-24_00-05-11.log started at 24.08. 00:05:13

SCRIPT       : Module: GameLib; loaded 18x files; 26x classes; used 39/2097 kB (1%) of static memory; defines: "DAYZ_1_29,SERVER_FOR_WINDOWS,SERVER,PLATFORM_WINDOWS,RELEASE,NO_GUI,NO_GUI_INGAME,sakhal,JM_CommunityFramework,CF_MODULE_CONFIG,CF_EXPRESSION,C
SCRIPT       : Registered 349 temporary action enum(s), UAN==349
SCRIPT       : Module: Game; loaded 521x files; 1604x classes; used 4275/33554 kB (12%) of static memory; defines: "DAYZ_1_29,SERVER_FOR_WINDOWS,SERVER,PLATFORM_WINDOWS,RELEASE,NO_GUI,NO_GUI_INGAME,sakhal,JM_CommunityFramework,CF_MODULE_CONFIG,CF_EXPRESSI
SCRIPT       : ... Backlit Effects Enabled
SCRIPT       : VPPNotificationManager()
SCRIPT       : [VPPAT] Internal VPPNotifications module loaded!
SCRIPT       : [DayZ Game]:: DayZGame(): Initializing V++ Admin Tools.
SCRIPT       : Module: World; loaded 2247x files; 5867x classes; used 9519/33554 kB (28%) of static memory; defines: "DAYZ_1_29,SERVER_FOR_WINDOWS,SERVER,PLATFORM_WINDOWS,RELEASE,NO_GUI,NO_GUI_INGAME,sakhal,JM_CommunityFramework,CF_MODULE_CONFIG,CF_EXPRES
 SCRIPT       : Module: Mission; loaded 293x files; 593x classes; used 3996/33554 kB (11%) of static memory; defines: "DAYZ_1_29,SERVER_FOR_WINDOWS,SERVER,PLATFORM_WINDOWS,RELEASE,NO_GUI,NO_GUI_INGAME,sakhal,JM_CommunityFramework,CF_MODULE_CONFIG,CF_EXPRE
 SCRIPT    (W): @"$CurrentDir:mpmissions\dayzOffline.chernarusplus\init.c,54": Possible variable name conflict 'm_player'
 SCRIPT       : Module: $CurrentDir:mpmissions\dayzOffline.chernarusplus\init.c; loaded 1x files; 1x classes; used 13/1048 kB (1%) of static memory; defines: "DAYZ_1_29,SERVER_FOR_WINDOWS,SERVER,PLATFORM_WINDOWS,RELEASE,NO_GUI,NO_GUI_INGAME,sakhal,JM_Comm
 SCRIPT       : [SERVER :: Vanilla++ AdminTools Plugins Registering]
 SCRIPT       : [MissionServer] OnInit - Server
 SCRIPT       : [MissionServer] OnMissionStart - Server
 SCRIPT       : string dirtyName = 'TESTINGSERVER'
SCRIPT       : m_LoginTimeMs: 16200
 SCRIPT       : ---- PlayerBase OnStoreLoad SUCCESS ----
 SCRIPT       : [VPPAT] Player "rafaelglima79" (steamId=76561199445097358) connected to server!
 SCRIPT       : [PlayerListManager] AddReceiver ► added: PlayerIdentity<0x0000026D3F28C780>
SCRIPT       : [DUMMY_DEBUG] SUCESSO: Dummy criado na posicao: <13592.071289, 13.561569, 14022.286133>
SCRIPT       : DATA_LOG | 334992 | aRapBi1cCZPZAGLIDny3dk3hQ8vTmNTLHRl8zxmKgQ0= | 13589.3 | 16.9196 | 14021.2 | 0.930966 | 0.365105 | 0 | SKS | 0 | 48.2214 | 4.50309 | 0 | 1 | 1 | 0 | 0 | 0
SCRIPT       : DATA_LOG | 335768 | aRapBi1cCZPZAGLIDny3dk3hQ8vTmNTLHRl8zxmKgQ0= | 13589.3 | 16.9196 | 14021.2 | 0.930966 | 0.365105 | 0 | SKS | 0 | 27.206 | 3.07863 | 0 | 1 | 1 | 0 | 0 | 0
SCRIPT       : DATA_LOG | 336763 | aRapBi1cCZPZAGLIDny3dk3hQ8vTmNTLHRl8zxmKgQ0= | 13589.3 | 16.9196 | 14021.2 | 0.930966 | 0.365105 | 0 | SKS | 0 | 27.2006 | 3.08431 | 0 | 1 | 1 | 0 | 0 | 0
SCRIPT       : DATA_LOG | 337770 | aRapBi1cCZPZAGLIDny3dk3hQ8vTmNTLHRl8zxmKgQ0= | 13589.3 | 16.9196 | 14021.2 | 0.566304 | -0.824184 | 0 | SKS | 0 | 82.2598 | 4.00171 | -0.00456353 | 1 | 1 | 0 | 0 | 0
SCRIPT       : DATA_LOG | 338761 | aRapBi1cCZPZAGLIDny3dk3hQ8vTmNTLHRl8zxmKgQ0= | 13589.3 | 16.9196 | 14021.2 | 0.573318 | -0.819325 | 0 | SKS | 0 | 81.9844 | 4.00539 | -0.00359208 | 1 | 1 | 0 | 0 | 0
SCRIPT       : DATA_LOG | 339768 | aRapBi1cCZPZAGLIDny3dk3hQ8vTmNTLHRl8zxmKgQ0= | 13589.3 | 16.9196 | 14021.2 | 0.573237 | -0.819366 | 0 | SKS | 0 | 81.9372 | 4.00825 | -0.0063022 | 1 | 1 | 0 | 0 | 0
SCRIPT       : DATA_LOG | 340763 | aRapBi1cCZPZAGLIDny3dk3hQ8vTmNTLHRl8zxmKgQ0= | 13589.3 | 16.9196 | 14021.2 | 0.574053 | -0.818791 | 0 | SKS | 0 | 81.8617 | 4.00439 | -0.00668245 | 1 | 1 | 0 | 0 | 0
SCRIPT       : DATA_LOG | 341770 | aRapBi1cCZPZAGLIDny3dk3hQ8vTmNTLHRl8zxmKgQ0= | 13589.3 | 16.9196 | 14021.2 | 0.561963 | -0.82716 | 0 | SKS | 0 | 82.6468 | 4.00963 | -0.00183445 | 1 | 1 | 0 | 0 | 0
SCRIPT       : DATA_LOG | 342789 | aRapBi1cCZPZAGLIDny3dk3hQ8vTmNTLHRl8zxmKgQ0= | 13588.9 | 16.565 | 14021.1 | 0.118398 | -0.991878 | 0 | SKS | 0 | 103.013 | 3.9885 | 0.04647 | 1 | 1 | 0 | 0 | 0
SCRIPT       : DATA_LOG | 343792 | aRapBi1cCZPZAGLIDny3dk3hQ8vTmNTLHRl8zxmKgQ0= | 13588.9 | 16.5477 | 14021.1 | -0.873507 | 0.47723 | 0 | SKS | 0 | 122.399 | 4.08847 | 0.0961068 | 1 | 1 | 0 | 0 | 0
SCRIPT       : DATA_LOG | 344796 | aRapBi1cCZPZAGLIDny3dk3hQ8vTmNTLHRl8zxmKgQ0= | 13588.5 | 16.1408 | 14021.2 | 0.0730671 | 0.989771 | 0 | SKS | 0 | 75.8927 | 4.18325 | 0.122536 | 1 | 1 | 0 | 0 | 0
SCRIPT       : DATA_LOG | 345801 | aRapBi1cCZPZAGLIDny3dk3hQ8vTmNTLHRl8zxmKgQ0= | 13586.4 | 14.0087 | 14020.7 | 0.932263 | 0.358906 | 0 | SKS | 0 | 7.05866 | 5.6569 | 0.0455201 | 1 | 1 | 0 | 0 | 0
SCRIPT       : DATA_LOG | 346797 | aRapBi1cCZPZAGLIDny3dk3hQ8vTmNTLHRl8zxmKgQ0= | 13585.9 | 13.8452 | 14021.6 | 0.983655 | -0.175162 | 0 | SKS | 0 | 16.1597 | 5.93867 | 0.0417157 | 1 | 1 | 0 | 0 | 0
SCRIPT       : DATA_LOG | 347803 | aRapBi1cCZPZAGLIDny3dk3hQ8vTmNTLHRl8zxmKgQ0= | 13588.1 | 13.8437 | 14023.4 | -0.0439473 | -0.998833 | 0 | SKS | 1 | 75.646 | 3.78106 | -0.0200106 | 1 | 1 | 0 | 0 | 0
SCRIPT       : DATA_LOG | 348799 | aRapBi1cCZPZAGLIDny3dk3hQ8vTmNTLHRl8zxmKgQ0= | 13589.2 | 13.8428 | 14024.3 | -0.681281 | -0.728566 | 0 | SKS | 1 | 93.4939 | 3.10804 | 0.0710471 | 1 | 1 | 0 | 0 | 0
SCRIPT       : DATA_LOG | 349805 | aRapBi1cCZPZAGLIDny3dk3hQ8vTmNTLHRl8zxmKgQ0= | 13589.4 | 13.8427 | 14024.4 | 0.0760552 | -0.997079 | 0 | SKS | 1 | 42.8384 | 3.16552 | -0.00708103 | 1 | 1 | 0 | 0 | 0
SCRIPT       : DATA_LOG | 350805 | aRapBi1cCZPZAGLIDny3dk3hQ8vTmNTLHRl8zxmKgQ0= | 13589.1 | 13.8429 | 14024.1 | 0.0102605 | -0.999891 | 0 | SKS | 1 | 53.8347 | 3.22233 | 0.010608 | 1 | 1 | 0 | 0 | 0
SCRIPT       : DATA_LOG | 351808 | aRapBi1cCZPZAGLIDny3dk3hQ8vTmNTLHRl8zxmKgQ0= | 13589 | 13.8431 | 14024.2 | 0.327208 | -0.94493 | 0 | SKS | 1 | 36.8296 | 3.3627 | -0.00649118 | 1 | 1 | 0 | 0 | 0
SCRIPT       : DATA_LOG | 352810 | aRapBi1cCZPZAGLIDny3dk3hQ8vTmNTLHRl8zxmKgQ0= | 13589 | 13.8431 | 14024.2 | -0.256892 | -0.966025 | 0 | SKS | 1 | 70.7135 | 3.32157 | 0.0283306 | 1 | 1 | 0 | 0 | 0
SCRIPT       : DATA_LOG | 353812 | aRapBi1cCZPZAGLIDny3dk3hQ8vTmNTLHRl8zxmKgQ0= | 13589 | 13.8431 | 14024.2 | -0.257354 | -0.965875 | 0 | SKS | 1 | 70.9841 | 3.31792 | 0.029214 | 1 | 1 | 0 | 0 | 0
SCRIPT       : DATA_LOG | 354801 | aRapBi1cCZPZAGLIDny3dk3hQ8vTmNTLHRl8zxmKgQ0= | 13589 | 13.8431 | 14024.2 | -0.258312 | -0.965731 | 0 | SKS | 1 | 70.8825 | 3.31475 | 0.0252525 | 1 | 1 | 0 | 0 | 0
SCRIPT       : DATA_LOG | 355812 | aRapBi1cCZPZAGLIDny3dk3hQ8vTmNTLHRl8zxmKgQ0= | 13589 | 13.8431 | 14024.2 | -0.257185 | -0.966001 | 0 | SKS | 1 | 71.0497 | 3.3209 | 0.0264205 | 1 | 1 | 0 | 0 | 0
SCRIPT       : DATA_LOG | 356802 | aRapBi1cCZPZAGLIDny3dk3hQ8vTmNTLHRl8zxmKgQ0= | 13589 | 13.8431 | 14024.2 | -0.256994 | -0.966068 | 0 | SKS | 1 | 70.95 | 3.322 | 0.0258287 | 1 | 1 | 0 | 0 | 0
SCRIPT       : DATA_LOG | 357809 | aRapBi1cCZPZAGLIDny3dk3hQ8vTmNTLHRl8zxmKgQ0= | 13589 | 13.8431 | 14024.2 | -0.257034 | -0.966124 | 0 | SKS | 1 | 70.9114 | 3.32012 | 0.0231829 | 1 | 1 | 0 | 0 | 0
SCRIPT       : DATA_LOG | 358819 | aRapBi1cCZPZAGLIDny3dk3hQ8vTmNTLHRl8zxmKgQ0= | 13589 | 13.8431 | 14024.2 | -0.2569 | -0.966019 | 0 | SKS | 1 | 70.9572 | 3.31793 | 0.0284661 | 1 | 1 | 0 | 0 | 0
SCRIPT       : DATA_LOG | 359815 | aRapBi1cCZPZAGLIDny3dk3hQ8vTmNTLHRl8zxmKgQ0= | 13589 | 13.8431 | 14024.2 | -0.25782 | -0.965819 | 0 | SKS | 1 | 70.7265 | 3.31971 | 0.0268746 | 1 | 1 | 0 | 0 | 0
SCRIPT       : DATA_LOG | 360829 | aRapBi1cCZPZAGLIDny3dk3hQ8vTmNTLHRl8zxmKgQ0= | 13589 | 13.8431 | 14024.2 | -0.382843 | -0.923202 | 0 | SKS | 1 | 78.7834 | 3.32997 | 0.0336142 | 1 | 1 | 0 | 0 | 0
SCRIPT       : DATA_LOG | 361832 | aRapBi1cCZPZAGLIDny3dk3hQ8vTmNTLHRl8zxmKgQ0= | 13589.9 | 13.8423 | 14025.1 | -0.760688 | -0.648728 | 0 | SKS | 1 | 81.8922 | 3.29996 | 0.0224654 | 1 | 1 | 0 | 0 | 0
SCRIPT       : DATA_LOG | 362832 | aRapBi1cCZPZAGLIDny3dk3hQ8vTmNTLHRl8zxmKgQ0= | 13589.9 | 13.8423 | 14025.1 | -0.754023 | -0.656741 | 0 | SKS | 1 | 82.3371 | 3.36029 | 0.0118223 | 1 | 1 | 0 | 0 | 0
SCRIPT       : DATA_LOG | 363838 | aRapBi1cCZPZAGLIDny3dk3hQ8vTmNTLHRl8zxmKgQ0= | 13589.9 | 13.8423 | 14025.1 | -0.753518 | -0.657313 | 0 | SKS | 1 | 82.2934 | 3.3638 | 0.0122417 | 1 | 1 | 0 | 0 | 0
SCRIPT       : DATA_LOG | 364834 | aRapBi1cCZPZAGLIDny3dk3hQ8vTmNTLHRl8zxmKgQ0= | 13588.6 | 13.8432 | 14024.9 | -0.990148 | -0.11314 | 0 | SKS | 1 | 134.696 | 3.89406 | 0.0824963 | 1 | 1 | 0 | 0 | 0
SCRIPT       : DATA_LOG | 365831 | aRapBi1cCZPZAGLIDny3dk3hQ8vTmNTLHRl8zxmKgQ0= | 13588.8 | 13.8431 | 14024.9 | -0.960628 | -0.277763 | 0 | SKS | 1 | 123.358 | 3.99305 | -0.00651158 | 1 | 1 | 0 | 0 | 0
SCRIPT       : DATA_LOG | 366835 | aRapBi1cCZPZAGLIDny3dk3hQ8vTmNTLHRl8zxmKgQ0= | 13588.8 | 13.8431 | 14025 | -0.958487 | 0.28113 | 0 | SKS | 1 | 155.283 | 4.03933 | 0.0476261 | 1 | 1 | 0 | 0 | 0
SCRIPT       : DATA_LOG | 367839 | aRapBi1cCZPZAGLIDny3dk3hQ8vTmNTLHRl8zxmKgQ0= | 13588.8 | 13.8431 | 14025 | -0.958728 | 0.279733 | 0 | SKS | 1 | 155.406 | 4.03705 | 0.0508927 | 1 | 1 | 0 | 0 | 0
 SCRIPT       : [Permissions Manager] Admin (rafaelglima79) (76561199445097358) Successfully Logged in!
SCRIPT       : DATA_LOG | 368833 | aRapBi1cCZPZAGLIDny3dk3hQ8vTmNTLHRl8zxmKgQ0= | 13588.8 | 13.8431 | 14025 | -0.958745 | 0.280273 | 0 | SKS | 1 | 155.407 | 4.03399 | 0.0474865 | 1 | 1 | 0 | 0 | 0
SCRIPT       : DATA_LOG | 369835 | aRapBi1cCZPZAGLIDny3dk3hQ8vTmNTLHRl8zxmKgQ0= | 13588.8 | 13.8431 | 14025 | -0.95877 | 0.279956 | 0 | SKS | 1 | 155.453 | 4.03717 | 0.048834 | 1 | 1 | 0 | 0 | 0
SCRIPT       : DATA_LOG | 370841 | aRapBi1cCZPZAGLIDny3dk3hQ8vTmNTLHRl8zxmKgQ0= | 13588.8 | 13.8431 | 14025 | -0.958595 | 0.280333 | 0 | SKS | 1 | 155.455 | 4.03917 | 0.0500942 | 1 | 1 | 0 | 0 | 0
SCRIPT       : DATA_LOG | 371838 | aRapBi1cCZPZAGLIDny3dk3hQ8vTmNTLHRl8zxmKgQ0= | 13588.8 | 13.8431 | 14025 | -0.958371 | 0.281447 | 0 | SKS | 1 | 155.458 | 4.03738 | 0.0480888 | 1 | 1 | 0 | 0 | 0
SCRIPT       : DATA_LOG | 372843 | aRapBi1cCZPZAGLIDny3dk3hQ8vTmNTLHRl8zxmKgQ0= | 13588.8 | 13.8431 | 14025 | -0.958542 | 0.280642 | 0 | SKS | 1 | 155.527 | 4.03249 | 0.049365 | 1 | 1 | 0 | 0 | 0
SCRIPT       : DATA_LOG | 373840 | aRapBi1cCZPZAGLIDny3dk3hQ8vTmNTLHRl8zxmKgQ0= | 13588.8 | 13.8431 | 14025 | -0.958737 | 0.279864 | 0 | SKS | 1 | 155.19 | 4.03934 | 0.049988 | 1 | 1 | 0 | 0 | 0
SCRIPT       : DATA_LOG | 374843 | aRapBi1cCZPZAGLIDny3dk3hQ8vTmNTLHRl8zxmKgQ0= | 13588.8 | 13.8431 | 14025 | -0.958934 | 0.279826 | 0 | SKS | 1 | 155.411 | 4.03272 | 0.0462904 | 1 | 1 | 0 | 0 | 0
SCRIPT       : DATA_LOG | 375848 | aRapBi1cCZPZAGLIDny3dk3hQ8vTmNTLHRl8zxmKgQ0= | 13588.8 | 13.8431 | 14025 | -0.958667 | 0.280057 | 0 | SKS | 1 | 155.373 | 4.03536 | 0.0502546 | 1 | 1 | 0 | 0 | 0
SCRIPT       : DATA_LOG | 376848 | aRapBi1cCZPZAGLIDny3dk3hQ8vTmNTLHRl8zxmKgQ0= | 13588.8 | 13.8431 | 14025 | -0.958508 | 0.280515 | 0 | SKS | 1 | 155.422 | 4.03759 | 0.0507347 | 1 | 1 | 0 | 0 | 0
SCRIPT       : DATA_LOG | 377848 | aRapBi1cCZPZAGLIDny3dk3hQ8vTmNTLHRl8zxmKgQ0= | 13588.8 | 13.8431 | 14025 | -0.958471 | 0.2814 | 0 | SKS | 1 | 155.619 | 4.03473 | 0.0463457 | 1 | 1 | 0 | 0 | 0
SCRIPT       : DATA_LOG | 378844 | aRapBi1cCZPZAGLIDny3dk3hQ8vTmNTLHRl8zxmKgQ0= | 13588.8 | 13.8431 | 14025 | -0.958604 | 0.280215 | 0 | SKS | 1 | 155.35 | 4.04353 | 0.0505789 | 1 | 1 | 0 | 0 | 0
SCRIPT       : DATA_LOG | 379849 | aRapBi1cCZPZAGLIDny3dk3hQ8vTmNTLHRl8zxmKgQ0= | 13588.8 | 13.8431 | 14025 | -0.958657 | 0.28022 | 0 | SKS | 1 | 155.52 | 4.0326 | 0.0495378 | 1 | 1 | 0 | 0 | 0
SCRIPT       : DATA_LOG | 380851 | aRapBi1cCZPZAGLIDny3dk3hQ8vTmNTLHRl8zxmKgQ0= | 13588.8 | 13.8431 | 14025 | -0.958951 | 0.27971 | 0 | SKS | 1 | 155.269 | 4.0355 | 0.0466325 | 1 | 1 | 0 | 0 | 0
SCRIPT       : DATA_LOG | 381848 | aRapBi1cCZPZAGLIDny3dk3hQ8vTmNTLHRl8zxmKgQ0= | 13588.8 | 13.8431 | 14025 | -0.958695 | 0.280231 | 0 | SKS | 1 | 155.333 | 4.03781 | 0.0487336 | 1 | 1 | 0 | 0 | 0
SCRIPT       : DATA_LOG | 382848 | aRapBi1cCZPZAGLIDny3dk3hQ8vTmNTLHRl8zxmKgQ0= | 13588.8 | 13.8431 | 14025 | -0.95848 | 0.280792 | 0 | SKS | 1 | 155.482 | 4.03292 | 0.0497232 | 1 | 1 | 0 | 0 | 0
SCRIPT       : DATA_LOG | 383848 | aRapBi1cCZPZAGLIDny3dk3hQ8vTmNTLHRl8zxmKgQ0= | 13588.8 | 13.8431 | 14025 | -0.958547 | 0.281126 | 0 | SKS | 1 | 155.475 | 4.03473 | 0.046428 | 1 | 1 | 0 | 0 | 0
SCRIPT       : DATA_LOG | 384856 | aRapBi1cCZPZAGLIDny3dk3hQ8vTmNTLHRl8zxmKgQ0= | 13588.8 | 13.8431 | 14025 | -0.95858 | 0.28025 | 0 | SKS | 1 | 155.482 | 4.03939 | 0.0508412 | 1 | 1 | 0 | 0 | 0
SCRIPT       : DATA_LOG | 385856 | aRapBi1cCZPZAGLIDny3dk3hQ8vTmNTLHRl8zxmKgQ0= | 13588.8 | 13.8431 | 14025 | -0.95868 | 0.280302 | 0 | SKS | 1 | 155.415 | 4.03823 | 0.0486094 | 1 | 1 | 0 | 0 | 0
SCRIPT       : DATA_LOG | 386858 | aRapBi1cCZPZAGLIDny3dk3hQ8vTmNTLHRl8zxmKgQ0= | 13588.8 | 13.8431 | 14025 | -0.958776 | 0.280019 | 0 | SKS | 1 | 155.498 | 4.03249 | 0.0483595 | 1 | 1 | 0 | 0 | 0
SCRIPT       : DATA_LOG | 387859 | aRapBi1cCZPZAGLIDny3dk3hQ8vTmNTLHRl8zxmKgQ0= | 13588.8 | 13.8431 | 14025 | -0.958622 | 0.280318 | 0 | SKS | 1 | 155.293 | 4.03623 | 0.0496648 | 1 | 1 | 0 | 0 | 0
SCRIPT       : DATA_LOG | 388856 | aRapBi1cCZPZAGLIDny3dk3hQ8vTmNTLHRl8zxmKgQ0= | 13588.8 | 13.8431 | 14025 | -0.958325 | 0.281545 | 0 | SKS | 1 | 155.405 | 4.03432 | 0.0484263 | 1 | 1 | 0 | 0 | 0
SCRIPT       : DATA_LOG | 389860 | aRapBi1cCZPZAGLIDny3dk3hQ8vTmNTLHRl8zxmKgQ0= | 13588.8 | 13.8431 | 14025 | -0.963171 | 0.264238 | 0 | SKS | 1 | 154.555 | 4.03113 | 0.0498007 | 1 | 1 | 0 | 0 | 0
SCRIPT       : DATA_LOG | 390859 | aRapBi1cCZPZAGLIDny3dk3hQ8vTmNTLHRl8zxmKgQ0= | 13588.8 | 13.8431 | 14025 | -0.967106 | 0.248983 | 0 | SKS | 1 | 153.58 | 4.03222 | 0.0520884 | 1 | 1 | 0 | 0 | 0
SCRIPT       : DATA_LOG | 391863 | aRapBi1cCZPZAGLIDny3dk3hQ8vTmNTLHRl8zxmKgQ0= | 13588.8 | 13.8431 | 14025 | -0.967157 | 0.249457 | 0 | SKS | 1 | 153.772 | 4.02884 | 0.0487642 | 1 | 1 | 0 | 0 | 0
SCRIPT       : DATA_LOG | 392856 | aRapBi1cCZPZAGLIDny3dk3hQ8vTmNTLHRl8zxmKgQ0= | 13588.8 | 13.8431 | 14025 | -0.936495 | 0.326425 | 0 | none | 1 | 157.553 | 3.99734 | 0.128153 | 1 | 1 | 0 | 0 | 0
SCRIPT       : DATA_LOG | 393870 | aRapBi1cCZPZAGLIDny3dk3hQ8vTmNTLHRl8zxmKgQ0= | 13588.8 | 13.8431 | 14025 | -0.978788 | 0.20412 | 0 | MakarovIJ70 | 1 | 151.309 | 4.0535 | -0.0176047 | 1 | 1 | 0 | 0 | 0
SCRIPT       : DATA_LOG | 394865 | aRapBi1cCZPZAGLIDny3dk3hQ8vTmNTLHRl8zxmKgQ0= | 13588.8 | 13.8431 | 14025 | -0.978694 | 0.203337 | 0 | MakarovIJ70 | 1 | 151.266 | 4.04941 | -0.0284933 | 1 | 1 | 0 | 0 | 0
SCRIPT       : DATA_LOG | 395870 | aRapBi1cCZPZAGLIDny3dk3hQ8vTmNTLHRl8zxmKgQ0= | 13588.8 | 13.8431 | 14025 | -0.978275 | 0.204968 | 0 | MakarovIJ70 | 1 | 151.161 | 4.06148 | -0.0310932 | 1 | 1 | 0 | 0 | 0
SCRIPT       : DATA_LOG | 396866 | aRapBi1cCZPZAGLIDny3dk3hQ8vTmNTLHRl8zxmKgQ0= | 13588.8 | 13.8431 | 14025 | -0.949468 | 0.279661 | 0 | MakarovIJ70 | 1 | 154.025 | 4.06559 | 0.142477 | 1 | 1 | 0 | 0 | 0
SCRIPT       : DATA_LOG | 397862 | aRapBi1cCZPZAGLIDny3dk3hQ8vTmNTLHRl8zxmKgQ0= | 13588.8 | 13.8431 | 14025 | -0.978436 | 0.204898 | 0 | MakarovIJ70 | 1 | 151.168 | 4.05318 | -0.0260823 | 1 | 1 | 0 | 0 | 0
SCRIPT       : DATA_LOG | 398864 | aRapBi1cCZPZAGLIDny3dk3hQ8vTmNTLHRl8zxmKgQ0= | 13588.8 | 13.8431 | 14025 | -0.979026 | 0.202718 | 0 | MakarovIJ70 | 1 | 151.134 | 4.05783 | -0.0203461 | 1 | 1 | 0 | 0 | 0
SCRIPT       : DATA_LOG | 399864 | aRapBi1cCZPZAGLIDny3dk3hQ8vTmNTLHRl8zxmKgQ0= | 13588.8 | 13.8431 | 14025 | -0.979223 | 0.202055 | 0 | MakarovIJ70 | 1 | 151.218 | 4.05302 | -0.017183 | 1 | 1 | 0 | 0 | 0
SCRIPT       : DATA_LOG | 400866 | aRapBi1cCZPZAGLIDny3dk3hQ8vTmNTLHRl8zxmKgQ0= | 13588.8 | 13.8431 | 14025 | -0.977936 | 0.208868 | 0 | none | 1 | 151.662 | 4.04298 | -0.0038625 | 1 | 1 | 0 | 0 | 0
SCRIPT       : DATA_LOG | 401874 | aRapBi1cCZPZAGLIDny3dk3hQ8vTmNTLHRl8zxmKgQ0= | 13588.8 | 13.8431 | 14025 | -0.978633 | 0.203662 | 0 | none | 1 | 151.512 | 4.04105 | -0.0282734 | 1 | 1 | 0 | 0 | 0
SCRIPT       : DATA_LOG | 402868 | aRapBi1cCZPZAGLIDny3dk3hQ8vTmNTLHRl8zxmKgQ0= | 13588.8 | 13.8431 | 14025 | -0.974856 | 0.219845 | 0 | none | 1 | 152.795 | 3.97265 | 0.0363779 | 1 | 1 | 0 | 0 | 0
SCRIPT       : DATA_LOG | 403869 | aRapBi1cCZPZAGLIDny3dk3hQ8vTmNTLHRl8zxmKgQ0= | 13588.8 | 13.8431 | 14025 | -0.977279 | 0.199717 | 0 | none | 1 | 151.656 | 3.96246 | 0.0709907 | 1 | 1 | 0 | 0 | 0
   SCRIPT       : [inv] ReplaceItemWithNewLambdaBase Step B) remove OK, loc={ type=HANDS item=AmmoBox_380_35rnd:20970 parent=SurvivorM_Niki:20849:INSTANCETYPE_SERVER }
SCRIPT       : DATA_LOG | 404872 | aRapBi1cCZPZAGLIDny3dk3hQ8vTmNTLHRl8zxmKgQ0= | 13588.8 | 13.8431 | 14025 | -0.978448 | 0.204829 | 0 | none | 1 | 151.422 | 4.0429 | -0.0261679 | 1 | 1 | 0 | 0 | 0
SCRIPT       : DATA_LOG | 405880 | aRapBi1cCZPZAGLIDny3dk3hQ8vTmNTLHRl8zxmKgQ0= | 13588.8 | 13.8431 | 14025 | -0.97522 | 0.220745 | 0 | none | 1 | 152.309 | 4.03399 | 0.0147269 | 1 | 1 | 0 | 0 | 0
SCRIPT       : DATA_LOG | 406877 | aRapBi1cCZPZAGLIDny3dk3hQ8vTmNTLHRl8zxmKgQ0= | 13588.8 | 13.8431 | 14025 | -0.972499 | 0.232877 | 0 | none | 1 | 153.601 | 4.01676 | 0.00362717 | 1 | 1 | 0 | 0 | 0
SCRIPT       : DATA_LOG | 407875 | aRapBi1cCZPZAGLIDny3dk3hQ8vTmNTLHRl8zxmKgQ0= | 13588.8 | 13.8431 | 14025 | -0.978957 | 0.203074 | 0 | none | 1 | 151.31 | 4.05115 | -0.020121 | 1 | 1 | 0 | 0 | 0
SCRIPT       : DATA_LOG | 408887 | aRapBi1cCZPZAGLIDny3dk3hQ8vTmNTLHRl8zxmKgQ0= | 13588.8 | 13.8431 | 14025 | -0.999563 | -0.0281783 | 0 | none | 1 | 138.194 | 4.02128 | -0.00898604 | 1 | 1 | 0 | 0 | 0
SCRIPT       : DATA_LOG | 409878 | aRapBi1cCZPZAGLIDny3dk3hQ8vTmNTLHRl8zxmKgQ0= | 13588.8 | 13.8431 | 14025 | -0.997043 | 0.0626308 | 0 | none | 1 | 143.028 | 4.06215 | -0.0445353 | 1 | 1 | 0 | 0 | 0
SCRIPT       : DATA_LOG | 410884 | aRapBi1cCZPZAGLIDny3dk3hQ8vTmNTLHRl8zxmKgQ0= | 13588.8 | 13.8431 | 14025 | -0.997379 | 0.0565376 | 0 | none | 1 | 142.864 | 4.05969 | -0.0451567 | 1 | 1 | 0 | 0 | 0
SCRIPT       : DATA_LOG | 411878 | aRapBi1cCZPZAGLIDny3dk3hQ8vTmNTLHRl8zxmKgQ0= | 13588.8 | 13.8431 | 14025 | -0.997675 | 0.0587119 | 0 | none | 1 | 142.954 | 4.05114 | -0.0346019 | 1 | 1 | 0 | 0 | 0
SCRIPT       : DATA_LOG | 412881 | aRapBi1cCZPZAGLIDny3dk3hQ8vTmNTLHRl8zxmKgQ0= | 13588.8 | 13.8431 | 14025 | -0.988362 | 0.149406 | 0 | none | 1 | 148.093 | 4.06165 | -0.0285966 | 1 | 1 | 0 | 0 | 0
SCRIPT       : DATA_LOG | 413884 | aRapBi1cCZPZAGLIDny3dk3hQ8vTmNTLHRl8zxmKgQ0= | 13588.8 | 13.8431 | 14025 | -0.969578 | 0.244507 | 0 | none | 1 | 153.878 | 4.05056 | -0.0116486 | 1 | 1 | 0 | 0 | 0
SCRIPT       : DATA_LOG | 414881 | aRapBi1cCZPZAGLIDny3dk3hQ8vTmNTLHRl8zxmKgQ0= | 13588.8 | 13.8431 | 14025 | -0.969524 | 0.244595 | 0 | none | 1 | 153.662 | 4.05757 | -0.0140118 | 1 | 1 | 0 | 0 | 0
SCRIPT       : DATA_LOG | 415890 | aRapBi1cCZPZAGLIDny3dk3hQ8vTmNTLHRl8zxmKgQ0= | 13588.8 | 13.8431 | 14025 | -0.958862 | 0.283794 | 0 | none | 1 | 156.603 | 4.02052 | -0.00666094 | 1 | 1 | 0 | 0 | 0
SCRIPT       : DATA_LOG | 416884 | aRapBi1cCZPZAGLIDny3dk3hQ8vTmNTLHRl8zxmKgQ0= | 13588.8 | 13.8431 | 14025 | -0.958847 | 0.28365 | 0 | none | 1 | 156.314 | 4.03128 | -0.012452 | 1 | 1 | 0 | 0 | 0
SCRIPT       : DATA_LOG | 417885 | aRapBi1cCZPZAGLIDny3dk3hQ8vTmNTLHRl8zxmKgQ0= | 13588.8 | 13.8431 | 14025 | -0.968293 | 0.248837 | 0 | MakarovIJ70 | 1 | 153.863 | 4.0607 | -0.0221274 | 1 | 1 | 0 | 0 | 0
SCRIPT       : DATA_LOG | 418887 | aRapBi1cCZPZAGLIDny3dk3hQ8vTmNTLHRl8zxmKgQ0= | 13588.8 | 13.8431 | 14025 | -0.969095 | 0.246166 | 0 | MakarovIJ70 | 1 | 153.754 | 4.0513 | -0.0160531 | 1 | 1 | 0 | 0 | 0
SCRIPT       : DATA_LOG | 419892 | aRapBi1cCZPZAGLIDny3dk3hQ8vTmNTLHRl8zxmKgQ0= | 13588.8 | 13.8431 | 14025 | -0.964851 | -0.163252 | 0 | MakarovIJ70 | 1 | 127.425 | 4.05841 | 0.205941 | 1 | 1 | 0 | 0 | 0
SCRIPT       : DATA_LOG | 420893 | aRapBi1cCZPZAGLIDny3dk3hQ8vTmNTLHRl8zxmKgQ0= | 13588.8 | 13.8431 | 14025 | -0.947075 | 0.318388 | 0 | MakarovIJ70 | 1 | 157.355 | 4.06081 | -0.0409613 | 1 | 1 | 0 | 0 | 0
SCRIPT       : DATA_LOG | 421894 | aRapBi1cCZPZAGLIDny3dk3hQ8vTmNTLHRl8zxmKgQ0= | 13588.8 | 13.8431 | 14025 | -0.969528 | 0.244592 | 0 | MakarovIJ70 | 1 | 153.52 | 4.06229 | -0.0138039 | 1 | 1 | 0 | 0 | 0
SCRIPT       : DATA_LOG | 422894 | aRapBi1cCZPZAGLIDny3dk3hQ8vTmNTLHRl8zxmKgQ0= | 13588.8 | 13.8431 | 14025 | -0.969147 | 0.245908 | 0 | MakarovIJ70 | 1 | 153.833 | 4.05455 | -0.0168166 | 1 | 1 | 0 | 0 | 0
SCRIPT       : DATA_LOG | 423894 | aRapBi1cCZPZAGLIDny3dk3hQ8vTmNTLHRl8zxmKgQ0= | 13588.8 | 13.8431 | 14025 | -0.969306 | 0.244704 | 0 | MakarovIJ70 | 1 | 153.531 | 4.06094 | -0.023787 | 1 | 1 | 0 | 0 | 0
SCRIPT       : DATA_LOG | 424897 | aRapBi1cCZPZAGLIDny3dk3hQ8vTmNTLHRl8zxmKgQ0= | 13589.6 | 13.8426 | 14024.1 | -0.837539 | -0.543676 | 0 | MakarovIJ70 | 1 | 108.847 | 2.64972 | 0.0542659 | 1 | 1 | 0 | 0 | 0
SCRIPT       : DATA_LOG | 425897 | aRapBi1cCZPZAGLIDny3dk3hQ8vTmNTLHRl8zxmKgQ0= | 13590.6 | 13.8418 | 14021.2 | -0.873711 | -0.480366 | 0 | MakarovIJ70 | 1 | 157.701 | 1.59979 | 0.0766614 | 1 | 1 | 0 | 0 | 0
SCRIPT       : DATA_LOG | 426897 | aRapBi1cCZPZAGLIDny3dk3hQ8vTmNTLHRl8zxmKgQ0= | 13591 | 13.8416 | 14020.1 | -0.881386 | 0.472396 | 0 | MakarovIJ70 | 1 | 83.4994 | 2.37934 | 0.000723254 | 1 | 1 | 0 | 0 | 0
SCRIPT       : DATA_LOG | 427896 | aRapBi1cCZPZAGLIDny3dk3hQ8vTmNTLHRl8zxmKgQ0= | 13591 | 13.8416 | 14020.1 | -0.737455 | 0.67536 | 0 | MakarovIJ70 | 1 | 69.334 | 2.35998 | -0.00699492 | 1 | 1 | 0 | 0 | 0
SCRIPT       : DATA_LOG | 428898 | aRapBi1cCZPZAGLIDny3dk3hQ8vTmNTLHRl8zxmKgQ0= | 13591 | 13.8416 | 14020.1 | -0.737481 | 0.675327 | 0 | MakarovIJ70 | 1 | 69.3861 | 2.35238 | -0.00743472 | 1 | 1 | 0 | 0 | 0
SCRIPT       : DATA_LOG | 429908 | aRapBi1cCZPZAGLIDny3dk3hQ8vTmNTLHRl8zxmKgQ0= | 13588 | 13.8437 | 14018.4 | -0.0949145 | 0.995443 | 0 | MakarovIJ70 | 0 | 50.7779 | 5.56487 | -0.00915409 | 1 | 1 | 0 | 0 | 0
SCRIPT       : DATA_LOG | 430904 | aRapBi1cCZPZAGLIDny3dk3hQ8vTmNTLHRl8zxmKgQ0= | 13586 | 13.8444 | 14018 | -0.999763 | 0.0135594 | 0 | MakarovIJ70 | 0 | 142.653 | 7.23275 | 0.0170326 | 1 | 1 | 0 | 0 | 0
SCRIPT       : DATA_LOG | 431907 | aRapBi1cCZPZAGLIDny3dk3hQ8vTmNTLHRl8zxmKgQ0= | 13585.2 | 13.8296 | 14018.1 | -0.984289 | 0.175745 | 0 | MakarovIJ70 | 0 | 137.335 | 7.82684 | 0.0169867 | 1 | 1 | 0 | 0 | 0
SCRIPT       : DATA_LOG | 432907 | aRapBi1cCZPZAGLIDny3dk3hQ8vTmNTLHRl8zxmKgQ0= | 13585.2 | 13.8296 | 14018.1 | -0.984494 | 0.175241 | 0 | MakarovIJ70 | 0 | 137.265 | 7.84387 | 0.00789459 | 1 | 1 | 0 | 0 | 0
SCRIPT       : DATA_LOG | 433905 | aRapBi1cCZPZAGLIDny3dk3hQ8vTmNTLHRl8zxmKgQ0= | 13585.2 | 13.8296 | 14018.1 | 0.190836 | -0.981516 | 0 | MakarovIJ70 | 0 | 111.856 | 7.78787 | -0.0143924 | 1 | 1 | 0 | 0 | 0
SCRIPT       : DATA_LOG | 434904 | aRapBi1cCZPZAGLIDny3dk3hQ8vTmNTLHRl8zxmKgQ0= | 13587.7 | 13.8439 | 14018.3 | -0.631695 | 0.773114 | 0 | MakarovIJ70 | 0 | 84.7015 | 5.77184 | 0.057057 | 1 | 1 | 0 | 0 | 0
SCRIPT       : DATA_LOG | 435907 | aRapBi1cCZPZAGLIDny3dk3hQ8vTmNTLHRl8zxmKgQ0= | 13587.9 | 13.8438 | 14018.6 | -0.650035 | 0.759561 | 0 | MakarovIJ70 | 0 | 87.4783 | 5.44342 | -0.0228426 | 1 | 1 | 0 | 0 | 0
SCRIPT       : DATA_LOG | 436913 | aRapBi1cCZPZAGLIDny3dk3hQ8vTmNTLHRl8zxmKgQ0= | 13587.9 | 13.8438 | 14018.6 | -0.648825 | 0.760705 | 0 | MakarovIJ70 | 0 | 87.3211 | 5.4446 | -0.018815 | 1 | 1 | 0 | 0 | 0
SCRIPT       : DATA_LOG | 437914 | aRapBi1cCZPZAGLIDny3dk3hQ8vTmNTLHRl8zxmKgQ0= | 13587.9 | 13.8438 | 14018.6 | -0.650212 | 0.759094 | 0 | MakarovIJ70 | 0 | 87.5106 | 5.44204 | -0.0316299 | 1 | 1 | 0 | 0 | 0
SCRIPT       : DATA_LOG | 438914 | aRapBi1cCZPZAGLIDny3dk3hQ8vTmNTLHRl8zxmKgQ0= | 13587.9 | 13.8438 | 14018.6 | -0.648853 | 0.760379 | 0 | MakarovIJ70 | 0 | 87.4423 | 5.42905 | -0.0285161 | 1 | 1 | 0 | 0 | 0
SCRIPT       : DATA_LOG | 439908 | aRapBi1cCZPZAGLIDny3dk3hQ8vTmNTLHRl8zxmKgQ0= | 13587.9 | 13.8438 | 14018.6 | -0.648438 | 0.760715 | 0 | MakarovIJ70 | 0 | 87.3316 | 5.4509 | -0.02898 | 1 | 1 | 0 | 0 | 0
SCRIPT       : DATA_LOG | 440916 | aRapBi1cCZPZAGLIDny3dk3hQ8vTmNTLHRl8zxmKgQ0= | 13587.9 | 13.8438 | 14018.6 | -0.648756 | 0.760679 | 0 | MakarovIJ70 | 0 | 87.3031 | 5.43419 | -0.0219626 | 1 | 1 | 0 | 0 | 0
SCRIPT       : DATA_LOG | 441912 | aRapBi1cCZPZAGLIDny3dk3hQ8vTmNTLHRl8zxmKgQ0= | 13587.9 | 13.8438 | 14018.6 | -0.649686 | 0.760048 | 0 | MakarovIJ70 | 0 | 87.3679 | 5.43903 | -0.0153492 | 1 | 1 | 0 | 0 | 0
SCRIPT       : DATA_LOG | 442916 | aRapBi1cCZPZAGLIDny3dk3hQ8vTmNTLHRl8zxmKgQ0= | 13587.9 | 13.8438 | 14018.6 | -0.650244 | 0.75933 | 0 | MakarovIJ70 | 0 | 87.4959 | 5.44757 | -0.0244883 | 1 | 1 | 0 | 0 | 0
SCRIPT       : DATA_LOG | 443925 | aRapBi1cCZPZAGLIDny3dk3hQ8vTmNTLHRl8zxmKgQ0= | 13587.9 | 13.8438 | 14018.6 | -0.648608 | 0.760928 | 0 | MakarovIJ70 | 0 | 87.3177 | 5.44189 | -0.017232 | 1 | 1 | 0 | 0 | 0
SCRIPT       : DATA_LOG | 444917 | aRapBi1cCZPZAGLIDny3dk3hQ8vTmNTLHRl8zxmKgQ0= | 13587.9 | 13.8438 | 14018.6 | -0.649377 | 0.759881 | 0 | MakarovIJ70 | 0 | 87.4274 | 5.44613 | -0.0298512 | 1 | 1 | 0 | 0 | 0
SCRIPT       : DATA_LOG | 445921 | aRapBi1cCZPZAGLIDny3dk3hQ8vTmNTLHRl8zxmKgQ0= | 13587.9 | 13.8438 | 14018.6 | -0.64934 | 0.759856 | 0 | MakarovIJ70 | 0 | 87.4999 | 5.42911 | -0.0312687 | 1 | 1 | 0 | 0 | 0
SCRIPT       : DATA_LOG | 446918 | aRapBi1cCZPZAGLIDny3dk3hQ8vTmNTLHRl8zxmKgQ0= | 13587.9 | 13.8438 | 14018.6 | -0.648077 | 0.76103 | 0 | MakarovIJ70 | 0 | 87.3119 | 5.44885 | -0.0287973 | 1 | 1 | 0 | 0 | 0
SCRIPT       : DATA_LOG | 447924 | aRapBi1cCZPZAGLIDny3dk3hQ8vTmNTLHRl8zxmKgQ0= | 13587.9 | 13.8438 | 14018.6 | -0.648467 | 0.760814 | 0 | MakarovIJ70 | 0 | 87.309 | 5.43771 | -0.0255584 | 1 | 1 | 0 | 0 | 0
SCRIPT       : DATA_LOG | 448920 | aRapBi1cCZPZAGLIDny3dk3hQ8vTmNTLHRl8zxmKgQ0= | 13587.9 | 13.8438 | 14018.6 | -0.649599 | 0.760166 | 0 | MakarovIJ70 | 0 | 87.3519 | 5.43556 | -0.012969 | 1 | 1 | 0 | 0 | 0
SCRIPT       : DATA_LOG | 449921 | aRapBi1cCZPZAGLIDny3dk3hQ8vTmNTLHRl8zxmKgQ0= | 13587.9 | 13.8438 | 14018.6 | -0.649846 | 0.759637 | 0 | MakarovIJ70 | 0 | 87.4594 | 5.451 | -0.0255185 | 1 | 1 | 0 | 0 | 0
SCRIPT       : DATA_LOG | 450922 | aRapBi1cCZPZAGLIDny3dk3hQ8vTmNTLHRl8zxmKgQ0= | 13587.9 | 13.8438 | 14018.6 | -0.649093 | 0.760506 | 0 | MakarovIJ70 | 0 | 87.393 | 5.43718 | -0.0175631 | 1 | 1 | 0 | 0 | 0
SCRIPT       : DATA_LOG | 451928 | aRapBi1cCZPZAGLIDny3dk3hQ8vTmNTLHRl8zxmKgQ0= | 13587.9 | 13.8438 | 14018.6 | -0.649734 | 0.759595 | 0 | MakarovIJ70 | 0 | 87.4375 | 5.44884 | -0.029332 | 1 | 1 | 0 | 0 | 0
SCRIPT       : DATA_LOG | 452933 | aRapBi1cCZPZAGLIDny3dk3hQ8vTmNTLHRl8zxmKgQ0= | 13587.9 | 13.8438 | 14018.6 | -0.649061 | 0.760045 | 0 | MakarovIJ70 | 0 | 87.5038 | 5.42849 | -0.0324147 | 1 | 1 | 0 | 0 | 0
SCRIPT       : DATA_LOG | 453925 | aRapBi1cCZPZAGLIDny3dk3hQ8vTmNTLHRl8zxmKgQ0= | 13587.9 | 13.8438 | 14018.6 | -0.648717 | 0.760514 | 0 | MakarovIJ70 | 0 | 87.3675 | 5.44265 | -0.028014 | 1 | 1 | 0 | 0 | 0
SCRIPT       : DATA_LOG | 454928 | aRapBi1cCZPZAGLIDny3dk3hQ8vTmNTLHRl8zxmKgQ0= | 13587.9 | 13.8438 | 14018.6 | -0.648303 | 0.760875 | 0 | MakarovIJ70 | 0 | 87.3151 | 5.44052 | -0.0277915 | 1 | 1 | 0 | 0 | 0
SCRIPT       : DATA_LOG | 455927 | aRapBi1cCZPZAGLIDny3dk3hQ8vTmNTLHRl8zxmKgQ0= | 13587.9 | 13.8438 | 14018.6 | -0.649107 | 0.760601 | 0 | MakarovIJ70 | 0 | 87.3071 | 5.43346 | -0.0120885 | 1 | 1 | 0 | 0 | 0
SCRIPT       : DATA_LOG | 456930 | aRapBi1cCZPZAGLIDny3dk3hQ8vTmNTLHRl8zxmKgQ0= | 13587.9 | 13.8438 | 14018.6 | -0.649739 | 0.759736 | 0 | MakarovIJ70 | 0 | 87.4434 | 5.45166 | -0.0252833 | 1 | 1 | 0 | 0 | 0
SCRIPT       : DATA_LOG | 457936 | aRapBi1cCZPZAGLIDny3dk3hQ8vTmNTLHRl8zxmKgQ0= | 13587.9 | 13.8438 | 14018.6 | -0.649508 | 0.760136 | 0 | MakarovIJ70 | 0 | 87.4334 | 5.43513 | -0.0182604 | 1 | 1 | 0 | 0 | 0
SCRIPT       : DATA_LOG | 458930 | aRapBi1cCZPZAGLIDny3dk3hQ8vTmNTLHRl8zxmKgQ0= | 13587.9 | 13.8438 | 14018.6 | -0.649072 | 0.760219 | 0 | MakarovIJ70 | 0 | 87.369 | 5.45016 | -0.0277886 | 1 | 1 | 0 | 0 | 0
SCRIPT       : DATA_LOG | 459935 | aRapBi1cCZPZAGLIDny3dk3hQ8vTmNTLHRl8zxmKgQ0= | 13587.9 | 13.8438 | 14018.6 | -0.649788 | 0.759396 | 0 | MakarovIJ70 | 0 | 87.5595 | 5.42987 | -0.033056 | 1 | 1 | 0 | 0 | 0
SCRIPT       : DATA_LOG | 460933 | aRapBi1cCZPZAGLIDny3dk3hQ8vTmNTLHRl8zxmKgQ0= | 13587.9 | 13.8438 | 14018.6 | -0.649301 | 0.76005 | 0 | MakarovIJ70 | 0 | 87.4263 | 5.43579 | -0.0270673 | 1 | 1 | 0 | 0 | 0
SCRIPT       : DATA_LOG | 461940 | aRapBi1cCZPZAGLIDny3dk3hQ8vTmNTLHRl8zxmKgQ0= | 13587.9 | 13.8438 | 14018.6 | -0.649161 | 0.760059 | 0 | MakarovIJ70 | 0 | 87.3977 | 5.44472 | -0.0299855 | 1 | 1 | 0 | 0 | 0
SCRIPT       : DATA_LOG | 462935 | aRapBi1cCZPZAGLIDny3dk3hQ8vTmNTLHRl8zxmKgQ0= | 13587.9 | 13.8438 | 14018.6 | -0.648738 | 0.760905 | 0 | MakarovIJ70 | 0 | 87.2811 | 5.4307 | -0.0127449 | 1 | 1 | 0 | 0 | 0
SCRIPT       : DATA_LOG | 463940 | aRapBi1cCZPZAGLIDny3dk3hQ8vTmNTLHRl8zxmKgQ0= | 13587.9 | 13.8438 | 14018.6 | -0.649643 | 0.759859 | 0 | MakarovIJ70 | 0 | 87.4196 | 5.45023 | -0.0240531 | 1 | 1 | 0 | 0 | 0
SCRIPT       : DATA_LOG | 464937 | aRapBi1cCZPZAGLIDny3dk3hQ8vTmNTLHRl8zxmKgQ0= | 13587.9 | 13.8438 | 14018.6 | -0.650173 | 0.759535 | 0 | MakarovIJ70 | 0 | 87.4857 | 5.43514 | -0.0195535 | 1 | 1 | 0 | 0 | 0
SCRIPT       : DATA_LOG | 465940 | aRapBi1cCZPZAGLIDny3dk3hQ8vTmNTLHRl8zxmKgQ0= | 13587.9 | 13.8438 | 14018.6 | -0.649032 | 0.760342 | 0 | MakarovIJ70 | 0 | 87.3463 | 5.45012 | -0.0252507 | 1 | 1 | 0 | 0 | 0
SCRIPT       : DATA_LOG | 466938 | aRapBi1cCZPZAGLIDny3dk3hQ8vTmNTLHRl8zxmKgQ0= | 13587.9 | 13.8438 | 14018.6 | -0.650385 | 0.758906 | 0 | MakarovIJ70 | 0 | 87.5808 | 5.43187 | -0.0325683 | 1 | 1 | 0 | 0 | 0
SCRIPT       : DATA_LOG | 467940 | aRapBi1cCZPZAGLIDny3dk3hQ8vTmNTLHRl8zxmKgQ0= | 13587.9 | 13.8438 | 14018.6 | -0.649271 | 0.760073 | 0 | MakarovIJ70 | 0 | 87.4182 | 5.43232 | -0.0271292 | 1 | 1 | 0 | 0 | 0
SCRIPT       : DATA_LOG | 468946 | aRapBi1cCZPZAGLIDny3dk3hQ8vTmNTLHRl8zxmKgQ0= | 13587.9 | 13.8438 | 14018.6 | -0.648902 | 0.760284 | 0 | MakarovIJ70 | 0 | 87.3762 | 5.45024 | -0.0299255 | 1 | 1 | 0 | 0 | 0
SCRIPT       : DATA_LOG | 469941 | aRapBi1cCZPZAGLIDny3dk3hQ8vTmNTLHRl8zxmKgQ0= | 13587.9 | 13.8438 | 14018.6 | -0.648408 | 0.761168 | 0 | MakarovIJ70 | 0 | 87.2581 | 5.42932 | -0.0137754 | 1 | 1 | 0 | 0 | 0
SCRIPT       : DATA_LOG | 470944 | aRapBi1cCZPZAGLIDny3dk3hQ8vTmNTLHRl8zxmKgQ0= | 13587.9 | 13.8438 | 14018.6 | -0.650041 | 0.7596 | 0 | MakarovIJ70 | 0 | 87.4308 | 5.44742 | -0.021328 | 1 | 1 | 0 | 0 | 0
SCRIPT       : DATA_LOG | 471946 | aRapBi1cCZPZAGLIDny3dk3hQ8vTmNTLHRl8zxmKgQ0= | 13587.9 | 13.8438 | 14018.6 | -0.649902 | 0.75972 | 0 | MakarovIJ70 | 0 | 87.4674 | 5.4379 | -0.0212895 | 1 | 1 | 0 | 0 | 0
SCRIPT       : DATA_LOG | 472946 | aRapBi1cCZPZAGLIDny3dk3hQ8vTmNTLHRl8zxmKgQ0= | 13587.9 | 13.8438 | 14018.6 | -0.64937 | 0.760132 | 0 | MakarovIJ70 | 0 | 87.375 | 5.44807 | -0.0227723 | 1 | 1 | 0 | 0 | 0
SCRIPT       : DATA_LOG | 473951 | aRapBi1cCZPZAGLIDny3dk3hQ8vTmNTLHRl8zxmKgQ0= | 13587.9 | 13.8438 | 14018.6 | -0.650674 | 0.758647 | 0 | MakarovIJ70 | 0 | 87.5871 | 5.43596 | -0.032845 | 1 | 1 | 0 | 0 | 0
SCRIPT       : DATA_LOG | 474949 | aRapBi1cCZPZAGLIDny3dk3hQ8vTmNTLHRl8zxmKgQ0= | 13587.9 | 13.8438 | 14018.6 | -0.649621 | 0.759767 | 0 | MakarovIJ70 | 0 | 87.4753 | 5.42966 | -0.0273369 | 1 | 1 | 0 | 0 | 0
SCRIPT       : DATA_LOG | 475949 | aRapBi1cCZPZAGLIDny3dk3hQ8vTmNTLHRl8zxmKgQ0= | 13587.9 | 13.8438 | 14018.6 | -0.649019 | 0.760203 | 0 | MakarovIJ70 | 0 | 87.3904 | 5.45233 | -0.0294075 | 1 | 1 | 0 | 0 | 0
SCRIPT       : DATA_LOG | 476949 | aRapBi1cCZPZAGLIDny3dk3hQ8vTmNTLHRl8zxmKgQ0= | 13587.9 | 13.8438 | 14018.6 | -0.648674 | 0.760879 | 0 | MakarovIJ70 | 0 | 87.2822 | 5.4307 | -0.0168607 | 1 | 1 | 0 | 0 | 0
SCRIPT       : DATA_LOG | 477950 | aRapBi1cCZPZAGLIDny3dk3hQ8vTmNTLHRl8zxmKgQ0= | 13587.9 | 13.8438 | 14018.6 | -0.649586 | 0.760065 | 0 | MakarovIJ70 | 0 | 87.3709 | 5.44389 | -0.018428 | 1 | 1 | 0 | 0 | 0
SCRIPT       : DATA_LOG | 478949 | aRapBi1cCZPZAGLIDny3dk3hQ8vTmNTLHRl8zxmKgQ0= | 13587.9 | 13.8438 | 14018.6 | -0.64975 | 0.759809 | 0 | MakarovIJ70 | 0 | 87.4641 | 5.44276 | -0.0226897 | 1 | 1 | 0 | 0 | 0
SCRIPT       : DATA_LOG | 479953 | aRapBi1cCZPZAGLIDny3dk3hQ8vTmNTLHRl8zxmKgQ0= | 13587.9 | 13.8438 | 14018.6 | -0.648864 | 0.760657 | 0 | MakarovIJ70 | 0 | 87.3249 | 5.4446 | -0.0193963 | 1 | 1 | 0 | 0 | 0
SCRIPT       : DATA_LOG | 480958 | aRapBi1cCZPZAGLIDny3dk3hQ8vTmNTLHRl8zxmKgQ0= | 13587.9 | 13.8438 | 14018.6 | -0.650793 | 0.758563 | 0 | MakarovIJ70 | 0 | 87.5638 | 5.44138 | -0.0324103 | 1 | 1 | 0 | 0 | 0
SCRIPT       : DATA_LOG | 481953 | aRapBi1cCZPZAGLIDny3dk3hQ8vTmNTLHRl8zxmKgQ0= | 13587.9 | 13.8438 | 14018.6 | -0.649141 | 0.76016 | 0 | MakarovIJ70 | 0 | 87.4554 | 5.42834 | -0.0278125 | 1 | 1 | 0 | 0 | 0
SCRIPT       : DATA_LOG | 482958 | aRapBi1cCZPZAGLIDny3dk3hQ8vTmNTLHRl8zxmKgQ0= | 13587.9 | 13.8438 | 14018.6 | -0.648912 | 0.760312 | 0 | MakarovIJ70 | 0 | 87.3742 | 5.45162 | -0.02896 | 1 | 1 | 0 | 0 | 0
SCRIPT       : DATA_LOG | 483959 | aRapBi1cCZPZAGLIDny3dk3hQ8vTmNTLHRl8zxmKgQ0= | 13587.9 | 13.8438 | 14018.6 | -0.648597 | 0.760867 | 0 | MakarovIJ70 | 0 | 87.2812 | 5.43209 | -0.0200791 | 1 | 1 | 0 | 0 | 0
SCRIPT       : DATA_LOG | 484965 | aRapBi1cCZPZAGLIDny3dk3hQ8vTmNTLHRl8zxmKgQ0= | 13587.9 | 13.8438 | 14018.6 | -0.649939 | 0.759808 | 0 | MakarovIJ70 | 0 | 87.3807 | 5.44108 | -0.0164758 | 1 | 1 | 0 | 0 | 0
SCRIPT       : DATA_LOG | 485963 | aRapBi1cCZPZAGLIDny3dk3hQ8vTmNTLHRl8zxmKgQ0= | 13587.9 | 13.8438 | 14018.6 | -0.650225 | 0.759369 | 0 | MakarovIJ70 | 0 | 87.5005 | 5.4469 | -0.0237802 | 1 | 1 | 0 | 0 | 0
SCRIPT       : DATA_LOG | 486964 | aRapBi1cCZPZAGLIDny3dk3hQ8vTmNTLHRl8zxmKgQ0= | 13587.9 | 13.8438 | 14018.6 | -0.649004 | 0.760581 | 0 | MakarovIJ70 | 0 | 87.3477 | 5.44327 | -0.0176403 | 1 | 1 | 0 | 0 | 0
SCRIPT       : DATA_LOG | 487963 | aRapBi1cCZPZAGLIDny3dk3hQ8vTmNTLHRl8zxmKgQ0= | 13587.9 | 13.8438 | 14018.6 | -0.649085 | 0.760112 | 0 | MakarovIJ70 | 0 | 87.4139 | 5.44547 | -0.0302922 | 1 | 1 | 0 | 0 | 0
SCRIPT       : DATA_LOG | 488966 | aRapBi1cCZPZAGLIDny3dk3hQ8vTmNTLHRl8zxmKgQ0= | 13587.9 | 13.8438 | 14018.6 | -0.648962 | 0.760225 | 0 | MakarovIJ70 | 0 | 87.4693 | 5.42772 | -0.0301079 | 1 | 1 | 0 | 0 | 0
SCRIPT       : DATA_LOG | 489967 | aRapBi1cCZPZAGLIDny3dk3hQ8vTmNTLHRl8zxmKgQ0= | 13587.9 | 13.8438 | 14018.6 | -0.64805 | 0.761049 | 0 | MakarovIJ70 | 0 | 87.3171 | 5.44957 | -0.0289075 | 1 | 1 | 0 | 0 | 0
SCRIPT       : DATA_LOG | 490965 | aRapBi1cCZPZAGLIDny3dk3hQ8vTmNTLHRl8zxmKgQ0= | 13587.9 | 13.8438 | 14018.6 | -0.648576 | 0.760761 | 0 | MakarovIJ70 | 0 | 87.3082 | 5.43562 | -0.0243198 | 1 | 1 | 0 | 0 | 0
SCRIPT       : DATA_LOG | 491969 | aRapBi1cCZPZAGLIDny3dk3hQ8vTmNTLHRl8zxmKgQ0= | 13587.9 | 13.8438 | 14018.6 | -0.649933 | 0.759864 | 0 | MakarovIJ70 | 0 | 87.3924 | 5.43698 | -0.0139285 | 1 | 1 | 0 | 0 | 0
SCRIPT       : DATA_LOG | 492969 | aRapBi1cCZPZAGLIDny3dk3hQ8vTmNTLHRl8zxmKgQ0= | 13587.9 | 13.8438 | 14018.6 | -0.650284 | 0.759275 | 0 | MakarovIJ70 | 0 | 87.4992 | 5.45033 | -0.0251465 | 1 | 1 | 0 | 0 | 0
SCRIPT       : DATA_LOG | 493964 | aRapBi1cCZPZAGLIDny3dk3hQ8vTmNTLHRl8zxmKgQ0= | 13587.9 | 13.8438 | 14018.6 | -0.648892 | 0.760682 | 0 | MakarovIJ70 | 0 | 87.37 | 5.43784 | -0.0173563 | 1 | 1 | 0 | 0 | 0
SCRIPT       : DATA_LOG | 494966 | aRapBi1cCZPZAGLIDny3dk3hQ8vTmNTLHRl8zxmKgQ0= | 13587.9 | 13.8438 | 14018.6 | -0.649902 | 0.75943 | 0 | MakarovIJ70 | 0 | 87.452 | 5.44746 | -0.0298856 | 1 | 1 | 0 | 0 | 0
SCRIPT       : DATA_LOG | 495966 | aRapBi1cCZPZAGLIDny3dk3hQ8vTmNTLHRl8zxmKgQ0= | 13587.9 | 13.8438 | 14018.6 | -0.649055 | 0.760068 | 0 | MakarovIJ70 | 0 | 87.4877 | 5.42844 | -0.0319912 | 1 | 1 | 0 | 0 | 0
SCRIPT       : DATA_LOG | 496975 | aRapBi1cCZPZAGLIDny3dk3hQ8vTmNTLHRl8zxmKgQ0= | 13587.9 | 13.8438 | 14018.6 | -0.648603 | 0.760593 | 0 | MakarovIJ70 | 0 | 87.3521 | 5.44471 | -0.0285182 | 1 | 1 | 0 | 0 | 0
SCRIPT       : DATA_LOG | 497972 | aRapBi1cCZPZAGLIDny3dk3hQ8vTmNTLHRl8zxmKgQ0= | 13587.9 | 13.8438 | 14018.6 | -0.648147 | 0.761032 | 0 | MakarovIJ70 | 0 | 87.2948 | 5.43981 | -0.0271038 | 1 | 1 | 0 | 0 | 0
SCRIPT       : DATA_LOG | 498971 | aRapBi1cCZPZAGLIDny3dk3hQ8vTmNTLHRl8zxmKgQ0= | 13587.9 | 13.8438 | 14018.6 | -0.649291 | 0.760443 | 0 | MakarovIJ70 | 0 | 87.321 | 5.43346 | -0.0121705 | 1 | 1 | 0 | 0 | 0
SCRIPT       : DATA_LOG | 499973 | aRapBi1cCZPZAGLIDny3dk3hQ8vTmNTLHRl8zxmKgQ0= | 13587.9 | 13.8438 | 14018.6 | -0.649784 | 0.759694 | 0 | MakarovIJ70 | 0 | 87.4475 | 5.45028 | -0.0253931 | 1 | 1 | 0 | 0 | 0
SCRIPT       : DATA_LOG | 500974 | aRapBi1cCZPZAGLIDny3dk3hQ8vTmNTLHRl8zxmKgQ0= | 13587.9 | 13.8438 | 14018.6 | -0.649304 | 0.760311 | 0 | MakarovIJ70 | 0 | 87.4104 | 5.4358 | -0.018175 | 1 | 1 | 0 | 0 | 0
SCRIPT       : DATA_LOG | 501973 | aRapBi1cCZPZAGLIDny3dk3hQ8vTmNTLHRl8zxmKgQ0= | 13587.9 | 13.8438 | 14018.6 | -0.649205 | 0.760081 | 0 | MakarovIJ70 | 0 | 87.3811 | 5.44879 | -0.0284572 | 1 | 1 | 0 | 0 | 0
SCRIPT       : DATA_LOG | 502977 | aRapBi1cCZPZAGLIDny3dk3hQ8vTmNTLHRl8zxmKgQ0= | 13587.9 | 13.8438 | 14018.6 | -0.649521 | 0.759626 | 0 | MakarovIJ70 | 0 | 87.5323 | 5.42916 | -0.0330285 | 1 | 1 | 0 | 0 | 0
SCRIPT       : DATA_LOG | 503982 | aRapBi1cCZPZAGLIDny3dk3hQ8vTmNTLHRl8zxmKgQ0= | 13587.9 | 13.8438 | 14018.6 | -0.649581 | 0.759813 | 0 | MakarovIJ70 | 0 | 87.4247 | 5.43779 | -0.0269795 | 1 | 1 | 0 | 0 | 0
SCRIPT       : DATA_LOG | 504974 | aRapBi1cCZPZAGLIDny3dk3hQ8vTmNTLHRl8zxmKgQ0= | 13587.9 | 13.8438 | 14018.6 | -0.64881 | 0.760379 | 0 | MakarovIJ70 | 0 | 87.3631 | 5.444 | -0.0295035 | 1 | 1 | 0 | 0 | 0
SCRIPT       : DATA_LOG | 505978 | aRapBi1cCZPZAGLIDny3dk3hQ8vTmNTLHRl8zxmKgQ0= | 13587.9 | 13.8438 | 14018.6 | -0.64898 | 0.760704 | 0 | MakarovIJ70 | 0 | 87.2983 | 5.43208 | -0.0123935 | 1 | 1 | 0 | 0 | 0
SCRIPT       : DATA_LOG | 506987 | aRapBi1cCZPZAGLIDny3dk3hQ8vTmNTLHRl8zxmKgQ0= | 13587.9 | 13.8438 | 14018.6 | -0.649809 | 0.759701 | 0 | MakarovIJ70 | 0 | 87.4401 | 5.45095 | -0.0245224 | 1 | 1 | 0 | 0 | 0
SCRIPT       : DATA_LOG | 507988 | aRapBi1cCZPZAGLIDny3dk3hQ8vTmNTLHRl8zxmKgQ0= | 13587.9 | 13.8438 | 14018.6 | -0.65 | 0.759693 | 0 | MakarovIJ70 | 0 | 87.4795 | 5.43447 | -0.0191417 | 1 | 1 | 0 | 0 | 0
SCRIPT       : DATA_LOG | 508982 | aRapBi1cCZPZAGLIDny3dk3hQ8vTmNTLHRl8zxmKgQ0= | 13587.9 | 13.8438 | 14018.6 | -0.649035 | 0.760309 | 0 | MakarovIJ70 | 0 | 87.3558 | 5.44945 | -0.0261544 | 1 | 1 | 0 | 0 | 0
SCRIPT       : DATA_LOG | 509983 | aRapBi1cCZPZAGLIDny3dk3hQ8vTmNTLHRl8zxmKgQ0= | 13587.9 | 13.8438 | 14018.6 | -0.650374 | 0.758908 | 0 | MakarovIJ70 | 0 | 87.5884 | 5.42982 | -0.0327489 | 1 | 1 | 0 | 0 | 0
SCRIPT       : DATA_LOG | 510983 | aRapBi1cCZPZAGLIDny3dk3hQ8vTmNTLHRl8zxmKgQ0= | 13587.9 | 13.8438 | 14018.6 | -0.648744 | 0.760516 | 0 | MakarovIJ70 | 0 | 87.3783 | 5.4337 | -0.0273159 | 1 | 1 | 0 | 0 | 0
SCRIPT       : DATA_LOG | 511989 | aRapBi1cCZPZAGLIDny3dk3hQ8vTmNTLHRl8zxmKgQ0= | 13587.9 | 13.8438 | 14018.6 | -0.649021 | 0.76018 | 0 | MakarovIJ70 | 0 | 87.3857 | 5.44886 | -0.0299685 | 1 | 1 | 0 | 0 | 0
SCRIPT       : DATA_LOG | 512989 | aRapBi1cCZPZAGLIDny3dk3hQ8vTmNTLHRl8zxmKgQ0= | 13587.9 | 13.8438 | 14018.6 | -0.64826 | 0.761307 | 0 | MakarovIJ70 | 0 | 87.246 | 5.42932 | -0.0130708 | 1 | 1 | 0 | 0 | 0
SCRIPT       : DATA_LOG | 513990 | aRapBi1cCZPZAGLIDny3dk3hQ8vTmNTLHRl8zxmKgQ0= | 13587.9 | 13.8438 | 14018.6 | -0.649973 | 0.759625 | 0 | MakarovIJ70 | 0 | 87.4274 | 5.4488 | -0.0224761 | 1 | 1 | 0 | 0 | 0
SCRIPT       : DATA_LOG | 514987 | aRapBi1cCZPZAGLIDny3dk3hQ8vTmNTLHRl8zxmKgQ0= | 13587.9 | 13.8438 | 14018.6 | -0.649887 | 0.759752 | 0 | MakarovIJ70 | 0 | 87.4725 | 5.43723 | -0.020574 | 1 | 1 | 0 | 0 | 0
SCRIPT       : DATA_LOG | 515993 | aRapBi1cCZPZAGLIDny3dk3hQ8vTmNTLHRl8zxmKgQ0= | 13587.9 | 13.8438 | 14018.6 | -0.649501 | 0.759987 | 0 | MakarovIJ70 | 0 | 87.3864 | 5.44945 | -0.0238364 | 1 | 1 | 0 | 0 | 0
SCRIPT       : DATA_LOG | 516991 | aRapBi1cCZPZAGLIDny3dk3hQ8vTmNTLHRl8zxmKgQ0= | 13587.9 | 13.8438 | 14018.6 | -0.650384 | 0.758905 | 0 | MakarovIJ70 | 0 | 87.5727 | 5.43391 | -0.032614 | 1 | 1 | 0 | 0 | 0
SCRIPT       : DATA_LOG | 517999 | aRapBi1cCZPZAGLIDny3dk3hQ8vTmNTLHRl8zxmKgQ0= | 13587.9 | 13.8438 | 14018.6 | -0.649517 | 0.759865 | 0 | MakarovIJ70 | 0 | 87.4523 | 5.42961 | -0.0270728 | 1 | 1 | 0 | 0 | 0
SCRIPT       : DATA_LOG | 518999 | aRapBi1cCZPZAGLIDny3dk3hQ8vTmNTLHRl8zxmKgQ0= | 13587.9 | 13.8438 | 14018.6 | -0.648823 | 0.760355 | 0 | MakarovIJ70 | 0 | 87.3691 | 5.453 | -0.0298248 | 1 | 1 | 0 | 0 | 0
SCRIPT       : DATA_LOG | 519995 | aRapBi1cCZPZAGLIDny3dk3hQ8vTmNTLHRl8zxmKgQ0= | 13587.9 | 13.8438 | 14018.6 | -0.648535 | 0.761039 | 0 | MakarovIJ70 | 0 | 87.2692 | 5.42932 | -0.0148903 | 1 | 1 | 0 | 0 | 0
SCRIPT       : DATA_LOG | 520991 | aRapBi1cCZPZAGLIDny3dk3hQ8vTmNTLHRl8zxmKgQ0= | 13587.9 | 13.8438 | 14018.6 | -0.649975 | 0.759697 | 0 | MakarovIJ70 | 0 | 87.4091 | 5.44599 | -0.0197934 | 1 | 1 | 0 | 0 | 0
SCRIPT       : DATA_LOG | 521999 | aRapBi1cCZPZAGLIDny3dk3hQ8vTmNTLHRl8zxmKgQ0= | 13587.9 | 13.8438 | 14018.6 | -0.649662 | 0.759903 | 0 | MakarovIJ70 | 0 | 87.4567 | 5.44137 | -0.0220342 | 1 | 1 | 0 | 0 | 0
SCRIPT       : DATA_LOG | 522995 | aRapBi1cCZPZAGLIDny3dk3hQ8vTmNTLHRl8zxmKgQ0= | 13587.9 | 13.8438 | 14018.6 | -0.64898 | 0.760507 | 0 | MakarovIJ70 | 0 | 87.3365 | 5.44597 | -0.0213261 | 1 | 1 | 0 | 0 | 0
SCRIPT       : DATA_LOG | 524001 | aRapBi1cCZPZAGLIDny3dk3hQ8vTmNTLHRl8zxmKgQ0= | 13587.9 | 13.8438 | 14018.6 | -0.650857 | 0.758494 | 0 | MakarovIJ70 | 0 | 87.5775 | 5.43933 | -0.0327514 | 1 | 1 | 0 | 0 | 0
SCRIPT       : DATA_LOG | 524999 | aRapBi1cCZPZAGLIDny3dk3hQ8vTmNTLHRl8zxmKgQ0= | 13587.9 | 13.8438 | 14018.6 | -0.6494 | 0.759949 | 0 | MakarovIJ70 | 0 | 87.4667 | 5.429 | -0.0275328 | 1 | 1 | 0 | 0 | 0
SCRIPT       : DATA_LOG | 526006 | aRapBi1cCZPZAGLIDny3dk3hQ8vTmNTLHRl8zxmKgQ0= | 13587.9 | 13.8438 | 14018.6 | -0.649151 | 0.7601 | 0 | MakarovIJ70 | 0 | 87.3927 | 5.45162 | -0.0291668 | 1 | 1 | 0 | 0 | 0
SCRIPT       : DATA_LOG | 526998 | aRapBi1cCZPZAGLIDny3dk3hQ8vTmNTLHRl8zxmKgQ0= | 13587.9 | 13.8438 | 14018.6 | -0.64877 | 0.760754 | 0 | MakarovIJ70 | 0 | 87.2919 | 5.43209 | -0.0187248 | 1 | 1 | 0 | 0 | 0
SCRIPT       : DATA_LOG | 528004 | aRapBi1cCZPZAGLIDny3dk3hQ8vTmNTLHRl8zxmKgQ0= | 13587.9 | 13.8438 | 14018.6 | -0.649929 | 0.759797 | 0 | MakarovIJ70 | 0 | 87.3809 | 5.44246 | -0.0173692 | 1 | 1 | 0 | 0 | 0
SCRIPT       : DATA_LOG | 529002 | aRapBi1cCZPZAGLIDny3dk3hQ8vTmNTLHRl8zxmKgQ0= | 13587.9 | 13.8438 | 14018.6 | -0.650111 | 0.759482 | 0 | MakarovIJ70 | 0 | 87.4915 | 5.44552 | -0.0232952 | 1 | 1 | 0 | 0 | 0
SCRIPT       : DATA_LOG | 530000 | aRapBi1cCZPZAGLIDny3dk3hQ8vTmNTLHRl8zxmKgQ0= | 13587.9 | 13.8438 | 14018.6 | -0.648968 | 0.760605 | 0 | MakarovIJ70 | 0 | 87.3449 | 5.44464 | -0.0179161 | 1 | 1 | 0 | 0 | 0
SCRIPT       : DATA_LOG | 531006 | aRapBi1cCZPZAGLIDny3dk3hQ8vTmNTLHRl8zxmKgQ0= | 13587.9 | 13.8438 | 14018.6 | -0.64985 | 0.759425 | 0 | MakarovIJ70 | 0 | 87.4816 | 5.44342 | -0.0311162 | 1 | 1 | 0 | 0 | 0
SCRIPT       : DATA_LOG | 532010 | aRapBi1cCZPZAGLIDny3dk3hQ8vTmNTLHRl8zxmKgQ0= | 13587.9 | 13.8438 | 14018.6 | -0.648874 | 0.76034 | 0 | MakarovIJ70 | 0 | 87.4452 | 5.42905 | -0.0290829 | 1 | 1 | 0 | 0 | 0
SCRIPT       : DATA_LOG | 533010 | aRapBi1cCZPZAGLIDny3dk3hQ8vTmNTLHRl8zxmKgQ0= | 13587.9 | 13.8438 | 14018.6 | -0.648118 | 0.760983 | 0 | MakarovIJ70 | 0 | 87.3152 | 5.45023 | -0.0291321 | 1 | 1 | 0 | 0 | 0
SCRIPT       : DATA_LOG | 534007 | aRapBi1cCZPZAGLIDny3dk3hQ8vTmNTLHRl8zxmKgQ0= | 13587.9 | 13.8438 | 14018.6 | -0.648731 | 0.760668 | 0 | MakarovIJ70 | 0 | 87.3104 | 5.4349 | -0.0230729 | 1 | 1 | 0 | 0 | 0
SCRIPT       : DATA_LOG | 535011 | aRapBi1cCZPZAGLIDny3dk3hQ8vTmNTLHRl8zxmKgQ0= | 13587.9 | 13.8438 | 14018.6 | -0.649888 | 0.75989 | 0 | MakarovIJ70 | 0 | 87.375 | 5.43832 | -0.0146088 | 1 | 1 | 0 | 0 | 0
SCRIPT       : DATA_LOG | 536013 | aRapBi1cCZPZAGLIDny3dk3hQ8vTmNTLHRl8zxmKgQ0= | 13587.9 | 13.8438 | 14018.6 | -0.650377 | 0.759209 | 0 | MakarovIJ70 | 0 | 87.5059 | 5.44895 | -0.0247431 | 1 | 1 | 0 | 0 | 0
SCRIPT       : DATA_LOG | 537011 | aRapBi1cCZPZAGLIDny3dk3hQ8vTmNTLHRl8zxmKgQ0= | 13587.9 | 13.8438 | 14018.6 | -0.649158 | 0.760461 | 0 | MakarovIJ70 | 0 | 87.3666 | 5.44122 | -0.0171106 | 1 | 1 | 0 | 0 | 0
SCRIPT       : DATA_LOG | 538013 | aRapBi1cCZPZAGLIDny3dk3hQ8vTmNTLHRl8zxmKgQ0= | 13587.9 | 13.8438 | 14018.6 | -0.649316 | 0.759936 | 0 | MakarovIJ70 | 0 | 87.4151 | 5.4468 | -0.0297583 | 1 | 1 | 0 | 0 | 0
SCRIPT       : DATA_LOG | 539011 | aRapBi1cCZPZAGLIDny3dk3hQ8vTmNTLHRl8zxmKgQ0= | 13587.9 | 13.8438 | 14018.6 | -0.649258 | 0.759915 | 0 | MakarovIJ70 | 0 | 87.5019 | 5.42844 | -0.0315261 | 1 | 1 | 0 | 0 | 0
SCRIPT       : DATA_LOG | 540012 | aRapBi1cCZPZAGLIDny3dk3hQ8vTmNTLHRl8zxmKgQ0= | 13587.9 | 13.8438 | 14018.6 | -0.648342 | 0.760805 | 0 | MakarovIJ70 | 0 | 87.3397 | 5.4468 | -0.0288047 | 1 | 1 | 0 | 0 | 0
SCRIPT       : DATA_LOG | 541017 | aRapBi1cCZPZAGLIDny3dk3hQ8vTmNTLHRl8zxmKgQ0= | 13587.4 | 13.8441 | 14018.2 | -0.603225 | 0.795933 | 0 | MakarovIJ70 | 0 | 84.6202 | 6.11768 | 0.051083 | 1 | 1 | 0 | 0 | 0
SCRIPT       : DATA_LOG | 542015 | aRapBi1cCZPZAGLIDny3dk3hQ8vTmNTLHRl8zxmKgQ0= | 13586.7 | 13.8446 | 14017.6 | -0.431735 | 0.901986 | 0 | MakarovIJ70 | 0 | 73.7129 | 6.91524 | -0.00508083 | 1 | 1 | 0 | 0 | 0
SCRIPT       : DATA_LOG | 543021 | aRapBi1cCZPZAGLIDny3dk3hQ8vTmNTLHRl8zxmKgQ0= | 13585.5 | 13.8294 | 14017.9 | -0.785874 | 0.617121 | 0 | MakarovIJ70 | 0 | 107.18 | 7.74067 | -0.0395487 | 1 | 1 | 0 | 0 | 0
SCRIPT       : DATA_LOG | 544021 | aRapBi1cCZPZAGLIDny3dk3hQ8vTmNTLHRl8zxmKgQ0= | 13586 | 13.8408 | 14017.8 | -0.240553 | -0.970633 | 0 | MakarovIJ70 | 0 | 142.584 | 7.24852 | 0.00248617 | 1 | 1 | 0 | 0 | 0
SCRIPT       : DATA_LOG | 545020 | aRapBi1cCZPZAGLIDny3dk3hQ8vTmNTLHRl8zxmKgQ0= | 13588.1 | 13.8436 | 14018 | 0.896625 | -0.442533 | 0 | SKS | 0 | 75.4254 | 5.53845 | -0.0150936 | 1 | 1 | 0 | 0 | 0
SCRIPT       : DATA_LOG | 546021 | aRapBi1cCZPZAGLIDny3dk3hQ8vTmNTLHRl8zxmKgQ0= | 13590.8 | 13.8417 | 14018.4 | 0.975035 | -0.22204 | 0 | SKS | 0 | 88.9289 | 3.95929 | -0.00246678 | 1 | 1 | 0 | 0 | 0
SCRIPT       : DATA_LOG | 547017 | aRapBi1cCZPZAGLIDny3dk3hQ8vTmNTLHRl8zxmKgQ0= | 13590.5 | 13.8419 | 14018.5 | 0.673449 | 0.736883 | 0 | SKS | 1 | 23.7327 | 3.96009 | -0.0589118 | 1 | 1 | 0 | 0 | 0
SCRIPT       : DATA_LOG | 548022 | aRapBi1cCZPZAGLIDny3dk3hQ8vTmNTLHRl8zxmKgQ0= | 13588.4 | 13.8434 | 14018.4 | -0.474285 | 0.880196 | 0 | SKS | 0 | 70.8601 | 5.20905 | -0.0175836 | 1 | 1 | 0 | 0 | 0
SCRIPT       : DATA_LOG | 549025 | aRapBi1cCZPZAGLIDny3dk3hQ8vTmNTLHRl8zxmKgQ0= | 13584.7 | 13.6025 | 14016.7 | -0.766068 | 0.640817 | 0 | SKS | 0 | 101.655 | 9.39001 | 0.0499429 | 1 | 1 | 0 | 0 | 0
SCRIPT       : DATA_LOG | 550025 | aRapBi1cCZPZAGLIDny3dk3hQ8vTmNTLHRl8zxmKgQ0= | 13580.4 | 13.5592 | 14011.9 | -0.785244 | 0.61445 | 0 | SKS | 0 | 99.0887 | 15.7187 | 0.0764388 | 1 | 1 | 0 | 0 | 0
SCRIPT       : DATA_LOG | 551026 | aRapBi1cCZPZAGLIDny3dk3hQ8vTmNTLHRl8zxmKgQ0= | 13577.7 | 13.5502 | 14007.8 | -0.851245 | 0.524673 | 0 | SKS | 0 | 102.581 | 20.2388 | 0.0100045 | 1 | 1 | 0 | 0 | 0
SCRIPT       : DATA_LOG | 552031 | aRapBi1cCZPZAGLIDny3dk3hQ8vTmNTLHRl8zxmKgQ0= | 13576.2 | 13.5745 | 14004.6 | -0.690995 | 0.722028 | 0 | MakarovIJ70 | 0 | 85.2681 | 23.7357 | 0.0346504 | 1 | 1 | 0 | 0 | 0
SCRIPT       : DATA_LOG | 553036 | aRapBi1cCZPZAGLIDny3dk3hQ8vTmNTLHRl8zxmKgQ0= | 13573.2 | 13.6143 | 14002.9 | -0.960616 | 0.277857 | 0 | MakarovIJ70 | 0 | 117.326 | 26.9681 | 0.00367397 | 1 | 1 | 0 | 0 | 0
SCRIPT       : DATA_LOG | 554029 | aRapBi1cCZPZAGLIDny3dk3hQ8vTmNTLHRl8zxmKgQ0= | 13571.9 | 13.8084 | 14000.3 | -0.779988 | 0.625704 | 0 | MakarovIJ70 | 0 | 93.5421 | 29.9323 | 0.0106235 | 1 | 1 | 0 | 0 | 0
SCRIPT       : DATA_LOG | 555028 | aRapBi1cCZPZAGLIDny3dk3hQ8vTmNTLHRl8zxmKgQ0= | 13569.8 | 13.5214 | 13998.4 | -0.454506 | 0.888936 | 0 | MakarovIJ70 | 0 | 69.7457 | 32.6383 | 0.0567203 | 1 | 1 | 0 | 0 | 0
SCRIPT       : DATA_LOG | 556047 | aRapBi1cCZPZAGLIDny3dk3hQ8vTmNTLHRl8zxmKgQ0= | 13564.9 | 13.1717 | 13996.8 | 0.0788902 | 0.995813 | 0 | MakarovIJ70 | 0 | 42.3186 | 37.3204 | 0.0461761 | 1 | 1 | 0 | 0 | 0
SCRIPT       : DATA_LOG | 557039 | aRapBi1cCZPZAGLIDny3dk3hQ8vTmNTLHRl8zxmKgQ0= | 13559.9 | 12.3099 | 13996.9 | 0.0736289 | 0.997086 | 0 | MakarovIJ70 | 0 | 47.4678 | 40.9647 | 0.0199468 | 1 | 1 | 0 | 0 | 0
SCRIPT       : DATA_LOG | 558036 | aRapBi1cCZPZAGLIDny3dk3hQ8vTmNTLHRl8zxmKgQ0= | 13555.6 | 12.0248 | 13996.6 | -0.601985 | 0.79755 | 0 | MakarovIJ70 | 0 | 91.658 | 44.5285 | 0.0390817 | 1 | 1 | 0 | 0 | 0
SCRIPT       : DATA_LOG | 559032 | aRapBi1cCZPZAGLIDny3dk3hQ8vTmNTLHRl8zxmKgQ0= | 13550 | 11.8918 | 13996.8 | -0.448132 | 0.869002 | 0 | MakarovIJ70 | 0 | 86.7227 | 49.4468 | -0.209791 | 1 | 1 | 0 | 0 | 0
SCRIPT       : DATA_LOG | 560035 | aRapBi1cCZPZAGLIDny3dk3hQ8vTmNTLHRl8zxmKgQ0= | 13544 | 12.0443 | 13994.4 | -0.0586509 | 0.991698 | 1 | MakarovIJ70 | 0 | 63.7808 | 55.6118 | -0.114433 | 1 | 1 | 0 | 0 | 0
SCRIPT       : DATA_LOG | 561040 | aRapBi1cCZPZAGLIDny3dk3hQ8vTmNTLHRl8zxmKgQ0= | 13542.6 | 12.281 | 13994.2 | 0.174126 | 0.783801 | 1 | MakarovIJ70 | 0 | 58.6815 | 56.6635 | -0.596101 | 1 | 1 | 0 | 0 | 0
SCRIPT       : DATA_LOG | 562034 | aRapBi1cCZPZAGLIDny3dk3hQ8vTmNTLHRl8zxmKgQ0= | 13542 | 12.3779 | 13994.1 | 0.122372 | 0.802303 | 1 | MakarovIJ70 | 0 | 61.1236 | 57.2886 | -0.584239 | 1 | 1 | 0 | 0 | 0
SCRIPT       : DATA_LOG | 563038 | aRapBi1cCZPZAGLIDny3dk3hQ8vTmNTLHRl8zxmKgQ0= | 13541.4 | 12.469 | 13993.9 | 0.177784 | 0.761319 | 1 | MakarovIJ70 | 0 | 59.3236 | 57.8479 | -0.623528 | 1 | 1 | 0 | 0 | 0
SCRIPT       : DATA_LOG | 564040 | aRapBi1cCZPZAGLIDny3dk3hQ8vTmNTLHRl8zxmKgQ0= | 13539 | 12.8395 | 13993.4 | -0.542794 | 0.836878 | 0 | MakarovIJ70 | 0 | 94.4452 | 60.4812 | -0.0707794 | 1 | 1 | 0 | 0 | 0
SCRIPT       : DATA_LOG | 565040 | aRapBi1cCZPZAGLIDny3dk3hQ8vTmNTLHRl8zxmKgQ0= | 13534.5 | 13.6748 | 13989.2 | -0.814778 | 0.566468 | 0 | MakarovIJ70 | 0 | 114.796 | 66.461 | 0.123497 | 1 | 1 | 0 | 0 | 0
SCRIPT       : DATA_LOG | 566078 | aRapBi1cCZPZAGLIDny3dk3hQ8vTmNTLHRl8zxmKgQ0= | 13531.7 | 14.1119 | 13984.4 | 0.699125 | 0.714928 | 0 | MakarovIJ70 | 0 | 13.4676 | 71.209 | -0.0101173 | 1 | 1 | 0 | 0 | 0
SCRIPT       : DATA_LOG | 567044 | aRapBi1cCZPZAGLIDny3dk3hQ8vTmNTLHRl8zxmKgQ0= | 13529.1 | 14.2635 | 13981.6 | 0.551882 | 0.833842 | 0 | MakarovIJ70 | 0 | 23.6031 | 74.8066 | 0.0115978 | 1 | 1 | 0 | 0 | 0
SCRIPT       : DATA_LOG | 568042 | aRapBi1cCZPZAGLIDny3dk3hQ8vTmNTLHRl8zxmKgQ0= | 13528 | 14.4434 | 13981.1 | 0.974282 | -0.223126 | 0 | MakarovIJ70 | 0 | 45.8019 | 75.8345 | 0.0314646 | 1 | 1 | 0 | 0 | 0
SCRIPT       : DATA_LOG | 569041 | aRapBi1cCZPZAGLIDny3dk3hQ8vTmNTLHRl8zxmKgQ0= | 13530.8 | 13.9137 | 13981.6 | 0.821026 | -0.570046 | 0 | MakarovIJ70 | 0 | 68.4175 | 73.1547 | 0.0310495 | 1 | 1 | 0 | 0 | 0
SCRIPT       : DATA_LOG | 570045 | aRapBi1cCZPZAGLIDny3dk3hQ8vTmNTLHRl8zxmKgQ0= | 13531 | 13.8541 | 13981.8 | 0.734442 | -0.678662 | 0 | MakarovIJ70 | 0 | 76.4276 | 72.9756 | 0.00376539 | 1 | 1 | 0 | 0 | 0
SCRIPT       : DATA_LOG | 571043 | aRapBi1cCZPZAGLIDny3dk3hQ8vTmNTLHRl8zxmKgQ0= | 13530.8 | 13.8789 | 13981.4 | 0.382554 | -0.671653 | 1 | MakarovIJ70 | 0 | 93.2867 | 73.3042 | -0.634456 | 1 | 1 | 0 | 0 | 0
SCRIPT       : DATA_LOG | 572055 | aRapBi1cCZPZAGLIDny3dk3hQ8vTmNTLHRl8zxmKgQ0= | 13530.8 | 13.8789 | 13981.4 | 0.328269 | -0.65317 | 1 | MakarovIJ70 | 0 | 95.2941 | 73.285 | -0.682355 | 1 | 1 | 0 | 0 | 0
SCRIPT       : DATA_LOG | 573056 | aRapBi1cCZPZAGLIDny3dk3hQ8vTmNTLHRl8zxmKgQ0= | 13531.5 | 13.2691 | 13979 | -0.992828 | 0.0977459 | 0 | MakarovIJ70 | 0 | 138.343 | 74.3166 | 0.0688307 | 1 | 1 | 0 | 0 | 0
SCRIPT       : DATA_LOG | 574058 | aRapBi1cCZPZAGLIDny3dk3hQ8vTmNTLHRl8zxmKgQ0= | 13530.4 | 12.4463 | 13975.4 | -0.702661 | -0.710815 | 0 | MakarovIJ70 | 0 | 171.604 | 77.2649 | 0.0317735 | 1 | 1 | 0 | 0 | 0
SCRIPT       : DATA_LOG | 575055 | aRapBi1cCZPZAGLIDny3dk3hQ8vTmNTLHRl8zxmKgQ0= | 13530.8 | 11.4152 | 13971.4 | -0.98422 | 0.172255 | 0 | MakarovIJ70 | 0 | 130.049 | 79.6121 | 0.0404922 | 1 | 1 | 0 | 0 | 0
SCRIPT       : DATA_LOG | 576053 | aRapBi1cCZPZAGLIDny3dk3hQ8vTmNTLHRl8zxmKgQ0= | 13529.5 | 11.1387 | 13966.7 | -0.964691 | 0.258988 | 0 | MakarovIJ70 | 0 | 122.958 | 83.8254 | 0.0479201 | 1 | 1 | 0 | 0 | 0
SCRIPT       : DATA_LOG | 577055 | aRapBi1cCZPZAGLIDny3dk3hQ8vTmNTLHRl8zxmKgQ0= | 13526.3 | 10.7164 | 13961 | -0.875228 | 0.476973 | 0 | MakarovIJ70 | 0 | 108.355 | 90.1272 | -0.0804487 | 1 | 1 | 0 | 0 | 0
SCRIPT       : DATA_LOG | 578057 | aRapBi1cCZPZAGLIDny3dk3hQ8vTmNTLHRl8zxmKgQ0= | 13522.7 | 10.9746 | 13955.3 | -0.933868 | 0.332475 | 0 | MakarovIJ70 | 0 | 116.198 | 96.6534 | -0.131723 | 1 | 1 | 0 | 0 | 0
SCRIPT       : DATA_LOG | 579058 | aRapBi1cCZPZAGLIDny3dk3hQ8vTmNTLHRl8zxmKgQ0= | 13521.6 | 11.0585 | 13951.7 | -0.976469 | 0.215604 | 0 | MakarovIJ70 | 0 | 122.388 | 99.6044 | 0.00487104 | 1 | 1 | 0 | 0 | 0
SCRIPT       : DATA_LOG | 580062 | aRapBi1cCZPZAGLIDny3dk3hQ8vTmNTLHRl8zxmKgQ0= | 13521.6 | 11.0585 | 13951.7 | -0.975492 | 0.219981 | 0 | MakarovIJ70 | 0 | 122.129 | 99.6071 | 0.00481881 | 1 | 1 | 0 | 0 | 0
SCRIPT       : DATA_LOG | 581054 | aRapBi1cCZPZAGLIDny3dk3hQ8vTmNTLHRl8zxmKgQ0= | 13521.6 | 11.0585 | 13951.7 | -0.972192 | 0.234183 | 0 | MakarovIJ70 | 0 | 121.307 | 99.5966 | -0.00130165 | 1 | 1 | 0 | 0 | 0
SCRIPT       : DATA_LOG | 582070 | aRapBi1cCZPZAGLIDny3dk3hQ8vTmNTLHRl8zxmKgQ0= | 13519.6 | 11.2923 | 13946.3 | -0.976646 | 0.178409 | 0 | MakarovIJ70 | 0 | 123.037 | 105.229 | -0.119721 | 1 | 1 | 0 | 0 | 0
SCRIPT       : DATA_LOG | 583065 | aRapBi1cCZPZAGLIDny3dk3hQ8vTmNTLHRl8zxmKgQ0= | 13518.4 | 11.2365 | 13939.4 | -0.883356 | 0.462838 | 0 | MakarovIJ70 | 0 | 103.886 | 111.106 | -0.0739088 | 1 | 1 | 0 | 0 | 0
SCRIPT       : DATA_LOG | 584067 | aRapBi1cCZPZAGLIDny3dk3hQ8vTmNTLHRl8zxmKgQ0= | 13516.4 | 11.168 | 13933 | -0.905503 | 0.424175 | 0 | MakarovIJ70 | 0 | 104.98 | 117.232 | 0.0117938 | 1 | 1 | 0 | 0 | 0
SCRIPT       : DATA_LOG | 585064 | aRapBi1cCZPZAGLIDny3dk3hQ8vTmNTLHRl8zxmKgQ0= | 13514.2 | 10.9401 | 13926.6 | -0.919848 | 0.379607 | 0 | MakarovIJ70 | 0 | 106.339 | 123.56 | 0.098886 | 1 | 1 | 0 | 0 | 0
SCRIPT       : DATA_LOG | 586103 | aRapBi1cCZPZAGLIDny3dk3hQ8vTmNTLHRl8zxmKgQ0= | 13511.6 | 10.8702 | 13920.7 | -0.921163 | 0.382631 | 0 | MakarovIJ70 | 0 | 105.567 | 129.681 | 0.0710777 | 1 | 1 | 0 | 0 | 0
SCRIPT       : DATA_LOG | 587069 | aRapBi1cCZPZAGLIDny3dk3hQ8vTmNTLHRl8zxmKgQ0= | 13509.6 | 10.9007 | 13917.2 | -0.655858 | -0.75121 | 0 | SKS | 0 | 175.674 | 133.511 | -0.0743858 | 1 | 1 | 0 | 0 | 0
SCRIPT       : DATA_LOG | 588075 | aRapBi1cCZPZAGLIDny3dk3hQ8vTmNTLHRl8zxmKgQ0= | 13509.6 | 10.8589 | 13914.3 | 0.661263 | -0.74944 | 0 | SKS | 0 | 101.238 | 135.6 | 0.0327311 | 1 | 1 | 0 | 0 | 0
SCRIPT       : DATA_LOG | 589070 | aRapBi1cCZPZAGLIDny3dk3hQ8vTmNTLHRl8zxmKgQ0= | 13509.7 | 10.8194 | 13911.2 | -0.753406 | 0.646264 | 0 | SKS | 0 | 85.7271 | 138.203 | 0.121337 | 1 | 1 | 0 | 0 | 0
SCRIPT       : DATA_LOG | 590069 | aRapBi1cCZPZAGLIDny3dk3hQ8vTmNTLHRl8zxmKgQ0= | 13507.3 | 10.9993 | 13905.9 | -0.890045 | 0.448667 | 0 | SKS | 0 | 99.0608 | 144.249 | 0.0807302 | 1 | 1 | 0 | 0 | 0
SCRIPT       : DATA_LOG | 591071 | aRapBi1cCZPZAGLIDny3dk3hQ8vTmNTLHRl8zxmKgQ0= | 13505.1 | 11.1267 | 13900.1 | -0.392852 | 0.913386 | 0 | SKS | 0 | 58.7044 | 150.068 | 0.10674 | 1 | 1 | 0 | 0 | 0
SCRIPT       : DATA_LOG | 592146 | aRapBi1cCZPZAGLIDny3dk3hQ8vTmNTLHRl8zxmKgQ0= | 13504.5 | 11.0155 | 13897.8 | 0.146771 | 0.987465 | 0 | SKS | 0 | 26.7053 | 152.191 | 0.0580643 | 1 | 1 | 0 | 0 | 0
SCRIPT       : DATA_LOG | 593078 | aRapBi1cCZPZAGLIDny3dk3hQ8vTmNTLHRl8zxmKgQ0= | 13502.7 | 10.8135 | 13895.1 | -0.465054 | 0.885281 | 0 | SKS | 0 | 62.7551 | 155.397 | 0.00167434 | 1 | 1 | 0 | 0 | 0
SCRIPT       : DATA_LOG | 594079 | aRapBi1cCZPZAGLIDny3dk3hQ8vTmNTLHRl8zxmKgQ0= | 13500.4 | 10.631 | 13892.7 | 0.986944 | 0.0428306 | 0 | SKS | 0 | 52.5784 | 158.676 | 0.155262 | 1 | 1 | 0 | 0 | 0
SCRIPT       : DATA_LOG | 595073 | aRapBi1cCZPZAGLIDny3dk3hQ8vTmNTLHRl8zxmKgQ0= | 13499.1 | 11.0149 | 13892.5 | 0.84983 | -0.526459 | 0 | SKS | 0 | 86.2255 | 159.443 | 0.025079 | 1 | 1 | 0 | 0 | 0
SCRIPT       : DATA_LOG | 596079 | aRapBi1cCZPZAGLIDny3dk3hQ8vTmNTLHRl8zxmKgQ0= | 13499.1 | 10.9934 | 13892.5 | 0.82602 | -0.563168 | 0 | SKS | 0 | 88.7315 | 159.452 | 0.0230801 | 1 | 1 | 0 | 0 | 0
SCRIPT       : DATA_LOG | 597089 | aRapBi1cCZPZAGLIDny3dk3hQ8vTmNTLHRl8zxmKgQ0= | 13496.7 | 10.4072 | 13891.5 | 0.756767 | -0.652357 | 0 | SKS | 0 | 94.6633 | 161.599 | 0.0416409 | 1 | 1 | 0 | 0 | 0
SCRIPT       : DATA_LOG | 598088 | aRapBi1cCZPZAGLIDny3dk3hQ8vTmNTLHRl8zxmKgQ0= | 13495.8 | 10.1225 | 13890 | 0.451008 | -0.559789 | 1 | SKS | 0 | 101.828 | 163.419 | -0.695146 | 1 | 1 | 0 | 0 | 0
SCRIPT       : DATA_LOG | 599078 | aRapBi1cCZPZAGLIDny3dk3hQ8vTmNTLHRl8zxmKgQ0= | 13495.8 | 10.1225 | 13890 | 0.488271 | -0.52134 | 1 | SKS | 0 | 98.7463 | 163.421 | -0.699854 | 1 | 1 | 0 | 0 | 0
SCRIPT       : DATA_LOG | 600087 | aRapBi1cCZPZAGLIDny3dk3hQ8vTmNTLHRl8zxmKgQ0= | 13495.8 | 10.1225 | 13890 | 0.501087 | -0.509266 | 1 | SKS | 0 | 97.7437 | 163.427 | -0.699685 | 1 | 1 | 0 | 0 | 0
SCRIPT       : DATA_LOG | 601084 | aRapBi1cCZPZAGLIDny3dk3hQ8vTmNTLHRl8zxmKgQ0= | 13495.8 | 10.1225 | 13890 | 0.493042 | -0.516647 | 1 | SKS | 0 | 98.3633 | 163.408 | -0.699989 | 1 | 1 | 0 | 0 | 0
SCRIPT       : DATA_LOG | 602079 | aRapBi1cCZPZAGLIDny3dk3hQ8vTmNTLHRl8zxmKgQ0= | 13495.8 | 10.1225 | 13890 | 0.49531 | -0.517211 | 1 | SKS | 0 | 98.3113 | 163.424 | -0.697969 | 1 | 1 | 0 | 0 | 0
SCRIPT       : DATA_LOG | 603086 | aRapBi1cCZPZAGLIDny3dk3hQ8vTmNTLHRl8zxmKgQ0= | 13495.8 | 10.1225 | 13890 | 0.497369 | -0.517664 | 1 | SKS | 0 | 98.2592 | 163.404 | -0.696166 | 1 | 1 | 0 | 0 | 0
SCRIPT       : DATA_LOG | 604093 | aRapBi1cCZPZAGLIDny3dk3hQ8vTmNTLHRl8zxmKgQ0= | 13495.8 | 10.1225 | 13890 | 0.488906 | -0.521301 | 1 | SKS | 0 | 98.7231 | 163.409 | -0.699439 | 1 | 1 | 0 | 0 | 0
SCRIPT       : DATA_LOG | 605089 | aRapBi1cCZPZAGLIDny3dk3hQ8vTmNTLHRl8zxmKgQ0= | 13495.8 | 10.1225 | 13890 | 0.493603 | -0.516341 | 1 | SKS | 0 | 98.3307 | 163.417 | -0.69982 | 1 | 1 | 0 | 0 | 0
SCRIPT       : DATA_LOG | 606090 | aRapBi1cCZPZAGLIDny3dk3hQ8vTmNTLHRl8zxmKgQ0= | 13495.8 | 10.1225 | 13890 | 0.592447 | -0.560904 | 0 | SKS | 0 | 96.8893 | 163.425 | -0.578268 | 1 | 1 | 0 | 0 | 0
SCRIPT       : DATA_LOG | 607106 | aRapBi1cCZPZAGLIDny3dk3hQ8vTmNTLHRl8zxmKgQ0= | 13495.8 | 10.1225 | 13890 | 0.808369 | -0.588562 | 0 | SKS | 0 | 90.0692 | 163.472 | 0.0115643 | 1 | 1 | 0 | 0 | 0
SCRIPT       : DATA_LOG | 608085 | aRapBi1cCZPZAGLIDny3dk3hQ8vTmNTLHRl8zxmKgQ0= | 13496 | 10.1208 | 13889.8 | 0.800668 | -0.598982 | 0 | SKS | 0 | 90.9104 | 163.476 | 0.0122598 | 1 | 1 | 0 | 0 | 0
SCRIPT       : DATA_LOG | 609087 | aRapBi1cCZPZAGLIDny3dk3hQ8vTmNTLHRl8zxmKgQ0= | 13496 | 10.1208 | 13889.8 | 0.806154 | -0.591422 | 0 | SKS | 0 | 90.3684 | 163.487 | 0.0183253 | 1 | 1 | 0 | 0 | 0
SCRIPT       : DATA_LOG | 610091 | aRapBi1cCZPZAGLIDny3dk3hQ8vTmNTLHRl8zxmKgQ0= | 13496 | 10.1208 | 13889.8 | 0.49822 | -0.511372 | 1 | SKS | 0 | 98.0129 | 163.418 | -0.700197 | 1 | 1 | 0 | 0 | 0
SCRIPT       : DATA_LOG | 611088 | aRapBi1cCZPZAGLIDny3dk3hQ8vTmNTLHRl8zxmKgQ0= | 13496 | 10.1208 | 13889.8 | 0.498822 | -0.510629 | 1 | SKS | 0 | 97.9573 | 163.429 | -0.700311 | 1 | 1 | 0 | 0 | 0
SCRIPT       : DATA_LOG | 612095 | aRapBi1cCZPZAGLIDny3dk3hQ8vTmNTLHRl8zxmKgQ0= | 13496 | 10.1208 | 13889.8 | 0.499623 | -0.512147 | 1 | SKS | 0 | 97.9991 | 163.434 | -0.698629 | 1 | 1 | 0 | 0 | 0
SCRIPT       : DATA_LOG | 613096 | aRapBi1cCZPZAGLIDny3dk3hQ8vTmNTLHRl8zxmKgQ0= | 13496 | 10.1208 | 13889.8 | 0.495068 | -0.515351 | 1 | SKS | 0 | 98.3053 | 163.427 | -0.699515 | 1 | 1 | 0 | 0 | 0
SCRIPT       : DATA_LOG | 614092 | aRapBi1cCZPZAGLIDny3dk3hQ8vTmNTLHRl8zxmKgQ0= | 13496 | 10.1208 | 13889.8 | 0.502918 | -0.510813 | 1 | SKS | 0 | 97.8226 | 163.44 | -0.69724 | 1 | 1 | 0 | 0 | 0
SCRIPT       : DATA_LOG | 615102 | aRapBi1cCZPZAGLIDny3dk3hQ8vTmNTLHRl8zxmKgQ0= | 13496 | 10.1208 | 13889.8 | 0.48979 | -0.523664 | 1 | SKS | 0 | 98.8697 | 163.436 | -0.697052 | 1 | 1 | 0 | 0 | 0
SCRIPT       : DATA_LOG | 616095 | aRapBi1cCZPZAGLIDny3dk3hQ8vTmNTLHRl8zxmKgQ0= | 13496 | 10.1208 | 13889.8 | 0.481622 | -0.528365 | 1 | SKS | 0 | 99.3738 | 163.433 | -0.699193 | 1 | 1 | 0 | 0 | 0
SCRIPT       : DATA_LOG | 617094 | aRapBi1cCZPZAGLIDny3dk3hQ8vTmNTLHRl8zxmKgQ0= | 13496 | 10.1208 | 13889.8 | 0.486971 | -0.524494 | 1 | SKS | 0 | 99.0092 | 163.424 | -0.698402 | 1 | 1 | 0 | 0 | 0
SCRIPT       : DATA_LOG | 618100 | aRapBi1cCZPZAGLIDny3dk3hQ8vTmNTLHRl8zxmKgQ0= | 13496 | 10.1208 | 13889.8 | 0.810869 | -0.585208 | 0 | SKS | 0 | 89.9539 | 163.466 | -0.00488413 | 1 | 1 | 0 | 0 | 0
SCRIPT       : DATA_LOG | 619106 | aRapBi1cCZPZAGLIDny3dk3hQ8vTmNTLHRl8zxmKgQ0= | 13496 | 10.1208 | 13889.8 | 0.488287 | -0.522854 | 1 | SKS | 0 | 98.8869 | 163.436 | -0.698713 | 1 | 1 | 0 | 0 | 0
SCRIPT       : DATA_LOG | 620099 | aRapBi1cCZPZAGLIDny3dk3hQ8vTmNTLHRl8zxmKgQ0= | 13496 | 10.1208 | 13889.8 | 0.504477 | -0.509123 | 1 | SKS | 0 | 97.691 | 163.432 | -0.69735 | 1 | 1 | 0 | 0 | 0
SCRIPT       : DATA_LOG | 621100 | aRapBi1cCZPZAGLIDny3dk3hQ8vTmNTLHRl8zxmKgQ0= | 13496 | 10.1208 | 13889.8 | 0.493287 | -0.518577 | 1 | SKS | 0 | 98.5152 | 163.434 | -0.698388 | 1 | 1 | 0 | 0 | 0
SCRIPT       : DATA_LOG | 622100 | aRapBi1cCZPZAGLIDny3dk3hQ8vTmNTLHRl8zxmKgQ0= | 13496 | 10.1208 | 13889.8 | 0.490494 | -0.518995 | 1 | SKS | 0 | 98.6318 | 163.428 | -0.700043 | 1 | 1 | 0 | 0 | 0
SCRIPT       : DATA_LOG | 623102 | aRapBi1cCZPZAGLIDny3dk3hQ8vTmNTLHRl8zxmKgQ0= | 13496 | 10.1208 | 13889.8 | 0.49168 | -0.519662 | 1 | SKS | 0 | 98.6215 | 163.432 | -0.698715 | 1 | 1 | 0 | 0 | 0
SCRIPT       : DATA_LOG | 624101 | aRapBi1cCZPZAGLIDny3dk3hQ8vTmNTLHRl8zxmKgQ0= | 13496 | 10.1208 | 13889.8 | 0.488025 | -0.524815 | 1 | SKS | 0 | 98.9874 | 163.42 | -0.697424 | 1 | 1 | 0 | 0 | 0
SCRIPT       : DATA_LOG | 625108 | aRapBi1cCZPZAGLIDny3dk3hQ8vTmNTLHRl8zxmKgQ0= | 13496 | 10.1208 | 13889.8 | 0.495072 | -0.517832 | 1 | SKS | 0 | 98.4188 | 163.417 | -0.697677 | 1 | 1 | 0 | 0 | 0
SCRIPT       : DATA_LOG | 626106 | aRapBi1cCZPZAGLIDny3dk3hQ8vTmNTLHRl8zxmKgQ0= | 13496 | 10.1208 | 13889.8 | 0.512918 | -0.516538 | 1 | SKS | 0 | 97.7357 | 163.437 | -0.685641 | 1 | 1 | 0 | 0 | 0
SCRIPT       : DATA_LOG | 627105 | aRapBi1cCZPZAGLIDny3dk3hQ8vTmNTLHRl8zxmKgQ0= | 13496 | 10.1208 | 13889.8 | 0.706865 | -0.69655 | 1 | SKS | 0 | 98.8127 | 163.456 | -0.123125 | 1 | 1 | 0 | 0 | 0
SCRIPT       : DATA_LOG | 628116 | aRapBi1cCZPZAGLIDny3dk3hQ8vTmNTLHRl8zxmKgQ0= | 13496 | 10.1208 | 13889.8 | 0.782131 | -0.617343 | 0 | SKS | 0 | 92.5219 | 163.464 | -0.0846068 | 1 | 1 | 0 | 0 | 0
SCRIPT       : DATA_LOG | 629109 | aRapBi1cCZPZAGLIDny3dk3hQ8vTmNTLHRl8zxmKgQ0= | 13496 | 10.1208 | 13889.8 | 0.617423 | -0.711973 | 1 | SKS | 0 | 102.914 | 163.422 | -0.334489 | 1 | 1 | 0 | 0 | 0
SCRIPT       : DATA_LOG | 630112 | aRapBi1cCZPZAGLIDny3dk3hQ8vTmNTLHRl8zxmKgQ0= | 13496 | 10.1208 | 13889.8 | 0.632127 | -0.696387 | 1 | SKS | 0 | 101.675 | 163.414 | -0.339795 | 1 | 1 | 0 | 0 | 0
SCRIPT       : DATA_LOG | 631120 | aRapBi1cCZPZAGLIDny3dk3hQ8vTmNTLHRl8zxmKgQ0= | 13495.8 | 10.1206 | 13889.9 | 0.628674 | -0.704805 | 1 | SKS | 0 | 102.117 | 163.415 | -0.328662 | 1 | 1 | 0 | 0 | 0
SCRIPT       : DATA_LOG | 632113 | aRapBi1cCZPZAGLIDny3dk3hQ8vTmNTLHRl8zxmKgQ0= | 13495.8 | 10.1206 | 13889.9 | 0.632671 | -0.699444 | 1 | SKS | 0 | 101.727 | 163.404 | -0.332423 | 1 | 1 | 0 | 0 | 0
SCRIPT       : DATA_LOG | 633122 | aRapBi1cCZPZAGLIDny3dk3hQ8vTmNTLHRl8zxmKgQ0= | 13495.8 | 10.1206 | 13889.9 | 0.633732 | -0.694654 | 0 | SKS | 0 | 101.477 | 163.42 | -0.340353 | 1 | 1 | 0 | 0 | 0
SCRIPT       : DATA_LOG | 634123 | aRapBi1cCZPZAGLIDny3dk3hQ8vTmNTLHRl8zxmKgQ0= | 13495.8 | 10.1206 | 13889.9 | 0.498202 | -0.512815 | 1 | SKS | 0 | 98.0324 | 163.422 | -0.699153 | 1 | 1 | 0 | 0 | 0
SCRIPT       : DATA_LOG | 635118 | aRapBi1cCZPZAGLIDny3dk3hQ8vTmNTLHRl8zxmKgQ0= | 13495.8 | 10.1206 | 13889.9 | 0.493005 | -0.519353 | 1 | SKS | 0 | 98.5136 | 163.427 | -0.698011 | 1 | 1 | 0 | 0 | 0
SCRIPT       : DATA_LOG | 636127 | aRapBi1cCZPZAGLIDny3dk3hQ8vTmNTLHRl8zxmKgQ0= | 13495.8 | 10.1206 | 13889.9 | 0.488357 | -0.52338 | 1 | SKS | 0 | 98.8607 | 163.425 | -0.69827 | 1 | 1 | 0 | 0 | 0
SCRIPT       : DATA_LOG | 637117 | aRapBi1cCZPZAGLIDny3dk3hQ8vTmNTLHRl8zxmKgQ0= | 13495.8 | 10.1206 | 13889.9 | 0.499466 | -0.508975 | 1 | SKS | 0 | 97.8108 | 163.427 | -0.701055 | 1 | 1 | 0 | 0 | 0
SCRIPT       : DATA_LOG | 638118 | aRapBi1cCZPZAGLIDny3dk3hQ8vTmNTLHRl8zxmKgQ0= | 13495.8 | 10.1206 | 13889.9 | 0.488757 | -0.522884 | 1 | SKS | 0 | 98.8251 | 163.428 | -0.698362 | 1 | 1 | 0 | 0 | 0
SCRIPT       : DATA_LOG | 639129 | aRapBi1cCZPZAGLIDny3dk3hQ8vTmNTLHRl8zxmKgQ0= | 13495.8 | 10.1206 | 13889.9 | 0.492786 | -0.518315 | 1 | SKS | 0 | 98.4736 | 163.409 | -0.698936 | 1 | 1 | 0 | 0 | 0
SCRIPT       : DATA_LOG | 640131 | aRapBi1cCZPZAGLIDny3dk3hQ8vTmNTLHRl8zxmKgQ0= | 13495.8 | 10.1206 | 13889.9 | 0.500782 | -0.510815 | 1 | SKS | 0 | 97.8505 | 163.428 | -0.698775 | 1 | 1 | 0 | 0 | 0
SCRIPT       : DATA_LOG | 641134 | aRapBi1cCZPZAGLIDny3dk3hQ8vTmNTLHRl8zxmKgQ0= | 13495.8 | 10.1206 | 13889.9 | 0.484943 | -0.529816 | 1 | SKS | 0 | 99.2772 | 163.416 | -0.695791 | 1 | 1 | 0 | 0 | 0
SCRIPT       : DATA_LOG | 642129 | aRapBi1cCZPZAGLIDny3dk3hQ8vTmNTLHRl8zxmKgQ0= | 13495.8 | 10.1206 | 13889.9 | 0.487438 | -0.523269 | 1 | SKS | 0 | 98.8883 | 163.423 | -0.698995 | 1 | 1 | 0 | 0 | 0
SCRIPT       : DATA_LOG | 643126 | aRapBi1cCZPZAGLIDny3dk3hQ8vTmNTLHRl8zxmKgQ0= | 13495.8 | 10.1206 | 13889.9 | 0.50226 | -0.515102 | 1 | SKS | 0 | 97.9943 | 163.425 | -0.694554 | 1 | 1 | 0 | 0 | 0
SCRIPT       : DATA_LOG | 644130 | aRapBi1cCZPZAGLIDny3dk3hQ8vTmNTLHRl8zxmKgQ0= | 13495.8 | 10.1206 | 13889.9 | 0.491337 | -0.53197 | 0 | SKS | 0 | 99.1501 | 163.413 | -0.689635 | 1 | 1 | 0 | 0 | 0
SCRIPT       : DATA_LOG | 645130 | aRapBi1cCZPZAGLIDny3dk3hQ8vTmNTLHRl8zxmKgQ0= | 13494.1 | 10.1806 | 13891.3 | 0.795385 | -0.606079 | 0 | SKS | 0 | 90.5723 | 163.376 | 0.0055961 | 1 | 1 | 0 | 0 | 0
SCRIPT       : DATA_LOG | 646127 | aRapBi1cCZPZAGLIDny3dk3hQ8vTmNTLHRl8zxmKgQ0= | 13495.8 | 10.1258 | 13890 | 0.80482 | -0.593403 | 0 | SKS | 0 | 90.3978 | 163.339 | 0.0117243 | 1 | 1 | 0 | 0 | 0
SCRIPT       : DATA_LOG | 647133 | aRapBi1cCZPZAGLIDny3dk3hQ8vTmNTLHRl8zxmKgQ0= | 13494.6 | 10.1629 | 13890.9 | 0.492779 | -0.525364 | 1 | SKS | 0 | 98.3846 | 163.391 | -0.693659 | 1 | 1 | 0 | 0 | 0
SCRIPT       : DATA_LOG | 648129 | aRapBi1cCZPZAGLIDny3dk3hQ8vTmNTLHRl8zxmKgQ0= | 13494.6 | 10.1629 | 13890.9 | 0.531163 | -0.543673 | 0 | SKS | 0 | 97.854 | 163.402 | -0.649836 | 1 | 1 | 0 | 0 | 0
SCRIPT       : DATA_LOG | 649129 | aRapBi1cCZPZAGLIDny3dk3hQ8vTmNTLHRl8zxmKgQ0= | 13493.3 | 10.3305 | 13892.7 | -0.00112161 | -0.997953 | 0 | SKS | 0 | 142.516 | 162.698 | 0.0639481 | 1 | 1 | 0 | 0 | 0
SCRIPT       : DATA_LOG | 650130 | aRapBi1cCZPZAGLIDny3dk3hQ8vTmNTLHRl8zxmKgQ0= | 13493.8 | 10.3677 | 13892.7 | -0.19928 | -0.97959 | 0 | SKS | 0 | 154.247 | 162.479 | 0.0262784 | 1 | 1 | 0 | 0 | 0
SCRIPT       : DATA_LOG | 651132 | aRapBi1cCZPZAGLIDny3dk3hQ8vTmNTLHRl8zxmKgQ0= | 13493.8 | 10.3679 | 13892.7 | -0.199943 | -0.9794 | 0 | SKS | 0 | 154.273 | 162.473 | 0.0282772 | 1 | 1 | 0 | 0 | 0
 SCRIPT       : [Logout]: New player aRapBi1cCZPZAGLIDny3dk3hQ8vTmNTLHRl8zxmKgQ0= with logout time 15
 SCRIPT       : Player "rafaelglima79" (steamid=76561199445097358) initiated disconnect process...
SCRIPT       : DATA_LOG | 652138 | aRapBi1cCZPZAGLIDny3dk3hQ8vTmNTLHRl8zxmKgQ0= | 13493.8 | 10.3677 | 13892.7 | -0.187085 | -0.979149 | 0 | SKS | 0 | 153.162 | 162.386 | 0.0791574 | 1 | 1 | 0 | 0 | 0
SCRIPT       : DATA_LOG | 653138 | aRapBi1cCZPZAGLIDny3dk3hQ8vTmNTLHRl8zxmKgQ0= | 13493.6 | 10.3567 | 13892.7 | -0.353461 | -0.935378 | 0 | SKS | 0 | 163.448 | 162.604 | 0.0115579 | 1 | 1 | 0 | 0 | 0
SCRIPT       : DATA_LOG | 654134 | aRapBi1cCZPZAGLIDny3dk3hQ8vTmNTLHRl8zxmKgQ0= | 13493.5 | 10.3498 | 13892.7 | -0.257253 | -0.966177 | 0 | SKS | 0 | 157.547 | 162.706 | 0.0179822 | 1 | 1 | 0 | 0 | 0
 SCRIPT       : Player "rafaelglima79" (steamid=76561199445097358) disconnected early from server (EXIT NOW).
SCRIPT       : DATA_LOG | 655132 | aRapBi1cCZPZAGLIDny3dk3hQ8vTmNTLHRl8zxmKgQ0= | 13493.5 | 10.3498 | 13892.7 | -0.257253 | -0.966177 | 0 | SKS | 0 | 157.547 | 162.714 | 0.0179822 | 1 | 1 | 0 | 0 | 0
SCRIPT       : DATA_LOG | 656132 | aRapBi1cCZPZAGLIDny3dk3hQ8vTmNTLHRl8zxmKgQ0= | 13493.5 | 10.3498 | 13892.7 | -0.257253 | -0.966177 | 0 | SKS | 0 | 157.547 | 162.71 | 0.0179822 | 1 | 1 | 0 | 0 | 0
SCRIPT       : DATA_LOG | 657143 | aRapBi1cCZPZAGLIDny3dk3hQ8vTmNTLHRl8zxmKgQ0= | 13493.5 | 10.3498 | 13892.7 | -0.257253 | -0.966177 | 0 | SKS | 0 | 157.547 | 162.717 | 0.0179822 | 1 | 1 | 0 | 0 | 0
SCRIPT       : DATA_LOG | 658140 | aRapBi1cCZPZAGLIDny3dk3hQ8vTmNTLHRl8zxmKgQ0= | 13493.5 | 10.3498 | 13892.7 | -0.257253 | -0.966177 | 0 | SKS | 0 | 157.545 | 162.709 | 0.0179822 | 1 | 1 | 0 | 0 | 0
SCRIPT       : DATA_LOG | 659143 | aRapBi1cCZPZAGLIDny3dk3hQ8vTmNTLHRl8zxmKgQ0= | 13493.5 | 10.3498 | 13892.7 | -0.257253 | -0.966177 | 0 | SKS | 0 | 157.547 | 162.717 | 0.0179822 | 1 | 1 | 0 | 0 | 0
SCRIPT       : DATA_LOG | 660141 | aRapBi1cCZPZAGLIDny3dk3hQ8vTmNTLHRl8zxmKgQ0= | 13493.5 | 10.3498 | 13892.7 | -0.257253 | -0.966177 | 0 | SKS | 0 | 157.547 | 162.705 | 0.0179822 | 1 | 1 | 0 | 0 | 0
SCRIPT       : DATA_LOG | 661141 | aRapBi1cCZPZAGLIDny3dk3hQ8vTmNTLHRl8zxmKgQ0= | 13493.5 | 10.3498 | 13892.7 | -0.257253 | -0.966177 | 0 | SKS | 0 | 157.546 | 162.703 | 0.0179822 | 1 | 1 | 0 | 0 | 0
SCRIPT       : DATA_LOG | 662142 | aRapBi1cCZPZAGLIDny3dk3hQ8vTmNTLHRl8zxmKgQ0= | 13493.5 | 10.3498 | 13892.7 | -0.257253 | -0.966177 | 0 | SKS | 0 | 157.547 | 162.715 | 0.0179822 | 1 | 1 | 0 | 0 | 0
SCRIPT       : DATA_LOG | 663140 | aRapBi1cCZPZAGLIDny3dk3hQ8vTmNTLHRl8zxmKgQ0= | 13493.5 | 10.3498 | 13892.7 | -0.257253 | -0.966177 | 0 | SKS | 0 | 157.547 | 162.708 | 0.0179822 | 1 | 1 | 0 | 0 | 0
SCRIPT       : DATA_LOG | 664140 | aRapBi1cCZPZAGLIDny3dk3hQ8vTmNTLHRl8zxmKgQ0= | 13493.5 | 10.3498 | 13892.7 | -0.257253 | -0.966177 | 0 | SKS | 0 | 157.547 | 162.717 | 0.0179822 | 1 | 1 | 0 | 0 | 0
SCRIPT       : DATA_LOG | 665141 | aRapBi1cCZPZAGLIDny3dk3hQ8vTmNTLHRl8zxmKgQ0= | 13493.5 | 10.3498 | 13892.7 | -0.257253 | -0.966177 | 0 | SKS | 0 | 157.546 | 162.712 | 0.0179822 | 1 | 1 | 0 | 0 | 0
SCRIPT       : DATA_LOG | 666143 | aRapBi1cCZPZAGLIDny3dk3hQ8vTmNTLHRl8zxmKgQ0= | 13493.5 | 10.3498 | 13892.7 | -0.257253 | -0.966177 | 0 | SKS | 0 | 157.547 | 162.715 | 0.0179822 | 1 | 1 | 0 | 0 | 0
SCRIPT       : [Logout]: Player aRapBi1cCZPZAGLIDny3dk3hQ8vTmNTLHRl8zxmKgQ0= finished
SCRIPT       : [PlayerListManager] SyncEntryToReceivers ► uid: aRapBi1cCZPZAGLIDny3dk3hQ8vTmNTLHRl8zxmKgQ0= isn't in the players list! sending a remove.
SCRIPT       : PlayerDisconnected -> PlayerListManager.RemoveEntry ► aRapBi1cCZPZAGLIDny3dk3hQ8vTmNTLHRl8zxmKgQ0=
 SCRIPT       : [MissionServer] OnMissionFinish - Server
 SCRIPT       : ~DayZGame()
