---------------------------------------------
Log D:\ModelAnti-Cheat\log_profiles\script_2026-08-23_21-42-57.log started at 23.08. 21:42:59

SCRIPT       : Module: GameLib; loaded 18x files; 26x classes; used 39/2097 kB (1%) of static memory; defines: "DAYZ_1_29,SERVER_FOR_WINDOWS,SERVER,PLATFORM_WINDOWS,RELEASE,NO_GUI,NO_GUI_INGAME,sakhal,JM_CommunityFramework,CF_MODULE_CONFIG,CF_EXPRESSION,C
SCRIPT       : Registered 349 temporary action enum(s), UAN==349
SCRIPT       : Module: Game; loaded 521x files; 1604x classes; used 4275/33554 kB (12%) of static memory; defines: "DAYZ_1_29,SERVER_FOR_WINDOWS,SERVER,PLATFORM_WINDOWS,RELEASE,NO_GUI,NO_GUI_INGAME,sakhal,JM_CommunityFramework,CF_MODULE_CONFIG,CF_EXPRESSI
SCRIPT       : ... Backlit Effects Enabled
SCRIPT       : VPPNotificationManager()
SCRIPT       : [VPPAT] Internal VPPNotifications module loaded!
SCRIPT       : [DayZ Game]:: DayZGame(): Initializing V++ Admin Tools.
SCRIPT       : Module: World; loaded 2247x files; 5867x classes; used 9519/33554 kB (28%) of static memory; defines: "DAYZ_1_29,SERVER_FOR_WINDOWS,SERVER,PLATFORM_WINDOWS,RELEASE,NO_GUI,NO_GUI_INGAME,sakhal,JM_CommunityFramework,CF_MODULE_CONFIG,CF_EXPRES
 SCRIPT       : Module: Mission; loaded 293x files; 593x classes; used 3996/33554 kB (11%) of static memory; defines: "DAYZ_1_29,SERVER_FOR_WINDOWS,SERVER,PLATFORM_WINDOWS,RELEASE,NO_GUI,NO_GUI_INGAME,sakhal,JM_CommunityFramework,CF_MODULE_CONFIG,CF_EXPRE
 SCRIPT    (W): @"$CurrentDir:mpmissions\dayzOffline.chernarusplus\init.c,51": Possible variable name conflict 'm_player'
 SCRIPT       : Module: $CurrentDir:mpmissions\dayzOffline.chernarusplus\init.c; loaded 1x files; 1x classes; used 11/1048 kB (1%) of static memory; defines: "DAYZ_1_29,SERVER_FOR_WINDOWS,SERVER,PLATFORM_WINDOWS,RELEASE,NO_GUI,NO_GUI_INGAME,sakhal,JM_Comm
 SCRIPT       : [SERVER :: Vanilla++ AdminTools Plugins Registering]
 SCRIPT       : [MissionServer] OnInit - Server
 SCRIPT       : [MissionServer] OnMissionStart - Server
 SCRIPT       : string dirtyName = 'TESTINGSERVER'
  SCRIPT       : 21:44:04.886 [WARNING]	File "$mission:storage_1/communityframework/modstorageplayers.bin" was not closed. Always shut down the server gracefully to prevent data loss.
SCRIPT       : m_LoginTimeMs: 16200
 SCRIPT       : ---- PlayerBase OnStoreLoad SUCCESS ----
 SCRIPT       : [VPPAT] Player "rafaelglima79" (steamId=76561199445097358) connected to server!
 SCRIPT       : [PlayerListManager] AddReceiver ► added: PlayerIdentity<0x000001CCBF45C060>
SCRIPT       : [DUMMY_DEBUG] SUCESSO: Dummy criado na posicao: <13630.284180, 14.735249, 14058.615234>
SCRIPT       : DATA_LOG | 422366 | aRapBi1cCZPZAGLIDny3dk3hQ8vTmNTLHRl8zxmKgQ0= | 13633.2 | 14.7737 | 14059.4 | -0.962127 | -0.272602 | 0 | none | 1
SCRIPT       : DATA_LOG | 423093 | aRapBi1cCZPZAGLIDny3dk3hQ8vTmNTLHRl8zxmKgQ0= | 13633.2 | 14.7737 | 14059.4 | -0.962127 | -0.272602 | 0 | none | 1
SCRIPT       : DATA_LOG | 424092 | aRapBi1cCZPZAGLIDny3dk3hQ8vTmNTLHRl8zxmKgQ0= | 13633.2 | 14.7737 | 14059.4 | -0.962127 | -0.272602 | 0 | none | 1
SCRIPT       : DATA_LOG | 425096 | aRapBi1cCZPZAGLIDny3dk3hQ8vTmNTLHRl8zxmKgQ0= | 13633.2 | 14.7737 | 14059.4 | -0.962127 | -0.272602 | 0 | none | 1
SCRIPT       : DATA_LOG | 426102 | aRapBi1cCZPZAGLIDny3dk3hQ8vTmNTLHRl8zxmKgQ0= | 13633.2 | 14.7737 | 14059.4 | -0.962127 | -0.272602 | 0 | none | 1
SCRIPT       : DATA_LOG | 427095 | aRapBi1cCZPZAGLIDny3dk3hQ8vTmNTLHRl8zxmKgQ0= | 13633.2 | 14.7737 | 14059.4 | -0.962127 | -0.272602 | 0 | none | 1
SCRIPT       : DATA_LOG | 428097 | aRapBi1cCZPZAGLIDny3dk3hQ8vTmNTLHRl8zxmKgQ0= | 13633.2 | 14.7737 | 14059.4 | -0.962127 | -0.272602 | 0 | none | 1
SCRIPT       : DATA_LOG | 429102 | aRapBi1cCZPZAGLIDny3dk3hQ8vTmNTLHRl8zxmKgQ0= | 13633.2 | 14.7737 | 14059.4 | -0.962127 | -0.272602 | 0 | none | 1
SCRIPT       : DATA_LOG | 430105 | aRapBi1cCZPZAGLIDny3dk3hQ8vTmNTLHRl8zxmKgQ0= | 13633.2 | 14.7737 | 14059.4 | -0.962127 | -0.272602 | 0 | none | 1
SCRIPT       : DATA_LOG | 431102 | aRapBi1cCZPZAGLIDny3dk3hQ8vTmNTLHRl8zxmKgQ0= | 13633.2 | 14.7737 | 14059.4 | -0.962127 | -0.272602 | 0 | none | 1
SCRIPT       : DATA_LOG | 432107 | aRapBi1cCZPZAGLIDny3dk3hQ8vTmNTLHRl8zxmKgQ0= | 13633.2 | 14.7737 | 14059.4 | -0.962127 | -0.272602 | 0 | none | 1
SCRIPT       : DATA_LOG | 433111 | aRapBi1cCZPZAGLIDny3dk3hQ8vTmNTLHRl8zxmKgQ0= | 13633.2 | 14.7737 | 14059.4 | -0.962127 | -0.272602 | 0 | none | 1
SCRIPT       : DATA_LOG | 434104 | aRapBi1cCZPZAGLIDny3dk3hQ8vTmNTLHRl8zxmKgQ0= | 13633.2 | 14.7737 | 14059.4 | -0.962127 | -0.272602 | 0 | none | 1
SCRIPT       : DATA_LOG | 435108 | aRapBi1cCZPZAGLIDny3dk3hQ8vTmNTLHRl8zxmKgQ0= | 13633.2 | 14.7737 | 14059.4 | -0.962127 | -0.272602 | 0 | none | 1
SCRIPT       : DATA_LOG | 436119 | aRapBi1cCZPZAGLIDny3dk3hQ8vTmNTLHRl8zxmKgQ0= | 13633.2 | 14.7737 | 14059.4 | -0.962127 | -0.272602 | 0 | none | 1
SCRIPT       : DATA_LOG | 437115 | aRapBi1cCZPZAGLIDny3dk3hQ8vTmNTLHRl8zxmKgQ0= | 13633.2 | 14.7737 | 14059.4 | -0.962127 | -0.272602 | 0 | none | 1
SCRIPT       : DATA_LOG | 438116 | aRapBi1cCZPZAGLIDny3dk3hQ8vTmNTLHRl8zxmKgQ0= | 13633.2 | 14.7737 | 14059.4 | -0.962127 | -0.272602 | 0 | none | 1
SCRIPT       : DATA_LOG | 439113 | aRapBi1cCZPZAGLIDny3dk3hQ8vTmNTLHRl8zxmKgQ0= | 13633.2 | 14.7737 | 14059.4 | -0.962127 | -0.272602 | 0 | none | 1
SCRIPT       : DATA_LOG | 440116 | aRapBi1cCZPZAGLIDny3dk3hQ8vTmNTLHRl8zxmKgQ0= | 13633.2 | 14.7737 | 14059.4 | -0.962127 | -0.272602 | 0 | none | 1
SCRIPT       : DATA_LOG | 441119 | aRapBi1cCZPZAGLIDny3dk3hQ8vTmNTLHRl8zxmKgQ0= | 13633.2 | 14.7737 | 14059.4 | -0.962127 | -0.272602 | 0 | none | 1
SCRIPT       : DATA_LOG | 442117 | aRapBi1cCZPZAGLIDny3dk3hQ8vTmNTLHRl8zxmKgQ0= | 13633.2 | 14.7737 | 14059.4 | -0.962127 | -0.272602 | 0 | none | 1
SCRIPT       : DATA_LOG | 443119 | aRapBi1cCZPZAGLIDny3dk3hQ8vTmNTLHRl8zxmKgQ0= | 13633.2 | 14.7737 | 14059.4 | -0.962127 | -0.272602 | 0 | none | 1
SCRIPT       : DATA_LOG | 444121 | aRapBi1cCZPZAGLIDny3dk3hQ8vTmNTLHRl8zxmKgQ0= | 13633.2 | 14.7737 | 14059.4 | -0.962127 | -0.272602 | 0 | none | 1
SCRIPT       : DATA_LOG | 445119 | aRapBi1cCZPZAGLIDny3dk3hQ8vTmNTLHRl8zxmKgQ0= | 13633.5 | 14.7674 | 14058.1 | -0.984697 | -0.174272 | 0 | none | 1
SCRIPT       : DATA_LOG | 446126 | aRapBi1cCZPZAGLIDny3dk3hQ8vTmNTLHRl8zxmKgQ0= | 13632 | 14.7648 | 14058.4 | -0.970756 | 0.240067 | 0 | none | 1
SCRIPT       : DATA_LOG | 447119 | aRapBi1cCZPZAGLIDny3dk3hQ8vTmNTLHRl8zxmKgQ0= | 13632.4 | 14.7711 | 14059.3 | -0.904426 | 0.426631 | 0 | none | 1
SCRIPT       : DATA_LOG | 448122 | aRapBi1cCZPZAGLIDny3dk3hQ8vTmNTLHRl8zxmKgQ0= | 13630.7 | 14.7786 | 14061.6 | -0.664245 | 0.747515 | 0 | none | 1
SCRIPT       : DATA_LOG | 449124 | aRapBi1cCZPZAGLIDny3dk3hQ8vTmNTLHRl8zxmKgQ0= | 13627.8 | 14.7796 | 14063.2 | -0.020971 | 0.99978 | 0 | none | 1
SCRIPT       : DATA_LOG | 450128 | aRapBi1cCZPZAGLIDny3dk3hQ8vTmNTLHRl8zxmKgQ0= | 13625.3 | 14.7897 | 14066.3 | -0.532771 | 0.84626 | 0 | none | 1
SCRIPT       : DATA_LOG | 451156 | aRapBi1cCZPZAGLIDny3dk3hQ8vTmNTLHRl8zxmKgQ0= | 13623.7 | 14.7993 | 14069 | -0.532767 | 0.846262 | 0 | none | 1
SCRIPT       : DATA_LOG | 452130 | aRapBi1cCZPZAGLIDny3dk3hQ8vTmNTLHRl8zxmKgQ0= | 13623.7 | 14.7993 | 14069 | -0.532767 | 0.846262 | 0 | none | 1
SCRIPT       : DATA_LOG | 453127 | aRapBi1cCZPZAGLIDny3dk3hQ8vTmNTLHRl8zxmKgQ0= | 13623.7 | 14.7993 | 14069 | -0.532767 | 0.846262 | 0 | none | 1
SCRIPT       : DATA_LOG | 454130 | aRapBi1cCZPZAGLIDny3dk3hQ8vTmNTLHRl8zxmKgQ0= | 13623.7 | 14.7993 | 14069 | -0.532767 | 0.846262 | 0 | none | 1
SCRIPT       : DATA_LOG | 455128 | aRapBi1cCZPZAGLIDny3dk3hQ8vTmNTLHRl8zxmKgQ0= | 13623.7 | 14.7993 | 14069 | -0.532767 | 0.846262 | 0 | none | 1
SCRIPT       : DATA_LOG | 456137 | aRapBi1cCZPZAGLIDny3dk3hQ8vTmNTLHRl8zxmKgQ0= | 13623.7 | 14.7993 | 14069 | -0.532767 | 0.846262 | 0 | none | 1
SCRIPT       : DATA_LOG | 457130 | aRapBi1cCZPZAGLIDny3dk3hQ8vTmNTLHRl8zxmKgQ0= | 13623.7 | 14.7993 | 14069 | -0.532767 | 0.846262 | 0 | none | 1
SCRIPT       : DATA_LOG | 458136 | aRapBi1cCZPZAGLIDny3dk3hQ8vTmNTLHRl8zxmKgQ0= | 13623.7 | 14.7993 | 14069 | -0.532767 | 0.846262 | 0 | none | 1
SCRIPT       : DATA_LOG | 459142 | aRapBi1cCZPZAGLIDny3dk3hQ8vTmNTLHRl8zxmKgQ0= | 13623.7 | 14.7993 | 14069 | -0.532767 | 0.846262 | 0 | none | 1
SCRIPT       : DATA_LOG | 460134 | aRapBi1cCZPZAGLIDny3dk3hQ8vTmNTLHRl8zxmKgQ0= | 13623.7 | 14.7993 | 14069 | -0.532767 | 0.846262 | 0 | none | 1
SCRIPT       : DATA_LOG | 461142 | aRapBi1cCZPZAGLIDny3dk3hQ8vTmNTLHRl8zxmKgQ0= | 13623.7 | 14.7993 | 14069 | -0.532767 | 0.846262 | 0 | none | 1
SCRIPT       : DATA_LOG | 462137 | aRapBi1cCZPZAGLIDny3dk3hQ8vTmNTLHRl8zxmKgQ0= | 13623.7 | 14.7993 | 14069 | -0.532767 | 0.846262 | 0 | none | 1
SCRIPT       : DATA_LOG | 463144 | aRapBi1cCZPZAGLIDny3dk3hQ8vTmNTLHRl8zxmKgQ0= | 13621.2 | 14.7944 | 14072.7 | -0.574489 | 0.818513 | 0 | none | 1
SCRIPT       : DATA_LOG | 464141 | aRapBi1cCZPZAGLIDny3dk3hQ8vTmNTLHRl8zxmKgQ0= | 13618.3 | 14.7829 | 14077.4 | -0.449063 | 0.8935 | 0 | none | 1
SCRIPT       : DATA_LOG | 465147 | aRapBi1cCZPZAGLIDny3dk3hQ8vTmNTLHRl8zxmKgQ0= | 13617.5 | 14.8327 | 14081 | -0.0616541 | 0.998098 | 0 | CZ527 | 1
SCRIPT       : DATA_LOG | 466139 | aRapBi1cCZPZAGLIDny3dk3hQ8vTmNTLHRl8zxmKgQ0= | 13618.8 | 14.9336 | 14083.9 | -0.835011 | 0.550233 | 0 | CZ527 | 1
SCRIPT       : DATA_LOG | 467140 | aRapBi1cCZPZAGLIDny3dk3hQ8vTmNTLHRl8zxmKgQ0= | 13617.9 | 14.6947 | 14086.6 | -0.809326 | 0.58736 | 0 | CZ527 | 1
SCRIPT       : DATA_LOG | 468143 | aRapBi1cCZPZAGLIDny3dk3hQ8vTmNTLHRl8zxmKgQ0= | 13619.9 | 14.8198 | 14088.1 | 0.945652 | 0.32518 | 0 | CZ527 | 1
SCRIPT       : DATA_LOG | 469142 | aRapBi1cCZPZAGLIDny3dk3hQ8vTmNTLHRl8zxmKgQ0= | 13626.3 | 14.5882 | 14090 | 0.94245 | 0.334347 | 0 | CZ527 | 1
SCRIPT       : DATA_LOG | 470143 | aRapBi1cCZPZAGLIDny3dk3hQ8vTmNTLHRl8zxmKgQ0= | 13632.7 | 14.7692 | 14091.8 | 0.934113 | 0.356977 | 0 | CZ527 | 1
SCRIPT       : DATA_LOG | 471148 | aRapBi1cCZPZAGLIDny3dk3hQ8vTmNTLHRl8zxmKgQ0= | 13638.8 | 14.866 | 14094 | 0.933395 | 0.358852 | 0 | CZ527 | 1
SCRIPT       : DATA_LOG | 472190 | aRapBi1cCZPZAGLIDny3dk3hQ8vTmNTLHRl8zxmKgQ0= | 13645.5 | 14.7844 | 14095.8 | 0.933553 | 0.35844 | 0 | CZ527 | 1
SCRIPT       : DATA_LOG | 473151 | aRapBi1cCZPZAGLIDny3dk3hQ8vTmNTLHRl8zxmKgQ0= | 13651.5 | 14.7807 | 14098.1 | 0.938853 | -0.34432 | 0 | CZ527 | 1
SCRIPT       : DATA_LOG | 474148 | aRapBi1cCZPZAGLIDny3dk3hQ8vTmNTLHRl8zxmKgQ0= | 13654.8 | 14.7649 | 14098.3 | 0.882022 | -0.471208 | 0 | CZ527 | 1
SCRIPT       : DATA_LOG | 475158 | aRapBi1cCZPZAGLIDny3dk3hQ8vTmNTLHRl8zxmKgQ0= | 13656.7 | 14.9782 | 14097.7 | 0.961834 | -0.273632 | 0 | CZ527 | 1
SCRIPT       : DATA_LOG | 476150 | aRapBi1cCZPZAGLIDny3dk3hQ8vTmNTLHRl8zxmKgQ0= | 13656.7 | 14.9782 | 14097.7 | 0.961834 | -0.273632 | 0 | CZ527 | 1
SCRIPT       : DATA_LOG | 477161 | aRapBi1cCZPZAGLIDny3dk3hQ8vTmNTLHRl8zxmKgQ0= | 13656.7 | 14.9782 | 14097.7 | 0.961834 | -0.273632 | 0 | CZ527 | 1
SCRIPT       : DATA_LOG | 478161 | aRapBi1cCZPZAGLIDny3dk3hQ8vTmNTLHRl8zxmKgQ0= | 13656.7 | 14.9782 | 14097.7 | 0.961834 | -0.273632 | 0 | CZ527 | 1
 SCRIPT       : [Permissions Manager] Admin (rafaelglima79) (76561199445097358) Successfully Logged in!
SCRIPT       : DATA_LOG | 479157 | aRapBi1cCZPZAGLIDny3dk3hQ8vTmNTLHRl8zxmKgQ0= | 13656.7 | 14.9782 | 14097.7 | 0.961834 | -0.273632 | 0 | CZ527 | 1
SCRIPT       : DATA_LOG | 480159 | aRapBi1cCZPZAGLIDny3dk3hQ8vTmNTLHRl8zxmKgQ0= | 13656.7 | 14.9782 | 14097.7 | 0.961834 | -0.273632 | 0 | CZ527 | 1
SCRIPT       : DATA_LOG | 481160 | aRapBi1cCZPZAGLIDny3dk3hQ8vTmNTLHRl8zxmKgQ0= | 13656.7 | 14.9782 | 14097.7 | 0.961834 | -0.273632 | 0 | CZ527 | 1
SCRIPT       : DATA_LOG | 482157 | aRapBi1cCZPZAGLIDny3dk3hQ8vTmNTLHRl8zxmKgQ0= | 13656.7 | 14.9782 | 14097.7 | 0.961834 | -0.273632 | 0 | CZ527 | 1
SCRIPT       : DATA_LOG | 483157 | aRapBi1cCZPZAGLIDny3dk3hQ8vTmNTLHRl8zxmKgQ0= | 13656.7 | 14.9782 | 14097.7 | 0.961834 | -0.273632 | 0 | CZ527 | 1
SCRIPT       : DATA_LOG | 484158 | aRapBi1cCZPZAGLIDny3dk3hQ8vTmNTLHRl8zxmKgQ0= | 13656.7 | 14.9782 | 14097.7 | 0.961834 | -0.273632 | 0 | CZ527 | 1
SCRIPT       : DATA_LOG | 485159 | aRapBi1cCZPZAGLIDny3dk3hQ8vTmNTLHRl8zxmKgQ0= | 13656.7 | 14.9782 | 14097.7 | 0.961834 | -0.273632 | 0 | CZ527 | 1
SCRIPT       : DATA_LOG | 486160 | aRapBi1cCZPZAGLIDny3dk3hQ8vTmNTLHRl8zxmKgQ0= | 13656.7 | 14.9782 | 14097.7 | 0.961834 | -0.273632 | 0 | CZ527 | 1
SCRIPT       : DATA_LOG | 487160 | aRapBi1cCZPZAGLIDny3dk3hQ8vTmNTLHRl8zxmKgQ0= | 13656.7 | 14.9782 | 14097.7 | 0.961834 | -0.273632 | 0 | CZ527 | 1
SCRIPT       : DATA_LOG | 488163 | aRapBi1cCZPZAGLIDny3dk3hQ8vTmNTLHRl8zxmKgQ0= | 13656.7 | 14.9782 | 14097.7 | 0.961834 | -0.273632 | 0 | CZ527 | 1
SCRIPT       : DATA_LOG | 489165 | aRapBi1cCZPZAGLIDny3dk3hQ8vTmNTLHRl8zxmKgQ0= | 13656.7 | 14.9782 | 14097.7 | 0.961834 | -0.273632 | 0 | CZ527 | 1
SCRIPT       : DATA_LOG | 490170 | aRapBi1cCZPZAGLIDny3dk3hQ8vTmNTLHRl8zxmKgQ0= | 13656.7 | 14.9782 | 14097.7 | 0.961834 | -0.273632 | 0 | CZ527 | 1
SCRIPT       : DATA_LOG | 491175 | aRapBi1cCZPZAGLIDny3dk3hQ8vTmNTLHRl8zxmKgQ0= | 13656.7 | 14.9782 | 14097.7 | 0.961834 | -0.273632 | 0 | CZ527 | 1
SCRIPT       : DATA_LOG | 492166 | aRapBi1cCZPZAGLIDny3dk3hQ8vTmNTLHRl8zxmKgQ0= | 13656.7 | 14.9782 | 14097.7 | 0.961834 | -0.273632 | 0 | CZ527 | 1
SCRIPT       : DATA_LOG | 493169 | aRapBi1cCZPZAGLIDny3dk3hQ8vTmNTLHRl8zxmKgQ0= | 13656.7 | 14.9782 | 14097.7 | 0.961834 | -0.273632 | 0 | CZ527 | 1
SCRIPT       : DATA_LOG | 494169 | aRapBi1cCZPZAGLIDny3dk3hQ8vTmNTLHRl8zxmKgQ0= | 13656.7 | 14.9782 | 14097.7 | 0.961834 | -0.273632 | 0 | CZ527 | 1
SCRIPT       : DATA_LOG | 495172 | aRapBi1cCZPZAGLIDny3dk3hQ8vTmNTLHRl8zxmKgQ0= | 13656.7 | 14.9782 | 14097.7 | 0.961834 | -0.273632 | 0 | CZ527 | 1
SCRIPT       : DATA_LOG | 496185 | aRapBi1cCZPZAGLIDny3dk3hQ8vTmNTLHRl8zxmKgQ0= | 13656.7 | 14.9782 | 14097.7 | 0.961834 | -0.273632 | 0 | CZ527 | 1
SCRIPT       : DATA_LOG | 497170 | aRapBi1cCZPZAGLIDny3dk3hQ8vTmNTLHRl8zxmKgQ0= | 13656.7 | 14.9782 | 14097.7 | 0.961834 | -0.273632 | 0 | CZ527 | 1
SCRIPT       : DATA_LOG | 498174 | aRapBi1cCZPZAGLIDny3dk3hQ8vTmNTLHRl8zxmKgQ0= | 13656.7 | 14.9799 | 14097.7 | 0.771368 | -0.63639 | 0 | CZ527 | 1
SCRIPT       : DATA_LOG | 499180 | aRapBi1cCZPZAGLIDny3dk3hQ8vTmNTLHRl8zxmKgQ0= | 13659.5 | 15.3967 | 14097 | -0.412109 | -0.911134 | 0 | CZ527 | 0
SCRIPT       : DATA_LOG | 500185 | aRapBi1cCZPZAGLIDny3dk3hQ8vTmNTLHRl8zxmKgQ0= | 13662.5 | 15.6626 | 14097.9 | -0.593114 | -0.805119 | 0 | CZ527 | 0
SCRIPT       : DATA_LOG | 501177 | aRapBi1cCZPZAGLIDny3dk3hQ8vTmNTLHRl8zxmKgQ0= | 13665.7 | 15.9874 | 14098.2 | -0.627175 | -0.778878 | 0 | CZ527 | 0
SCRIPT       : DATA_LOG | 502183 | aRapBi1cCZPZAGLIDny3dk3hQ8vTmNTLHRl8zxmKgQ0= | 13668.6 | 16.773 | 14098.5 | -0.635481 | -0.772117 | 0 | CZ527 | 0
SCRIPT       : DATA_LOG | 503180 | aRapBi1cCZPZAGLIDny3dk3hQ8vTmNTLHRl8zxmKgQ0= | 13671.1 | 17.6611 | 14100 | -0.675417 | -0.737436 | 0 | CZ527 | 0
SCRIPT       : DATA_LOG | 504178 | aRapBi1cCZPZAGLIDny3dk3hQ8vTmNTLHRl8zxmKgQ0= | 13673.6 | 18.1817 | 14099.8 | -0.986122 | 0.166023 | 0 | CZ527 | 1
SCRIPT       : DATA_LOG | 505225 | aRapBi1cCZPZAGLIDny3dk3hQ8vTmNTLHRl8zxmKgQ0= | 13677.2 | 18.2814 | 14103 | 0.342373 | 0.939564 | 0 | CZ527 | 1
SCRIPT       : DATA_LOG | 506186 | aRapBi1cCZPZAGLIDny3dk3hQ8vTmNTLHRl8zxmKgQ0= | 13681.9 | 19.0724 | 14107.7 | 0.870734 | 0.491755 | 0 | CZ527 | 1
SCRIPT       : DATA_LOG | 507188 | aRapBi1cCZPZAGLIDny3dk3hQ8vTmNTLHRl8zxmKgQ0= | 13687.3 | 20.964 | 14110.7 | 0.936738 | 0.35003 | 0 | CZ527 | 1
SCRIPT       : DATA_LOG | 508188 | aRapBi1cCZPZAGLIDny3dk3hQ8vTmNTLHRl8zxmKgQ0= | 13693.6 | 22.1018 | 14113.3 | 0.935248 | 0.353993 | 0 | CZ527 | 1
SCRIPT       : DATA_LOG | 509184 | aRapBi1cCZPZAGLIDny3dk3hQ8vTmNTLHRl8zxmKgQ0= | 13700 | 22.4476 | 14115.3 | 0.988698 | 0.149922 | 0 | CZ527 | 1
SCRIPT       : DATA_LOG | 510196 | aRapBi1cCZPZAGLIDny3dk3hQ8vTmNTLHRl8zxmKgQ0= | 13706.4 | 23.2831 | 14116.9 | 0.992814 | 0.119666 | 0 | CZ527 | 1
SCRIPT       : DATA_LOG | 511190 | aRapBi1cCZPZAGLIDny3dk3hQ8vTmNTLHRl8zxmKgQ0= | 13713 | 24.1173 | 14117.5 | 0.976339 | -0.216244 | 0 | CZ527 | 1
SCRIPT       : DATA_LOG | 512192 | aRapBi1cCZPZAGLIDny3dk3hQ8vTmNTLHRl8zxmKgQ0= | 13719.7 | 25.2408 | 14117.1 | 0.942531 | -0.334119 | 0 | CZ527 | 1
SCRIPT       : DATA_LOG | 513195 | aRapBi1cCZPZAGLIDny3dk3hQ8vTmNTLHRl8zxmKgQ0= | 13726.3 | 26.2708 | 14117.1 | 0.898575 | -0.438819 | 0 | CZ527 | 1
SCRIPT       : DATA_LOG | 514197 | aRapBi1cCZPZAGLIDny3dk3hQ8vTmNTLHRl8zxmKgQ0= | 13731.3 | 26.5297 | 14113.3 | 0.567115 | -0.823638 | 0 | CZ527 | 1
SCRIPT       : DATA_LOG | 515195 | aRapBi1cCZPZAGLIDny3dk3hQ8vTmNTLHRl8zxmKgQ0= | 13733.7 | 27.5597 | 14107.2 | 0.494395 | -0.869238 | 0 | CZ527 | 1
SCRIPT       : DATA_LOG | 516233 | aRapBi1cCZPZAGLIDny3dk3hQ8vTmNTLHRl8zxmKgQ0= | 13737.7 | 26.1781 | 14102.5 | 0.964974 | 0.262346 | 0 | CZ527 | 1
SCRIPT       : DATA_LOG | 517201 | aRapBi1cCZPZAGLIDny3dk3hQ8vTmNTLHRl8zxmKgQ0= | 13743.6 | 27.0526 | 14102.7 | 0.550466 | 0.834857 | 0 | CZ527 | 1
SCRIPT       : DATA_LOG | 518199 | aRapBi1cCZPZAGLIDny3dk3hQ8vTmNTLHRl8zxmKgQ0= | 13745.2 | 26.8416 | 14104.8 | 0.139452 | 0.990229 | 0 | CZ527 | 1
SCRIPT       : DATA_LOG | 519201 | aRapBi1cCZPZAGLIDny3dk3hQ8vTmNTLHRl8zxmKgQ0= | 13745 | 26.8748 | 14106.7 | -0.951845 | 0.306579 | 0 | CZ527 | 1
SCRIPT       : DATA_LOG | 520204 | aRapBi1cCZPZAGLIDny3dk3hQ8vTmNTLHRl8zxmKgQ0= | 13744.5 | 26.9688 | 14109.1 | -0.904806 | -0.425824 | 1 | CZ527 | 0
SCRIPT       : DATA_LOG | 521208 | aRapBi1cCZPZAGLIDny3dk3hQ8vTmNTLHRl8zxmKgQ0= | 13743.7 | 27.0168 | 14110.6 | -0.898279 | -0.439425 | 1 | CZ527 | 0
SCRIPT       : DATA_LOG | 522201 | aRapBi1cCZPZAGLIDny3dk3hQ8vTmNTLHRl8zxmKgQ0= | 13743 | 27.0587 | 14112.1 | -0.897768 | -0.440469 | 1 | CZ527 | 0
SCRIPT       : DATA_LOG | 523201 | aRapBi1cCZPZAGLIDny3dk3hQ8vTmNTLHRl8zxmKgQ0= | 13741.3 | 26.9195 | 14111.4 | -0.897776 | -0.440453 | 1 | CZ527 | 0
SCRIPT       : DATA_LOG | 524206 | aRapBi1cCZPZAGLIDny3dk3hQ8vTmNTLHRl8zxmKgQ0= | 13738.9 | 26.7706 | 14110.9 | -0.903033 | -0.42957 | 1 | CZ527 | 0
SCRIPT       : DATA_LOG | 525205 | aRapBi1cCZPZAGLIDny3dk3hQ8vTmNTLHRl8zxmKgQ0= | 13738.5 | 26.7193 | 14110.3 | -0.893956 | -0.448155 | 0 | CZ527 | 0
SCRIPT       : DATA_LOG | 526206 | aRapBi1cCZPZAGLIDny3dk3hQ8vTmNTLHRl8zxmKgQ0= | 13738.4 | 26.7238 | 14110.4 | -0.899638 | -0.436636 | 0 | CZ527 | 0
SCRIPT       : DATA_LOG | 527205 | aRapBi1cCZPZAGLIDny3dk3hQ8vTmNTLHRl8zxmKgQ0= | 13738.5 | 26.7439 | 14110.7 | -0.908779 | -0.417278 | 1 | CZ527 | 0
SCRIPT       : DATA_LOG | 528209 | aRapBi1cCZPZAGLIDny3dk3hQ8vTmNTLHRl8zxmKgQ0= | 13739.2 | 26.7925 | 14111.1 | -0.77739 | 0.629019 | 0 | CZ527 | 1
SCRIPT       : DATA_LOG | 529207 | aRapBi1cCZPZAGLIDny3dk3hQ8vTmNTLHRl8zxmKgQ0= | 13739.5 | 27.0511 | 14115.9 | -0.281091 | 0.959681 | 0 | CZ527 | 1
SCRIPT       : DATA_LOG | 530216 | aRapBi1cCZPZAGLIDny3dk3hQ8vTmNTLHRl8zxmKgQ0= | 13738.3 | 27.0884 | 14121 | -0.989138 | -0.146987 | 0 | CZ527 | 1
SCRIPT       : DATA_LOG | 531216 | aRapBi1cCZPZAGLIDny3dk3hQ8vTmNTLHRl8zxmKgQ0= | 13734.4 | 26.9885 | 14124.1 | -0.827475 | -0.561502 | 1 | CZ527 | 0
SCRIPT       : DATA_LOG | 532214 | aRapBi1cCZPZAGLIDny3dk3hQ8vTmNTLHRl8zxmKgQ0= | 13733.9 | 26.976 | 14124.7 | -0.846625 | -0.53219 | 1 | CZ527 | 0
SCRIPT       : DATA_LOG | 533219 | aRapBi1cCZPZAGLIDny3dk3hQ8vTmNTLHRl8zxmKgQ0= | 13731.5 | 26.7925 | 14126.9 | -0.881084 | 0.472959 | 0 | CZ527 | 1
SCRIPT       : DATA_LOG | 534216 | aRapBi1cCZPZAGLIDny3dk3hQ8vTmNTLHRl8zxmKgQ0= | 13726 | 25.9696 | 14130.5 | -1 | 0.000759276 | 0 | CZ527 | 1
SCRIPT       : DATA_LOG | 535223 | aRapBi1cCZPZAGLIDny3dk3hQ8vTmNTLHRl8zxmKgQ0= | 13721.3 | 24.6469 | 14132.6 | -0.75076 | -0.660574 | 1 | CZ527 | 0
SCRIPT       : DATA_LOG | 536220 | aRapBi1cCZPZAGLIDny3dk3hQ8vTmNTLHRl8zxmKgQ0= | 13721.8 | 24.7136 | 14134.3 | -0.917507 | -0.397719 | 0 | CZ527 | 1
SCRIPT       : DATA_LOG | 537224 | aRapBi1cCZPZAGLIDny3dk3hQ8vTmNTLHRl8zxmKgQ0= | 13722.8 | 25.1536 | 14138.9 | 0.000738949 | 1 | 0 | CZ527 | 1
SCRIPT       : DATA_LOG | 538218 | aRapBi1cCZPZAGLIDny3dk3hQ8vTmNTLHRl8zxmKgQ0= | 13723.4 | 26.3287 | 14145.7 | -0.00338466 | 0.999994 | 0 | CZ527 | 1
SCRIPT       : DATA_LOG | 539219 | aRapBi1cCZPZAGLIDny3dk3hQ8vTmNTLHRl8zxmKgQ0= | 13724 | 29.1216 | 14151.8 | -0.0334981 | 0.999439 | 0 | CZ527 | 1
SCRIPT       : DATA_LOG | 540236 | aRapBi1cCZPZAGLIDny3dk3hQ8vTmNTLHRl8zxmKgQ0= | 13725 | 32.1688 | 14157.7 | 0.11662 | 0.993177 | 0 | CZ527 | 1
SCRIPT       : DATA_LOG | 541224 | aRapBi1cCZPZAGLIDny3dk3hQ8vTmNTLHRl8zxmKgQ0= | 13726.1 | 35.0006 | 14163.7 | 0.116661 | 0.993172 | 0 | CZ527 | 1
SCRIPT       : DATA_LOG | 542223 | aRapBi1cCZPZAGLIDny3dk3hQ8vTmNTLHRl8zxmKgQ0= | 13726.9 | 37.7551 | 14169.8 | 0.112014 | 0.993707 | 0 | CZ527 | 1
SCRIPT       : DATA_LOG | 543219 | aRapBi1cCZPZAGLIDny3dk3hQ8vTmNTLHRl8zxmKgQ0= | 13728 | 40.5983 | 14175.7 | 0.0838035 | 0.996482 | 0 | CZ527 | 1
SCRIPT       : DATA_LOG | 544229 | aRapBi1cCZPZAGLIDny3dk3hQ8vTmNTLHRl8zxmKgQ0= | 13728.6 | 43.4541 | 14181.2 | -0.972888 | 0.231279 | 0 | CZ527 | 1
SCRIPT       : DATA_LOG | 545228 | aRapBi1cCZPZAGLIDny3dk3hQ8vTmNTLHRl8zxmKgQ0= | 13727.9 | 44.5693 | 14183.5 | -0.656245 | -0.754548 | 1 | CZ527 | 0
SCRIPT       : DATA_LOG | 546226 | aRapBi1cCZPZAGLIDny3dk3hQ8vTmNTLHRl8zxmKgQ0= | 13728 | 45.0464 | 14184.4 | -0.621798 | -0.783178 | 1 | CZ527 | 0
SCRIPT       : DATA_LOG | 547224 | aRapBi1cCZPZAGLIDny3dk3hQ8vTmNTLHRl8zxmKgQ0= | 13728 | 45.0464 | 14184.4 | -0.621798 | -0.783178 | 1 | CZ527 | 0
SCRIPT       : DATA_LOG | 548229 | aRapBi1cCZPZAGLIDny3dk3hQ8vTmNTLHRl8zxmKgQ0= | 13727.6 | 45.6867 | 14185.7 | -0.894378 | -0.447313 | 0 | CZ527 | 1
SCRIPT       : DATA_LOG | 549233 | aRapBi1cCZPZAGLIDny3dk3hQ8vTmNTLHRl8zxmKgQ0= | 13721.9 | 45.8445 | 14187.7 | -0.89949 | -0.436941 | 0 | CZ527 | 1
SCRIPT       : DATA_LOG | 550238 | aRapBi1cCZPZAGLIDny3dk3hQ8vTmNTLHRl8zxmKgQ0= | 13716.5 | 45.7691 | 14189.3 | -0.571704 | -0.82046 | 0 | CZ527 | 0
SCRIPT       : DATA_LOG | 551235 | aRapBi1cCZPZAGLIDny3dk3hQ8vTmNTLHRl8zxmKgQ0= | 13715.6 | 46.6695 | 14191.5 | -0.564042 | -0.825746 | 0 | CZ527 | 0
SCRIPT       : DATA_LOG | 552238 | aRapBi1cCZPZAGLIDny3dk3hQ8vTmNTLHRl8zxmKgQ0= | 13717.8 | 47.7981 | 14193.2 | -0.565976 | -0.824422 | 0 | CZ527 | 0
SCRIPT       : DATA_LOG | 553233 | aRapBi1cCZPZAGLIDny3dk3hQ8vTmNTLHRl8zxmKgQ0= | 13719.4 | 48.9332 | 14195.1 | -0.840947 | -0.541118 | 0 | CZ527 | 1
SCRIPT       : DATA_LOG | 554229 | aRapBi1cCZPZAGLIDny3dk3hQ8vTmNTLHRl8zxmKgQ0= | 13720.9 | 51.156 | 14199.7 | 0.140266 | 0.990114 | 0 | CZ527 | 1
SCRIPT       : DATA_LOG | 555234 | aRapBi1cCZPZAGLIDny3dk3hQ8vTmNTLHRl8zxmKgQ0= | 13721.3 | 53.4405 | 14205.2 | -0.197822 | 0.980238 | 0 | CZ527 | 1
SCRIPT       : DATA_LOG | 556242 | aRapBi1cCZPZAGLIDny3dk3hQ8vTmNTLHRl8zxmKgQ0= | 13722.4 | 55.9785 | 14210.9 | 0.281217 | 0.959644 | 0 | CZ527 | 1
SCRIPT       : DATA_LOG | 557299 | aRapBi1cCZPZAGLIDny3dk3hQ8vTmNTLHRl8zxmKgQ0= | 13725.5 | 58.5721 | 14216.4 | 0.231491 | 0.972837 | 0 | CZ527 | 1
SCRIPT       : DATA_LOG | 558247 | aRapBi1cCZPZAGLIDny3dk3hQ8vTmNTLHRl8zxmKgQ0= | 13729.6 | 60.7218 | 14221.4 | 0.223355 | 0.974737 | 0 | CZ527 | 1
SCRIPT       : DATA_LOG | 559243 | aRapBi1cCZPZAGLIDny3dk3hQ8vTmNTLHRl8zxmKgQ0= | 13729 | 61.4348 | 14224.1 | -0.488559 | -0.872531 | 0 | CZ527 | 0
SCRIPT       : DATA_LOG | 560247 | aRapBi1cCZPZAGLIDny3dk3hQ8vTmNTLHRl8zxmKgQ0= | 13727.4 | 61.5443 | 14225 | -0.51182 | -0.859092 | 1 | CZ527 | 0
SCRIPT       : DATA_LOG | 561239 | aRapBi1cCZPZAGLIDny3dk3hQ8vTmNTLHRl8zxmKgQ0= | 13728.6 | 61.6341 | 14224.9 | -0.504223 | -0.863573 | 1 | CZ527 | 0
SCRIPT       : DATA_LOG | 562248 | aRapBi1cCZPZAGLIDny3dk3hQ8vTmNTLHRl8zxmKgQ0= | 13729.4 | 61.8002 | 14225.1 | -0.502384 | -0.864645 | 1 | CZ527 | 0
SCRIPT       : DATA_LOG | 563244 | aRapBi1cCZPZAGLIDny3dk3hQ8vTmNTLHRl8zxmKgQ0= | 13730.5 | 62.178 | 14226.3 | -0.502384 | -0.864645 | 1 | CZ527 | 0
SCRIPT       : DATA_LOG | 564246 | aRapBi1cCZPZAGLIDny3dk3hQ8vTmNTLHRl8zxmKgQ0= | 13731.1 | 62.5276 | 14227.4 | -0.498046 | -0.867151 | 1 | CZ527 | 0
SCRIPT       : DATA_LOG | 565247 | aRapBi1cCZPZAGLIDny3dk3hQ8vTmNTLHRl8zxmKgQ0= | 13732.1 | 62.7779 | 14228 | -0.494687 | -0.869071 | 1 | CZ527 | 0
SCRIPT       : DATA_LOG | 566246 | aRapBi1cCZPZAGLIDny3dk3hQ8vTmNTLHRl8zxmKgQ0= | 13731.7 | 62.8017 | 14228.3 | -0.508839 | -0.860862 | 1 | CZ527 | 0
SCRIPT       : DATA_LOG | 567248 | aRapBi1cCZPZAGLIDny3dk3hQ8vTmNTLHRl8zxmKgQ0= | 13730.4 | 62.8768 | 14229 | -0.516719 | -0.856155 | 0 | CZ527 | 0
SCRIPT       : DATA_LOG | 568250 | aRapBi1cCZPZAGLIDny3dk3hQ8vTmNTLHRl8zxmKgQ0= | 13729.5 | 63.0505 | 14229.2 | -0.507745 | -0.861507 | 1 | CZ527 | 0
SCRIPT       : DATA_LOG | 569246 | aRapBi1cCZPZAGLIDny3dk3hQ8vTmNTLHRl8zxmKgQ0= | 13728.2 | 62.6707 | 14229 | -0.506099 | -0.862476 | 1 | CZ527 | 0
SCRIPT       : DATA_LOG | 570255 | aRapBi1cCZPZAGLIDny3dk3hQ8vTmNTLHRl8zxmKgQ0= | 13727.5 | 62.7059 | 14229.4 | -0.506095 | -0.862478 | 1 | CZ527 | 0
SCRIPT       : DATA_LOG | 571253 | aRapBi1cCZPZAGLIDny3dk3hQ8vTmNTLHRl8zxmKgQ0= | 13726.3 | 62.7701 | 14230.1 | -0.504824 | -0.863222 | 1 | CZ527 | 0
SCRIPT       : DATA_LOG | 572253 | aRapBi1cCZPZAGLIDny3dk3hQ8vTmNTLHRl8zxmKgQ0= | 13726.3 | 62.7701 | 14230.1 | -0.504824 | -0.863222 | 1 | CZ527 | 0
SCRIPT       : DATA_LOG | 573259 | aRapBi1cCZPZAGLIDny3dk3hQ8vTmNTLHRl8zxmKgQ0= | 13726.3 | 62.7701 | 14230.1 | -0.504824 | -0.863222 | 1 | CZ527 | 0
SCRIPT       : DATA_LOG | 574265 | aRapBi1cCZPZAGLIDny3dk3hQ8vTmNTLHRl8zxmKgQ0= | 13726.9 | 62.3037 | 14228 | -0.497001 | -0.86775 | 0 | CZ527 | 0
SCRIPT       : DATA_LOG | 575255 | aRapBi1cCZPZAGLIDny3dk3hQ8vTmNTLHRl8zxmKgQ0= | 13725 | 61.2027 | 14224.7 | -0.678603 | -0.734505 | 0 | CZ527 | 1
SCRIPT       : DATA_LOG | 576255 | aRapBi1cCZPZAGLIDny3dk3hQ8vTmNTLHRl8zxmKgQ0= | 13721.4 | 60.0544 | 14222.3 | -0.753963 | -0.656917 | 0 | CZ527 | 1
SCRIPT       : DATA_LOG | 577260 | aRapBi1cCZPZAGLIDny3dk3hQ8vTmNTLHRl8zxmKgQ0= | 13715.7 | 58.2105 | 14219.3 | -0.729352 | -0.684139 | 0 | CZ527 | 1
SCRIPT       : DATA_LOG | 578265 | aRapBi1cCZPZAGLIDny3dk3hQ8vTmNTLHRl8zxmKgQ0= | 13710.1 | 55.9266 | 14215.9 | -0.729348 | -0.684143 | 0 | CZ527 | 1
SCRIPT       : DATA_LOG | 579259 | aRapBi1cCZPZAGLIDny3dk3hQ8vTmNTLHRl8zxmKgQ0= | 13704.7 | 53.1178 | 14212.6 | -0.729348 | -0.684143 | 0 | CZ527 | 1
SCRIPT       : DATA_LOG | 580267 | aRapBi1cCZPZAGLIDny3dk3hQ8vTmNTLHRl8zxmKgQ0= | 13699.2 | 50.2436 | 14209.3 | -0.729348 | -0.684143 | 0 | CZ527 | 1
SCRIPT       : DATA_LOG | 581260 | aRapBi1cCZPZAGLIDny3dk3hQ8vTmNTLHRl8zxmKgQ0= | 13694.2 | 47.3446 | 14205.5 | -0.698897 | -0.715222 | 0 | CZ527 | 1
SCRIPT       : DATA_LOG | 582259 | aRapBi1cCZPZAGLIDny3dk3hQ8vTmNTLHRl8zxmKgQ0= | 13689.5 | 42.6912 | 14202.3 | -0.69761 | -0.716477 | 0 | CZ527 | 1
SCRIPT       : DATA_LOG | 583263 | aRapBi1cCZPZAGLIDny3dk3hQ8vTmNTLHRl8zxmKgQ0= | 13687.4 | 39.321 | 14196.9 | -0.464663 | -0.885488 | 0 | CZ527 | 0
SCRIPT       : DATA_LOG | 584259 | aRapBi1cCZPZAGLIDny3dk3hQ8vTmNTLHRl8zxmKgQ0= | 13684 | 34.8588 | 14192.3 | -0.787049 | -0.616891 | 0 | CZ527 | 1
SCRIPT       : DATA_LOG | 585266 | aRapBi1cCZPZAGLIDny3dk3hQ8vTmNTLHRl8zxmKgQ0= | 13679.2 | 30.6401 | 14188.8 | -0.787629 | -0.61615 | 0 | CZ527 | 1
SCRIPT       : DATA_LOG | 586266 | aRapBi1cCZPZAGLIDny3dk3hQ8vTmNTLHRl8zxmKgQ0= | 13674.2 | 27.3252 | 14185.1 | -0.69291 | -0.721024 | 0 | CZ527 | 1
SCRIPT       : DATA_LOG | 587265 | aRapBi1cCZPZAGLIDny3dk3hQ8vTmNTLHRl8zxmKgQ0= | 13670.2 | 23.7114 | 14181.3 | -0.689243 | -0.72453 | 0 | CZ527 | 1
SCRIPT       : DATA_LOG | 588269 | aRapBi1cCZPZAGLIDny3dk3hQ8vTmNTLHRl8zxmKgQ0= | 13666.7 | 21.2036 | 14177.6 | -0.689072 | -0.724693 | 0 | CZ527 | 1
SCRIPT       : DATA_LOG | 589271 | aRapBi1cCZPZAGLIDny3dk3hQ8vTmNTLHRl8zxmKgQ0= | 13661.5 | 18.4838 | 14174.6 | -0.393432 | -0.919354 | 0 | CZ527 | 0
SCRIPT       : DATA_LOG | 590274 | aRapBi1cCZPZAGLIDny3dk3hQ8vTmNTLHRl8zxmKgQ0= | 13658.5 | 16.6097 | 14172.8 | -0.390906 | -0.920431 | 0 | CZ527 | 0
SCRIPT       : DATA_LOG | 591273 | aRapBi1cCZPZAGLIDny3dk3hQ8vTmNTLHRl8zxmKgQ0= | 13657.1 | 15.3424 | 14169.6 | -0.390905 | -0.920431 | 0 | CZ527 | 0
SCRIPT       : DATA_LOG | 592273 | aRapBi1cCZPZAGLIDny3dk3hQ8vTmNTLHRl8zxmKgQ0= | 13655.2 | 14.9386 | 14166.6 | -0.78744 | -0.616391 | 0 | CZ527 | 1
SCRIPT       : DATA_LOG | 593273 | aRapBi1cCZPZAGLIDny3dk3hQ8vTmNTLHRl8zxmKgQ0= | 13652.6 | 14.8132 | 14165 | -0.806692 | -0.590972 | 0 | CZ527 | 1
SCRIPT       : DATA_LOG | 594281 | aRapBi1cCZPZAGLIDny3dk3hQ8vTmNTLHRl8zxmKgQ0= | 13650.1 | 14.7675 | 14165.3 | -0.00352039 | -0.999994 | 0 | CZ527 | 0
SCRIPT       : DATA_LOG | 595276 | aRapBi1cCZPZAGLIDny3dk3hQ8vTmNTLHRl8zxmKgQ0= | 13648.8 | 14.8218 | 14162.3 | 0.622156 | -0.782893 | 0 | CZ527 | 1
SCRIPT       : DATA_LOG | 596276 | aRapBi1cCZPZAGLIDny3dk3hQ8vTmNTLHRl8zxmKgQ0= | 13649.2 | 14.7706 | 14159.9 | 0.996646 | 0.0818373 | 0 | CZ527 | 1
SCRIPT       : DATA_LOG | 597277 | aRapBi1cCZPZAGLIDny3dk3hQ8vTmNTLHRl8zxmKgQ0= | 13650.3 | 14.8182 | 14160.2 | 0.595067 | 0.803676 | 0 | CZ527 | 1
SCRIPT       : DATA_LOG | 598273 | aRapBi1cCZPZAGLIDny3dk3hQ8vTmNTLHRl8zxmKgQ0= | 13650.5 | 14.817 | 14160.7 | 0.421254 | 0.906943 | 0 | CZ527 | 1
SCRIPT       : DATA_LOG | 599274 | aRapBi1cCZPZAGLIDny3dk3hQ8vTmNTLHRl8zxmKgQ0= | 13650.5 | 14.817 | 14160.7 | 0.421254 | 0.906943 | 0 | CZ527 | 1
SCRIPT       : DATA_LOG | 600283 | aRapBi1cCZPZAGLIDny3dk3hQ8vTmNTLHRl8zxmKgQ0= | 13650.5 | 14.817 | 14160.7 | 0.421254 | 0.906943 | 0 | CZ527 | 1
SCRIPT       : DATA_LOG | 601278 | aRapBi1cCZPZAGLIDny3dk3hQ8vTmNTLHRl8zxmKgQ0= | 13650.5 | 14.817 | 14160.7 | 0.421254 | 0.906943 | 0 | CZ527 | 1
SCRIPT       : DATA_LOG | 602280 | aRapBi1cCZPZAGLIDny3dk3hQ8vTmNTLHRl8zxmKgQ0= | 13650.5 | 14.817 | 14160.7 | 0.421254 | 0.906943 | 0 | none | 1
SCRIPT       : DATA_LOG | 603275 | aRapBi1cCZPZAGLIDny3dk3hQ8vTmNTLHRl8zxmKgQ0= | 13650.5 | 14.817 | 14160.7 | 0.421254 | 0.906943 | 0 | none | 1
SCRIPT       : DATA_LOG | 604283 | aRapBi1cCZPZAGLIDny3dk3hQ8vTmNTLHRl8zxmKgQ0= | 13650.5 | 14.8167 | 14160.7 | 0.482664 | 0.875805 | 0 | none | 1
SCRIPT       : DATA_LOG | 605288 | aRapBi1cCZPZAGLIDny3dk3hQ8vTmNTLHRl8zxmKgQ0= | 13650.5 | 14.8168 | 14160.7 | 0.602028 | -0.798475 | 0 | none | 1
SCRIPT       : DATA_LOG | 606287 | aRapBi1cCZPZAGLIDny3dk3hQ8vTmNTLHRl8zxmKgQ0= | 13650.2 | 14.8097 | 14159.4 | 0.166789 | -0.985993 | 0 | none | 1
SCRIPT       : DATA_LOG | 607287 | aRapBi1cCZPZAGLIDny3dk3hQ8vTmNTLHRl8zxmKgQ0= | 13650.5 | 14.7793 | 14158 | 0.999388 | 0.034979 | 0 | none | 1
SCRIPT       : DATA_LOG | 608286 | aRapBi1cCZPZAGLIDny3dk3hQ8vTmNTLHRl8zxmKgQ0= | 13651 | 14.8045 | 14157.8 | 0.837724 | 0.546093 | 0 | none | 1
SCRIPT       : DATA_LOG | 609287 | aRapBi1cCZPZAGLIDny3dk3hQ8vTmNTLHRl8zxmKgQ0= | 13651 | 14.8045 | 14157.8 | 0.837724 | 0.546093 | 0 | none | 1
SCRIPT       : DATA_LOG | 610291 | aRapBi1cCZPZAGLIDny3dk3hQ8vTmNTLHRl8zxmKgQ0= | 13651 | 14.8045 | 14157.8 | 0.837724 | 0.546093 | 0 | none | 1
SCRIPT       : DATA_LOG | 611298 | aRapBi1cCZPZAGLIDny3dk3hQ8vTmNTLHRl8zxmKgQ0= | 13651.4 | 14.8382 | 14158.2 | 0.565483 | 0.82476 | 0 | none | 1
SCRIPT       : DATA_LOG | 612291 | aRapBi1cCZPZAGLIDny3dk3hQ8vTmNTLHRl8zxmKgQ0= | 13651.8 | 14.858 | 14158.5 | 0.560776 | 0.827967 | 0 | none | 1
SCRIPT       : DATA_LOG | 613294 | aRapBi1cCZPZAGLIDny3dk3hQ8vTmNTLHRl8zxmKgQ0= | 13651.8 | 14.858 | 14158.5 | 0.560776 | 0.827967 | 0 | none | 1
SCRIPT       : DATA_LOG | 614288 | aRapBi1cCZPZAGLIDny3dk3hQ8vTmNTLHRl8zxmKgQ0= | 13651 | 14.8041 | 14157.9 | 0.867221 | 0.497923 | 0 | none | 1
SCRIPT       : DATA_LOG | 615295 | aRapBi1cCZPZAGLIDny3dk3hQ8vTmNTLHRl8zxmKgQ0= | 13650.9 | 14.8035 | 14157.9 | 0.867221 | 0.497923 | 0 | none | 1
SCRIPT       : DATA_LOG | 616290 | aRapBi1cCZPZAGLIDny3dk3hQ8vTmNTLHRl8zxmKgQ0= | 13650.9 | 14.7982 | 14157.9 | 0.875562 | 0.483106 | 0 | none | 1
SCRIPT       : DATA_LOG | 617304 | aRapBi1cCZPZAGLIDny3dk3hQ8vTmNTLHRl8zxmKgQ0= | 13651 | 14.8059 | 14157.9 | 0.882853 | 0.469649 | 0 | none | 1
SCRIPT       : DATA_LOG | 618299 | aRapBi1cCZPZAGLIDny3dk3hQ8vTmNTLHRl8zxmKgQ0= | 13651 | 14.8059 | 14157.9 | 0.882853 | 0.469649 | 0 | none | 1
SCRIPT       : DATA_LOG | 619293 | aRapBi1cCZPZAGLIDny3dk3hQ8vTmNTLHRl8zxmKgQ0= | 13651 | 14.8059 | 14157.9 | 0.882853 | 0.469649 | 0 | none | 1
SCRIPT       : DATA_LOG | 620300 | aRapBi1cCZPZAGLIDny3dk3hQ8vTmNTLHRl8zxmKgQ0= | 13651 | 14.8059 | 14157.9 | 0.882853 | 0.469649 | 0 | none | 1
SCRIPT       : DATA_LOG | 621299 | aRapBi1cCZPZAGLIDny3dk3hQ8vTmNTLHRl8zxmKgQ0= | 13651 | 14.8059 | 14157.9 | 0.882853 | 0.469649 | 0 | none | 1
SCRIPT       : DATA_LOG | 622305 | aRapBi1cCZPZAGLIDny3dk3hQ8vTmNTLHRl8zxmKgQ0= | 13654 | 14.8804 | 14159.9 | 0.929217 | 0.369535 | 0 | none | 1
SCRIPT       : DATA_LOG | 623309 | aRapBi1cCZPZAGLIDny3dk3hQ8vTmNTLHRl8zxmKgQ0= | 13654.2 | 14.8825 | 14159.9 | 0.883061 | 0.469258 | 0 | CZ527 | 1
SCRIPT       : DATA_LOG | 624307 | aRapBi1cCZPZAGLIDny3dk3hQ8vTmNTLHRl8zxmKgQ0= | 13654.5 | 14.8771 | 14161.1 | -0.154271 | 0.988029 | 0 | CZ527 | 1
SCRIPT       : DATA_LOG | 625313 | aRapBi1cCZPZAGLIDny3dk3hQ8vTmNTLHRl8zxmKgQ0= | 13654.5 | 14.8771 | 14161.1 | -0.154271 | 0.988029 | 0 | CZ527 | 1
 SCRIPT       : [Logout]: New player aRapBi1cCZPZAGLIDny3dk3hQ8vTmNTLHRl8zxmKgQ0= with logout time 15
 SCRIPT       : Player "rafaelglima79" (steamid=76561199445097358) initiated disconnect process...
SCRIPT       : DATA_LOG | 626306 | aRapBi1cCZPZAGLIDny3dk3hQ8vTmNTLHRl8zxmKgQ0= | 13654.5 | 14.8771 | 14161.1 | -0.154271 | 0.988029 | 0 | CZ527 | 1
SCRIPT       : DATA_LOG | 627306 | aRapBi1cCZPZAGLIDny3dk3hQ8vTmNTLHRl8zxmKgQ0= | 13654.5 | 14.8776 | 14161 | -0.154271 | 0.988029 | 0 | CZ527 | 1
 SCRIPT       : Player "rafaelglima79" (steamid=76561199445097358) disconnected early from server (EXIT NOW).
SCRIPT       : DATA_LOG | 628308 | aRapBi1cCZPZAGLIDny3dk3hQ8vTmNTLHRl8zxmKgQ0= | 13654.5 | 14.8776 | 14161 | -0.154271 | 0.988029 | 0 | CZ527 | 1
SCRIPT       : DATA_LOG | 629311 | unknown | 13654.5 | 14.8794 | 14160.9 | -0.154271 | 0.988029 | 0 | CZ527 | 1
SCRIPT       : DATA_LOG | 630322 | unknown | 13654.6 | 14.88 | 14160.8 | -0.154271 | 0.988029 | 0 | CZ527 | 1
SCRIPT       : DATA_LOG | 631310 | unknown | 13654.6 | 14.88 | 14160.8 | -0.154271 | 0.988029 | 0 | CZ527 | 1
SCRIPT       : DATA_LOG | 632312 | unknown | 13654.6 | 14.88 | 14160.8 | -0.154271 | 0.988029 | 0 | CZ527 | 1
SCRIPT       : DATA_LOG | 633311 | unknown | 13654.6 | 14.88 | 14160.8 | -0.154271 | 0.988029 | 0 | CZ527 | 1
SCRIPT       : DATA_LOG | 634321 | unknown | 13654.6 | 14.88 | 14160.8 | -0.154271 | 0.988029 | 0 | CZ527 | 1
SCRIPT       : DATA_LOG | 635313 | unknown | 13654.6 | 14.88 | 14160.8 | -0.154271 | 0.988029 | 0 | CZ527 | 1
SCRIPT       : DATA_LOG | 636317 | unknown | 13654.6 | 14.88 | 14160.8 | -0.154271 | 0.988029 | 0 | CZ527 | 1
SCRIPT       : DATA_LOG | 637311 | unknown | 13654.6 | 14.88 | 14160.8 | -0.154271 | 0.988029 | 0 | CZ527 | 1
SCRIPT       : DATA_LOG | 638324 | unknown | 13654.6 | 14.88 | 14160.8 | -0.154271 | 0.988029 | 0 | CZ527 | 1
SCRIPT       : DATA_LOG | 639315 | unknown | 13654.6 | 14.88 | 14160.8 | -0.154271 | 0.988029 | 0 | CZ527 | 1
SCRIPT       : DATA_LOG | 640316 | unknown | 13654.6 | 14.88 | 14160.8 | -0.154271 | 0.988029 | 0 | CZ527 | 1
SCRIPT       : [Logout]: Player aRapBi1cCZPZAGLIDny3dk3hQ8vTmNTLHRl8zxmKgQ0= finished
SCRIPT       : [PlayerListManager] SyncEntryToReceivers ► uid: aRapBi1cCZPZAGLIDny3dk3hQ8vTmNTLHRl8zxmKgQ0= isn't in the players list! sending a remove.
SCRIPT       : PlayerDisconnected -> PlayerListManager.RemoveEntry ► aRapBi1cCZPZAGLIDny3dk3hQ8vTmNTLHRl8zxmKgQ0=
 SCRIPT       : [MissionServer] OnMissionFinish - Server
 SCRIPT       : ~DayZGame()
