---------------------------------------------
Log D:\ModelAnti-Cheat\log_profiles\script_2026-08-22_16-38-01.log started at 22.08. 16:38:03

SCRIPT       : Module: GameLib; loaded 18x files; 26x classes; used 39/2097 kB (1%) of static memory; defines: "DAYZ_1_29,SERVER_FOR_WINDOWS,SERVER,PLATFORM_WINDOWS,RELEASE,NO_GUI,NO_GUI_INGAME,sakhal,JM_CommunityFramework,CF_MODULE_CONFIG,CF_EXPRESSION,C
SCRIPT       : Registered 349 temporary action enum(s), UAN==349
SCRIPT       : Module: Game; loaded 521x files; 1604x classes; used 4275/33554 kB (12%) of static memory; defines: "DAYZ_1_29,SERVER_FOR_WINDOWS,SERVER,PLATFORM_WINDOWS,RELEASE,NO_GUI,NO_GUI_INGAME,sakhal,JM_CommunityFramework,CF_MODULE_CONFIG,CF_EXPRESSI
SCRIPT       : ... Backlit Effects Enabled
SCRIPT       : VPPNotificationManager()
SCRIPT       : [VPPAT] Internal VPPNotifications module loaded!
SCRIPT       : [DayZ Game]:: DayZGame(): Initializing V++ Admin Tools.
SCRIPT       : Module: World; loaded 2247x files; 5867x classes; used 9518/33554 kB (28%) of static memory; defines: "DAYZ_1_29,SERVER_FOR_WINDOWS,SERVER,PLATFORM_WINDOWS,RELEASE,NO_GUI,NO_GUI_INGAME,sakhal,JM_CommunityFramework,CF_MODULE_CONFIG,CF_EXPRES
 SCRIPT       : Module: Mission; loaded 293x files; 593x classes; used 3996/33554 kB (11%) of static memory; defines: "DAYZ_1_29,SERVER_FOR_WINDOWS,SERVER,PLATFORM_WINDOWS,RELEASE,NO_GUI,NO_GUI_INGAME,sakhal,JM_CommunityFramework,CF_MODULE_CONFIG,CF_EXPRE
 SCRIPT    (W): @"$CurrentDir:mpmissions\dayzOffline.chernarusplus\init.c,51": Possible variable name conflict 'm_player'
 SCRIPT       : Module: $CurrentDir:mpmissions\dayzOffline.chernarusplus\init.c; loaded 1x files; 1x classes; used 10/1048 kB (0%) of static memory; defines: "DAYZ_1_29,SERVER_FOR_WINDOWS,SERVER,PLATFORM_WINDOWS,RELEASE,NO_GUI,NO_GUI_INGAME,sakhal,JM_Comm
 SCRIPT       : [SERVER :: Vanilla++ AdminTools Plugins Registering]
 SCRIPT       : [MissionServer] OnInit - Server
 SCRIPT       : [MissionServer] OnMissionStart - Server
 SCRIPT       : string dirtyName = 'TESTINGSERVER'
SCRIPT       : m_LoginTimeMs: 16200
 SCRIPT       : ---- PlayerBase OnStoreLoad SUCCESS ----
 SCRIPT       : [VPPAT] Player "rafaelglima79" (steamId=76561199445097358) connected to server!
 SCRIPT       : [PlayerListManager] AddReceiver ► added: PlayerIdentity<0x000001BC4FA8BE80>
SCRIPT       : DATA_LOG | 1021926 | aRapBi1cCZPZAGLIDny3dk3hQ8vTmNTLHRl8zxmKgQ0= | 13561.3 | 20.0461 | 14069.6 | -0.511805 | -0.859101 | 0 | CZ527 | 1
 SCRIPT       : [Logout]: New player aRapBi1cCZPZAGLIDny3dk3hQ8vTmNTLHRl8zxmKgQ0= with logout time 15
 SCRIPT       : Player "rafaelglima79" (steamid=76561199445097358) initiated disconnect process...
SCRIPT       : DATA_LOG | 1022691 | aRapBi1cCZPZAGLIDny3dk3hQ8vTmNTLHRl8zxmKgQ0= | 13561.3 | 20.0461 | 14069.6 | -0.511805 | -0.859101 | 0 | CZ527 | 1
SCRIPT       : DATA_LOG | 1023700 | unknown | 13561.3 | 20.0461 | 14069.6 | -0.511805 | -0.859101 | 0 | CZ527 | 1
SCRIPT       : DATA_LOG | 1024697 | unknown | 13561.3 | 20.0461 | 14069.6 | -0.511805 | -0.859101 | 0 | CZ527 | 1
SCRIPT       : DATA_LOG | 1025699 | unknown | 13561.3 | 20.0461 | 14069.6 | -0.511805 | -0.859101 | 0 | CZ527 | 1
SCRIPT       : DATA_LOG | 1026690 | unknown | 13561.3 | 20.0461 | 14069.6 | -0.511805 | -0.859101 | 0 | CZ527 | 1
SCRIPT       : DATA_LOG | 1027700 | unknown | 13561.3 | 20.0461 | 14069.6 | -0.511805 | -0.859101 | 0 | CZ527 | 1
SCRIPT       : DATA_LOG | 1028706 | unknown | 13561.3 | 20.0461 | 14069.6 | -0.511805 | -0.859101 | 0 | CZ527 | 1
SCRIPT       : DATA_LOG | 1029702 | unknown | 13561.3 | 20.0461 | 14069.6 | -0.511805 | -0.859101 | 0 | CZ527 | 1
SCRIPT       : DATA_LOG | 1030711 | unknown | 13561.3 | 20.0461 | 14069.6 | -0.511805 | -0.859101 | 0 | CZ527 | 1
SCRIPT       : DATA_LOG | 1031712 | unknown | 13561.3 | 20.0461 | 14069.6 | -0.511805 | -0.859101 | 0 | CZ527 | 1
SCRIPT       : DATA_LOG | 1032708 | unknown | 13561.3 | 20.0461 | 14069.6 | -0.511805 | -0.859101 | 0 | CZ527 | 1
SCRIPT       : DATA_LOG | 1033705 | unknown | 13561.3 | 20.0461 | 14069.6 | -0.511805 | -0.859101 | 0 | CZ527 | 1
SCRIPT       : DATA_LOG | 1034700 | unknown | 13561.3 | 20.0461 | 14069.6 | -0.511805 | -0.859101 | 0 | CZ527 | 1
SCRIPT       : DATA_LOG | 1035711 | unknown | 13561.3 | 20.0461 | 14069.6 | -0.511805 | -0.859101 | 0 | CZ527 | 1
SCRIPT       : DATA_LOG | 1036710 | unknown | 13561.3 | 20.0461 | 14069.6 | -0.511805 | -0.859101 | 0 | CZ527 | 1
SCRIPT       : [Logout]: Player aRapBi1cCZPZAGLIDny3dk3hQ8vTmNTLHRl8zxmKgQ0= finished
SCRIPT       : [PlayerListManager] SyncEntryToReceivers ► uid: aRapBi1cCZPZAGLIDny3dk3hQ8vTmNTLHRl8zxmKgQ0= isn't in the players list! sending a remove.
SCRIPT       : PlayerDisconnected -> PlayerListManager.RemoveEntry ► aRapBi1cCZPZAGLIDny3dk3hQ8vTmNTLHRl8zxmKgQ0=
 SCRIPT       : ---- PlayerBase OnStoreLoad SUCCESS ----
 SCRIPT       : [VPPAT] Player "rafaelglima79" (steamId=76561199445097358) connected to server!
 SCRIPT       : [PlayerListManager] AddReceiver ► added: PlayerIdentity<0x000001BCFFC91520>
SCRIPT       : DATA_LOG | 1236957 | aRapBi1cCZPZAGLIDny3dk3hQ8vTmNTLHRl8zxmKgQ0= | 13561.3 | 20.0461 | 14069.6 | -0.511805 | -0.859101 | 0 | CZ527 | 1
SCRIPT       : DATA_LOG | 1237952 | aRapBi1cCZPZAGLIDny3dk3hQ8vTmNTLHRl8zxmKgQ0= | 13561.3 | 20.0461 | 14069.6 | -0.511805 | -0.859101 | 0 | CZ527 | 1
SCRIPT       : DATA_LOG | 1238950 | aRapBi1cCZPZAGLIDny3dk3hQ8vTmNTLHRl8zxmKgQ0= | 13561.3 | 20.0461 | 14069.6 | -0.511805 | -0.859101 | 0 | CZ527 | 1
SCRIPT       : DATA_LOG | 1239957 | aRapBi1cCZPZAGLIDny3dk3hQ8vTmNTLHRl8zxmKgQ0= | 13561.3 | 20.0461 | 14069.6 | -0.511805 | -0.859101 | 0 | CZ527 | 1
SCRIPT       : DATA_LOG | 1240958 | aRapBi1cCZPZAGLIDny3dk3hQ8vTmNTLHRl8zxmKgQ0= | 13561.3 | 20.0461 | 14069.6 | -0.511805 | -0.859101 | 0 | CZ527 | 1
SCRIPT       : DATA_LOG | 1241967 | aRapBi1cCZPZAGLIDny3dk3hQ8vTmNTLHRl8zxmKgQ0= | 13561.3 | 20.0461 | 14069.6 | -0.511805 | -0.859101 | 0 | CZ527 | 1
SCRIPT       : DATA_LOG | 1242955 | aRapBi1cCZPZAGLIDny3dk3hQ8vTmNTLHRl8zxmKgQ0= | 13561.3 | 20.0461 | 14069.6 | -0.511805 | -0.859101 | 0 | CZ527 | 1
SCRIPT       : DATA_LOG | 1243958 | aRapBi1cCZPZAGLIDny3dk3hQ8vTmNTLHRl8zxmKgQ0= | 13561.3 | 20.0461 | 14069.6 | -0.511805 | -0.859101 | 0 | CZ527 | 1
SCRIPT       : DATA_LOG | 1244968 | aRapBi1cCZPZAGLIDny3dk3hQ8vTmNTLHRl8zxmKgQ0= | 13561.3 | 20.0461 | 14069.6 | -0.511805 | -0.859101 | 0 | CZ527 | 1
SCRIPT       : DATA_LOG | 1245961 | aRapBi1cCZPZAGLIDny3dk3hQ8vTmNTLHRl8zxmKgQ0= | 13561.3 | 20.0461 | 14069.6 | -0.511805 | -0.859101 | 0 | CZ527 | 1
SCRIPT       : DATA_LOG | 1246968 | aRapBi1cCZPZAGLIDny3dk3hQ8vTmNTLHRl8zxmKgQ0= | 13561.3 | 20.0461 | 14069.6 | -0.511805 | -0.859101 | 0 | CZ527 | 1
SCRIPT       : DATA_LOG | 1247960 | aRapBi1cCZPZAGLIDny3dk3hQ8vTmNTLHRl8zxmKgQ0= | 13561.3 | 20.0461 | 14069.6 | -0.511805 | -0.859101 | 0 | CZ527 | 1
SCRIPT       : DATA_LOG | 1248963 | aRapBi1cCZPZAGLIDny3dk3hQ8vTmNTLHRl8zxmKgQ0= | 13561.3 | 20.0461 | 14069.6 | -0.511805 | -0.859101 | 0 | CZ527 | 1
SCRIPT       : DATA_LOG | 1249966 | aRapBi1cCZPZAGLIDny3dk3hQ8vTmNTLHRl8zxmKgQ0= | 13561.3 | 20.0461 | 14069.6 | -0.511805 | -0.859101 | 0 | CZ527 | 1
SCRIPT       : DATA_LOG | 1250968 | aRapBi1cCZPZAGLIDny3dk3hQ8vTmNTLHRl8zxmKgQ0= | 13561.3 | 20.0461 | 14069.6 | -0.511805 | -0.859101 | 0 | CZ527 | 1
SCRIPT       : DATA_LOG | 1251964 | aRapBi1cCZPZAGLIDny3dk3hQ8vTmNTLHRl8zxmKgQ0= | 13561.3 | 20.0461 | 14069.6 | -0.511805 | -0.859101 | 0 | CZ527 | 1
SCRIPT       : DATA_LOG | 1252975 | aRapBi1cCZPZAGLIDny3dk3hQ8vTmNTLHRl8zxmKgQ0= | 13561.3 | 20.0461 | 14069.6 | -0.511805 | -0.859101 | 0 | CZ527 | 1
SCRIPT       : DATA_LOG | 1253972 | aRapBi1cCZPZAGLIDny3dk3hQ8vTmNTLHRl8zxmKgQ0= | 13561.3 | 20.0461 | 14069.6 | -0.511805 | -0.859101 | 0 | CZ527 | 1
SCRIPT       : DATA_LOG | 1254968 | aRapBi1cCZPZAGLIDny3dk3hQ8vTmNTLHRl8zxmKgQ0= | 13561.3 | 20.0461 | 14069.6 | -0.511805 | -0.859101 | 0 | CZ527 | 1
SCRIPT       : DATA_LOG | 1255969 | aRapBi1cCZPZAGLIDny3dk3hQ8vTmNTLHRl8zxmKgQ0= | 13561.3 | 20.0461 | 14069.6 | -0.511805 | -0.859101 | 0 | CZ527 | 1
SCRIPT       : DATA_LOG | 1256970 | aRapBi1cCZPZAGLIDny3dk3hQ8vTmNTLHRl8zxmKgQ0= | 13561.3 | 20.0461 | 14069.6 | -0.511805 | -0.859101 | 0 | CZ527 | 1
SCRIPT       : DATA_LOG | 1257975 | aRapBi1cCZPZAGLIDny3dk3hQ8vTmNTLHRl8zxmKgQ0= | 13561.3 | 20.0461 | 14069.6 | -0.511805 | -0.859101 | 0 | CZ527 | 1
SCRIPT       : DATA_LOG | 1258977 | aRapBi1cCZPZAGLIDny3dk3hQ8vTmNTLHRl8zxmKgQ0= | 13561.3 | 20.0461 | 14069.6 | -0.511805 | -0.859101 | 0 | CZ527 | 1
SCRIPT       : DATA_LOG | 1259983 | aRapBi1cCZPZAGLIDny3dk3hQ8vTmNTLHRl8zxmKgQ0= | 13561.3 | 20.0461 | 14069.6 | -0.511805 | -0.859101 | 0 | CZ527 | 1
SCRIPT       : DATA_LOG | 1260983 | aRapBi1cCZPZAGLIDny3dk3hQ8vTmNTLHRl8zxmKgQ0= | 13561.3 | 20.0461 | 14069.6 | -0.511805 | -0.859101 | 0 | CZ527 | 1
SCRIPT       : DATA_LOG | 1261974 | aRapBi1cCZPZAGLIDny3dk3hQ8vTmNTLHRl8zxmKgQ0= | 13561.3 | 20.0461 | 14069.6 | -0.511805 | -0.859101 | 0 | CZ527 | 1
SCRIPT       : DATA_LOG | 1262990 | aRapBi1cCZPZAGLIDny3dk3hQ8vTmNTLHRl8zxmKgQ0= | 13561.3 | 20.0461 | 14069.6 | -0.511805 | -0.859101 | 0 | CZ527 | 1
SCRIPT       : DATA_LOG | 1263983 | aRapBi1cCZPZAGLIDny3dk3hQ8vTmNTLHRl8zxmKgQ0= | 13561.3 | 20.0461 | 14069.6 | -0.511805 | -0.859101 | 0 | CZ527 | 1
SCRIPT       : DATA_LOG | 1264979 | aRapBi1cCZPZAGLIDny3dk3hQ8vTmNTLHRl8zxmKgQ0= | 13561.3 | 20.0461 | 14069.6 | -0.511805 | -0.859101 | 0 | CZ527 | 1
SCRIPT       : DATA_LOG | 1265985 | aRapBi1cCZPZAGLIDny3dk3hQ8vTmNTLHRl8zxmKgQ0= | 13561.3 | 20.0461 | 14069.6 | -0.511805 | -0.859101 | 0 | CZ527 | 1
SCRIPT       : DATA_LOG | 1266991 | aRapBi1cCZPZAGLIDny3dk3hQ8vTmNTLHRl8zxmKgQ0= | 13561.3 | 20.0461 | 14069.6 | -0.511805 | -0.859101 | 0 | CZ527 | 1
SCRIPT       : DATA_LOG | 1267996 | aRapBi1cCZPZAGLIDny3dk3hQ8vTmNTLHRl8zxmKgQ0= | 13561.3 | 20.0461 | 14069.6 | -0.511805 | -0.859101 | 0 | CZ527 | 1
SCRIPT       : DATA_LOG | 1268985 | aRapBi1cCZPZAGLIDny3dk3hQ8vTmNTLHRl8zxmKgQ0= | 13561.3 | 20.0461 | 14069.6 | -0.511805 | -0.859101 | 0 | CZ527 | 1
SCRIPT       : DATA_LOG | 1269986 | aRapBi1cCZPZAGLIDny3dk3hQ8vTmNTLHRl8zxmKgQ0= | 13561.3 | 20.0461 | 14069.6 | -0.511805 | -0.859101 | 0 | CZ527 | 1
SCRIPT       : DATA_LOG | 1270991 | aRapBi1cCZPZAGLIDny3dk3hQ8vTmNTLHRl8zxmKgQ0= | 13561.3 | 20.0461 | 14069.6 | -0.511805 | -0.859101 | 0 | CZ527 | 1
SCRIPT       : DATA_LOG | 1271994 | aRapBi1cCZPZAGLIDny3dk3hQ8vTmNTLHRl8zxmKgQ0= | 13561.3 | 20.0461 | 14069.6 | -0.511805 | -0.859101 | 0 | CZ527 | 1
SCRIPT       : DATA_LOG | 1272989 | aRapBi1cCZPZAGLIDny3dk3hQ8vTmNTLHRl8zxmKgQ0= | 13561.3 | 20.0461 | 14069.6 | -0.511805 | -0.859101 | 0 | CZ527 | 1
SCRIPT       : DATA_LOG | 1273992 | aRapBi1cCZPZAGLIDny3dk3hQ8vTmNTLHRl8zxmKgQ0= | 13561.3 | 20.0461 | 14069.6 | -0.511805 | -0.859101 | 0 | CZ527 | 1
SCRIPT       : DATA_LOG | 1274998 | aRapBi1cCZPZAGLIDny3dk3hQ8vTmNTLHRl8zxmKgQ0= | 13561.3 | 20.0461 | 14069.6 | -0.511805 | -0.859101 | 0 | CZ527 | 1
SCRIPT       : DATA_LOG | 1275996 | aRapBi1cCZPZAGLIDny3dk3hQ8vTmNTLHRl8zxmKgQ0= | 13561.3 | 20.0461 | 14069.6 | -0.511805 | -0.859101 | 0 | CZ527 | 1
SCRIPT       : DATA_LOG | 1276998 | aRapBi1cCZPZAGLIDny3dk3hQ8vTmNTLHRl8zxmKgQ0= | 13561.3 | 20.0461 | 14069.6 | -0.511805 | -0.859101 | 0 | CZ527 | 1
SCRIPT       : DATA_LOG | 1278004 | aRapBi1cCZPZAGLIDny3dk3hQ8vTmNTLHRl8zxmKgQ0= | 13561.3 | 20.0461 | 14069.6 | -0.511805 | -0.859101 | 0 | CZ527 | 1
SCRIPT       : DATA_LOG | 1278994 | aRapBi1cCZPZAGLIDny3dk3hQ8vTmNTLHRl8zxmKgQ0= | 13561.3 | 20.0461 | 14069.6 | -0.511805 | -0.859101 | 0 | CZ527 | 1
SCRIPT       : DATA_LOG | 1280000 | aRapBi1cCZPZAGLIDny3dk3hQ8vTmNTLHRl8zxmKgQ0= | 13561.3 | 20.0461 | 14069.6 | -0.511805 | -0.859101 | 0 | CZ527 | 1
SCRIPT       : DATA_LOG | 1280995 | aRapBi1cCZPZAGLIDny3dk3hQ8vTmNTLHRl8zxmKgQ0= | 13561.3 | 20.0461 | 14069.6 | -0.511805 | -0.859101 | 0 | CZ527 | 1
SCRIPT       : DATA_LOG | 1281996 | aRapBi1cCZPZAGLIDny3dk3hQ8vTmNTLHRl8zxmKgQ0= | 13561.3 | 20.0461 | 14069.6 | -0.511805 | -0.859101 | 0 | CZ527 | 1
SCRIPT       : DATA_LOG | 1283006 | aRapBi1cCZPZAGLIDny3dk3hQ8vTmNTLHRl8zxmKgQ0= | 13561.3 | 20.0461 | 14069.6 | -0.511805 | -0.859101 | 0 | CZ527 | 1
SCRIPT       : DATA_LOG | 1284006 | aRapBi1cCZPZAGLIDny3dk3hQ8vTmNTLHRl8zxmKgQ0= | 13561.3 | 20.0461 | 14069.6 | -0.511805 | -0.859101 | 0 | CZ527 | 1
SCRIPT       : DATA_LOG | 1285940 | aRapBi1cCZPZAGLIDny3dk3hQ8vTmNTLHRl8zxmKgQ0= | 13561.3 | 20.0461 | 14069.6 | -0.511805 | -0.859101 | 0 | CZ527 | 1
SCRIPT       : DATA_LOG | 1286932 | aRapBi1cCZPZAGLIDny3dk3hQ8vTmNTLHRl8zxmKgQ0= | 13561.3 | 20.0461 | 14069.6 | -0.511805 | -0.859101 | 0 | CZ527 | 1
SCRIPT       : DATA_LOG | 1287937 | aRapBi1cCZPZAGLIDny3dk3hQ8vTmNTLHRl8zxmKgQ0= | 13561.3 | 20.0461 | 14069.6 | -0.511805 | -0.859101 | 0 | CZ527 | 1
SCRIPT       : DATA_LOG | 1288937 | aRapBi1cCZPZAGLIDny3dk3hQ8vTmNTLHRl8zxmKgQ0= | 13561.3 | 20.0461 | 14069.6 | -0.511805 | -0.859101 | 0 | CZ527 | 1
SCRIPT       : DATA_LOG | 1289933 | aRapBi1cCZPZAGLIDny3dk3hQ8vTmNTLHRl8zxmKgQ0= | 13561.3 | 20.0461 | 14069.6 | -0.511805 | -0.859101 | 0 | CZ527 | 1
SCRIPT       : DATA_LOG | 1290930 | aRapBi1cCZPZAGLIDny3dk3hQ8vTmNTLHRl8zxmKgQ0= | 13561.3 | 20.0461 | 14069.6 | -0.511805 | -0.859101 | 0 | CZ527 | 1
SCRIPT       : DATA_LOG | 1291938 | aRapBi1cCZPZAGLIDny3dk3hQ8vTmNTLHRl8zxmKgQ0= | 13561.3 | 20.0461 | 14069.6 | -0.511805 | -0.859101 | 0 | CZ527 | 1
SCRIPT       : DATA_LOG | 1292938 | aRapBi1cCZPZAGLIDny3dk3hQ8vTmNTLHRl8zxmKgQ0= | 13561.3 | 20.0461 | 14069.6 | -0.511805 | -0.859101 | 0 | CZ527 | 1
SCRIPT       : DATA_LOG | 1293933 | aRapBi1cCZPZAGLIDny3dk3hQ8vTmNTLHRl8zxmKgQ0= | 13561.3 | 20.0461 | 14069.6 | -0.511805 | -0.859101 | 0 | CZ527 | 1
SCRIPT       : DATA_LOG | 1294934 | aRapBi1cCZPZAGLIDny3dk3hQ8vTmNTLHRl8zxmKgQ0= | 13561.3 | 20.0461 | 14069.6 | -0.511805 | -0.859101 | 0 | CZ527 | 1
SCRIPT       : DATA_LOG | 1295946 | aRapBi1cCZPZAGLIDny3dk3hQ8vTmNTLHRl8zxmKgQ0= | 13561.3 | 20.0461 | 14069.6 | -0.511805 | -0.859101 | 0 | CZ527 | 1
SCRIPT       : DATA_LOG | 1296939 | aRapBi1cCZPZAGLIDny3dk3hQ8vTmNTLHRl8zxmKgQ0= | 13561.3 | 20.0461 | 14069.6 | -0.511805 | -0.859101 | 0 | CZ527 | 1
SCRIPT       : DATA_LOG | 1297945 | aRapBi1cCZPZAGLIDny3dk3hQ8vTmNTLHRl8zxmKgQ0= | 13561.3 | 20.0461 | 14069.6 | -0.511805 | -0.859101 | 0 | CZ527 | 1
SCRIPT       : DATA_LOG | 1298945 | aRapBi1cCZPZAGLIDny3dk3hQ8vTmNTLHRl8zxmKgQ0= | 13561.3 | 20.0461 | 14069.6 | -0.511805 | -0.859101 | 0 | CZ527 | 1
SCRIPT       : DATA_LOG | 1299949 | aRapBi1cCZPZAGLIDny3dk3hQ8vTmNTLHRl8zxmKgQ0= | 13561.3 | 20.0461 | 14069.6 | -0.511805 | -0.859101 | 0 | CZ527 | 1
SCRIPT       : DATA_LOG | 1300946 | aRapBi1cCZPZAGLIDny3dk3hQ8vTmNTLHRl8zxmKgQ0= | 13561.3 | 20.0461 | 14069.6 | -0.511805 | -0.859101 | 0 | CZ527 | 1
SCRIPT       : DATA_LOG | 1301951 | aRapBi1cCZPZAGLIDny3dk3hQ8vTmNTLHRl8zxmKgQ0= | 13561.3 | 20.0461 | 14069.6 | -0.511805 | -0.859101 | 0 | CZ527 | 1
SCRIPT       : DATA_LOG | 1302947 | aRapBi1cCZPZAGLIDny3dk3hQ8vTmNTLHRl8zxmKgQ0= | 13561.3 | 20.0461 | 14069.6 | -0.511805 | -0.859101 | 0 | CZ527 | 1
SCRIPT       : DATA_LOG | 1303952 | aRapBi1cCZPZAGLIDny3dk3hQ8vTmNTLHRl8zxmKgQ0= | 13561.3 | 20.0461 | 14069.6 | -0.511805 | -0.859101 | 0 | CZ527 | 1
SCRIPT       : DATA_LOG | 1304956 | aRapBi1cCZPZAGLIDny3dk3hQ8vTmNTLHRl8zxmKgQ0= | 13561.3 | 20.0461 | 14069.6 | -0.511805 | -0.859101 | 0 | CZ527 | 1
SCRIPT       : DATA_LOG | 1305958 | aRapBi1cCZPZAGLIDny3dk3hQ8vTmNTLHRl8zxmKgQ0= | 13561.3 | 20.0461 | 14069.6 | -0.511805 | -0.859101 | 0 | CZ527 | 1
SCRIPT       : DATA_LOG | 1306961 | aRapBi1cCZPZAGLIDny3dk3hQ8vTmNTLHRl8zxmKgQ0= | 13561.3 | 20.0461 | 14069.6 | -0.511805 | -0.859101 | 0 | CZ527 | 1
SCRIPT       : DATA_LOG | 1307955 | aRapBi1cCZPZAGLIDny3dk3hQ8vTmNTLHRl8zxmKgQ0= | 13561.3 | 20.0461 | 14069.6 | -0.511805 | -0.859101 | 0 | CZ527 | 1
SCRIPT       : DATA_LOG | 1308957 | aRapBi1cCZPZAGLIDny3dk3hQ8vTmNTLHRl8zxmKgQ0= | 13561.3 | 20.0461 | 14069.6 | -0.511805 | -0.859101 | 0 | CZ527 | 1
SCRIPT       : DATA_LOG | 1309959 | aRapBi1cCZPZAGLIDny3dk3hQ8vTmNTLHRl8zxmKgQ0= | 13561.3 | 20.0461 | 14069.6 | -0.511805 | -0.859101 | 0 | CZ527 | 1
SCRIPT       : DATA_LOG | 1310963 | aRapBi1cCZPZAGLIDny3dk3hQ8vTmNTLHRl8zxmKgQ0= | 13561.3 | 20.0461 | 14069.6 | -0.511805 | -0.859101 | 0 | CZ527 | 1
SCRIPT       : DATA_LOG | 1311966 | aRapBi1cCZPZAGLIDny3dk3hQ8vTmNTLHRl8zxmKgQ0= | 13561.3 | 20.0461 | 14069.6 | -0.511805 | -0.859101 | 0 | CZ527 | 1
SCRIPT       : DATA_LOG | 1312963 | aRapBi1cCZPZAGLIDny3dk3hQ8vTmNTLHRl8zxmKgQ0= | 13561.3 | 20.0461 | 14069.6 | -0.511805 | -0.859101 | 0 | CZ527 | 1
SCRIPT       : DATA_LOG | 1313962 | aRapBi1cCZPZAGLIDny3dk3hQ8vTmNTLHRl8zxmKgQ0= | 13561.3 | 20.0461 | 14069.6 | -0.511805 | -0.859101 | 0 | CZ527 | 1
SCRIPT       : DATA_LOG | 1314966 | aRapBi1cCZPZAGLIDny3dk3hQ8vTmNTLHRl8zxmKgQ0= | 13561.3 | 20.0461 | 14069.6 | -0.511805 | -0.859101 | 0 | CZ527 | 1
SCRIPT       : DATA_LOG | 1315972 | aRapBi1cCZPZAGLIDny3dk3hQ8vTmNTLHRl8zxmKgQ0= | 13561.3 | 20.0461 | 14069.6 | -0.511805 | -0.859101 | 0 | CZ527 | 1
SCRIPT       : DATA_LOG | 1316971 | aRapBi1cCZPZAGLIDny3dk3hQ8vTmNTLHRl8zxmKgQ0= | 13561.3 | 20.0461 | 14069.6 | -0.511805 | -0.859101 | 0 | CZ527 | 1
SCRIPT       : DATA_LOG | 1317969 | aRapBi1cCZPZAGLIDny3dk3hQ8vTmNTLHRl8zxmKgQ0= | 13561.3 | 20.0461 | 14069.6 | -0.511805 | -0.859101 | 0 | CZ527 | 1
SCRIPT       : DATA_LOG | 1318966 | aRapBi1cCZPZAGLIDny3dk3hQ8vTmNTLHRl8zxmKgQ0= | 13561.3 | 20.0461 | 14069.6 | -0.511805 | -0.859101 | 0 | CZ527 | 1
SCRIPT       : DATA_LOG | 1319968 | aRapBi1cCZPZAGLIDny3dk3hQ8vTmNTLHRl8zxmKgQ0= | 13561.3 | 20.0461 | 14069.6 | -0.511805 | -0.859101 | 0 | CZ527 | 1
SCRIPT       : DATA_LOG | 1320973 | aRapBi1cCZPZAGLIDny3dk3hQ8vTmNTLHRl8zxmKgQ0= | 13561.3 | 20.0461 | 14069.6 | -0.511805 | -0.859101 | 0 | CZ527 | 1
SCRIPT       : DATA_LOG | 1321975 | aRapBi1cCZPZAGLIDny3dk3hQ8vTmNTLHRl8zxmKgQ0= | 13561.3 | 20.0461 | 14069.6 | -0.511805 | -0.859101 | 0 | CZ527 | 1
SCRIPT       : DATA_LOG | 1322974 | aRapBi1cCZPZAGLIDny3dk3hQ8vTmNTLHRl8zxmKgQ0= | 13561.3 | 20.0461 | 14069.6 | -0.511805 | -0.859101 | 0 | CZ527 | 1
SCRIPT       : DATA_LOG | 1323977 | aRapBi1cCZPZAGLIDny3dk3hQ8vTmNTLHRl8zxmKgQ0= | 13561.3 | 20.0461 | 14069.6 | -0.511805 | -0.859101 | 0 | CZ527 | 1
SCRIPT       : DATA_LOG | 1324975 | aRapBi1cCZPZAGLIDny3dk3hQ8vTmNTLHRl8zxmKgQ0= | 13561.3 | 20.0461 | 14069.6 | -0.511805 | -0.859101 | 0 | CZ527 | 1
SCRIPT       : DATA_LOG | 1325979 | aRapBi1cCZPZAGLIDny3dk3hQ8vTmNTLHRl8zxmKgQ0= | 13561.3 | 20.0461 | 14069.6 | -0.511805 | -0.859101 | 0 | CZ527 | 1
SCRIPT       : DATA_LOG | 1326979 | aRapBi1cCZPZAGLIDny3dk3hQ8vTmNTLHRl8zxmKgQ0= | 13561.3 | 20.0461 | 14069.6 | -0.511805 | -0.859101 | 0 | CZ527 | 1
SCRIPT       : DATA_LOG | 1327977 | aRapBi1cCZPZAGLIDny3dk3hQ8vTmNTLHRl8zxmKgQ0= | 13561.3 | 20.0461 | 14069.6 | -0.511805 | -0.859101 | 0 | CZ527 | 1
SCRIPT       : DATA_LOG | 1328977 | aRapBi1cCZPZAGLIDny3dk3hQ8vTmNTLHRl8zxmKgQ0= | 13561.3 | 20.0461 | 14069.6 | -0.511805 | -0.859101 | 0 | CZ527 | 1
SCRIPT       : DATA_LOG | 1329979 | aRapBi1cCZPZAGLIDny3dk3hQ8vTmNTLHRl8zxmKgQ0= | 13561.3 | 20.0461 | 14069.6 | -0.511805 | -0.859101 | 0 | CZ527 | 1
SCRIPT       : DATA_LOG | 1330980 | aRapBi1cCZPZAGLIDny3dk3hQ8vTmNTLHRl8zxmKgQ0= | 13561.3 | 20.0461 | 14069.6 | -0.511805 | -0.859101 | 0 | CZ527 | 1
SCRIPT       : DATA_LOG | 1331980 | aRapBi1cCZPZAGLIDny3dk3hQ8vTmNTLHRl8zxmKgQ0= | 13561.3 | 20.0461 | 14069.6 | -0.511805 | -0.859101 | 0 | CZ527 | 1
SCRIPT       : DATA_LOG | 1332981 | aRapBi1cCZPZAGLIDny3dk3hQ8vTmNTLHRl8zxmKgQ0= | 13561.3 | 20.0461 | 14069.6 | -0.511805 | -0.859101 | 0 | CZ527 | 1
SCRIPT       : DATA_LOG | 1333984 | aRapBi1cCZPZAGLIDny3dk3hQ8vTmNTLHRl8zxmKgQ0= | 13561.3 | 20.0461 | 14069.6 | -0.511805 | -0.859101 | 0 | CZ527 | 1
SCRIPT       : DATA_LOG | 1334983 | aRapBi1cCZPZAGLIDny3dk3hQ8vTmNTLHRl8zxmKgQ0= | 13561.3 | 20.0461 | 14069.6 | -0.511805 | -0.859101 | 0 | CZ527 | 1
SCRIPT       : DATA_LOG | 1335989 | aRapBi1cCZPZAGLIDny3dk3hQ8vTmNTLHRl8zxmKgQ0= | 13561.3 | 20.0461 | 14069.6 | -0.511805 | -0.859101 | 0 | CZ527 | 1
SCRIPT       : DATA_LOG | 1336985 | aRapBi1cCZPZAGLIDny3dk3hQ8vTmNTLHRl8zxmKgQ0= | 13561.3 | 20.0461 | 14069.6 | -0.511805 | -0.859101 | 0 | CZ527 | 1
SCRIPT       : DATA_LOG | 1337987 | aRapBi1cCZPZAGLIDny3dk3hQ8vTmNTLHRl8zxmKgQ0= | 13561.3 | 20.0461 | 14069.6 | -0.511805 | -0.859101 | 0 | CZ527 | 1
SCRIPT       : DATA_LOG | 1338989 | aRapBi1cCZPZAGLIDny3dk3hQ8vTmNTLHRl8zxmKgQ0= | 13561.3 | 20.0461 | 14069.6 | -0.511805 | -0.859101 | 0 | CZ527 | 1
SCRIPT       : DATA_LOG | 1339988 | aRapBi1cCZPZAGLIDny3dk3hQ8vTmNTLHRl8zxmKgQ0= | 13561.3 | 20.0461 | 14069.6 | -0.511805 | -0.859101 | 0 | CZ527 | 1
SCRIPT       : DATA_LOG | 1340986 | aRapBi1cCZPZAGLIDny3dk3hQ8vTmNTLHRl8zxmKgQ0= | 13561.3 | 20.0461 | 14069.6 | -0.511805 | -0.859101 | 0 | CZ527 | 1
SCRIPT       : DATA_LOG | 1341992 | aRapBi1cCZPZAGLIDny3dk3hQ8vTmNTLHRl8zxmKgQ0= | 13561.3 | 20.0461 | 14069.6 | -0.511805 | -0.859101 | 0 | CZ527 | 1
SCRIPT       : DATA_LOG | 1342992 | aRapBi1cCZPZAGLIDny3dk3hQ8vTmNTLHRl8zxmKgQ0= | 13561.3 | 20.0461 | 14069.6 | -0.511805 | -0.859101 | 0 | CZ527 | 1
SCRIPT       : DATA_LOG | 1343992 | aRapBi1cCZPZAGLIDny3dk3hQ8vTmNTLHRl8zxmKgQ0= | 13561.3 | 20.0461 | 14069.6 | -0.511805 | -0.859101 | 0 | CZ527 | 1
SCRIPT       : DATA_LOG | 1344991 | aRapBi1cCZPZAGLIDny3dk3hQ8vTmNTLHRl8zxmKgQ0= | 13561.3 | 20.0461 | 14069.6 | -0.511805 | -0.859101 | 0 | CZ527 | 1
SCRIPT       : DATA_LOG | 1345995 | aRapBi1cCZPZAGLIDny3dk3hQ8vTmNTLHRl8zxmKgQ0= | 13561.3 | 20.0461 | 14069.6 | -0.511805 | -0.859101 | 0 | CZ527 | 1
SCRIPT       : DATA_LOG | 1346996 | aRapBi1cCZPZAGLIDny3dk3hQ8vTmNTLHRl8zxmKgQ0= | 13561.3 | 20.0461 | 14069.6 | -0.511805 | -0.859101 | 0 | CZ527 | 1
SCRIPT       : DATA_LOG | 1347997 | aRapBi1cCZPZAGLIDny3dk3hQ8vTmNTLHRl8zxmKgQ0= | 13561.3 | 20.0461 | 14069.6 | -0.511805 | -0.859101 | 0 | CZ527 | 1
SCRIPT       : DATA_LOG | 1348998 | aRapBi1cCZPZAGLIDny3dk3hQ8vTmNTLHRl8zxmKgQ0= | 13561.3 | 20.0461 | 14069.6 | -0.511805 | -0.859101 | 0 | CZ527 | 1
SCRIPT       : DATA_LOG | 1349999 | aRapBi1cCZPZAGLIDny3dk3hQ8vTmNTLHRl8zxmKgQ0= | 13561.3 | 20.0461 | 14069.6 | -0.511805 | -0.859101 | 0 | CZ527 | 1
SCRIPT       : DATA_LOG | 1351002 | aRapBi1cCZPZAGLIDny3dk3hQ8vTmNTLHRl8zxmKgQ0= | 13561.3 | 20.0461 | 14069.6 | -0.511805 | -0.859101 | 0 | CZ527 | 1
SCRIPT       : DATA_LOG | 1352000 | aRapBi1cCZPZAGLIDny3dk3hQ8vTmNTLHRl8zxmKgQ0= | 13561.3 | 20.0461 | 14069.6 | -0.511805 | -0.859101 | 0 | CZ527 | 1
SCRIPT       : DATA_LOG | 1353001 | aRapBi1cCZPZAGLIDny3dk3hQ8vTmNTLHRl8zxmKgQ0= | 13561.3 | 20.0461 | 14069.6 | -0.511805 | -0.859101 | 0 | CZ527 | 1
SCRIPT       : DATA_LOG | 1354003 | aRapBi1cCZPZAGLIDny3dk3hQ8vTmNTLHRl8zxmKgQ0= | 13561.3 | 20.0461 | 14069.6 | -0.511805 | -0.859101 | 0 | CZ527 | 1
SCRIPT       : DATA_LOG | 1355004 | aRapBi1cCZPZAGLIDny3dk3hQ8vTmNTLHRl8zxmKgQ0= | 13561.3 | 20.0461 | 14069.6 | -0.511805 | -0.859101 | 0 | CZ527 | 1
SCRIPT       : DATA_LOG | 1356007 | aRapBi1cCZPZAGLIDny3dk3hQ8vTmNTLHRl8zxmKgQ0= | 13561.3 | 20.0461 | 14069.6 | -0.511805 | -0.859101 | 0 | CZ527 | 1
SCRIPT       : DATA_LOG | 1357005 | aRapBi1cCZPZAGLIDny3dk3hQ8vTmNTLHRl8zxmKgQ0= | 13561.3 | 20.0461 | 14069.6 | -0.511805 | -0.859101 | 0 | CZ527 | 1
SCRIPT       : DATA_LOG | 1358007 | aRapBi1cCZPZAGLIDny3dk3hQ8vTmNTLHRl8zxmKgQ0= | 13561.3 | 20.0461 | 14069.6 | -0.511805 | -0.859101 | 0 | CZ527 | 1
SCRIPT       : DATA_LOG | 1359006 | aRapBi1cCZPZAGLIDny3dk3hQ8vTmNTLHRl8zxmKgQ0= | 13561.3 | 20.0461 | 14069.6 | -0.511805 | -0.859101 | 0 | CZ527 | 1
SCRIPT       : DATA_LOG | 1360008 | aRapBi1cCZPZAGLIDny3dk3hQ8vTmNTLHRl8zxmKgQ0= | 13561.3 | 20.0461 | 14069.6 | -0.511805 | -0.859101 | 0 | CZ527 | 1
SCRIPT       : DATA_LOG | 1361013 | aRapBi1cCZPZAGLIDny3dk3hQ8vTmNTLHRl8zxmKgQ0= | 13561.3 | 20.0461 | 14069.6 | -0.511805 | -0.859101 | 0 | CZ527 | 1
SCRIPT       : DATA_LOG | 1362009 | aRapBi1cCZPZAGLIDny3dk3hQ8vTmNTLHRl8zxmKgQ0= | 13561.3 | 20.0461 | 14069.6 | -0.511805 | -0.859101 | 0 | CZ527 | 1
SCRIPT       : DATA_LOG | 1363013 | aRapBi1cCZPZAGLIDny3dk3hQ8vTmNTLHRl8zxmKgQ0= | 13561.3 | 20.0461 | 14069.6 | -0.511805 | -0.859101 | 0 | CZ527 | 1
SCRIPT       : DATA_LOG | 1364012 | aRapBi1cCZPZAGLIDny3dk3hQ8vTmNTLHRl8zxmKgQ0= | 13561.3 | 20.0461 | 14069.6 | -0.511805 | -0.859101 | 0 | CZ527 | 1
SCRIPT       : DATA_LOG | 1365014 | aRapBi1cCZPZAGLIDny3dk3hQ8vTmNTLHRl8zxmKgQ0= | 13561.3 | 20.0461 | 14069.6 | -0.511805 | -0.859101 | 0 | CZ527 | 1
SCRIPT       : DATA_LOG | 1366015 | aRapBi1cCZPZAGLIDny3dk3hQ8vTmNTLHRl8zxmKgQ0= | 13561.3 | 20.0461 | 14069.6 | -0.511805 | -0.859101 | 0 | CZ527 | 1
SCRIPT       : DATA_LOG | 1367019 | aRapBi1cCZPZAGLIDny3dk3hQ8vTmNTLHRl8zxmKgQ0= | 13561.3 | 20.0461 | 14069.6 | -0.511805 | -0.859101 | 0 | CZ527 | 1
SCRIPT       : DATA_LOG | 1368018 | aRapBi1cCZPZAGLIDny3dk3hQ8vTmNTLHRl8zxmKgQ0= | 13561.3 | 20.0461 | 14069.6 | -0.511805 | -0.859101 | 0 | CZ527 | 1
SCRIPT       : DATA_LOG | 1369019 | aRapBi1cCZPZAGLIDny3dk3hQ8vTmNTLHRl8zxmKgQ0= | 13561.3 | 20.0461 | 14069.6 | -0.511805 | -0.859101 | 0 | CZ527 | 1
SCRIPT       : DATA_LOG | 1370021 | aRapBi1cCZPZAGLIDny3dk3hQ8vTmNTLHRl8zxmKgQ0= | 13561.3 | 20.0461 | 14069.6 | -0.511805 | -0.859101 | 0 | CZ527 | 1
SCRIPT       : DATA_LOG | 1371012 | aRapBi1cCZPZAGLIDny3dk3hQ8vTmNTLHRl8zxmKgQ0= | 13561.3 | 20.0461 | 14069.6 | -0.511805 | -0.859101 | 0 | CZ527 | 1
SCRIPT       : DATA_LOG | 1372021 | aRapBi1cCZPZAGLIDny3dk3hQ8vTmNTLHRl8zxmKgQ0= | 13561.3 | 20.0461 | 14069.6 | -0.511805 | -0.859101 | 0 | CZ527 | 1
SCRIPT       : DATA_LOG | 1373022 | aRapBi1cCZPZAGLIDny3dk3hQ8vTmNTLHRl8zxmKgQ0= | 13561.3 | 20.0461 | 14069.6 | -0.511805 | -0.859101 | 0 | CZ527 | 1
SCRIPT       : DATA_LOG | 1374023 | aRapBi1cCZPZAGLIDny3dk3hQ8vTmNTLHRl8zxmKgQ0= | 13561.3 | 20.0461 | 14069.6 | -0.511805 | -0.859101 | 0 | CZ527 | 1
SCRIPT       : DATA_LOG | 1375017 | aRapBi1cCZPZAGLIDny3dk3hQ8vTmNTLHRl8zxmKgQ0= | 13561.3 | 20.0461 | 14069.6 | -0.511805 | -0.859101 | 0 | CZ527 | 1
SCRIPT       : DATA_LOG | 1376035 | aRapBi1cCZPZAGLIDny3dk3hQ8vTmNTLHRl8zxmKgQ0= | 13561.3 | 20.0461 | 14069.6 | -0.511805 | -0.859101 | 0 | CZ527 | 1
SCRIPT       : DATA_LOG | 1377027 | aRapBi1cCZPZAGLIDny3dk3hQ8vTmNTLHRl8zxmKgQ0= | 13561.3 | 20.0461 | 14069.6 | -0.511805 | -0.859101 | 0 | CZ527 | 1
SCRIPT       : DATA_LOG | 1378032 | aRapBi1cCZPZAGLIDny3dk3hQ8vTmNTLHRl8zxmKgQ0= | 13561.3 | 20.0461 | 14069.6 | -0.511805 | -0.859101 | 0 | CZ527 | 1
SCRIPT       : DATA_LOG | 1379028 | aRapBi1cCZPZAGLIDny3dk3hQ8vTmNTLHRl8zxmKgQ0= | 13561.3 | 20.0461 | 14069.6 | -0.511805 | -0.859101 | 0 | CZ527 | 1
SCRIPT       : DATA_LOG | 1380034 | aRapBi1cCZPZAGLIDny3dk3hQ8vTmNTLHRl8zxmKgQ0= | 13561.3 | 20.0461 | 14069.6 | -0.511805 | -0.859101 | 0 | CZ527 | 1
SCRIPT       : DATA_LOG | 1381032 | aRapBi1cCZPZAGLIDny3dk3hQ8vTmNTLHRl8zxmKgQ0= | 13561.3 | 20.0461 | 14069.6 | -0.511805 | -0.859101 | 0 | CZ527 | 1
SCRIPT       : DATA_LOG | 1382036 | aRapBi1cCZPZAGLIDny3dk3hQ8vTmNTLHRl8zxmKgQ0= | 13561.3 | 20.0461 | 14069.6 | -0.511805 | -0.859101 | 0 | CZ527 | 1
SCRIPT       : DATA_LOG | 1383033 | aRapBi1cCZPZAGLIDny3dk3hQ8vTmNTLHRl8zxmKgQ0= | 13561.3 | 20.0461 | 14069.6 | -0.511805 | -0.859101 | 0 | CZ527 | 1
SCRIPT       : DATA_LOG | 1384035 | aRapBi1cCZPZAGLIDny3dk3hQ8vTmNTLHRl8zxmKgQ0= | 13561.3 | 20.0461 | 14069.6 | -0.511805 | -0.859101 | 0 | CZ527 | 1
SCRIPT       : DATA_LOG | 1385037 | aRapBi1cCZPZAGLIDny3dk3hQ8vTmNTLHRl8zxmKgQ0= | 13561.3 | 20.0461 | 14069.6 | -0.511805 | -0.859101 | 0 | CZ527 | 1
SCRIPT       : DATA_LOG | 1386042 | aRapBi1cCZPZAGLIDny3dk3hQ8vTmNTLHRl8zxmKgQ0= | 13561.3 | 20.0461 | 14069.6 | -0.511805 | -0.859101 | 0 | CZ527 | 1
SCRIPT       : DATA_LOG | 1387039 | aRapBi1cCZPZAGLIDny3dk3hQ8vTmNTLHRl8zxmKgQ0= | 13561.3 | 20.0461 | 14069.6 | -0.511805 | -0.859101 | 0 | CZ527 | 1
SCRIPT       : DATA_LOG | 1388037 | aRapBi1cCZPZAGLIDny3dk3hQ8vTmNTLHRl8zxmKgQ0= | 13561.3 | 20.0461 | 14069.6 | -0.511805 | -0.859101 | 0 | CZ527 | 1
SCRIPT       : DATA_LOG | 1389039 | aRapBi1cCZPZAGLIDny3dk3hQ8vTmNTLHRl8zxmKgQ0= | 13561.3 | 20.0461 | 14069.6 | -0.511805 | -0.859101 | 0 | CZ527 | 1
SCRIPT       : DATA_LOG | 1390041 | aRapBi1cCZPZAGLIDny3dk3hQ8vTmNTLHRl8zxmKgQ0= | 13561.3 | 20.0461 | 14069.6 | -0.511805 | -0.859101 | 0 | CZ527 | 1
SCRIPT       : DATA_LOG | 1391043 | aRapBi1cCZPZAGLIDny3dk3hQ8vTmNTLHRl8zxmKgQ0= | 13561.3 | 20.0461 | 14069.6 | -0.511805 | -0.859101 | 0 | CZ527 | 1
SCRIPT       : DATA_LOG | 1392037 | aRapBi1cCZPZAGLIDny3dk3hQ8vTmNTLHRl8zxmKgQ0= | 13561.3 | 20.0461 | 14069.6 | -0.511805 | -0.859101 | 0 | CZ527 | 1
SCRIPT       : DATA_LOG | 1393043 | aRapBi1cCZPZAGLIDny3dk3hQ8vTmNTLHRl8zxmKgQ0= | 13561.3 | 20.0461 | 14069.6 | -0.511805 | -0.859101 | 0 | CZ527 | 1
SCRIPT       : DATA_LOG | 1394045 | aRapBi1cCZPZAGLIDny3dk3hQ8vTmNTLHRl8zxmKgQ0= | 13561.3 | 20.0461 | 14069.6 | -0.511805 | -0.859101 | 0 | CZ527 | 1
SCRIPT       : DATA_LOG | 1395047 | aRapBi1cCZPZAGLIDny3dk3hQ8vTmNTLHRl8zxmKgQ0= | 13561.3 | 20.0461 | 14069.6 | -0.511805 | -0.859101 | 0 | CZ527 | 1
SCRIPT       : DATA_LOG | 1396049 | aRapBi1cCZPZAGLIDny3dk3hQ8vTmNTLHRl8zxmKgQ0= | 13561.3 | 20.0461 | 14069.6 | -0.511805 | -0.859101 | 0 | CZ527 | 1
SCRIPT       : DATA_LOG | 1397049 | aRapBi1cCZPZAGLIDny3dk3hQ8vTmNTLHRl8zxmKgQ0= | 13561.3 | 20.0461 | 14069.6 | -0.511805 | -0.859101 | 0 | CZ527 | 1
SCRIPT       : DATA_LOG | 1398049 | aRapBi1cCZPZAGLIDny3dk3hQ8vTmNTLHRl8zxmKgQ0= | 13561.3 | 20.0461 | 14069.6 | -0.511805 | -0.859101 | 0 | CZ527 | 1
SCRIPT       : DATA_LOG | 1399052 | aRapBi1cCZPZAGLIDny3dk3hQ8vTmNTLHRl8zxmKgQ0= | 13561.3 | 20.0461 | 14069.6 | -0.511805 | -0.859101 | 0 | CZ527 | 1
SCRIPT       : DATA_LOG | 1400052 | aRapBi1cCZPZAGLIDny3dk3hQ8vTmNTLHRl8zxmKgQ0= | 13561.3 | 20.0461 | 14069.6 | -0.511805 | -0.859101 | 0 | CZ527 | 1
SCRIPT       : DATA_LOG | 1401052 | aRapBi1cCZPZAGLIDny3dk3hQ8vTmNTLHRl8zxmKgQ0= | 13561.3 | 20.0461 | 14069.6 | -0.511805 | -0.859101 | 0 | CZ527 | 1
SCRIPT       : DATA_LOG | 1402049 | aRapBi1cCZPZAGLIDny3dk3hQ8vTmNTLHRl8zxmKgQ0= | 13561.3 | 20.0461 | 14069.6 | -0.511805 | -0.859101 | 0 | CZ527 | 1
SCRIPT       : DATA_LOG | 1403053 | aRapBi1cCZPZAGLIDny3dk3hQ8vTmNTLHRl8zxmKgQ0= | 13561.3 | 20.0461 | 14069.6 | -0.511805 | -0.859101 | 0 | CZ527 | 1
SCRIPT       : DATA_LOG | 1404058 | aRapBi1cCZPZAGLIDny3dk3hQ8vTmNTLHRl8zxmKgQ0= | 13561.3 | 20.0461 | 14069.6 | -0.511805 | -0.859101 | 0 | CZ527 | 1
SCRIPT       : DATA_LOG | 1405057 | aRapBi1cCZPZAGLIDny3dk3hQ8vTmNTLHRl8zxmKgQ0= | 13561.3 | 20.0461 | 14069.6 | -0.511805 | -0.859101 | 0 | CZ527 | 1
SCRIPT       : DATA_LOG | 1406060 | aRapBi1cCZPZAGLIDny3dk3hQ8vTmNTLHRl8zxmKgQ0= | 13561.3 | 20.0461 | 14069.6 | -0.511805 | -0.859101 | 0 | CZ527 | 1
SCRIPT       : DATA_LOG | 1407062 | aRapBi1cCZPZAGLIDny3dk3hQ8vTmNTLHRl8zxmKgQ0= | 13561.3 | 20.0461 | 14069.6 | -0.511805 | -0.859101 | 0 | CZ527 | 1
SCRIPT       : DATA_LOG | 1408061 | aRapBi1cCZPZAGLIDny3dk3hQ8vTmNTLHRl8zxmKgQ0= | 13561.3 | 20.0461 | 14069.6 | -0.511805 | -0.859101 | 0 | CZ527 | 1
SCRIPT       : DATA_LOG | 1409061 | aRapBi1cCZPZAGLIDny3dk3hQ8vTmNTLHRl8zxmKgQ0= | 13561.3 | 20.0461 | 14069.6 | -0.511805 | -0.859101 | 0 | CZ527 | 1
SCRIPT       : DATA_LOG | 1410062 | aRapBi1cCZPZAGLIDny3dk3hQ8vTmNTLHRl8zxmKgQ0= | 13561.3 | 20.0461 | 14069.6 | -0.511805 | -0.859101 | 0 | CZ527 | 1
SCRIPT       : DATA_LOG | 1411062 | aRapBi1cCZPZAGLIDny3dk3hQ8vTmNTLHRl8zxmKgQ0= | 13561.3 | 20.0461 | 14069.6 | -0.511805 | -0.859101 | 0 | CZ527 | 1
SCRIPT       : DATA_LOG | 1412058 | aRapBi1cCZPZAGLIDny3dk3hQ8vTmNTLHRl8zxmKgQ0= | 13561.3 | 20.0461 | 14069.6 | -0.511805 | -0.859101 | 0 | CZ527 | 1
SCRIPT       : DATA_LOG | 1413066 | aRapBi1cCZPZAGLIDny3dk3hQ8vTmNTLHRl8zxmKgQ0= | 13561.3 | 20.0461 | 14069.6 | -0.511805 | -0.859101 | 0 | CZ527 | 1
SCRIPT       : DATA_LOG | 1414066 | aRapBi1cCZPZAGLIDny3dk3hQ8vTmNTLHRl8zxmKgQ0= | 13561.3 | 20.0461 | 14069.6 | -0.511805 | -0.859101 | 0 | CZ527 | 1
SCRIPT       : DATA_LOG | 1415080 | aRapBi1cCZPZAGLIDny3dk3hQ8vTmNTLHRl8zxmKgQ0= | 13561.3 | 20.0461 | 14069.6 | -0.511805 | -0.859101 | 0 | CZ527 | 1
SCRIPT       : DATA_LOG | 1416071 | aRapBi1cCZPZAGLIDny3dk3hQ8vTmNTLHRl8zxmKgQ0= | 13561.3 | 20.0461 | 14069.6 | -0.511805 | -0.859101 | 0 | CZ527 | 1
SCRIPT       : DATA_LOG | 1417069 | aRapBi1cCZPZAGLIDny3dk3hQ8vTmNTLHRl8zxmKgQ0= | 13561.3 | 20.0461 | 14069.6 | -0.511805 | -0.859101 | 0 | CZ527 | 1
SCRIPT       : DATA_LOG | 1418072 | aRapBi1cCZPZAGLIDny3dk3hQ8vTmNTLHRl8zxmKgQ0= | 13561.3 | 20.0461 | 14069.6 | -0.511805 | -0.859101 | 0 | CZ527 | 1
SCRIPT       : DATA_LOG | 1419071 | aRapBi1cCZPZAGLIDny3dk3hQ8vTmNTLHRl8zxmKgQ0= | 13561.3 | 20.0461 | 14069.6 | -0.511805 | -0.859101 | 0 | CZ527 | 1
SCRIPT       : DATA_LOG | 1420073 | aRapBi1cCZPZAGLIDny3dk3hQ8vTmNTLHRl8zxmKgQ0= | 13561.3 | 20.0461 | 14069.6 | -0.511805 | -0.859101 | 0 | CZ527 | 1
SCRIPT       : DATA_LOG | 1421071 | aRapBi1cCZPZAGLIDny3dk3hQ8vTmNTLHRl8zxmKgQ0= | 13561.3 | 20.0461 | 14069.6 | -0.511805 | -0.859101 | 0 | CZ527 | 1
SCRIPT       : DATA_LOG | 1422072 | aRapBi1cCZPZAGLIDny3dk3hQ8vTmNTLHRl8zxmKgQ0= | 13561.3 | 20.0461 | 14069.6 | -0.511805 | -0.859101 | 0 | CZ527 | 1
SCRIPT       : DATA_LOG | 1423075 | aRapBi1cCZPZAGLIDny3dk3hQ8vTmNTLHRl8zxmKgQ0= | 13561.3 | 20.0461 | 14069.6 | -0.511805 | -0.859101 | 0 | CZ527 | 1
SCRIPT       : DATA_LOG | 1424076 | aRapBi1cCZPZAGLIDny3dk3hQ8vTmNTLHRl8zxmKgQ0= | 13561.3 | 20.0461 | 14069.6 | -0.511805 | -0.859101 | 0 | CZ527 | 1
SCRIPT       : DATA_LOG | 1425078 | aRapBi1cCZPZAGLIDny3dk3hQ8vTmNTLHRl8zxmKgQ0= | 13561.3 | 20.0461 | 14069.6 | -0.511805 | -0.859101 | 0 | CZ527 | 1
SCRIPT       : DATA_LOG | 1426078 | aRapBi1cCZPZAGLIDny3dk3hQ8vTmNTLHRl8zxmKgQ0= | 13561.3 | 20.0461 | 14069.6 | -0.511805 | -0.859101 | 0 | CZ527 | 1
SCRIPT       : DATA_LOG | 1427079 | aRapBi1cCZPZAGLIDny3dk3hQ8vTmNTLHRl8zxmKgQ0= | 13561.3 | 20.0461 | 14069.6 | -0.511805 | -0.859101 | 0 | CZ527 | 1
SCRIPT       : DATA_LOG | 1428079 | aRapBi1cCZPZAGLIDny3dk3hQ8vTmNTLHRl8zxmKgQ0= | 13561.3 | 20.0461 | 14069.6 | -0.511805 | -0.859101 | 0 | CZ527 | 1
SCRIPT       : DATA_LOG | 1429082 | aRapBi1cCZPZAGLIDny3dk3hQ8vTmNTLHRl8zxmKgQ0= | 13561.3 | 20.0461 | 14069.6 | -0.511805 | -0.859101 | 0 | CZ527 | 1
SCRIPT       : DATA_LOG | 1430075 | aRapBi1cCZPZAGLIDny3dk3hQ8vTmNTLHRl8zxmKgQ0= | 13561.3 | 20.0461 | 14069.6 | -0.511805 | -0.859101 | 0 | CZ527 | 1
SCRIPT       : DATA_LOG | 1431082 | aRapBi1cCZPZAGLIDny3dk3hQ8vTmNTLHRl8zxmKgQ0= | 13561.3 | 20.0461 | 14069.6 | -0.511805 | -0.859101 | 0 | CZ527 | 1
SCRIPT       : DATA_LOG | 1432085 | aRapBi1cCZPZAGLIDny3dk3hQ8vTmNTLHRl8zxmKgQ0= | 13561.3 | 20.0461 | 14069.6 | -0.511805 | -0.859101 | 0 | CZ527 | 1
SCRIPT       : DATA_LOG | 1433085 | aRapBi1cCZPZAGLIDny3dk3hQ8vTmNTLHRl8zxmKgQ0= | 13561.3 | 20.0461 | 14069.6 | -0.511805 | -0.859101 | 0 | CZ527 | 1
SCRIPT       : DATA_LOG | 1434089 | aRapBi1cCZPZAGLIDny3dk3hQ8vTmNTLHRl8zxmKgQ0= | 13561.3 | 20.0461 | 14069.6 | -0.511805 | -0.859101 | 0 | CZ527 | 1
SCRIPT       : DATA_LOG | 1435088 | aRapBi1cCZPZAGLIDny3dk3hQ8vTmNTLHRl8zxmKgQ0= | 13561.3 | 20.0461 | 14069.6 | -0.511805 | -0.859101 | 0 | CZ527 | 1
SCRIPT       : DATA_LOG | 1436089 | aRapBi1cCZPZAGLIDny3dk3hQ8vTmNTLHRl8zxmKgQ0= | 13561.3 | 20.0461 | 14069.6 | -0.511805 | -0.859101 | 0 | CZ527 | 1
SCRIPT       : DATA_LOG | 1437091 | aRapBi1cCZPZAGLIDny3dk3hQ8vTmNTLHRl8zxmKgQ0= | 13561.3 | 20.0461 | 14069.6 | -0.511805 | -0.859101 | 0 | CZ527 | 1
SCRIPT       : DATA_LOG | 1438090 | aRapBi1cCZPZAGLIDny3dk3hQ8vTmNTLHRl8zxmKgQ0= | 13561.3 | 20.0461 | 14069.6 | -0.511805 | -0.859101 | 0 | CZ527 | 1
SCRIPT       : DATA_LOG | 1439088 | aRapBi1cCZPZAGLIDny3dk3hQ8vTmNTLHRl8zxmKgQ0= | 13561.3 | 20.0461 | 14069.6 | -0.511805 | -0.859101 | 0 | CZ527 | 1
SCRIPT       : DATA_LOG | 1440092 | aRapBi1cCZPZAGLIDny3dk3hQ8vTmNTLHRl8zxmKgQ0= | 13561.3 | 20.0461 | 14069.6 | -0.511805 | -0.859101 | 0 | CZ527 | 1
SCRIPT       : DATA_LOG | 1441093 | aRapBi1cCZPZAGLIDny3dk3hQ8vTmNTLHRl8zxmKgQ0= | 13561.3 | 20.0461 | 14069.6 | -0.511805 | -0.859101 | 0 | CZ527 | 1
SCRIPT       : DATA_LOG | 1442093 | aRapBi1cCZPZAGLIDny3dk3hQ8vTmNTLHRl8zxmKgQ0= | 13561.3 | 20.0461 | 14069.6 | -0.511805 | -0.859101 | 0 | CZ527 | 1
SCRIPT       : DATA_LOG | 1443095 | aRapBi1cCZPZAGLIDny3dk3hQ8vTmNTLHRl8zxmKgQ0= | 13561.3 | 20.0461 | 14069.6 | -0.511805 | -0.859101 | 0 | CZ527 | 1
SCRIPT       : DATA_LOG | 1444097 | aRapBi1cCZPZAGLIDny3dk3hQ8vTmNTLHRl8zxmKgQ0= | 13561.3 | 20.0461 | 14069.6 | -0.511805 | -0.859101 | 0 | CZ527 | 1
SCRIPT       : DATA_LOG | 1445097 | aRapBi1cCZPZAGLIDny3dk3hQ8vTmNTLHRl8zxmKgQ0= | 13561.3 | 20.0461 | 14069.6 | -0.511805 | -0.859101 | 0 | CZ527 | 1
SCRIPT       : DATA_LOG | 1446099 | aRapBi1cCZPZAGLIDny3dk3hQ8vTmNTLHRl8zxmKgQ0= | 13561.3 | 20.0461 | 14069.6 | -0.511805 | -0.859101 | 0 | CZ527 | 1
SCRIPT       : DATA_LOG | 1447093 | aRapBi1cCZPZAGLIDny3dk3hQ8vTmNTLHRl8zxmKgQ0= | 13561.3 | 20.0461 | 14069.6 | -0.511805 | -0.859101 | 0 | CZ527 | 1
SCRIPT       : DATA_LOG | 1448096 | aRapBi1cCZPZAGLIDny3dk3hQ8vTmNTLHRl8zxmKgQ0= | 13561.3 | 20.0461 | 14069.6 | -0.511805 | -0.859101 | 0 | CZ527 | 1
SCRIPT       : DATA_LOG | 1449101 | aRapBi1cCZPZAGLIDny3dk3hQ8vTmNTLHRl8zxmKgQ0= | 13561.3 | 20.0461 | 14069.6 | -0.511805 | -0.859101 | 0 | CZ527 | 1
SCRIPT       : DATA_LOG | 1450102 | aRapBi1cCZPZAGLIDny3dk3hQ8vTmNTLHRl8zxmKgQ0= | 13561.3 | 20.0461 | 14069.6 | -0.511805 | -0.859101 | 0 | CZ527 | 1
SCRIPT       : DATA_LOG | 1451103 | aRapBi1cCZPZAGLIDny3dk3hQ8vTmNTLHRl8zxmKgQ0= | 13561.3 | 20.0461 | 14069.6 | -0.511805 | -0.859101 | 0 | CZ527 | 1
SCRIPT       : DATA_LOG | 1452104 | aRapBi1cCZPZAGLIDny3dk3hQ8vTmNTLHRl8zxmKgQ0= | 13561.3 | 20.0461 | 14069.6 | -0.511805 | -0.859101 | 0 | CZ527 | 1
SCRIPT       : DATA_LOG | 1453105 | aRapBi1cCZPZAGLIDny3dk3hQ8vTmNTLHRl8zxmKgQ0= | 13561.3 | 20.0461 | 14069.6 | -0.511805 | -0.859101 | 0 | CZ527 | 1
SCRIPT       : DATA_LOG | 1454106 | aRapBi1cCZPZAGLIDny3dk3hQ8vTmNTLHRl8zxmKgQ0= | 13561.3 | 20.0461 | 14069.6 | -0.511805 | -0.859101 | 0 | CZ527 | 1
SCRIPT       : DATA_LOG | 1455105 | aRapBi1cCZPZAGLIDny3dk3hQ8vTmNTLHRl8zxmKgQ0= | 13561.3 | 20.0461 | 14069.6 | -0.511805 | -0.859101 | 0 | CZ527 | 1
SCRIPT       : DATA_LOG | 1456108 | aRapBi1cCZPZAGLIDny3dk3hQ8vTmNTLHRl8zxmKgQ0= | 13561.3 | 20.0461 | 14069.6 | -0.511805 | -0.859101 | 0 | CZ527 | 1
SCRIPT       : DATA_LOG | 1457109 | aRapBi1cCZPZAGLIDny3dk3hQ8vTmNTLHRl8zxmKgQ0= | 13561.3 | 20.0461 | 14069.6 | -0.511805 | -0.859101 | 0 | CZ527 | 1
SCRIPT       : DATA_LOG | 1458110 | aRapBi1cCZPZAGLIDny3dk3hQ8vTmNTLHRl8zxmKgQ0= | 13561.3 | 20.0461 | 14069.6 | -0.511805 | -0.859101 | 0 | CZ527 | 1
SCRIPT       : DATA_LOG | 1459110 | aRapBi1cCZPZAGLIDny3dk3hQ8vTmNTLHRl8zxmKgQ0= | 13561.3 | 20.0461 | 14069.6 | -0.511805 | -0.859101 | 0 | CZ527 | 1
SCRIPT       : DATA_LOG | 1460112 | aRapBi1cCZPZAGLIDny3dk3hQ8vTmNTLHRl8zxmKgQ0= | 13561.3 | 20.0461 | 14069.6 | -0.511805 | -0.859101 | 0 | CZ527 | 1
SCRIPT       : DATA_LOG | 1461113 | aRapBi1cCZPZAGLIDny3dk3hQ8vTmNTLHRl8zxmKgQ0= | 13561.3 | 20.0461 | 14069.6 | -0.511805 | -0.859101 | 0 | CZ527 | 1
SCRIPT       : DATA_LOG | 1462114 | aRapBi1cCZPZAGLIDny3dk3hQ8vTmNTLHRl8zxmKgQ0= | 13561.3 | 20.0461 | 14069.6 | -0.511805 | -0.859101 | 0 | CZ527 | 1
SCRIPT       : DATA_LOG | 1463115 | aRapBi1cCZPZAGLIDny3dk3hQ8vTmNTLHRl8zxmKgQ0= | 13561.3 | 20.0461 | 14069.6 | -0.511805 | -0.859101 | 0 | CZ527 | 1
SCRIPT       : DATA_LOG | 1464109 | aRapBi1cCZPZAGLIDny3dk3hQ8vTmNTLHRl8zxmKgQ0= | 13561.3 | 20.0461 | 14069.6 | -0.511805 | -0.859101 | 0 | CZ527 | 1
SCRIPT       : DATA_LOG | 1465117 | aRapBi1cCZPZAGLIDny3dk3hQ8vTmNTLHRl8zxmKgQ0= | 13561.3 | 20.0461 | 14069.6 | -0.511805 | -0.859101 | 0 | CZ527 | 1
SCRIPT       : DATA_LOG | 1466118 | aRapBi1cCZPZAGLIDny3dk3hQ8vTmNTLHRl8zxmKgQ0= | 13561.3 | 20.0461 | 14069.6 | -0.511805 | -0.859101 | 0 | CZ527 | 1
SCRIPT       : DATA_LOG | 1467119 | aRapBi1cCZPZAGLIDny3dk3hQ8vTmNTLHRl8zxmKgQ0= | 13561.3 | 20.0461 | 14069.6 | -0.511805 | -0.859101 | 0 | CZ527 | 1
SCRIPT       : DATA_LOG | 1468119 | aRapBi1cCZPZAGLIDny3dk3hQ8vTmNTLHRl8zxmKgQ0= | 13561.3 | 20.0461 | 14069.6 | -0.511805 | -0.859101 | 0 | CZ527 | 1
SCRIPT       : DATA_LOG | 1469121 | aRapBi1cCZPZAGLIDny3dk3hQ8vTmNTLHRl8zxmKgQ0= | 13561.3 | 20.0461 | 14069.6 | -0.511805 | -0.859101 | 0 | CZ527 | 1
SCRIPT       : DATA_LOG | 1470122 | aRapBi1cCZPZAGLIDny3dk3hQ8vTmNTLHRl8zxmKgQ0= | 13561.3 | 20.0461 | 14069.6 | -0.511805 | -0.859101 | 0 | CZ527 | 1
SCRIPT       : DATA_LOG | 1471124 | aRapBi1cCZPZAGLIDny3dk3hQ8vTmNTLHRl8zxmKgQ0= | 13561.3 | 20.0461 | 14069.6 | -0.511805 | -0.859101 | 0 | CZ527 | 1
SCRIPT       : DATA_LOG | 1472117 | aRapBi1cCZPZAGLIDny3dk3hQ8vTmNTLHRl8zxmKgQ0= | 13561.3 | 20.0461 | 14069.6 | -0.511805 | -0.859101 | 0 | CZ527 | 1
SCRIPT       : DATA_LOG | 1473124 | aRapBi1cCZPZAGLIDny3dk3hQ8vTmNTLHRl8zxmKgQ0= | 13561.3 | 20.0461 | 14069.6 | -0.511805 | -0.859101 | 0 | CZ527 | 1
SCRIPT       : DATA_LOG | 1474126 | aRapBi1cCZPZAGLIDny3dk3hQ8vTmNTLHRl8zxmKgQ0= | 13561.3 | 20.0461 | 14069.6 | -0.511805 | -0.859101 | 0 | CZ527 | 1
SCRIPT       : DATA_LOG | 1475127 | aRapBi1cCZPZAGLIDny3dk3hQ8vTmNTLHRl8zxmKgQ0= | 13561.3 | 20.0461 | 14069.6 | -0.511805 | -0.859101 | 0 | CZ527 | 1
SCRIPT       : DATA_LOG | 1476127 | aRapBi1cCZPZAGLIDny3dk3hQ8vTmNTLHRl8zxmKgQ0= | 13561.3 | 20.0461 | 14069.6 | -0.511805 | -0.859101 | 0 | CZ527 | 1
SCRIPT       : DATA_LOG | 1477127 | aRapBi1cCZPZAGLIDny3dk3hQ8vTmNTLHRl8zxmKgQ0= | 13561.3 | 20.0461 | 14069.6 | -0.511805 | -0.859101 | 0 | CZ527 | 1
SCRIPT       : DATA_LOG | 1478131 | aRapBi1cCZPZAGLIDny3dk3hQ8vTmNTLHRl8zxmKgQ0= | 13561.3 | 20.0461 | 14069.6 | -0.511805 | -0.859101 | 0 | CZ527 | 1
SCRIPT       : DATA_LOG | 1479131 | aRapBi1cCZPZAGLIDny3dk3hQ8vTmNTLHRl8zxmKgQ0= | 13561.3 | 20.0461 | 14069.6 | -0.511805 | -0.859101 | 0 | CZ527 | 1
SCRIPT       : DATA_LOG | 1480127 | aRapBi1cCZPZAGLIDny3dk3hQ8vTmNTLHRl8zxmKgQ0= | 13561.3 | 20.0461 | 14069.6 | -0.511805 | -0.859101 | 0 | CZ527 | 1
SCRIPT       : DATA_LOG | 1481134 | aRapBi1cCZPZAGLIDny3dk3hQ8vTmNTLHRl8zxmKgQ0= | 13561.3 | 20.0461 | 14069.6 | -0.511805 | -0.859101 | 0 | CZ527 | 1
SCRIPT       : DATA_LOG | 1482133 | aRapBi1cCZPZAGLIDny3dk3hQ8vTmNTLHRl8zxmKgQ0= | 13561.3 | 20.0461 | 14069.6 | -0.511805 | -0.859101 | 0 | CZ527 | 1
SCRIPT       : DATA_LOG | 1483136 | aRapBi1cCZPZAGLIDny3dk3hQ8vTmNTLHRl8zxmKgQ0= | 13561.3 | 20.0461 | 14069.6 | -0.511805 | -0.859101 | 0 | CZ527 | 1
SCRIPT       : DATA_LOG | 1484138 | aRapBi1cCZPZAGLIDny3dk3hQ8vTmNTLHRl8zxmKgQ0= | 13561.3 | 20.0461 | 14069.6 | -0.511805 | -0.859101 | 0 | CZ527 | 1
SCRIPT       : DATA_LOG | 1485137 | aRapBi1cCZPZAGLIDny3dk3hQ8vTmNTLHRl8zxmKgQ0= | 13561.3 | 20.0461 | 14069.6 | -0.511805 | -0.859101 | 0 | CZ527 | 1
SCRIPT       : DATA_LOG | 1486138 | aRapBi1cCZPZAGLIDny3dk3hQ8vTmNTLHRl8zxmKgQ0= | 13561.3 | 20.0461 | 14069.6 | -0.511805 | -0.859101 | 0 | CZ527 | 1
SCRIPT       : DATA_LOG | 1487138 | aRapBi1cCZPZAGLIDny3dk3hQ8vTmNTLHRl8zxmKgQ0= | 13561.3 | 20.0461 | 14069.6 | -0.511805 | -0.859101 | 0 | CZ527 | 1
SCRIPT       : DATA_LOG | 1488142 | aRapBi1cCZPZAGLIDny3dk3hQ8vTmNTLHRl8zxmKgQ0= | 13561.3 | 20.0461 | 14069.6 | -0.511805 | -0.859101 | 0 | CZ527 | 1
SCRIPT       : DATA_LOG | 1489134 | aRapBi1cCZPZAGLIDny3dk3hQ8vTmNTLHRl8zxmKgQ0= | 13561.3 | 20.0461 | 14069.6 | -0.511805 | -0.859101 | 0 | CZ527 | 1
SCRIPT       : DATA_LOG | 1490142 | aRapBi1cCZPZAGLIDny3dk3hQ8vTmNTLHRl8zxmKgQ0= | 13561.3 | 20.0461 | 14069.6 | -0.511805 | -0.859101 | 0 | CZ527 | 1
SCRIPT       : DATA_LOG | 1491143 | aRapBi1cCZPZAGLIDny3dk3hQ8vTmNTLHRl8zxmKgQ0= | 13561.3 | 20.0461 | 14069.6 | -0.511805 | -0.859101 | 0 | CZ527 | 1
SCRIPT       : DATA_LOG | 1492143 | aRapBi1cCZPZAGLIDny3dk3hQ8vTmNTLHRl8zxmKgQ0= | 13561.3 | 20.0461 | 14069.6 | -0.511805 | -0.859101 | 0 | CZ527 | 1
SCRIPT       : DATA_LOG | 1493146 | aRapBi1cCZPZAGLIDny3dk3hQ8vTmNTLHRl8zxmKgQ0= | 13561.3 | 20.0461 | 14069.6 | -0.511805 | -0.859101 | 0 | CZ527 | 1
SCRIPT       : DATA_LOG | 1494145 | aRapBi1cCZPZAGLIDny3dk3hQ8vTmNTLHRl8zxmKgQ0= | 13561.3 | 20.0461 | 14069.6 | -0.511805 | -0.859101 | 0 | CZ527 | 1
SCRIPT       : DATA_LOG | 1495147 | aRapBi1cCZPZAGLIDny3dk3hQ8vTmNTLHRl8zxmKgQ0= | 13561.3 | 20.0461 | 14069.6 | -0.511805 | -0.859101 | 0 | CZ527 | 1
SCRIPT       : DATA_LOG | 1496148 | aRapBi1cCZPZAGLIDny3dk3hQ8vTmNTLHRl8zxmKgQ0= | 13561.3 | 20.0461 | 14069.6 | -0.511805 | -0.859101 | 0 | CZ527 | 1
SCRIPT       : DATA_LOG | 1497142 | aRapBi1cCZPZAGLIDny3dk3hQ8vTmNTLHRl8zxmKgQ0= | 13561.3 | 20.0461 | 14069.6 | -0.511805 | -0.859101 | 0 | CZ527 | 1
SCRIPT       : DATA_LOG | 1498148 | aRapBi1cCZPZAGLIDny3dk3hQ8vTmNTLHRl8zxmKgQ0= | 13561.3 | 20.0461 | 14069.6 | -0.511805 | -0.859101 | 0 | CZ527 | 1
SCRIPT       : DATA_LOG | 1499151 | aRapBi1cCZPZAGLIDny3dk3hQ8vTmNTLHRl8zxmKgQ0= | 13561.3 | 20.0461 | 14069.6 | -0.511805 | -0.859101 | 0 | CZ527 | 1
SCRIPT       : DATA_LOG | 1500152 | aRapBi1cCZPZAGLIDny3dk3hQ8vTmNTLHRl8zxmKgQ0= | 13561.3 | 20.0461 | 14069.6 | -0.511805 | -0.859101 | 0 | CZ527 | 1
SCRIPT       : DATA_LOG | 1501153 | aRapBi1cCZPZAGLIDny3dk3hQ8vTmNTLHRl8zxmKgQ0= | 13561.3 | 20.0461 | 14069.6 | -0.511805 | -0.859101 | 0 | CZ527 | 1
SCRIPT       : DATA_LOG | 1502154 | aRapBi1cCZPZAGLIDny3dk3hQ8vTmNTLHRl8zxmKgQ0= | 13561.3 | 20.0461 | 14069.6 | -0.511805 | -0.859101 | 0 | CZ527 | 1
SCRIPT       : DATA_LOG | 1503155 | aRapBi1cCZPZAGLIDny3dk3hQ8vTmNTLHRl8zxmKgQ0= | 13561.3 | 20.0461 | 14069.6 | -0.511805 | -0.859101 | 0 | CZ527 | 1
SCRIPT       : DATA_LOG | 1504156 | aRapBi1cCZPZAGLIDny3dk3hQ8vTmNTLHRl8zxmKgQ0= | 13561.3 | 20.0461 | 14069.6 | -0.511805 | -0.859101 | 0 | CZ527 | 1
SCRIPT       : DATA_LOG | 1505157 | aRapBi1cCZPZAGLIDny3dk3hQ8vTmNTLHRl8zxmKgQ0= | 13561.3 | 20.0461 | 14069.6 | -0.511805 | -0.859101 | 0 | CZ527 | 1
SCRIPT       : DATA_LOG | 1506158 | aRapBi1cCZPZAGLIDny3dk3hQ8vTmNTLHRl8zxmKgQ0= | 13561.3 | 20.0461 | 14069.6 | -0.511805 | -0.859101 | 0 | CZ527 | 1
SCRIPT       : DATA_LOG | 1507159 | aRapBi1cCZPZAGLIDny3dk3hQ8vTmNTLHRl8zxmKgQ0= | 13561.3 | 20.0461 | 14069.6 | -0.511805 | -0.859101 | 0 | CZ527 | 1
SCRIPT       : DATA_LOG | 1508160 | aRapBi1cCZPZAGLIDny3dk3hQ8vTmNTLHRl8zxmKgQ0= | 13561.3 | 20.0461 | 14069.6 | -0.511805 | -0.859101 | 0 | CZ527 | 1
SCRIPT       : DATA_LOG | 1509162 | aRapBi1cCZPZAGLIDny3dk3hQ8vTmNTLHRl8zxmKgQ0= | 13561.3 | 20.0461 | 14069.6 | -0.511805 | -0.859101 | 0 | CZ527 | 1
SCRIPT       : DATA_LOG | 1510163 | aRapBi1cCZPZAGLIDny3dk3hQ8vTmNTLHRl8zxmKgQ0= | 13561.3 | 20.0461 | 14069.6 | -0.511805 | -0.859101 | 0 | CZ527 | 1
SCRIPT       : DATA_LOG | 1511163 | aRapBi1cCZPZAGLIDny3dk3hQ8vTmNTLHRl8zxmKgQ0= | 13561.3 | 20.0461 | 14069.6 | -0.511805 | -0.859101 | 0 | CZ527 | 1
SCRIPT       : DATA_LOG | 1512163 | aRapBi1cCZPZAGLIDny3dk3hQ8vTmNTLHRl8zxmKgQ0= | 13561.3 | 20.0461 | 14069.6 | -0.511805 | -0.859101 | 0 | CZ527 | 1
SCRIPT       : DATA_LOG | 1513166 | aRapBi1cCZPZAGLIDny3dk3hQ8vTmNTLHRl8zxmKgQ0= | 13561.3 | 20.0461 | 14069.6 | -0.511805 | -0.859101 | 0 | CZ527 | 1
SCRIPT       : DATA_LOG | 1514159 | aRapBi1cCZPZAGLIDny3dk3hQ8vTmNTLHRl8zxmKgQ0= | 13561.3 | 20.0461 | 14069.6 | -0.511805 | -0.859101 | 0 | CZ527 | 1
SCRIPT       : DATA_LOG | 1515168 | aRapBi1cCZPZAGLIDny3dk3hQ8vTmNTLHRl8zxmKgQ0= | 13561.3 | 20.0461 | 14069.6 | -0.511805 | -0.859101 | 0 | CZ527 | 1
SCRIPT       : DATA_LOG | 1516167 | aRapBi1cCZPZAGLIDny3dk3hQ8vTmNTLHRl8zxmKgQ0= | 13561.3 | 20.0461 | 14069.6 | -0.511805 | -0.859101 | 0 | CZ527 | 1
SCRIPT       : DATA_LOG | 1517169 | aRapBi1cCZPZAGLIDny3dk3hQ8vTmNTLHRl8zxmKgQ0= | 13561.3 | 20.0461 | 14069.6 | -0.511805 | -0.859101 | 0 | CZ527 | 1
SCRIPT       : DATA_LOG | 1518171 | aRapBi1cCZPZAGLIDny3dk3hQ8vTmNTLHRl8zxmKgQ0= | 13561.3 | 20.0461 | 14069.6 | -0.511805 | -0.859101 | 0 | CZ527 | 1
SCRIPT       : DATA_LOG | 1519171 | aRapBi1cCZPZAGLIDny3dk3hQ8vTmNTLHRl8zxmKgQ0= | 13561.3 | 20.0461 | 14069.6 | -0.511805 | -0.859101 | 0 | CZ527 | 1
SCRIPT       : DATA_LOG | 1520172 | aRapBi1cCZPZAGLIDny3dk3hQ8vTmNTLHRl8zxmKgQ0= | 13561.3 | 20.0461 | 14069.6 | -0.511805 | -0.859101 | 0 | CZ527 | 1
SCRIPT       : DATA_LOG | 1521173 | aRapBi1cCZPZAGLIDny3dk3hQ8vTmNTLHRl8zxmKgQ0= | 13561.3 | 20.0461 | 14069.6 | -0.511805 | -0.859101 | 0 | CZ527 | 1
SCRIPT       : DATA_LOG | 1522167 | aRapBi1cCZPZAGLIDny3dk3hQ8vTmNTLHRl8zxmKgQ0= | 13561.3 | 20.0461 | 14069.6 | -0.511805 | -0.859101 | 0 | CZ527 | 1
SCRIPT       : DATA_LOG | 1523175 | aRapBi1cCZPZAGLIDny3dk3hQ8vTmNTLHRl8zxmKgQ0= | 13561.3 | 20.0461 | 14069.6 | -0.511805 | -0.859101 | 0 | CZ527 | 1
SCRIPT       : DATA_LOG | 1524176 | aRapBi1cCZPZAGLIDny3dk3hQ8vTmNTLHRl8zxmKgQ0= | 13561.3 | 20.0461 | 14069.6 | -0.511805 | -0.859101 | 0 | CZ527 | 1
SCRIPT       : DATA_LOG | 1525176 | aRapBi1cCZPZAGLIDny3dk3hQ8vTmNTLHRl8zxmKgQ0= | 13561.3 | 20.0461 | 14069.6 | -0.511805 | -0.859101 | 0 | CZ527 | 1
SCRIPT       : DATA_LOG | 1526178 | aRapBi1cCZPZAGLIDny3dk3hQ8vTmNTLHRl8zxmKgQ0= | 13561.3 | 20.0461 | 14069.6 | -0.511805 | -0.859101 | 0 | CZ527 | 1
SCRIPT       : DATA_LOG | 1527179 | aRapBi1cCZPZAGLIDny3dk3hQ8vTmNTLHRl8zxmKgQ0= | 13561.3 | 20.0461 | 14069.6 | -0.511805 | -0.859101 | 0 | CZ527 | 1
SCRIPT       : DATA_LOG | 1528180 | aRapBi1cCZPZAGLIDny3dk3hQ8vTmNTLHRl8zxmKgQ0= | 13561.3 | 20.0461 | 14069.6 | -0.511805 | -0.859101 | 0 | CZ527 | 1
SCRIPT       : DATA_LOG | 1529181 | aRapBi1cCZPZAGLIDny3dk3hQ8vTmNTLHRl8zxmKgQ0= | 13561.3 | 20.0461 | 14069.6 | -0.511805 | -0.859101 | 0 | CZ527 | 1
SCRIPT       : DATA_LOG | 1530175 | aRapBi1cCZPZAGLIDny3dk3hQ8vTmNTLHRl8zxmKgQ0= | 13561.3 | 20.0461 | 14069.6 | -0.511805 | -0.859101 | 0 | CZ527 | 1
SCRIPT       : DATA_LOG | 1531184 | aRapBi1cCZPZAGLIDny3dk3hQ8vTmNTLHRl8zxmKgQ0= | 13561.3 | 20.0461 | 14069.6 | -0.511805 | -0.859101 | 0 | CZ527 | 1
SCRIPT       : DATA_LOG | 1532184 | aRapBi1cCZPZAGLIDny3dk3hQ8vTmNTLHRl8zxmKgQ0= | 13561.3 | 20.0461 | 14069.6 | -0.511805 | -0.859101 | 0 | CZ527 | 1
SCRIPT       : DATA_LOG | 1533185 | aRapBi1cCZPZAGLIDny3dk3hQ8vTmNTLHRl8zxmKgQ0= | 13561.3 | 20.0461 | 14069.6 | -0.511805 | -0.859101 | 0 | CZ527 | 1
SCRIPT       : DATA_LOG | 1534188 | aRapBi1cCZPZAGLIDny3dk3hQ8vTmNTLHRl8zxmKgQ0= | 13561.3 | 20.0461 | 14069.6 | -0.511805 | -0.859101 | 0 | CZ527 | 1
SCRIPT       : DATA_LOG | 1535187 | aRapBi1cCZPZAGLIDny3dk3hQ8vTmNTLHRl8zxmKgQ0= | 13561.3 | 20.0461 | 14069.6 | -0.511805 | -0.859101 | 0 | CZ527 | 1
SCRIPT       : DATA_LOG | 1536189 | aRapBi1cCZPZAGLIDny3dk3hQ8vTmNTLHRl8zxmKgQ0= | 13561.3 | 20.0461 | 14069.6 | -0.511805 | -0.859101 | 0 | CZ527 | 1
SCRIPT       : DATA_LOG | 1537191 | aRapBi1cCZPZAGLIDny3dk3hQ8vTmNTLHRl8zxmKgQ0= | 13561.3 | 20.0461 | 14069.6 | -0.511805 | -0.859101 | 0 | CZ527 | 1
SCRIPT       : DATA_LOG | 1538189 | aRapBi1cCZPZAGLIDny3dk3hQ8vTmNTLHRl8zxmKgQ0= | 13561.3 | 20.0461 | 14069.6 | -0.511805 | -0.859101 | 0 | CZ527 | 1
SCRIPT       : DATA_LOG | 1539195 | aRapBi1cCZPZAGLIDny3dk3hQ8vTmNTLHRl8zxmKgQ0= | 13561.3 | 20.0461 | 14069.6 | -0.511805 | -0.859101 | 0 | CZ527 | 1
SCRIPT       : DATA_LOG | 1540195 | aRapBi1cCZPZAGLIDny3dk3hQ8vTmNTLHRl8zxmKgQ0= | 13561.3 | 20.0461 | 14069.6 | -0.511805 | -0.859101 | 0 | CZ527 | 1
SCRIPT       : DATA_LOG | 1541193 | aRapBi1cCZPZAGLIDny3dk3hQ8vTmNTLHRl8zxmKgQ0= | 13561.3 | 20.0461 | 14069.6 | -0.511805 | -0.859101 | 0 | CZ527 | 1
SCRIPT       : DATA_LOG | 1542197 | aRapBi1cCZPZAGLIDny3dk3hQ8vTmNTLHRl8zxmKgQ0= | 13561.3 | 20.0461 | 14069.6 | -0.511805 | -0.859101 | 0 | CZ527 | 1
SCRIPT       : DATA_LOG | 1543197 | aRapBi1cCZPZAGLIDny3dk3hQ8vTmNTLHRl8zxmKgQ0= | 13561.3 | 20.0461 | 14069.6 | -0.511805 | -0.859101 | 0 | CZ527 | 1
SCRIPT       : DATA_LOG | 1544202 | aRapBi1cCZPZAGLIDny3dk3hQ8vTmNTLHRl8zxmKgQ0= | 13561.3 | 20.0461 | 14069.6 | -0.511805 | -0.859101 | 0 | CZ527 | 1
SCRIPT       : DATA_LOG | 1545211 | aRapBi1cCZPZAGLIDny3dk3hQ8vTmNTLHRl8zxmKgQ0= | 13561.3 | 20.0461 | 14069.6 | -0.511805 | -0.859101 | 0 | CZ527 | 1
SCRIPT       : DATA_LOG | 1546206 | aRapBi1cCZPZAGLIDny3dk3hQ8vTmNTLHRl8zxmKgQ0= | 13561.3 | 20.0461 | 14069.6 | -0.511805 | -0.859101 | 0 | CZ527 | 1
SCRIPT       : DATA_LOG | 1547206 | aRapBi1cCZPZAGLIDny3dk3hQ8vTmNTLHRl8zxmKgQ0= | 13561.3 | 20.0461 | 14069.6 | -0.511805 | -0.859101 | 0 | CZ527 | 1
SCRIPT       : DATA_LOG | 1548207 | aRapBi1cCZPZAGLIDny3dk3hQ8vTmNTLHRl8zxmKgQ0= | 13561.3 | 20.0461 | 14069.6 | -0.511805 | -0.859101 | 0 | CZ527 | 1
SCRIPT       : DATA_LOG | 1549197 | aRapBi1cCZPZAGLIDny3dk3hQ8vTmNTLHRl8zxmKgQ0= | 13561.3 | 20.0461 | 14069.6 | -0.511805 | -0.859101 | 0 | CZ527 | 1
SCRIPT       : DATA_LOG | 1550206 | aRapBi1cCZPZAGLIDny3dk3hQ8vTmNTLHRl8zxmKgQ0= | 13561.3 | 20.0461 | 14069.6 | -0.511805 | -0.859101 | 0 | CZ527 | 1
SCRIPT       : DATA_LOG | 1551205 | aRapBi1cCZPZAGLIDny3dk3hQ8vTmNTLHRl8zxmKgQ0= | 13561.3 | 20.0461 | 14069.6 | -0.511805 | -0.859101 | 0 | CZ527 | 1
SCRIPT       : DATA_LOG | 1552209 | aRapBi1cCZPZAGLIDny3dk3hQ8vTmNTLHRl8zxmKgQ0= | 13561.3 | 20.0461 | 14069.6 | -0.511805 | -0.859101 | 0 | CZ527 | 1
SCRIPT       : DATA_LOG | 1553201 | aRapBi1cCZPZAGLIDny3dk3hQ8vTmNTLHRl8zxmKgQ0= | 13561.3 | 20.0461 | 14069.6 | -0.511805 | -0.859101 | 0 | CZ527 | 1
SCRIPT       : DATA_LOG | 1554206 | aRapBi1cCZPZAGLIDny3dk3hQ8vTmNTLHRl8zxmKgQ0= | 13561.3 | 20.0461 | 14069.6 | -0.511805 | -0.859101 | 0 | CZ527 | 1
SCRIPT       : DATA_LOG | 1555208 | aRapBi1cCZPZAGLIDny3dk3hQ8vTmNTLHRl8zxmKgQ0= | 13561.3 | 20.0461 | 14069.6 | -0.511805 | -0.859101 | 0 | CZ527 | 1
SCRIPT       : DATA_LOG | 1556204 | aRapBi1cCZPZAGLIDny3dk3hQ8vTmNTLHRl8zxmKgQ0= | 13561.3 | 20.0461 | 14069.6 | -0.511805 | -0.859101 | 0 | CZ527 | 1
SCRIPT       : DATA_LOG | 1557207 | aRapBi1cCZPZAGLIDny3dk3hQ8vTmNTLHRl8zxmKgQ0= | 13561.3 | 20.0461 | 14069.6 | -0.511805 | -0.859101 | 0 | CZ527 | 1
SCRIPT       : DATA_LOG | 1558214 | aRapBi1cCZPZAGLIDny3dk3hQ8vTmNTLHRl8zxmKgQ0= | 13561.3 | 20.0461 | 14069.6 | -0.511805 | -0.859101 | 0 | CZ527 | 1
SCRIPT       : DATA_LOG | 1559207 | aRapBi1cCZPZAGLIDny3dk3hQ8vTmNTLHRl8zxmKgQ0= | 13561.3 | 20.0461 | 14069.6 | -0.511805 | -0.859101 | 0 | CZ527 | 1
SCRIPT       : DATA_LOG | 1560209 | aRapBi1cCZPZAGLIDny3dk3hQ8vTmNTLHRl8zxmKgQ0= | 13561.3 | 20.0461 | 14069.6 | -0.511805 | -0.859101 | 0 | CZ527 | 1
SCRIPT       : DATA_LOG | 1561215 | aRapBi1cCZPZAGLIDny3dk3hQ8vTmNTLHRl8zxmKgQ0= | 13561.3 | 20.0461 | 14069.6 | -0.511805 | -0.859101 | 0 | CZ527 | 1
SCRIPT       : DATA_LOG | 1562218 | aRapBi1cCZPZAGLIDny3dk3hQ8vTmNTLHRl8zxmKgQ0= | 13561.3 | 20.0461 | 14069.6 | -0.511805 | -0.859101 | 0 | CZ527 | 1
SCRIPT       : DATA_LOG | 1563213 | aRapBi1cCZPZAGLIDny3dk3hQ8vTmNTLHRl8zxmKgQ0= | 13561.3 | 20.0461 | 14069.6 | -0.511805 | -0.859101 | 0 | CZ527 | 1
SCRIPT       : DATA_LOG | 1564214 | aRapBi1cCZPZAGLIDny3dk3hQ8vTmNTLHRl8zxmKgQ0= | 13561.3 | 20.0461 | 14069.6 | -0.511805 | -0.859101 | 0 | CZ527 | 1
SCRIPT       : DATA_LOG | 1565213 | aRapBi1cCZPZAGLIDny3dk3hQ8vTmNTLHRl8zxmKgQ0= | 13561.3 | 20.0461 | 14069.6 | -0.511805 | -0.859101 | 0 | CZ527 | 1
SCRIPT       : DATA_LOG | 1566218 | aRapBi1cCZPZAGLIDny3dk3hQ8vTmNTLHRl8zxmKgQ0= | 13561.3 | 20.0461 | 14069.6 | -0.511805 | -0.859101 | 0 | CZ527 | 1
SCRIPT       : DATA_LOG | 1567215 | aRapBi1cCZPZAGLIDny3dk3hQ8vTmNTLHRl8zxmKgQ0= | 13561.3 | 20.0461 | 14069.6 | -0.511805 | -0.859101 | 0 | CZ527 | 1
SCRIPT       : DATA_LOG | 1568219 | aRapBi1cCZPZAGLIDny3dk3hQ8vTmNTLHRl8zxmKgQ0= | 13561.3 | 20.0461 | 14069.6 | -0.511805 | -0.859101 | 0 | CZ527 | 1
SCRIPT       : DATA_LOG | 1569222 | aRapBi1cCZPZAGLIDny3dk3hQ8vTmNTLHRl8zxmKgQ0= | 13561.3 | 20.0461 | 14069.6 | -0.511805 | -0.859101 | 0 | CZ527 | 1
SCRIPT       : DATA_LOG | 1570218 | aRapBi1cCZPZAGLIDny3dk3hQ8vTmNTLHRl8zxmKgQ0= | 13561.3 | 20.0461 | 14069.6 | -0.511805 | -0.859101 | 0 | CZ527 | 1
SCRIPT       : DATA_LOG | 1571219 | aRapBi1cCZPZAGLIDny3dk3hQ8vTmNTLHRl8zxmKgQ0= | 13561.3 | 20.0461 | 14069.6 | -0.511805 | -0.859101 | 0 | CZ527 | 1
SCRIPT       : DATA_LOG | 1572220 | aRapBi1cCZPZAGLIDny3dk3hQ8vTmNTLHRl8zxmKgQ0= | 13561.3 | 20.0461 | 14069.6 | -0.511805 | -0.859101 | 0 | CZ527 | 1
SCRIPT       : DATA_LOG | 1573228 | aRapBi1cCZPZAGLIDny3dk3hQ8vTmNTLHRl8zxmKgQ0= | 13561.3 | 20.0461 | 14069.6 | -0.511805 | -0.859101 | 0 | CZ527 | 1
SCRIPT       : DATA_LOG | 1574222 | aRapBi1cCZPZAGLIDny3dk3hQ8vTmNTLHRl8zxmKgQ0= | 13561.3 | 20.0461 | 14069.6 | -0.511805 | -0.859101 | 0 | CZ527 | 1
SCRIPT       : DATA_LOG | 1575227 | aRapBi1cCZPZAGLIDny3dk3hQ8vTmNTLHRl8zxmKgQ0= | 13561.3 | 20.0461 | 14069.6 | -0.511805 | -0.859101 | 0 | CZ527 | 1
SCRIPT       : DATA_LOG | 1576224 | aRapBi1cCZPZAGLIDny3dk3hQ8vTmNTLHRl8zxmKgQ0= | 13561.3 | 20.0461 | 14069.6 | -0.511805 | -0.859101 | 0 | CZ527 | 1
SCRIPT       : DATA_LOG | 1577225 | aRapBi1cCZPZAGLIDny3dk3hQ8vTmNTLHRl8zxmKgQ0= | 13561.3 | 20.0461 | 14069.6 | -0.511805 | -0.859101 | 0 | CZ527 | 1
SCRIPT       : DATA_LOG | 1578290 | aRapBi1cCZPZAGLIDny3dk3hQ8vTmNTLHRl8zxmKgQ0= | 13561.3 | 20.0461 | 14069.6 | -0.511805 | -0.859101 | 0 | CZ527 | 1
SCRIPT       : DATA_LOG | 1579294 | aRapBi1cCZPZAGLIDny3dk3hQ8vTmNTLHRl8zxmKgQ0= | 13561.3 | 20.0461 | 14069.6 | -0.511805 | -0.859101 | 0 | CZ527 | 1
SCRIPT       : DATA_LOG | 1580291 | aRapBi1cCZPZAGLIDny3dk3hQ8vTmNTLHRl8zxmKgQ0= | 13561.3 | 20.0461 | 14069.6 | -0.511805 | -0.859101 | 0 | CZ527 | 1
SCRIPT       : DATA_LOG | 1581292 | aRapBi1cCZPZAGLIDny3dk3hQ8vTmNTLHRl8zxmKgQ0= | 13561.3 | 20.0461 | 14069.6 | -0.511805 | -0.859101 | 0 | CZ527 | 1
SCRIPT       : DATA_LOG | 1582296 | aRapBi1cCZPZAGLIDny3dk3hQ8vTmNTLHRl8zxmKgQ0= | 13561.3 | 20.0461 | 14069.6 | -0.511805 | -0.859101 | 0 | CZ527 | 1
SCRIPT       : DATA_LOG | 1583297 | aRapBi1cCZPZAGLIDny3dk3hQ8vTmNTLHRl8zxmKgQ0= | 13561.3 | 20.0461 | 14069.6 | -0.511805 | -0.859101 | 0 | CZ527 | 1
SCRIPT       : DATA_LOG | 1584302 | aRapBi1cCZPZAGLIDny3dk3hQ8vTmNTLHRl8zxmKgQ0= | 13561.3 | 20.0461 | 14069.6 | -0.511805 | -0.859101 | 0 | CZ527 | 1
SCRIPT       : DATA_LOG | 1585297 | aRapBi1cCZPZAGLIDny3dk3hQ8vTmNTLHRl8zxmKgQ0= | 13561.3 | 20.0461 | 14069.6 | -0.511805 | -0.859101 | 0 | CZ527 | 1
SCRIPT       : DATA_LOG | 1586304 | aRapBi1cCZPZAGLIDny3dk3hQ8vTmNTLHRl8zxmKgQ0= | 13561.3 | 20.0461 | 14069.6 | -0.511805 | -0.859101 | 0 | CZ527 | 1
SCRIPT       : DATA_LOG | 1587299 | aRapBi1cCZPZAGLIDny3dk3hQ8vTmNTLHRl8zxmKgQ0= | 13561.3 | 20.0461 | 14069.6 | -0.511805 | -0.859101 | 0 | CZ527 | 1
SCRIPT       : DATA_LOG | 1588299 | aRapBi1cCZPZAGLIDny3dk3hQ8vTmNTLHRl8zxmKgQ0= | 13561.3 | 20.0461 | 14069.6 | -0.511805 | -0.859101 | 0 | CZ527 | 1
SCRIPT       : DATA_LOG | 1589303 | aRapBi1cCZPZAGLIDny3dk3hQ8vTmNTLHRl8zxmKgQ0= | 13561.3 | 20.0461 | 14069.6 | -0.511805 | -0.859101 | 0 | CZ527 | 1
SCRIPT       : DATA_LOG | 1590302 | aRapBi1cCZPZAGLIDny3dk3hQ8vTmNTLHRl8zxmKgQ0= | 13561.3 | 20.0461 | 14069.6 | -0.511805 | -0.859101 | 0 | CZ527 | 1
SCRIPT       : DATA_LOG | 1591302 | aRapBi1cCZPZAGLIDny3dk3hQ8vTmNTLHRl8zxmKgQ0= | 13561.3 | 20.0461 | 14069.6 | -0.511805 | -0.859101 | 0 | CZ527 | 1
SCRIPT       : DATA_LOG | 1592310 | aRapBi1cCZPZAGLIDny3dk3hQ8vTmNTLHRl8zxmKgQ0= | 13561.3 | 20.0461 | 14069.6 | -0.511805 | -0.859101 | 0 | CZ527 | 1
SCRIPT       : DATA_LOG | 1593312 | aRapBi1cCZPZAGLIDny3dk3hQ8vTmNTLHRl8zxmKgQ0= | 13561.3 | 20.0461 | 14069.6 | -0.511805 | -0.859101 | 0 | CZ527 | 1
SCRIPT       : DATA_LOG | 1594313 | aRapBi1cCZPZAGLIDny3dk3hQ8vTmNTLHRl8zxmKgQ0= | 13561.3 | 20.0461 | 14069.6 | -0.511805 | -0.859101 | 0 | CZ527 | 1
SCRIPT       : DATA_LOG | 1595314 | aRapBi1cCZPZAGLIDny3dk3hQ8vTmNTLHRl8zxmKgQ0= | 13561.3 | 20.0461 | 14069.6 | -0.511805 | -0.859101 | 0 | CZ527 | 1
SCRIPT       : DATA_LOG | 1596313 | aRapBi1cCZPZAGLIDny3dk3hQ8vTmNTLHRl8zxmKgQ0= | 13561.3 | 20.0461 | 14069.6 | -0.511805 | -0.859101 | 0 | CZ527 | 1
SCRIPT       : DATA_LOG | 1597319 | aRapBi1cCZPZAGLIDny3dk3hQ8vTmNTLHRl8zxmKgQ0= | 13561.3 | 20.0461 | 14069.6 | -0.511805 | -0.859101 | 0 | CZ527 | 1
SCRIPT       : DATA_LOG | 1598308 | aRapBi1cCZPZAGLIDny3dk3hQ8vTmNTLHRl8zxmKgQ0= | 13561.3 | 20.0461 | 14069.6 | -0.511805 | -0.859101 | 0 | CZ527 | 1
SCRIPT       : DATA_LOG | 1599309 | aRapBi1cCZPZAGLIDny3dk3hQ8vTmNTLHRl8zxmKgQ0= | 13561.3 | 20.0461 | 14069.6 | -0.511805 | -0.859101 | 0 | CZ527 | 1
SCRIPT       : DATA_LOG | 1600311 | aRapBi1cCZPZAGLIDny3dk3hQ8vTmNTLHRl8zxmKgQ0= | 13561.3 | 20.0461 | 14069.6 | -0.511805 | -0.859101 | 0 | CZ527 | 1
SCRIPT       : DATA_LOG | 1601312 | aRapBi1cCZPZAGLIDny3dk3hQ8vTmNTLHRl8zxmKgQ0= | 13561.3 | 20.0461 | 14069.6 | -0.511805 | -0.859101 | 0 | CZ527 | 1
SCRIPT       : DATA_LOG | 1602313 | aRapBi1cCZPZAGLIDny3dk3hQ8vTmNTLHRl8zxmKgQ0= | 13561.3 | 20.0461 | 14069.6 | -0.511805 | -0.859101 | 0 | CZ527 | 1
SCRIPT       : DATA_LOG | 1603316 | aRapBi1cCZPZAGLIDny3dk3hQ8vTmNTLHRl8zxmKgQ0= | 13561.3 | 20.0461 | 14069.6 | -0.511805 | -0.859101 | 0 | CZ527 | 1
SCRIPT       : DATA_LOG | 1604317 | aRapBi1cCZPZAGLIDny3dk3hQ8vTmNTLHRl8zxmKgQ0= | 13561.3 | 20.0461 | 14069.6 | -0.511805 | -0.859101 | 0 | CZ527 | 1
SCRIPT       : DATA_LOG | 1605315 | aRapBi1cCZPZAGLIDny3dk3hQ8vTmNTLHRl8zxmKgQ0= | 13561.3 | 20.0461 | 14069.6 | -0.511805 | -0.859101 | 0 | CZ527 | 1
SCRIPT       : DATA_LOG | 1606317 | aRapBi1cCZPZAGLIDny3dk3hQ8vTmNTLHRl8zxmKgQ0= | 13561.3 | 20.0461 | 14069.6 | -0.511805 | -0.859101 | 0 | CZ527 | 1
SCRIPT       : DATA_LOG | 1607319 | aRapBi1cCZPZAGLIDny3dk3hQ8vTmNTLHRl8zxmKgQ0= | 13561.3 | 20.0461 | 14069.6 | -0.511805 | -0.859101 | 0 | CZ527 | 1
SCRIPT       : DATA_LOG | 1608329 | aRapBi1cCZPZAGLIDny3dk3hQ8vTmNTLHRl8zxmKgQ0= | 13561.3 | 20.0461 | 14069.6 | -0.511805 | -0.859101 | 0 | CZ527 | 1
SCRIPT       : DATA_LOG | 1609327 | aRapBi1cCZPZAGLIDny3dk3hQ8vTmNTLHRl8zxmKgQ0= | 13561.3 | 20.0461 | 14069.6 | -0.511805 | -0.859101 | 0 | CZ527 | 1
SCRIPT       : DATA_LOG | 1610324 | aRapBi1cCZPZAGLIDny3dk3hQ8vTmNTLHRl8zxmKgQ0= | 13561.3 | 20.0461 | 14069.6 | -0.511805 | -0.859101 | 0 | CZ527 | 1
SCRIPT       : DATA_LOG | 1611327 | aRapBi1cCZPZAGLIDny3dk3hQ8vTmNTLHRl8zxmKgQ0= | 13561.3 | 20.0461 | 14069.6 | -0.511805 | -0.859101 | 0 | CZ527 | 1
SCRIPT       : DATA_LOG | 1612330 | aRapBi1cCZPZAGLIDny3dk3hQ8vTmNTLHRl8zxmKgQ0= | 13561.3 | 20.0461 | 14069.6 | -0.511805 | -0.859101 | 0 | CZ527 | 1
SCRIPT       : DATA_LOG | 1613329 | aRapBi1cCZPZAGLIDny3dk3hQ8vTmNTLHRl8zxmKgQ0= | 13561.3 | 20.0461 | 14069.6 | -0.511805 | -0.859101 | 0 | CZ527 | 1
SCRIPT       : DATA_LOG | 1614326 | aRapBi1cCZPZAGLIDny3dk3hQ8vTmNTLHRl8zxmKgQ0= | 13561.3 | 20.0461 | 14069.6 | -0.511805 | -0.859101 | 0 | CZ527 | 1
SCRIPT       : DATA_LOG | 1615327 | aRapBi1cCZPZAGLIDny3dk3hQ8vTmNTLHRl8zxmKgQ0= | 13561.3 | 20.0461 | 14069.6 | -0.511805 | -0.859101 | 0 | CZ527 | 1
SCRIPT       : DATA_LOG | 1616327 | aRapBi1cCZPZAGLIDny3dk3hQ8vTmNTLHRl8zxmKgQ0= | 13561.3 | 20.0461 | 14069.6 | -0.511805 | -0.859101 | 0 | CZ527 | 1
SCRIPT       : DATA_LOG | 1617328 | aRapBi1cCZPZAGLIDny3dk3hQ8vTmNTLHRl8zxmKgQ0= | 13561.3 | 20.0461 | 14069.6 | -0.511805 | -0.859101 | 0 | CZ527 | 1
SCRIPT       : DATA_LOG | 1618339 | aRapBi1cCZPZAGLIDny3dk3hQ8vTmNTLHRl8zxmKgQ0= | 13561.3 | 20.0461 | 14069.6 | -0.511805 | -0.859101 | 0 | CZ527 | 1
SCRIPT       : DATA_LOG | 1619329 | aRapBi1cCZPZAGLIDny3dk3hQ8vTmNTLHRl8zxmKgQ0= | 13561.3 | 20.0461 | 14069.6 | -0.511805 | -0.859101 | 0 | CZ527 | 1
SCRIPT       : DATA_LOG | 1620330 | aRapBi1cCZPZAGLIDny3dk3hQ8vTmNTLHRl8zxmKgQ0= | 13561.3 | 20.0461 | 14069.6 | -0.511805 | -0.859101 | 0 | CZ527 | 1
SCRIPT       : DATA_LOG | 1621332 | aRapBi1cCZPZAGLIDny3dk3hQ8vTmNTLHRl8zxmKgQ0= | 13561.3 | 20.0461 | 14069.6 | -0.511805 | -0.859101 | 0 | CZ527 | 1
SCRIPT       : DATA_LOG | 1622340 | aRapBi1cCZPZAGLIDny3dk3hQ8vTmNTLHRl8zxmKgQ0= | 13561.3 | 20.0461 | 14069.6 | -0.511805 | -0.859101 | 0 | CZ527 | 1
SCRIPT       : DATA_LOG | 1623344 | aRapBi1cCZPZAGLIDny3dk3hQ8vTmNTLHRl8zxmKgQ0= | 13561.3 | 20.0461 | 14069.6 | -0.511805 | -0.859101 | 0 | CZ527 | 1
SCRIPT       : DATA_LOG | 1624346 | aRapBi1cCZPZAGLIDny3dk3hQ8vTmNTLHRl8zxmKgQ0= | 13561.3 | 20.0461 | 14069.6 | -0.511805 | -0.859101 | 0 | CZ527 | 1
SCRIPT       : DATA_LOG | 1625344 | aRapBi1cCZPZAGLIDny3dk3hQ8vTmNTLHRl8zxmKgQ0= | 13561.3 | 20.0461 | 14069.6 | -0.511805 | -0.859101 | 0 | CZ527 | 1
SCRIPT       : DATA_LOG | 1626341 | aRapBi1cCZPZAGLIDny3dk3hQ8vTmNTLHRl8zxmKgQ0= | 13561.3 | 20.0461 | 14069.6 | -0.520441 | -0.853898 | 0 | CZ527 | 1
SCRIPT       : DATA_LOG | 1627341 | aRapBi1cCZPZAGLIDny3dk3hQ8vTmNTLHRl8zxmKgQ0= | 13561.7 | 20.0461 | 14069.6 | -0.227521 | -0.973773 | 0 | CZ527 | 1
SCRIPT       : DATA_LOG | 1628346 | aRapBi1cCZPZAGLIDny3dk3hQ8vTmNTLHRl8zxmKgQ0= | 13561.7 | 20.0461 | 14069.6 | 0.908982 | -0.416834 | 0 | CZ527 | 1
SCRIPT       : DATA_LOG | 1629345 | aRapBi1cCZPZAGLIDny3dk3hQ8vTmNTLHRl8zxmKgQ0= | 13560.6 | 20.0461 | 14069.1 | 0.515824 | 0.856694 | 0 | CZ527 | 1
SCRIPT       : DATA_LOG | 1630346 | aRapBi1cCZPZAGLIDny3dk3hQ8vTmNTLHRl8zxmKgQ0= | 13560.6 | 20.0461 | 14069.1 | 0.999983 | -0.00577652 | 0 | CZ527 | 1
SCRIPT       : DATA_LOG | 1631347 | aRapBi1cCZPZAGLIDny3dk3hQ8vTmNTLHRl8zxmKgQ0= | 13560.1 | 20.0461 | 14067 | 0.163048 | -0.986618 | 0 | CZ527 | 1
SCRIPT       : DATA_LOG | 1632348 | aRapBi1cCZPZAGLIDny3dk3hQ8vTmNTLHRl8zxmKgQ0= | 13561.4 | 20.0461 | 14065.1 | 0.16716 | -0.98593 | 0 | CZ527 | 1
SCRIPT       : DATA_LOG | 1633350 | aRapBi1cCZPZAGLIDny3dk3hQ8vTmNTLHRl8zxmKgQ0= | 13561.8 | 20.0461 | 14065.1 | -0.983823 | 0.179144 | 0 | CZ527 | 1
SCRIPT       : DATA_LOG | 1634348 | aRapBi1cCZPZAGLIDny3dk3hQ8vTmNTLHRl8zxmKgQ0= | 13562.6 | 20.0461 | 14065.1 | 0.542025 | 0.840362 | 0 | CZ527 | 1
SCRIPT       : DATA_LOG | 1635351 | aRapBi1cCZPZAGLIDny3dk3hQ8vTmNTLHRl8zxmKgQ0= | 13560.5 | 20.0461 | 14065.9 | 0.624944 | 0.78067 | 0 | CZ527 | 1
SCRIPT       : DATA_LOG | 1636352 | aRapBi1cCZPZAGLIDny3dk3hQ8vTmNTLHRl8zxmKgQ0= | 13560.2 | 20.0461 | 14065.1 | 0.976557 | -0.215258 | 0 | CZ527 | 1
SCRIPT       : DATA_LOG | 1637353 | aRapBi1cCZPZAGLIDny3dk3hQ8vTmNTLHRl8zxmKgQ0= | 13562.6 | 20.0461 | 14065.1 | 0.996113 | -0.0880852 | 0 | CZ527 | 1
SCRIPT       : DATA_LOG | 1638353 | aRapBi1cCZPZAGLIDny3dk3hQ8vTmNTLHRl8zxmKgQ0= | 13562.2 | 20.0461 | 14065.1 | 0.997716 | -0.067541 | 0 | CZ527 | 1
SCRIPT       : DATA_LOG | 1639354 | aRapBi1cCZPZAGLIDny3dk3hQ8vTmNTLHRl8zxmKgQ0= | 13559.9 | 20.0461 | 14067 | 0.866621 | 0.498967 | 0 | CZ527 | 1
SCRIPT       : DATA_LOG | 1640354 | aRapBi1cCZPZAGLIDny3dk3hQ8vTmNTLHRl8zxmKgQ0= | 13561.3 | 20.0461 | 14069 | 0.25229 | 0.967652 | 0 | CZ527 | 1
SCRIPT       : DATA_LOG | 1641357 | aRapBi1cCZPZAGLIDny3dk3hQ8vTmNTLHRl8zxmKgQ0= | 13559.9 | 20.0461 | 14067.9 | -0.395687 | 0.918385 | 0 | CZ527 | 1
SCRIPT       : DATA_LOG | 1642360 | aRapBi1cCZPZAGLIDny3dk3hQ8vTmNTLHRl8zxmKgQ0= | 13561.5 | 20.0461 | 14070.5 | -0.992461 | -0.12256 | 0 | CZ527 | 1
SCRIPT       : DATA_LOG | 1643357 | aRapBi1cCZPZAGLIDny3dk3hQ8vTmNTLHRl8zxmKgQ0= | 13561.9 | 20.0015 | 14069.7 | 0.0580915 | -0.998311 | 0 | CZ527 | 1
SCRIPT       : DATA_LOG | 1644361 | aRapBi1cCZPZAGLIDny3dk3hQ8vTmNTLHRl8zxmKgQ0= | 13560.6 | 20.0461 | 14069.3 | 0.352568 | -0.935786 | 0 | CZ527 | 1
SCRIPT       : DATA_LOG | 1645358 | aRapBi1cCZPZAGLIDny3dk3hQ8vTmNTLHRl8zxmKgQ0= | 13560.6 | 20.0461 | 14069.3 | 0.352568 | -0.935786 | 0 | CZ527 | 1
SCRIPT       : DATA_LOG | 1646357 | aRapBi1cCZPZAGLIDny3dk3hQ8vTmNTLHRl8zxmKgQ0= | 13560.6 | 20.0461 | 14069.3 | 0.352568 | -0.935786 | 0 | CZ527 | 1
SCRIPT       : DATA_LOG | 1647361 | aRapBi1cCZPZAGLIDny3dk3hQ8vTmNTLHRl8zxmKgQ0= | 13560.6 | 20.0461 | 14069.3 | 0.352568 | -0.935786 | 0 | CZ527 | 1
SCRIPT       : DATA_LOG | 1648363 | aRapBi1cCZPZAGLIDny3dk3hQ8vTmNTLHRl8zxmKgQ0= | 13560.4 | 20.0461 | 14068.6 | 0.974532 | 0.224247 | 0 | Colt1911 | 1
SCRIPT       : DATA_LOG | 1649362 | aRapBi1cCZPZAGLIDny3dk3hQ8vTmNTLHRl8zxmKgQ0= | 13562.9 | 18.738 | 14070 | 0.989074 | 0.147422 | 0 | Colt1911 | 1
SCRIPT       : DATA_LOG | 1650364 | aRapBi1cCZPZAGLIDny3dk3hQ8vTmNTLHRl8zxmKgQ0= | 13565.3 | 15.6687 | 14069.9 | 0.911141 | -0.412094 | 0 | Colt1911 | 1
SCRIPT       : DATA_LOG | 1651366 | aRapBi1cCZPZAGLIDny3dk3hQ8vTmNTLHRl8zxmKgQ0= | 13566.6 | 15.2311 | 14068.9 | 0.823764 | -0.566932 | 0 | Colt1911 | 1
SCRIPT       : DATA_LOG | 1652367 | aRapBi1cCZPZAGLIDny3dk3hQ8vTmNTLHRl8zxmKgQ0= | 13569.9 | 14.8324 | 14068.7 | 0.686748 | 0.726896 | 0 | Colt1911 | 1
SCRIPT       : DATA_LOG | 1653369 | aRapBi1cCZPZAGLIDny3dk3hQ8vTmNTLHRl8zxmKgQ0= | 13573.2 | 14.6642 | 14071.2 | -0.0671583 | 0.997742 | 0 | Colt1911 | 1
SCRIPT       : DATA_LOG | 1654372 | aRapBi1cCZPZAGLIDny3dk3hQ8vTmNTLHRl8zxmKgQ0= | 13573.6 | 14.6626 | 14071.8 | -0.0672001 | 0.997739 | 0 | Colt1911 | 1
SCRIPT       : DATA_LOG | 1655374 | aRapBi1cCZPZAGLIDny3dk3hQ8vTmNTLHRl8zxmKgQ0= | 13573.6 | 14.6626 | 14071.8 | 0.817911 | 0.575344 | 0 | Colt1911 | 1
SCRIPT       : DATA_LOG | 1656374 | aRapBi1cCZPZAGLIDny3dk3hQ8vTmNTLHRl8zxmKgQ0= | 13573.6 | 14.6626 | 14071.8 | 0.645543 | -0.763724 | 0 | Colt1911 | 1
SCRIPT       : DATA_LOG | 1657375 | aRapBi1cCZPZAGLIDny3dk3hQ8vTmNTLHRl8zxmKgQ0= | 13573.6 | 14.6626 | 14071.8 | 0.645543 | -0.763724 | 0 | Colt1911 | 1
SCRIPT       : DATA_LOG | 1658379 | aRapBi1cCZPZAGLIDny3dk3hQ8vTmNTLHRl8zxmKgQ0= | 13573.6 | 14.6626 | 14071.8 | 0.645543 | -0.763724 | 0 | Colt1911 | 1
SCRIPT       : DATA_LOG | 1659382 | aRapBi1cCZPZAGLIDny3dk3hQ8vTmNTLHRl8zxmKgQ0= | 13573.6 | 14.6626 | 14071.8 | 0.645543 | -0.763724 | 0 | Colt1911 | 1
SCRIPT       : DATA_LOG | 1660380 | aRapBi1cCZPZAGLIDny3dk3hQ8vTmNTLHRl8zxmKgQ0= | 13573.6 | 14.6626 | 14071.8 | 0.645543 | -0.763724 | 0 | Colt1911 | 1
 SCRIPT       : [Permissions Manager] Admin (rafaelglima79) (76561199445097358) Successfully Logged in!
SCRIPT       : DATA_LOG | 1661384 | aRapBi1cCZPZAGLIDny3dk3hQ8vTmNTLHRl8zxmKgQ0= | 13573.6 | 14.6626 | 14071.8 | 0.645543 | -0.763724 | 0 | Colt1911 | 1
SCRIPT       : DATA_LOG | 1662380 | aRapBi1cCZPZAGLIDny3dk3hQ8vTmNTLHRl8zxmKgQ0= | 13573.6 | 14.6626 | 14071.8 | 0.645543 | -0.763724 | 0 | Colt1911 | 1
SCRIPT       : DATA_LOG | 1663382 | aRapBi1cCZPZAGLIDny3dk3hQ8vTmNTLHRl8zxmKgQ0= | 13573.6 | 14.6626 | 14071.8 | 0.645543 | -0.763724 | 0 | Colt1911 | 1
SCRIPT       : DATA_LOG | 1664385 | aRapBi1cCZPZAGLIDny3dk3hQ8vTmNTLHRl8zxmKgQ0= | 13573.6 | 14.6626 | 14071.8 | 0.645543 | -0.763724 | 0 | Colt1911 | 1
SCRIPT       : DATA_LOG | 1665387 | aRapBi1cCZPZAGLIDny3dk3hQ8vTmNTLHRl8zxmKgQ0= | 13573.6 | 14.6626 | 14071.8 | 0.645543 | -0.763724 | 0 | Colt1911 | 1
SCRIPT       : DATA_LOG | 1666384 | aRapBi1cCZPZAGLIDny3dk3hQ8vTmNTLHRl8zxmKgQ0= | 13573.6 | 14.6626 | 14071.8 | 0.645543 | -0.763724 | 0 | Colt1911 | 1
SCRIPT       : DATA_LOG | 1667387 | aRapBi1cCZPZAGLIDny3dk3hQ8vTmNTLHRl8zxmKgQ0= | 13573.6 | 14.6626 | 14071.8 | 0.645543 | -0.763724 | 0 | Colt1911 | 1
SCRIPT       : DATA_LOG | 1668387 | aRapBi1cCZPZAGLIDny3dk3hQ8vTmNTLHRl8zxmKgQ0= | 13573.6 | 14.6626 | 14071.8 | 0.645543 | -0.763724 | 0 | Colt1911 | 1
SCRIPT       : DATA_LOG | 1669393 | aRapBi1cCZPZAGLIDny3dk3hQ8vTmNTLHRl8zxmKgQ0= | 13573.6 | 14.6626 | 14071.8 | 0.645543 | -0.763724 | 0 | Colt1911 | 1
SCRIPT       : DATA_LOG | 1670389 | aRapBi1cCZPZAGLIDny3dk3hQ8vTmNTLHRl8zxmKgQ0= | 13573.6 | 14.6626 | 14071.8 | 0.645543 | -0.763724 | 0 | Colt1911 | 1
SCRIPT       : DATA_LOG | 1671390 | aRapBi1cCZPZAGLIDny3dk3hQ8vTmNTLHRl8zxmKgQ0= | 13573.6 | 14.6626 | 14071.8 | 0.645543 | -0.763724 | 0 | Colt1911 | 1
SCRIPT       : DATA_LOG | 1672400 | aRapBi1cCZPZAGLIDny3dk3hQ8vTmNTLHRl8zxmKgQ0= | 13573.6 | 14.6626 | 14071.8 | 0.645543 | -0.763724 | 0 | Colt1911 | 1
SCRIPT       : DATA_LOG | 1673394 | aRapBi1cCZPZAGLIDny3dk3hQ8vTmNTLHRl8zxmKgQ0= | 13573.6 | 14.6626 | 14071.8 | 0.645543 | -0.763724 | 0 | Colt1911 | 1
SCRIPT       : DATA_LOG | 1674392 | aRapBi1cCZPZAGLIDny3dk3hQ8vTmNTLHRl8zxmKgQ0= | 13573.6 | 14.6626 | 14071.8 | 0.645543 | -0.763724 | 0 | Colt1911 | 1
SCRIPT       : DATA_LOG | 1675396 | aRapBi1cCZPZAGLIDny3dk3hQ8vTmNTLHRl8zxmKgQ0= | 13573.6 | 14.6626 | 14071.8 | 0.645543 | -0.763724 | 0 | Colt1911 | 1
SCRIPT       : DATA_LOG | 1676401 | aRapBi1cCZPZAGLIDny3dk3hQ8vTmNTLHRl8zxmKgQ0= | 13573.6 | 14.6626 | 14071.8 | 0.645543 | -0.763724 | 0 | Colt1911 | 1
SCRIPT       : DATA_LOG | 1677397 | aRapBi1cCZPZAGLIDny3dk3hQ8vTmNTLHRl8zxmKgQ0= | 13573.6 | 14.6626 | 14071.8 | 0.645543 | -0.763724 | 0 | Colt1911 | 1
SCRIPT       : DATA_LOG | 1678396 | aRapBi1cCZPZAGLIDny3dk3hQ8vTmNTLHRl8zxmKgQ0= | 13573.6 | 14.6626 | 14071.8 | 0.645543 | -0.763724 | 0 | Colt1911 | 1
SCRIPT       : DATA_LOG | 1679398 | aRapBi1cCZPZAGLIDny3dk3hQ8vTmNTLHRl8zxmKgQ0= | 13573.6 | 14.6626 | 14071.8 | 0.645543 | -0.763724 | 0 | Colt1911 | 1
SCRIPT       : DATA_LOG | 1680398 | aRapBi1cCZPZAGLIDny3dk3hQ8vTmNTLHRl8zxmKgQ0= | 13573.6 | 14.6626 | 14071.8 | 0.645543 | -0.763724 | 0 | Colt1911 | 1
SCRIPT       : DATA_LOG | 1681399 | aRapBi1cCZPZAGLIDny3dk3hQ8vTmNTLHRl8zxmKgQ0= | 13573.6 | 14.6626 | 14071.8 | 0.645543 | -0.763724 | 0 | Colt1911 | 1
SCRIPT       : DATA_LOG | 1682401 | aRapBi1cCZPZAGLIDny3dk3hQ8vTmNTLHRl8zxmKgQ0= | 13573.6 | 14.6626 | 14071.8 | 0.645543 | -0.763724 | 0 | Colt1911 | 1
SCRIPT       : DATA_LOG | 1683403 | aRapBi1cCZPZAGLIDny3dk3hQ8vTmNTLHRl8zxmKgQ0= | 13573.6 | 14.6626 | 14071.8 | 0.645543 | -0.763724 | 0 | Colt1911 | 1
SCRIPT       : DATA_LOG | 1684405 | aRapBi1cCZPZAGLIDny3dk3hQ8vTmNTLHRl8zxmKgQ0= | 13573.6 | 14.6626 | 14071.8 | 0.645543 | -0.763724 | 0 | Colt1911 | 1
SCRIPT       : DATA_LOG | 1685405 | aRapBi1cCZPZAGLIDny3dk3hQ8vTmNTLHRl8zxmKgQ0= | 13573.6 | 14.6626 | 14071.8 | 0.645543 | -0.763724 | 0 | Colt1911 | 1
SCRIPT       : DATA_LOG | 1686406 | aRapBi1cCZPZAGLIDny3dk3hQ8vTmNTLHRl8zxmKgQ0= | 13573.6 | 14.6626 | 14071.8 | 0.645543 | -0.763724 | 0 | Colt1911 | 1
SCRIPT       : DATA_LOG | 1687408 | aRapBi1cCZPZAGLIDny3dk3hQ8vTmNTLHRl8zxmKgQ0= | 13573.6 | 14.6626 | 14071.8 | 0.645543 | -0.763724 | 0 | Colt1911 | 1
SCRIPT       : DATA_LOG | 1688409 | aRapBi1cCZPZAGLIDny3dk3hQ8vTmNTLHRl8zxmKgQ0= | 13573.6 | 14.6626 | 14071.8 | 0.645543 | -0.763724 | 0 | Colt1911 | 1
SCRIPT       : DATA_LOG | 1689409 | aRapBi1cCZPZAGLIDny3dk3hQ8vTmNTLHRl8zxmKgQ0= | 13573.6 | 14.6626 | 14071.8 | 0.645543 | -0.763724 | 0 | Colt1911 | 1
SCRIPT       : DATA_LOG | 1690413 | aRapBi1cCZPZAGLIDny3dk3hQ8vTmNTLHRl8zxmKgQ0= | 13573.6 | 14.6626 | 14071.8 | 0.645543 | -0.763724 | 0 | Colt1911 | 1
SCRIPT       : DATA_LOG | 1691413 | aRapBi1cCZPZAGLIDny3dk3hQ8vTmNTLHRl8zxmKgQ0= | 13573.6 | 14.6626 | 14071.8 | 0.645543 | -0.763724 | 0 | Colt1911 | 1
SCRIPT       : DATA_LOG | 1692414 | aRapBi1cCZPZAGLIDny3dk3hQ8vTmNTLHRl8zxmKgQ0= | 13573.6 | 14.6626 | 14071.8 | 0.645543 | -0.763724 | 0 | Colt1911 | 1
SCRIPT       : DATA_LOG | 1693416 | aRapBi1cCZPZAGLIDny3dk3hQ8vTmNTLHRl8zxmKgQ0= | 13573.6 | 14.6626 | 14071.8 | 0.645543 | -0.763724 | 0 | Colt1911 | 1
SCRIPT       : DATA_LOG | 1694415 | aRapBi1cCZPZAGLIDny3dk3hQ8vTmNTLHRl8zxmKgQ0= | 13573.6 | 14.6626 | 14071.8 | 0.645543 | -0.763724 | 0 | Colt1911 | 1
SCRIPT       : DATA_LOG | 1695418 | aRapBi1cCZPZAGLIDny3dk3hQ8vTmNTLHRl8zxmKgQ0= | 13573.6 | 14.6626 | 14071.8 | 0.645543 | -0.763724 | 0 | Colt1911 | 1
SCRIPT       : DATA_LOG | 1696419 | aRapBi1cCZPZAGLIDny3dk3hQ8vTmNTLHRl8zxmKgQ0= | 13573.6 | 14.6626 | 14071.8 | 0.645543 | -0.763724 | 0 | Colt1911 | 1
SCRIPT       : DATA_LOG | 1697417 | aRapBi1cCZPZAGLIDny3dk3hQ8vTmNTLHRl8zxmKgQ0= | 13573.6 | 14.6626 | 14071.8 | 0.645543 | -0.763724 | 0 | Colt1911 | 1
SCRIPT       : DATA_LOG | 1698419 | aRapBi1cCZPZAGLIDny3dk3hQ8vTmNTLHRl8zxmKgQ0= | 13573.6 | 14.6626 | 14071.8 | 0.645543 | -0.763724 | 0 | Colt1911 | 1
SCRIPT       : DATA_LOG | 1699420 | aRapBi1cCZPZAGLIDny3dk3hQ8vTmNTLHRl8zxmKgQ0= | 13573.6 | 14.6626 | 14071.8 | 0.645543 | -0.763724 | 0 | Colt1911 | 1
SCRIPT       : DATA_LOG | 1700420 | aRapBi1cCZPZAGLIDny3dk3hQ8vTmNTLHRl8zxmKgQ0= | 13573.6 | 14.6626 | 14071.8 | 0.645543 | -0.763724 | 0 | Colt1911 | 1
SCRIPT       : DATA_LOG | 1701422 | aRapBi1cCZPZAGLIDny3dk3hQ8vTmNTLHRl8zxmKgQ0= | 13573.6 | 14.6626 | 14071.8 | 0.645543 | -0.763724 | 0 | Colt1911 | 1
SCRIPT       : DATA_LOG | 1702422 | aRapBi1cCZPZAGLIDny3dk3hQ8vTmNTLHRl8zxmKgQ0= | 13573.6 | 14.6626 | 14071.8 | 0.645543 | -0.763724 | 0 | Colt1911 | 1
SCRIPT       : DATA_LOG | 1703425 | aRapBi1cCZPZAGLIDny3dk3hQ8vTmNTLHRl8zxmKgQ0= | 13573.6 | 14.6626 | 14071.8 | 0.645543 | -0.763724 | 0 | Colt1911 | 1
SCRIPT       : DATA_LOG | 1704428 | aRapBi1cCZPZAGLIDny3dk3hQ8vTmNTLHRl8zxmKgQ0= | 13573.6 | 14.6626 | 14071.8 | 0.645543 | -0.763724 | 0 | Colt1911 | 1
SCRIPT       : DATA_LOG | 1705426 | aRapBi1cCZPZAGLIDny3dk3hQ8vTmNTLHRl8zxmKgQ0= | 13573.6 | 14.6626 | 14071.8 | 0.645543 | -0.763724 | 0 | Colt1911 | 1
SCRIPT       : DATA_LOG | 1706427 | aRapBi1cCZPZAGLIDny3dk3hQ8vTmNTLHRl8zxmKgQ0= | 13573.6 | 14.6626 | 14071.8 | 0.645543 | -0.763724 | 0 | Colt1911 | 1
SCRIPT       : DATA_LOG | 1707430 | aRapBi1cCZPZAGLIDny3dk3hQ8vTmNTLHRl8zxmKgQ0= | 13573.6 | 14.6626 | 14071.8 | 0.645543 | -0.763724 | 0 | Colt1911 | 1
SCRIPT       : DATA_LOG | 1708429 | aRapBi1cCZPZAGLIDny3dk3hQ8vTmNTLHRl8zxmKgQ0= | 13573.6 | 14.6626 | 14071.8 | 0.645543 | -0.763724 | 0 | Colt1911 | 1
SCRIPT       : DATA_LOG | 1709429 | aRapBi1cCZPZAGLIDny3dk3hQ8vTmNTLHRl8zxmKgQ0= | 13573.6 | 14.6626 | 14071.8 | 0.645543 | -0.763724 | 0 | Colt1911 | 1
SCRIPT       : DATA_LOG | 1710430 | aRapBi1cCZPZAGLIDny3dk3hQ8vTmNTLHRl8zxmKgQ0= | 13573.6 | 14.6626 | 14071.8 | 0.645543 | -0.763724 | 0 | Colt1911 | 1
SCRIPT       : DATA_LOG | 1711432 | aRapBi1cCZPZAGLIDny3dk3hQ8vTmNTLHRl8zxmKgQ0= | 13573.6 | 14.6626 | 14071.8 | 0.645543 | -0.763724 | 0 | Colt1911 | 1
SCRIPT       : DATA_LOG | 1712433 | aRapBi1cCZPZAGLIDny3dk3hQ8vTmNTLHRl8zxmKgQ0= | 13573.6 | 14.6626 | 14071.8 | 0.645543 | -0.763724 | 0 | Colt1911 | 1
SCRIPT       : DATA_LOG | 1713435 | aRapBi1cCZPZAGLIDny3dk3hQ8vTmNTLHRl8zxmKgQ0= | 13573.6 | 14.6626 | 14071.8 | 0.645543 | -0.763724 | 0 | Colt1911 | 1
SCRIPT       : DATA_LOG | 1714436 | aRapBi1cCZPZAGLIDny3dk3hQ8vTmNTLHRl8zxmKgQ0= | 13573.6 | 14.6626 | 14071.8 | 0.645543 | -0.763724 | 0 | Colt1911 | 1
SCRIPT       : DATA_LOG | 1715435 | aRapBi1cCZPZAGLIDny3dk3hQ8vTmNTLHRl8zxmKgQ0= | 13573.6 | 14.6626 | 14071.8 | 0.645543 | -0.763724 | 0 | Colt1911 | 1
SCRIPT       : DATA_LOG | 1716441 | aRapBi1cCZPZAGLIDny3dk3hQ8vTmNTLHRl8zxmKgQ0= | 13573.6 | 14.6626 | 14071.8 | 0.645543 | -0.763724 | 0 | Colt1911 | 1
SCRIPT       : DATA_LOG | 1717438 | aRapBi1cCZPZAGLIDny3dk3hQ8vTmNTLHRl8zxmKgQ0= | 13573.6 | 14.6626 | 14071.8 | 0.645543 | -0.763724 | 0 | Colt1911 | 1
SCRIPT       : DATA_LOG | 1718438 | aRapBi1cCZPZAGLIDny3dk3hQ8vTmNTLHRl8zxmKgQ0= | 13573.6 | 14.6626 | 14071.8 | 0.645543 | -0.763724 | 0 | Colt1911 | 1
SCRIPT       : DATA_LOG | 1719442 | aRapBi1cCZPZAGLIDny3dk3hQ8vTmNTLHRl8zxmKgQ0= | 13573.6 | 14.6626 | 14071.8 | 0.645543 | -0.763724 | 0 | Colt1911 | 1
SCRIPT       : DATA_LOG | 1720442 | aRapBi1cCZPZAGLIDny3dk3hQ8vTmNTLHRl8zxmKgQ0= | 13573.6 | 14.6626 | 14071.8 | 0.645543 | -0.763724 | 0 | Colt1911 | 1
SCRIPT       : DATA_LOG | 1721442 | aRapBi1cCZPZAGLIDny3dk3hQ8vTmNTLHRl8zxmKgQ0= | 13573.6 | 14.6626 | 14071.8 | 0.645543 | -0.763724 | 0 | Colt1911 | 1
SCRIPT       : DATA_LOG | 1722444 | aRapBi1cCZPZAGLIDny3dk3hQ8vTmNTLHRl8zxmKgQ0= | 13573.6 | 14.6626 | 14071.8 | 0.645543 | -0.763724 | 0 | Colt1911 | 1
SCRIPT       : DATA_LOG | 1723446 | aRapBi1cCZPZAGLIDny3dk3hQ8vTmNTLHRl8zxmKgQ0= | 13573.6 | 14.6626 | 14071.8 | -0.99946 | 0.0328486 | 0 | Colt1911 | 1
SCRIPT       : DATA_LOG | 1724445 | aRapBi1cCZPZAGLIDny3dk3hQ8vTmNTLHRl8zxmKgQ0= | 13574.2 | 14.6583 | 14075.1 | 0.910428 | -0.413668 | 0 | Colt1911 | 1
SCRIPT       : DATA_LOG | 1725450 | aRapBi1cCZPZAGLIDny3dk3hQ8vTmNTLHRl8zxmKgQ0= | 13576 | 14.6522 | 14074.8 | -0.416595 | -0.909092 | 0 | Colt1911 | 1
SCRIPT       : DATA_LOG | 1726453 | aRapBi1cCZPZAGLIDny3dk3hQ8vTmNTLHRl8zxmKgQ0= | 13577.5 | 14.6472 | 14071.1 | -0.741023 | -0.67148 | 0 | Colt1911 | 1
SCRIPT       : DATA_LOG | 1727449 | aRapBi1cCZPZAGLIDny3dk3hQ8vTmNTLHRl8zxmKgQ0= | 13575.5 | 14.6483 | 14068.3 | -0.686523 | -0.727108 | 0 | Colt1911 | 1
SCRIPT       : DATA_LOG | 1728450 | aRapBi1cCZPZAGLIDny3dk3hQ8vTmNTLHRl8zxmKgQ0= | 13573.4 | 14.606 | 14064.9 | -0.957811 | -0.2874 | 0 | Colt1911 | 1
SCRIPT       : DATA_LOG | 1729449 | aRapBi1cCZPZAGLIDny3dk3hQ8vTmNTLHRl8zxmKgQ0= | 13571.2 | 14.5584 | 14061.8 | -0.98959 | 0.143915 | 0 | Colt1911 | 1
SCRIPT       : DATA_LOG | 1730454 | aRapBi1cCZPZAGLIDny3dk3hQ8vTmNTLHRl8zxmKgQ0= | 13570.3 | 14.5868 | 14063.4 | 0.0313481 | 0.999509 | 0 | Colt1911 | 1
 SCRIPT       : [Logout]: New player aRapBi1cCZPZAGLIDny3dk3hQ8vTmNTLHRl8zxmKgQ0= with logout time 15
 SCRIPT       : Player "rafaelglima79" (steamid=76561199445097358) initiated disconnect process...
SCRIPT       : DATA_LOG | 1731585 | aRapBi1cCZPZAGLIDny3dk3hQ8vTmNTLHRl8zxmKgQ0= | 13570.3 | 14.5868 | 14063.4 | 0.529349 | 0.848404 | 0 | Colt1911 | 1
SCRIPT       : DATA_LOG | 1732583 | aRapBi1cCZPZAGLIDny3dk3hQ8vTmNTLHRl8zxmKgQ0= | 13570.3 | 14.5867 | 14063.4 | 0.529349 | 0.848404 | 0 | Colt1911 | 1
 SCRIPT       : Player "rafaelglima79" (steamid=76561199445097358) disconnected early from server (EXIT NOW).
SCRIPT       : DATA_LOG | 1733577 | unknown | 13570.2 | 14.5859 | 14063.3 | 0.529349 | 0.848404 | 0 | Colt1911 | 1
SCRIPT       : DATA_LOG | 1734587 | unknown | 13570.1 | 14.5844 | 14063.2 | 0.529349 | 0.848404 | 0 | Colt1911 | 1
SCRIPT       : DATA_LOG | 1735589 | unknown | 13570.1 | 14.5844 | 14063.2 | 0.529349 | 0.848404 | 0 | Colt1911 | 1
SCRIPT       : DATA_LOG | 1736600 | unknown | 13570.1 | 14.5844 | 14063.2 | 0.529349 | 0.848404 | 0 | Colt1911 | 1
SCRIPT       : DATA_LOG | 1737599 | unknown | 13570.1 | 14.5844 | 14063.2 | 0.529349 | 0.848404 | 0 | Colt1911 | 1
SCRIPT       : DATA_LOG | 1738604 | unknown | 13570.1 | 14.5844 | 14063.2 | 0.529349 | 0.848404 | 0 | Colt1911 | 1
SCRIPT       : DATA_LOG | 1739595 | unknown | 13570.1 | 14.5844 | 14063.2 | 0.529349 | 0.848404 | 0 | Colt1911 | 1
SCRIPT       : DATA_LOG | 1740594 | unknown | 13570.1 | 14.5844 | 14063.2 | 0.529349 | 0.848404 | 0 | Colt1911 | 1
SCRIPT       : DATA_LOG | 1741663 | unknown | 13570.1 | 14.5844 | 14063.2 | 0.529349 | 0.848404 | 0 | Colt1911 | 1
SCRIPT       : DATA_LOG | 1742651 | unknown | 13570.1 | 14.5844 | 14063.2 | 0.529349 | 0.848404 | 0 | Colt1911 | 1
SCRIPT       : DATA_LOG | 1743653 | unknown | 13570.1 | 14.5844 | 14063.2 | 0.529349 | 0.848404 | 0 | Colt1911 | 1
SCRIPT       : DATA_LOG | 1744663 | unknown | 13570.1 | 14.5844 | 14063.2 | 0.529349 | 0.848404 | 0 | Colt1911 | 1
SCRIPT       : DATA_LOG | 1745654 | unknown | 13570.1 | 14.5844 | 14063.2 | 0.529349 | 0.848404 | 0 | Colt1911 | 1
SCRIPT       : [Logout]: Player aRapBi1cCZPZAGLIDny3dk3hQ8vTmNTLHRl8zxmKgQ0= finished
SCRIPT       : [PlayerListManager] SyncEntryToReceivers ► uid: aRapBi1cCZPZAGLIDny3dk3hQ8vTmNTLHRl8zxmKgQ0= isn't in the players list! sending a remove.
SCRIPT       : PlayerDisconnected -> PlayerListManager.RemoveEntry ► aRapBi1cCZPZAGLIDny3dk3hQ8vTmNTLHRl8zxmKgQ0=
 SCRIPT       : [MissionServer] OnMissionFinish - Server
 SCRIPT       : ~DayZGame()
